agent_ds_commerce/sales_history_train.csv
sku_id,week,units_sold,price,promo_flag
52,1,53,1.45,0
52,2,52,1.27,0
52,3,59,1.35,0
52,4,60,1.38,0
52,5,75,1.3,0
52,6,72,1.27,0
52,7,70,1.34,0
52,8,49,1.43,0
52,9,61,1.37,0
52,10,51,1.29,0
52,11,57,1.24,0
52,12,65,1.09,1
52,13,76,1.37,0
52,14,161,1.4,0
52,15,53,1.33,0
52,16,57,1.33,0
52,17,58,1.35,0
52,18,61,1.44,0
52,19,52,1.42,0
52,20,83,1.25,0
52,21,53,1.35,0
52,22,63,1.27,0
52,23,55,1.35,0
52,24,45,1.3,0
52,25,69,1.03,1
52,26,54,1.43,0
52,27,55,1.38,0
52,28,46,1.47,0
52,29,46,1.45,0
52,30,53,1.37,0
52,31,54,1.49,0
52,32,58,1.24,0
52,33,51,1.34,0
52,34,76,1.07,1
52,35,119,1.45,0
52,36,47,1.31,0
52,37,48,1.4,0
52,38,80,1.36,0
52,39,46,1.28,0
52,40,48,1.32,0
52,41,55,1.3,0
52,42,108,1.33,0
52,43,49,1.41,0
52,44,94,1.38,0
53,1,61,1.36,0
53,2,46,1.31,0
53,3,61,1.33,0
53,4,59,1.34,0
53,5,74,1.41,0
53,6,64,1.32,0
53,7,65,1.28,0
53,8,77,1.03,1
53,9,65,1.37,0
53,10,61,1.29,0
53,11,67,1.4,0
53,12,64,1.33,0
53,13,67,1.37,0
53,14,167,1.33,0
53,15,54,1.42,0
53,16,65,1.18,1
53,17,52,1.43,0
53,18,61,1.32,0
53,19,61,1.21,1
53,20,78,1.31,0
53,21,62,1.23,0
53,22,63,1.21,0
53,23,52,1.39,0
53,24,54,1.45,0
53,25,51,1.18,0
53,26,59,1.18,1
53,27,56,1.41,0
53,28,46,1.23,0
53,29,47,1.43,0
53,30,50,1.41,0
53,31,62,1.21,1
53,32,46,1.39,0
53,33,59,1.43,0
53,34,54,1.32,0
53,35,139,1.02,1
53,36,53,1.25,0
53,37,44,1.32,0
53,38,59,1.35,0
53,39,52,1.16,1
53,40,47,1.26,0
53,41,52,1.29,0
53,42,105,1.28,0
53,43,47,1.38,0
53,44,86,1.21,1
54,1,36,1.26,0
54,2,51,1.44,0
54,3,42,1.27,0
54,4,48,1.38,0
54,5,71,1.28,0
54,6,50,1.4,0
54,7,60,1.35,0
54,8,47,1.41,0
54,9,54,1.28,0
54,10,59,1.28,0
54,11,47,1.32,0
54,12,50,1.28,0
54,13,47,1.42,0
54,14,149,1.41,0
54,15,40,1.48,0
54,16,54,1.34,0
54,17,43,1.35,0
54,18,51,1.28,0
54,19,49,1.31,0
54,20,68,1.32,0
54,21,60,1.39,0
54,22,46,1.42,0
54,23,50,1.17,1
54,24,55,1.28,0
54,25,53,1.05,1
54,26,50,1.34,0
54,27,52,1.41,0
54,28,49,1.38,0
54,29,46,1.37,0
54,30,45,1.33,0
54,31,42,1.45,0
54,32,33,1.38,0
54,33,49,1.36,0
54,34,43,1.37,0
54,35,101,1.34,0
54,36,40,1.36,0
54,37,44,1.38,0
54,38,70,1.14,1
54,39,46,1.25,0
54,40,40,1.33,0
54,41,39,1.21,0
54,42,116,1.21,0
54,43,41,1.3,0
54,44,69,1.46,0
55,1,55,1.32,0
55,2,68,1.29,0
55,3,58,1.39,0
55,4,75,1.18,1
55,5,97,1.23,0
55,6,73,1.33,0
55,7,70,1.41,0
55,8,80,1.21,1
55,9,70,1.28,0
55,10,58,1.42,0
55,11,61,1.41,0
55,12,59,1.28,0
55,13,59,1.36,0
55,14,176,1.35,0
55,15,69,1.28,0
55,16,65,1.24,0
55,17,67,1.32,0
55,18,90,1.08,1
55,19,61,1.34,0
55,20,99,1.35,0
55,21,59,1.42,0
55,22,77,1.19,1
55,23,60,1.39,0
55,24,52,1.33,0
55,25,65,1.45,0
55,26,47,1.35,0
55,27,71,1.38,0
55,28,65,1.35,0
55,29,45,1.37,0
55,30,65,1.24,0
55,31,57,1.25,0
55,32,54,1.42,0
55,33,60,1.32,0
55,34,60,1.32,0
55,35,119,1.43,0
55,36,55,1.44,0
55,37,52,1.36,0
55,38,84,1.17,1
55,39,55,1.36,0
55,40,49,1.41,0
55,41,47,1.33,0
55,42,177,1.05,1
55,43,50,1.47,0
55,44,99,1.41,0
56,1,54,1.41,0
56,2,67,1.34,0
56,3,54,1.43,0
56,4,68,1.35,0
56,5,88,1.37,0
56,6,83,1.14,1
56,7,83,1.31,0
56,8,59,1.43,0
56,9,63,1.38,0
56,10,63,1.34,0
56,11,55,1.32,0
56,12,60,1.27,0
56,13,70,1.24,0
56,14,191,1.34,0
56,15,57,1.45,0
56,16,55,1.3,0
56,17,55,1.38,0
56,18,73,1.26,0
56,19,52,1.43,0
56,20,102,1.33,0
56,21,76,1.39,0
56,22,64,1.3,0
56,23,57,1.41,0
56,24,66,1.48,0
56,25,55,1.36,0
56,26,59,1.44,0
56,27,66,1.42,0
56,28,50,1.32,0
56,29,56,1.36,0
56,30,59,1.39,0
56,31,47,1.29,0
56,32,66,1.31,0
56,33,63,1.35,0
56,34,52,1.21,0
56,35,131,1.24,0
56,36,54,1.34,0
56,37,53,1.17,1
56,38,85,1.4,0
56,39,59,1.36,0
56,40,56,1.23,0
56,41,60,1.32,0
56,42,120,1.44,0
56,43,61,1.24,0
56,44,90,1.38,0
57,1,59,1.14,1
57,2,76,1.07,1
57,3,60,1.45,0
57,4,56,1.28,0
57,5,85,1.26,0
57,6,72,1.35,0
57,7,56,1.38,0
57,8,57,1.37,0
57,9,81,1.21,1
57,10,53,1.34,0
57,11,62,1.35,0
57,12,52,1.38,0
57,13,59,1.44,0
57,14,151,1.32,0
57,15,62,1.41,0
57,16,62,1.38,0
57,17,49,1.39,0
57,18,68,1.45,0
57,19,58,1.32,0
57,20,88,1.37,0
57,21,56,1.4,0
57,22,61,1.24,0
57,23,50,1.36,0
57,24,58,1.37,0
57,25,89,1.08,1
57,26,37,1.37,0
57,27,71,1.3,0
57,28,55,1.36,0
57,29,53,1.36,0
57,30,46,1.37,0
57,31,56,1.29,0
57,32,44,1.31,0
57,33,68,1.21,1
57,34,56,1.45,0
57,35,130,1.35,0
57,36,50,1.48,0
57,37,46,1.51,0
57,38,69,1.24,0
57,39,63,1.11,1
57,40,47,1.3,0
57,41,53,1.36,0
57,42,126,1.35,0
57,43,54,1.32,0
57,44,79,1.32,0
58,1,60,1.74,0
58,2,57,1.87,0
58,3,59,1.74,0
58,4,57,1.96,0
58,5,85,1.87,0
58,6,60,1.78,0
58,7,84,1.41,1
58,8,54,1.95,0
58,9,63,1.84,0
58,10,51,1.98,0
58,11,57,1.82,0
58,12,51,1.86,0
58,13,61,1.83,0
58,14,171,1.72,0
58,15,52,1.9,0
58,16,58,1.75,0
58,17,67,1.39,1
58,18,57,1.92,0
58,19,66,1.72,0
58,20,83,1.92,0
58,21,64,1.92,0
58,22,68,1.95,0
58,23,57,1.88,0
58,24,55,1.89,0
58,25,65,1.73,0
58,26,64,1.59,1
58,27,66,1.73,0
58,28,52,1.77,0
58,29,52,1.84,0
58,30,47,1.74,0
58,31,53,1.85,0
58,32,45,1.65,0
58,33,70,1.63,0
58,34,54,1.66,0
58,35,136,1.78,0
58,36,52,1.84,0
58,37,46,1.87,0
58,38,66,1.73,0
58,39,55,1.4,1
58,40,48,1.95,0
58,41,52,1.72,0
58,42,111,1.83,0
58,43,53,1.78,0
58,44,80,1.98,0
59,1,55,1.91,0
59,2,37,1.76,0
59,3,42,1.92,0
59,4,48,1.83,0
59,5,64,1.91,0
59,6,51,1.89,0
59,7,48,1.95,0
59,8,52,1.82,0
59,9,57,1.73,0
59,10,56,1.87,0
59,11,51,1.9,0
59,12,50,1.8,0
59,13,66,1.44,1
59,14,124,1.76,0
59,15,50,1.87,0
59,16,47,1.74,0
59,17,46,1.88,0
59,18,64,1.9,0
59,19,53,1.74,0
59,20,85,1.61,1
59,21,47,1.93,0
59,22,48,1.72,0
59,23,44,1.75,0
59,24,48,1.69,0
59,25,64,1.52,1
59,26,50,1.79,0
59,27,52,1.78,0
59,28,39,1.8,0
59,29,41,1.91,0
59,30,44,1.79,0
59,31,43,1.85,0
59,32,37,1.95,0
59,33,50,1.87,0
59,34,45,1.94,0
59,35,93,1.78,0
59,36,37,1.71,0
59,37,47,1.57,1
59,38,64,1.85,0
59,39,42,1.67,0
59,40,33,1.76,0
59,41,42,1.77,0
59,42,127,1.59,1
59,43,40,1.76,0
59,44,83,1.83,0
60,1,53,1.72,0
60,2,59,1.7,0
60,3,58,1.44,1
60,4,58,1.69,0
60,5,105,1.66,0
60,6,74,1.61,1
60,7,52,1.83,0
60,8,55,1.92,0
60,9,66,1.77,0
60,10,49,1.8,0
60,11,56,1.87,0
60,12,66,1.83,0
60,13,66,1.71,0
60,14,169,1.85,0
60,15,70,1.72,0
60,16,49,1.84,0
60,17,56,1.94,0
60,18,55,1.72,0
60,19,71,1.51,1
60,20,92,1.82,0
60,21,55,1.92,0
60,22,58,1.95,0
60,23,64,1.85,0
60,24,56,1.6,0
60,25,57,1.82,0
60,26,48,1.79,0
60,27,65,1.48,1
60,28,57,1.57,0
60,29,47,1.95,0
60,30,40,1.86,0
60,31,50,1.98,0
60,32,46,1.75,0
60,33,51,1.9,0
60,34,45,1.83,0
60,35,117,1.74,0
60,36,40,1.9,0
60,37,45,1.89,0
60,38,82,1.38,1
60,39,48,1.97,0
60,40,44,1.82,0
60,41,47,1.59,1
60,42,124,1.75,0
60,43,43,1.82,0
60,44,102,1.62,1
61,1,43,1.92,0
61,2,70,1.63,1
61,3,55,1.81,0
61,4,60,1.77,0
61,5,79,1.73,0
61,6,57,1.86,0
61,7,74,1.92,0
61,8,59,1.86,0
61,9,62,1.99,0
61,10,51,1.85,0
61,11,57,1.81,0
61,12,74,1.52,1
61,13,53,1.88,0
61,14,151,1.89,0
61,15,53,1.76,0
61,16,78,1.53,1
61,17,48,1.84,0
61,18,66,1.8,0
61,19,57,1.83,0
61,20,86,1.91,0
61,21,70,1.44,1
61,22,72,1.81,0
61,23,48,1.78,0
61,24,52,1.64,0
61,25,53,1.76,0
61,26,56,1.95,0
61,27,60,1.77,0
61,28,51,1.74,0
61,29,41,1.84,0
61,30,48,1.83,0
61,31,45,1.83,0
61,32,51,1.71,0
61,33,61,1.72,0
61,34,45,1.98,0
61,35,112,1.69,0
61,36,49,1.77,0
61,37,66,1.57,1
61,38,77,1.71,0
61,39,44,1.8,0
61,40,57,1.4,1
61,41,51,2.03,0
61,42,114,1.81,0
61,43,50,1.7,0
61,44,62,1.93,0
62,1,69,1.86,0
62,2,54,1.82,0
62,3,49,1.84,0
62,4,50,1.87,0
62,5,64,1.78,0
62,6,58,1.91,0
62,7,56,1.9,0
62,8,62,1.76,0
62,9,66,1.8,0
62,10,56,1.84,0
62,11,58,1.91,0
62,12,49,1.78,0
62,13,70,1.81,0
62,14,135,1.73,0
62,15,51,1.8,0
62,16,48,1.93,0
62,17,55,1.97,0
62,18,68,1.41,1
62,19,48,1.73,0
62,20,88,1.75,0
62,21,62,1.7,0
62,22,60,1.67,0
62,23,47,1.73,0
62,24,51,1.74,0
62,25,63,1.68,0
62,26,49,1.85,0
62,27,64,1.89,0
62,28,58,1.5,1
62,29,41,1.8,0
62,30,42,1.82,0
62,31,51,1.82,0
62,32,40,1.94,0
62,33,65,1.76,0
62,34,41,1.81,0
62,35,115,1.64,0
62,36,52,1.77,0
62,37,41,1.68,0
62,38,75,1.71,0
62,39,52,1.61,0
62,40,46,1.56,0
62,41,56,1.54,1
62,42,107,1.73,0
62,43,41,1.7,0
62,44,66,1.72,0
63,1,50,1.78,0
63,2,43,1.94,0
63,3,48,1.86,0
63,4,60,1.75,0
63,5,100,1.6,1
63,6,70,1.9,0
63,7,59,1.92,0
63,8,54,1.71,0
63,9,63,1.85,0
63,10,61,1.81,0
63,11,61,1.86,0
63,12,68,1.76,0
63,13,71,1.61,1
63,14,176,1.93,0
63,15,60,1.86,0
63,16,67,1.79,0
63,17,51,1.94,0
63,18,59,1.9,0
63,19,74,1.79,0
63,20,75,1.69,0
63,21,60,1.78,0
63,22,61,1.76,0
63,23,67,1.75,0
63,24,56,1.82,0
63,25,61,1.79,0
63,26,46,1.77,0
63,27,60,1.74,0
63,28,75,1.39,1
63,29,46,1.89,0
63,30,58,1.84,0
63,31,48,2.06,0
63,32,67,1.38,1
63,33,63,1.89,0
63,34,54,1.77,0
63,35,103,1.92,0
63,36,49,1.85,0
63,37,41,1.8,0
63,38,79,1.79,0
63,39,39,1.93,0
63,40,46,1.79,0
63,41,40,1.88,0
63,42,107,1.92,0
63,43,49,1.87,0
63,44,67,1.88,0
64,1,60,1.78,0
64,2,61,1.61,1
64,3,71,1.63,0
64,4,64,1.77,0
64,5,89,1.82,0
64,6,86,1.73,0
64,7,83,1.63,0
64,8,58,1.78,0
64,9,66,1.85,0
64,10,53,1.81,0
64,11,56,2.02,0
64,12,60,1.82,0
64,13,79,1.93,0
64,14,171,1.97,0
64,15,63,2,0
64,16,67,2,0
64,17,73,1.89,0
64,18,84,1.84,0
64,19,75,1.94,0
64,20,101,1.42,1
64,21,53,1.75,0
64,22,72,1.79,0
64,23,75,1.66,0
64,24,57,1.81,0
64,25,66,1.8,0
64,26,67,1.52,1
64,27,68,1.91,0
64,28,56,1.93,0
64,29,59,1.71,0
64,30,74,1.5,1
64,31,52,1.76,0
64,32,58,1.73,0
64,33,58,1.83,0
64,34,63,1.51,0
64,35,135,1.68,0
64,36,66,1.58,1
64,37,55,1.77,0
64,38,75,1.77,0
64,39,48,1.91,0
64,40,62,1.8,0
64,41,50,1.87,0
64,42,118,1.72,0
64,43,70,1.42,1
64,44,118,1.59,1
65,1,89,1.87,0
65,2,84,1.85,0
65,3,77,1.84,0
65,4,115,1.58,1
65,5,96,1.7,0
65,6,83,1.89,0
65,7,77,1.9,0
65,8,87,1.88,0
65,9,76,1.83,0
65,10,100,1.59,1
65,11,92,1.81,0
65,12,69,1.76,0
65,13,90,1.8,0
65,14,207,1.77,0
65,15,74,1.74,0
65,16,73,1.85,0
65,17,95,1.67,0
65,18,80,1.82,0
65,19,62,1.75,0
65,20,139,1.7,0
65,21,91,1.57,1
65,22,97,1.66,0
65,23,77,1.72,0
65,24,71,1.98,0
65,25,63,1.84,0
65,26,81,1.39,1
65,27,86,1.92,0
65,28,64,1.72,0
65,29,72,1.87,0
65,30,64,1.89,0
65,31,80,1.8,0
65,32,73,1.85,0
65,33,80,1.75,0
65,34,76,1.83,0
65,35,206,1.78,0
65,36,68,1.8,0
65,37,73,1.89,0
65,38,103,1.8,0
65,39,69,1.97,0
65,40,71,1.77,0
65,41,65,1.93,0
65,42,157,1.87,0
65,43,69,1.72,0
65,44,134,1.8,0
66,1,55,1.8,0
66,2,54,1.7,0
66,3,53,1.89,0
66,4,84,1.62,1
66,5,77,1.83,0
66,6,73,1.84,0
66,7,71,1.7,0
66,8,57,1.73,0
66,9,78,1.39,1
66,10,60,1.71,0
66,11,64,1.8,0
66,12,84,1.5,1
66,13,67,1.83,0
66,14,166,2.02,0
66,15,60,1.89,0
66,16,64,1.82,0
66,17,60,1.85,0
66,18,62,1.76,0
66,19,76,1.44,1
66,20,86,1.86,0
66,21,51,1.94,0
66,22,62,1.86,0
66,23,50,1.76,0
66,24,49,1.85,0
66,25,57,1.77,0
66,26,49,1.96,0
66,27,60,1.87,0
66,28,53,1.79,0
66,29,73,1.58,1
66,30,48,1.57,1
66,31,62,1.81,0
66,32,53,1.84,0
66,33,52,1.87,0
66,34,55,1.93,0
66,35,151,1.88,0
66,36,43,1.77,0
66,37,49,1.74,0
66,38,83,1.87,0
66,39,51,1.86,0
66,40,50,1.86,0
66,41,73,1.55,1
66,42,140,1.9,0
66,43,57,1.76,0
66,44,74,1.86,0
67,1,62,1.78,0
67,2,67,1.73,0
67,3,69,1.54,0
67,4,57,1.91,0
67,5,95,1.73,0
67,6,64,1.79,0
67,7,74,1.85,0
67,8,59,1.84,0
67,9,56,1.79,0
67,10,60,1.73,0
67,11,60,1.89,0
67,12,62,1.79,0
67,13,75,1.79,0
67,14,142,1.98,0
67,15,54,1.99,0
67,16,71,1.82,0
67,17,66,1.9,0
67,18,75,1.81,0
67,19,64,1.87,0
67,20,102,1.81,0
67,21,72,1.4,1
67,22,72,1.78,0
67,23,54,1.9,0
67,24,43,1.94,0
67,25,84,1.85,0
67,26,53,1.83,0
67,27,57,1.83,0
67,28,55,1.96,0
67,29,52,1.94,0
67,30,54,1.8,0
67,31,70,1.41,1
67,32,60,1.8,0
67,33,64,1.89,0
67,34,55,1.88,0
67,35,115,1.79,0
67,36,49,1.77,0
67,37,59,1.82,0
67,38,78,1.89,0
67,39,47,2,0
67,40,47,1.89,0
67,41,55,1.87,0
67,42,156,1.82,0
67,43,48,1.84,0
67,44,110,1.79,0
68,1,46,1.8,0
68,2,50,1.74,0
68,3,55,1.74,0
68,4,54,1.85,0
68,5,84,1.9,0
68,6,71,1.84,0
68,7,64,1.85,0
68,8,62,1.89,0
68,9,65,1.86,0
68,10,67,1.67,0
68,11,64,1.85,0
68,12,63,1.7,0
68,13,75,1.84,0
68,14,155,1.89,0
68,15,60,1.81,0
68,16,56,1.83,0
68,17,68,1.83,0
68,18,60,1.98,0
68,19,48,1.7,0
68,20,90,1.95,0
68,21,62,1.82,0
68,22,66,1.8,0
68,23,52,1.74,0
68,24,66,1.61,1
68,25,70,1.74,0
68,26,47,1.93,0
68,27,58,1.8,0
68,28,48,1.67,0
68,29,71,1.8,0
68,30,66,1.47,1
68,31,51,1.8,0
68,32,50,1.75,0
68,33,63,1.88,0
68,34,53,1.85,0
68,35,150,1.39,1
68,36,54,1.6,0
68,37,58,1.48,1
68,38,74,1.78,0
68,39,49,1.76,0
68,40,44,1.75,0
68,41,53,1.75,0
68,42,147,1.64,0
68,43,46,1.86,0
68,44,87,1.77,0
69,1,11,1.12,1
69,2,10,1.5,0
69,3,11,1.44,0
69,4,13,1.35,0
69,5,16,1.35,0
69,6,16,1.51,0
69,7,10,1.55,0
69,8,12,1.5,0
69,9,13,1.28,0
69,10,11,1.48,0
69,11,11,1.42,0
69,12,10,1.46,0
69,13,17,1.19,1
69,14,33,1.47,0
69,15,12,1.38,0
69,16,13,1.22,1
69,17,11,1.36,0
69,18,10,1.39,0
69,19,12,1.38,0
69,20,16,1.57,0
69,21,10,1.45,0
69,22,12,1.5,0
69,23,10,1.64,0
69,24,12,1.44,0
69,25,11,1.61,0
69,26,10,1.37,0
69,27,13,1.47,0
69,28,11,1.45,0
69,29,8,1.48,0
69,30,9,1.49,0
69,31,9,1.51,0
69,32,8,1.5,0
69,33,13,1.41,0
69,34,12,1.48,0
69,35,26,1.51,0
69,36,9,1.54,0
69,37,8,1.49,0
69,38,16,1.4,0
69,39,9,1.54,0
69,40,9,1.51,0
69,41,8,1.48,0
69,42,24,1.39,0
69,43,10,1.29,0
69,44,16,1.45,0
70,1,14,1.47,0
70,2,16,1.34,0
70,3,14,1.43,0
70,4,15,1.49,0
70,5,18,1.43,0
70,6,15,1.45,0
70,7,15,1.52,0
70,8,25,1.31,1
70,9,24,1.11,1
70,10,18,1.53,0
70,11,14,1.45,0
70,12,17,1.36,0
70,13,13,1.42,0
70,14,41,1.3,0
70,15,16,1.65,0
70,16,15,1.47,0
70,17,14,1.47,0
70,18,21,1.18,1
70,19,14,1.55,0
70,20,22,1.52,0
70,21,14,1.44,0
70,22,15,1.54,0
70,23,15,1.53,0
70,24,11,1.42,0
70,25,13,1.52,0
70,26,12,1.43,0
70,27,13,1.51,0
70,28,13,1.35,0
70,29,14,1.36,0
70,30,11,1.41,0
70,31,10,1.49,0
70,32,11,1.4,0
70,33,15,1.39,0
70,34,15,1.51,0
70,35,35,1.48,0
70,36,11,1.6,0
70,37,11,1.51,0
70,38,18,1.38,0
70,39,14,1.5,0
70,40,10,1.58,0
70,41,13,1.53,0
70,42,34,1.46,0
70,43,13,1.6,0
70,44,23,1.35,0
71,1,16,1.38,0
71,2,14,1.39,0
71,3,14,1.53,0
71,4,17,1.43,0
71,5,21,1.49,0
71,6,15,1.35,0
71,7,19,1.43,0
71,8,16,1.6,0
71,9,22,1.31,1
71,10,13,1.48,0
71,11,18,1.2,1
71,12,14,1.68,0
71,13,17,1.51,0
71,14,44,1.46,0
71,15,18,1.44,0
71,16,14,1.34,0
71,17,12,1.39,0
71,18,16,1.54,0
71,19,13,1.36,0
71,20,25,1.5,0
71,21,14,1.57,0
71,22,15,1.4,0
71,23,12,1.47,0
71,24,14,1.59,0
71,25,18,1.55,0
71,26,14,1.57,0
71,27,15,1.52,0
71,28,15,1.36,0
71,29,14,1.52,0
71,30,15,1.48,0
71,31,12,1.59,0
71,32,13,1.42,0
71,33,14,1.36,0
71,34,14,1.55,0
71,35,30,1.61,0
71,36,13,1.39,0
71,37,13,1.48,0
71,38,18,1.44,0
71,39,14,1.3,0
71,40,12,1.48,0
71,41,13,1.43,0
71,42,24,1.54,0
71,43,10,1.5,0
71,44,20,1.39,0
72,1,27,1.18,1
72,2,19,1.59,0
72,3,19,1.4,0
72,4,22,1.49,0
72,5,28,1.52,0
72,6,21,1.58,0
72,7,19,1.51,0
72,8,18,1.47,0
72,9,22,1.49,0
72,10,18,1.6,0
72,11,18,1.53,0
72,12,33,1.1,1
72,13,24,1.54,0
72,14,62,1.43,0
72,15,22,1.43,0
72,16,20,1.41,0
72,17,24,1.46,0
72,18,22,1.49,0
72,19,19,1.4,0
72,20,28,1.59,0
72,21,22,1.42,0
72,22,27,1.47,0
72,23,17,1.52,0
72,24,24,1.28,0
72,25,18,1.47,0
72,26,22,1.5,0
72,27,24,1.44,0
72,28,19,1.47,0
72,29,20,1.33,0
72,30,18,1.58,0
72,31,16,1.6,0
72,32,19,1.36,0
72,33,28,1.16,1
72,34,19,1.56,0
72,35,59,1.15,1
72,36,18,1.63,0
72,37,18,1.37,0
72,38,28,1.52,0
72,39,20,1.48,0
72,40,22,1.6,0
72,41,17,1.44,0
72,42,43,1.4,0
72,43,19,1.49,0
72,44,31,1.4,0
73,1,18,1.43,0
73,2,14,1.38,0
73,3,11,1.56,0
73,4,15,1.3,0
73,5,18,1.57,0
73,6,22,1.22,1
73,7,17,1.52,0
73,8,15,1.51,0
73,9,17,1.55,0
73,10,19,1.15,1
73,11,12,1.46,0
73,12,14,1.49,0
73,13,14,1.51,0
73,14,42,1.45,0
73,15,16,1.41,0
73,16,15,1.53,0
73,17,14,1.5,0
73,18,14,1.5,0
73,19,17,1.31,1
73,20,21,1.49,0
73,21,17,1.41,0
73,22,15,1.36,0
73,23,12,1.53,0
73,24,15,1.36,0
73,25,15,1.47,0
73,26,13,1.45,0
73,27,17,1.52,0
73,28,13,1.52,0
73,29,12,1.46,0
73,30,14,1.38,0
73,31,12,1.46,0
73,32,15,1.54,0
73,33,15,1.44,0
73,34,14,1.38,0
73,35,31,1.54,0
73,36,12,1.43,0
73,37,13,1.46,0
73,38,19,1.48,0
73,39,14,1.39,0
73,40,12,1.53,0
73,41,11,1.39,0
73,42,26,1.54,0
73,43,12,1.55,0
73,44,22,1.44,0
74,1,15,1.34,0
74,2,12,1.5,0
74,3,17,1.21,1
74,4,17,1.38,0
74,5,23,1.37,0
74,6,16,1.53,0
74,7,17,1.52,0
74,8,16,1.51,0
74,9,20,1.41,0
74,10,15,1.51,0
74,11,16,1.37,0
74,12,16,1.54,0
74,13,18,1.57,0
74,14,39,1.49,0
74,15,13,1.56,0
74,16,15,1.39,0
74,17,24,1.25,1
74,18,15,1.57,0
74,19,15,1.4,0
74,20,23,1.51,0
74,21,15,1.31,0
74,22,18,1.44,0
74,23,15,1.44,0
74,24,16,1.69,0
74,25,17,1.49,0
74,26,15,1.45,0
74,27,17,1.62,0
74,28,12,1.42,0
74,29,15,1.53,0
74,30,12,1.52,0
74,31,13,1.57,0
74,32,15,1.43,0
74,33,21,1.15,1
74,34,16,1.42,0
74,35,31,1.32,0
74,36,13,1.55,0
74,37,13,1.45,0
74,38,20,1.38,0
74,39,16,1.52,0
74,40,19,1.19,1
74,41,12,1.48,0
74,42,32,1.37,0
74,43,13,1.45,0
74,44,24,1.56,0
75,1,16,1.29,1
75,2,12,1.45,0
75,3,16,1.54,0
75,4,16,1.46,0
75,5,20,1.44,0
75,6,17,1.45,0
75,7,19,1.45,0
75,8,16,1.43,0
75,9,17,1.42,0
75,10,16,1.43,0
75,11,18,1.16,1
75,12,14,1.45,0
75,13,19,1.4,0
75,14,40,1.47,0
75,15,15,1.43,0
75,16,16,1.43,0
75,17,19,1.23,1
75,18,24,1.17,1
75,19,15,1.53,0
75,20,22,1.46,0
75,21,14,1.61,0
75,22,16,1.34,0
75,23,15,1.58,0
75,24,13,1.44,0
75,25,13,1.35,0
75,26,15,1.63,0
75,27,15,1.56,0
75,28,12,1.46,0
75,29,13,1.42,0
75,30,11,1.43,0
75,31,13,1.3,0
75,32,14,1.41,0
75,33,12,1.37,0
75,34,14,1.51,0
75,35,32,1.56,0
75,36,14,1.46,0
75,37,13,1.45,0
75,38,16,1.53,0
75,39,13,1.34,0
75,40,12,1.45,0
75,41,13,1.63,0
75,42,28,1.45,0
75,43,13,1.49,0
75,44,22,1.42,0
76,1,13,1.54,0
76,2,17,1.12,1
76,3,13,1.51,0
76,4,11,1.48,0
76,5,18,1.39,0
76,6,14,1.54,0
76,7,13,1.52,0
76,8,13,1.44,0
76,9,13,1.54,0
76,10,14,1.38,0
76,11,12,1.41,0
76,12,11,1.44,0
76,13,14,1.36,0
76,14,38,1.38,0
76,15,11,1.51,0
76,16,16,1.32,0
76,17,13,1.41,0
76,18,14,1.48,0
76,19,14,1.11,1
76,20,18,1.55,0
76,21,14,1.4,0
76,22,12,1.42,0
76,23,11,1.43,0
76,24,11,1.41,0
76,25,19,1.13,1
76,26,12,1.36,0
76,27,13,1.51,0
76,28,12,1.45,0
76,29,11,1.47,0
76,30,11,1.44,0
76,31,11,1.44,0
76,32,11,1.43,0
76,33,12,1.35,0
76,34,11,1.44,0
76,35,24,1.53,0
76,36,9,1.45,0
76,37,9,1.5,0
76,38,14,1.69,0
76,39,9,1.57,0
76,40,10,1.53,0
76,41,9,1.41,0
76,42,34,1.51,0
76,43,11,1.47,0
76,44,19,1.46,0
