agent_ds_commerce/sales_history_train.csv
sku_id,week,units_sold,price,promo_flag
77,1,20,1.15,1
77,2,20,1.46,0
77,3,19,1.45,0
77,4,20,1.53,0
77,5,25,1.55,0
77,6,19,1.55,0
77,7,15,1.53,0
77,8,14,1.57,0
77,9,18,1.54,0
77,10,20,1.5,0
77,11,22,1.5,0
77,12,18,1.52,0
77,13,19,1.46,0
77,14,49,1.42,0
77,15,17,1.49,0
77,16,19,1.35,0
77,17,23,1.12,1
77,18,18,1.48,0
77,19,16,1.52,0
77,20,27,1.5,0
77,21,25,1.16,1
77,22,16,1.59,0
77,23,16,1.5,0
77,24,18,1.46,0
77,25,18,1.43,0
77,26,15,1.55,0
77,27,19,1.39,0
77,28,15,1.51,0
77,29,17,1.43,0
77,30,15,1.37,0
77,31,17,1.48,0
77,32,15,1.53,0
77,33,14,1.4,0
77,34,14,1.45,0
77,35,36,1.51,0
77,36,15,1.54,0
77,37,17,1.6,0
77,38,18,1.62,0
77,39,14,1.46,0
77,40,18,1.54,0
77,41,13,1.33,0
77,42,38,1.47,0
77,43,14,1.48,0
77,44,21,1.63,0
78,1,18,1.39,0
78,2,12,1.46,0
78,3,14,1.5,0
78,4,16,1.54,0
78,5,22,1.47,0
78,6,23,1.26,1
78,7,19,1.59,0
78,8,16,1.35,0
78,9,21,1.3,0
78,10,19,1.56,0
78,11,19,1.4,0
78,12,14,1.44,0
78,13,22,1.48,0
78,14,49,1.6,0
78,15,17,1.58,0
78,16,21,1.24,1
78,17,16,1.43,0
78,18,19,1.39,0
78,19,17,1.51,0
78,20,26,1.39,0
78,21,21,1.11,1
78,22,17,1.51,0
78,23,15,1.41,0
78,24,14,1.47,0
78,25,18,1.6,0
78,26,13,1.56,0
78,27,16,1.41,0
78,28,14,1.6,0
78,29,18,1.11,1
78,30,15,1.37,0
78,31,13,1.53,0
78,32,14,1.49,0
78,33,18,1.52,0
78,34,21,1.18,1
78,35,36,1.31,0
78,36,15,1.54,0
78,37,15,1.49,0
78,38,17,1.47,0
78,39,13,1.48,0
78,40,13,1.47,0
78,41,20,1.12,1
78,42,38,1.44,0
78,43,15,1.44,0
78,44,23,1.46,0
79,1,16,1.38,0
79,2,16,1.47,0
79,3,16,1.51,0
79,4,16,1.31,0
79,5,23,1.5,0
79,6,21,1.47,0
79,7,20,1.54,0
79,8,13,1.57,0
79,9,29,1.18,1
79,10,18,1.41,0
79,11,15,1.62,0
79,12,18,1.38,0
79,13,22,1.55,0
79,14,43,1.41,0
79,15,15,1.55,0
79,16,19,1.36,0
79,17,14,1.51,0
79,18,16,1.55,0
79,19,16,1.55,0
79,20,26,1.45,0
79,21,16,1.51,0
79,22,16,1.47,0
79,23,15,1.4,0
79,24,17,1.34,0
79,25,18,1.44,0
79,26,16,1.41,0
79,27,15,1.56,0
79,28,15,1.32,0
79,29,13,1.47,0
79,30,21,1.17,1
79,31,14,1.39,0
79,32,14,1.4,0
79,33,16,1.42,0
79,34,17,1.4,0
79,35,30,1.44,0
79,36,11,1.55,0
79,37,17,1.4,0
79,38,20,1.55,0
79,39,14,1.5,0
79,40,15,1.43,0
79,41,16,1.6,0
79,42,42,1.42,0
79,43,12,1.55,0
79,44,29,1.4,0
80,1,13,2.35,0
80,2,17,1.67,1
80,3,12,2.13,0
80,4,20,1.59,1
80,5,19,2.14,0
80,6,18,2.05,0
80,7,16,2.05,0
80,8,12,1.96,0
80,9,12,2.02,0
80,10,15,2.25,0
80,11,14,2.26,0
80,12,12,2.33,0
80,13,22,1.64,1
80,14,40,1.88,0
80,15,13,2.04,0
80,16,12,2,0
80,17,13,2.16,0
80,18,15,2.08,0
80,19,12,2.39,0
80,20,16,2.15,0
80,21,12,2.36,0
80,22,15,1.84,0
80,23,12,2.04,0
80,24,10,2.2,0
80,25,13,1.68,0
80,26,16,1.62,1
80,27,15,2.16,0
80,28,11,2.39,0
80,29,12,2.04,0
80,30,12,1.97,0
80,31,12,2.18,0
80,32,11,2.21,0
80,33,11,1.97,0
80,34,14,2.08,0
80,35,27,2.12,0
80,36,11,2.06,0
80,37,11,2.17,0
80,38,13,2.29,0
80,39,11,2.04,0
80,40,11,2.23,0
80,41,12,2.04,0
80,42,27,2.27,0
80,43,11,2.05,0
80,44,23,2.09,0
81,1,18,2.11,0
81,2,23,1.84,1
81,3,15,2.04,0
81,4,21,1.97,0
81,5,27,2.21,0
81,6,24,2.1,0
81,7,22,2.11,0
81,8,16,2.12,0
81,9,17,2.14,0
81,10,21,2.13,0
81,11,21,1.87,0
81,12,20,2.08,0
81,13,22,1.98,0
81,14,46,1.67,0
81,15,16,2.24,0
81,16,16,2.11,0
81,17,20,2,0
81,18,19,2.11,0
81,19,19,2.15,0
81,20,28,2.09,0
81,21,25,1.8,1
81,22,21,2.22,0
81,23,27,1.58,1
81,24,14,2.1,0
81,25,17,2.11,0
81,26,14,2.1,0
81,27,18,2.05,0
81,28,16,2.33,0
81,29,18,2.22,0
81,30,16,2.13,0
81,31,14,2.16,0
81,32,16,2.21,0
81,33,20,1.99,0
81,34,14,2.1,0
81,35,51,1.79,1
81,36,14,2.19,0
81,37,14,2,0
81,38,27,1.96,0
81,39,14,2.03,0
81,40,16,2.13,0
81,41,15,2.22,0
81,42,38,2.01,0
81,43,16,1.92,0
81,44,27,2.26,0
82,1,11,2.11,0
82,2,16,1.64,1
82,3,9,2.03,0
82,4,11,2.15,0
82,5,16,2.27,0
82,6,18,1.59,1
82,7,12,1.94,0
82,8,14,1.93,0
82,9,13,2.1,0
82,10,13,2.09,0
82,11,12,2.08,0
82,12,12,2.14,0
82,13,13,2.12,0
82,14,46,1.72,1
82,15,12,2.08,0
82,16,18,1.81,1
82,17,12,2.16,0
82,18,14,2.18,0
82,19,11,2.2,0
82,20,17,1.97,0
82,21,17,1.61,1
82,22,12,2.22,0
82,23,15,1.58,1
82,24,12,2.16,0
82,25,16,1.6,1
82,26,10,2.11,0
82,27,14,1.9,0
82,28,10,2.14,0
82,29,11,2.13,0
82,30,9,1.99,0
82,31,14,1.83,1
82,32,10,2.06,0
82,33,15,1.68,1
82,34,12,2.2,0
82,35,25,1.9,0
82,36,9,2.21,0
82,37,10,2.21,0
82,38,11,2.19,0
82,39,10,2.23,0
82,40,10,2.14,0
82,41,9,2.11,0
82,42,26,2.01,0
82,43,10,2.19,0
82,44,16,2.12,0
83,1,14,2.13,0
83,2,23,1.83,1
83,3,16,2.16,0
83,4,17,2.11,0
83,5,24,2.01,0
83,6,20,2.14,0
83,7,19,2.11,0
83,8,16,2.12,0
83,9,18,2.18,0
83,10,18,2.13,0
83,11,17,2.08,0
83,12,16,2.01,0
83,13,16,2.15,0
83,14,45,1.98,0
83,15,16,2.23,0
83,16,15,2.16,0
83,17,14,2.29,0
83,18,18,2.2,0
83,19,24,1.76,1
83,20,24,2.19,0
83,21,15,1.96,0
83,22,12,2.14,0
83,23,24,1.68,1
83,24,15,2.26,0
83,25,17,2.32,0
83,26,16,2.1,0
83,27,23,1.84,1
83,28,12,2.06,0
83,29,13,2.27,0
83,30,15,2.15,0
83,31,18,1.67,1
83,32,17,2.05,0
83,33,19,1.58,1
83,34,16,2.01,0
83,35,30,2.09,0
83,36,14,2,0
83,37,13,2.25,0
83,38,17,1.97,0
83,39,15,2.4,0
83,40,14,2.15,0
83,41,14,1.99,0
83,42,30,2.26,0
83,43,14,2.21,0
83,44,23,2.05,0
84,1,29,1.63,1
84,2,16,2.01,0
84,3,21,2.18,0
84,4,20,2.25,0
84,5,29,2.01,0
84,6,23,1.91,0
84,7,22,2.22,0
84,8,20,1.94,0
84,9,21,2.14,0
84,10,18,1.96,0
84,11,19,2.21,0
84,12,18,2.16,0
84,13,18,2.29,0
84,14,61,2.07,0
84,15,23,2.13,0
84,16,23,2.16,0
84,17,19,2.11,0
84,18,24,2.05,0
84,19,22,1.93,0
84,20,29,2.26,0
84,21,19,2.29,0
84,22,21,2.19,0
84,23,20,2.05,0
84,24,16,2.14,0
84,25,23,2,0
84,26,20,2.21,0
84,27,22,1.93,0
84,28,22,2.04,0
84,29,19,2.06,0
84,30,16,2.15,0
84,31,15,2.02,0
84,32,18,2.22,0
84,33,20,2.1,0
84,34,17,2.17,0
84,35,38,2.19,0
84,36,17,1.87,0
84,37,24,1.81,1
84,38,24,1.87,0
84,39,17,2.05,0
84,40,21,2.18,0
84,41,16,2.13,0
84,42,44,2.1,0
84,43,17,2.21,0
84,44,31,2.18,0
85,1,10,2.05,0
85,2,13,2.09,0
85,3,13,2.13,0
85,4,13,2.07,0
85,5,15,2.11,0
85,6,13,2.11,0
85,7,15,2.1,0
85,8,13,2.03,0
85,9,15,1.96,0
85,10,16,2.02,0
85,11,15,2.04,0
85,12,10,2.04,0
85,13,14,2.09,0
85,14,33,2.15,0
85,15,13,2.17,0
85,16,12,2.18,0
85,17,14,2.11,0
85,18,19,1.73,1
85,19,10,2.18,0
85,20,18,2.14,0
85,21,12,2.27,0
85,22,15,2.01,0
85,23,13,2.07,0
85,24,10,2.31,0
85,25,18,1.81,1
85,26,11,2.18,0
85,27,12,2.28,0
85,28,12,1.96,0
85,29,14,2.11,0
85,30,12,2.09,0
85,31,15,1.82,1
85,32,9,2.1,0
85,33,13,2.1,0
85,34,14,1.86,0
85,35,29,2.26,0
85,36,14,1.65,1
85,37,11,2.01,0
85,38,24,1.75,1
85,39,12,2.17,0
85,40,12,2.12,0
85,41,11,2,0
85,42,27,2.1,0
85,43,13,2.13,0
85,44,17,2.19,0
86,1,12,2.01,0
86,2,14,2.16,0
86,3,13,2.11,0
86,4,18,1.89,1
86,5,25,2.05,0
86,6,17,2.13,0
86,7,11,2.07,0
86,8,11,1.88,0
86,9,15,1.96,0
86,10,14,1.91,0
86,11,12,2.24,0
86,12,17,1.75,1
86,13,14,2.16,0
86,14,35,2.1,0
86,15,15,2.01,0
86,16,14,2.25,0
86,17,18,2.03,0
86,18,15,2.29,0
86,19,15,1.95,0
86,20,21,2.18,0
86,21,14,2.14,0
86,22,14,2.15,0
86,23,14,2,0
86,24,16,1.69,1
86,25,12,2.13,0
86,26,13,2.13,0
86,27,15,2.01,0
86,28,13,2.09,0
86,29,13,2.14,0
86,30,11,1.96,0
86,31,11,2.02,0
86,32,11,2.16,0
86,33,14,2.17,0
86,34,16,1.75,1
86,35,26,2.36,0
86,36,10,2.32,0
86,37,11,2.05,0
86,38,21,2.02,0
86,39,9,2.2,0
86,40,12,2.04,0
86,41,11,2.01,0
86,42,32,2,0
86,43,11,2.18,0
86,44,22,2.15,0
87,1,16,2.09,0
87,2,15,2.15,0
87,3,14,2.33,0
87,4,15,1.95,0
87,5,22,2,0
87,6,16,2.17,0
87,7,13,2.34,0
87,8,14,2.17,0
87,9,16,2.02,0
87,10,18,2,0
87,11,16,2.24,0
87,12,14,1.83,0
87,13,15,2.09,0
87,14,39,2.18,0
87,15,16,2.09,0
87,16,21,1.65,1
87,17,13,1.96,0
87,18,15,2.34,0
87,19,15,2.11,0
87,20,26,1.87,0
87,21,19,1.62,1
87,22,14,2.11,0
87,23,12,2.16,0
87,24,16,2.09,0
87,25,13,2.19,0
87,26,13,1.99,0
87,27,17,2.13,0
87,28,11,2.03,0
87,29,15,2.12,0
87,30,14,2.03,0
87,31,14,1.85,0
87,32,13,2.18,0
87,33,14,2.18,0
87,34,13,2.29,0
87,35,26,2.18,0
87,36,13,2.04,0
87,37,11,2.16,0
87,38,18,2.11,0
87,39,13,2.23,0
87,40,12,2.09,0
87,41,12,2.11,0
87,42,36,2.17,0
87,43,14,1.96,0
87,44,26,1.9,0
88,1,14,1.95,0
88,2,13,2.07,0
88,3,12,1.98,0
88,4,14,2.16,0
88,5,18,2.22,0
88,6,15,2.28,0
88,7,15,2.18,0
88,8,15,2.15,0
88,9,16,2.29,0
88,10,14,2.01,0
88,11,16,1.76,1
88,12,14,2.18,0
88,13,15,2.21,0
88,14,37,2.08,0
88,15,15,2,0
88,16,20,1.72,1
88,17,14,2.15,0
88,18,16,2.25,0
88,19,14,2.3,0
88,20,19,2.16,0
88,21,16,2.03,0
88,22,14,2.19,0
88,23,13,2.14,0
88,24,12,2.03,0
88,25,15,2.08,0
88,26,14,2.01,0
88,27,14,2.26,0
88,28,13,2.23,0
88,29,18,1.84,1
88,30,14,1.59,1
88,31,14,2.06,0
88,32,10,1.87,0
88,33,13,2.01,0
88,34,17,1.76,1
88,35,32,1.88,0
88,36,12,2.02,0
88,37,11,2.05,0
88,38,17,2.03,0
88,39,12,1.97,0
88,40,11,2.03,0
88,41,11,2.01,0
88,42,41,1.85,1
88,43,16,1.82,1
88,44,18,2.05,0
89,1,11,2,0
89,2,12,2.03,0
89,3,12,2.16,0
89,4,11,2.3,0
89,5,20,1.67,1
89,6,14,2.08,0
89,7,14,1.97,0
89,8,13,2.03,0
89,9,11,2.25,0
89,10,10,2.15,0
89,11,10,2.18,0
89,12,13,2.2,0
89,13,13,2.09,0
89,14,32,2.14,0
89,15,14,2.01,0
89,16,11,2.29,0
89,17,13,2.04,0
89,18,13,2,0
89,19,13,2.13,0
89,20,17,2.28,0
89,21,11,2.03,0
89,22,13,2.26,0
89,23,12,2.13,0
89,24,10,2.07,0
89,25,12,1.92,0
89,26,12,2.07,0
89,27,12,2.11,0
89,28,10,2.04,0
89,29,10,2.06,0
89,30,12,2.21,0
89,31,10,1.93,0
89,32,9,2.11,0
89,33,12,2.12,0
89,34,14,1.99,0
89,35,25,2.23,0
89,36,10,2.01,0
89,37,10,2.09,0
89,38,13,2.04,0
89,39,13,1.84,1
89,40,9,2.18,0
89,41,11,2.08,0
89,42,26,2.03,0
89,43,9,2.06,0
89,44,20,2,0
90,1,14,1.97,0
90,2,12,2.34,0
90,3,14,2.27,0
90,4,17,2.18,0
90,5,26,1.86,1
90,6,16,2,0
90,7,17,2.02,0
90,8,15,1.98,0
90,9,14,2.24,0
90,10,16,2.28,0
90,11,16,2.1,0
90,12,16,2.12,0
90,13,19,2.19,0
90,14,47,1.99,0
90,15,15,1.94,0
90,16,13,2.13,0
90,17,15,2.22,0
90,18,14,2.09,0
90,19,15,2.01,0
90,20,23,1.99,0
90,21,16,1.92,0
90,22,18,2.18,0
90,23,15,2.24,0
90,24,12,2.06,0
90,25,18,2.02,0
90,26,15,1.96,0
90,27,16,2.12,0
90,28,12,2.04,0
90,29,12,2.09,0
90,30,9,2.15,0
90,31,14,2.22,0
90,32,12,2.07,0
90,33,13,2.23,0
90,34,14,2.19,0
90,35,32,1.93,0
90,36,13,1.9,0
90,37,19,1.85,1
90,38,14,2.32,0
90,39,14,2.02,0
90,40,15,2.11,0
90,41,13,2.02,0
90,42,28,2.26,0
90,43,12,2.26,0
90,44,21,2.02,0
91,1,12,3.31,0
91,2,11,3.15,0
91,3,12,3.35,0
91,4,12,3.33,0
91,5,19,2.64,0
91,6,17,3.42,0
91,7,20,2.73,1
91,8,12,3.01,0
91,9,14,3.23,0
91,10,12,3.49,0
91,11,12,3.09,0
91,12,14,3.02,0
91,13,13,3.13,0
91,14,41,2.98,0
91,15,13,3.25,0
91,16,14,3.34,0
91,17,12,3.09,0
91,18,16,3.06,0
91,19,12,2.96,0
91,20,19,3.03,0
91,21,13,3.22,0
91,22,13,3.27,0
91,23,17,2.55,1
91,24,10,3.13,0
91,25,22,2.54,1
91,26,13,3.37,0
91,27,15,3.15,0
91,28,11,3.1,0
91,29,16,2.51,1
91,30,11,2.99,0
91,31,12,3.1,0
91,32,13,3.19,0
91,33,13,2.77,0
91,34,12,2.89,0
91,35,26,3.22,0
91,36,10,3.26,0
91,37,11,3.23,0
91,38,17,3.13,0
91,39,11,3.17,0
91,40,9,3.14,0
91,41,14,2.58,1
91,42,27,2.91,0
91,43,14,2.74,1
91,44,18,3.27,0
92,1,15,3.18,0
92,2,14,3.13,0
92,3,15,3.26,0
92,4,17,3.13,0
92,5,25,3.12,0
92,6,19,3.34,0
92,7,21,2.37,1
92,8,17,3.05,0
92,9,14,3.22,0
92,10,15,3.26,0
92,11,18,2.9,0
92,12,13,3.03,0
92,13,18,3.35,0
92,14,48,3.23,0
92,15,17,3.28,0
92,16,18,3.02,0
92,17,17,3.24,0
92,18,15,3.13,0
92,19,16,3.2,0
92,20,23,3.19,0
92,21,16,3.28,0
92,22,23,2.69,1
92,23,13,3.35,0
92,24,15,2.91,0
92,25,15,3.22,0
92,26,15,3.15,0
92,27,16,3.06,0
92,28,14,3.08,0
92,29,12,3.31,0
92,30,16,3.28,0
92,31,14,3.25,0
92,32,13,3.24,0
92,33,15,3.18,0
92,34,16,3.2,0
92,35,35,3.13,0
92,36,12,3.06,0
92,37,19,2.51,1
92,38,22,2.89,0
92,39,14,3.05,0
92,40,14,3.05,0
92,41,13,3.14,0
92,42,31,3.19,0
92,43,16,2.96,0
92,44,23,3.27,0
93,1,14,3.31,0
93,2,14,3.07,0
93,3,12,3.18,0
93,4,13,3.17,0
93,5,22,3.03,0
93,6,15,3.1,0
93,7,14,3.28,0
93,8,14,3.03,0
93,9,17,3.06,0
93,10,14,3.13,0
93,11,13,3.41,0
93,12,13,3.25,0
93,13,14,3.29,0
93,14,41,3.1,0
93,15,14,3,0
93,16,12,3.1,0
93,17,13,2.92,0
93,18,12,3.15,0
93,19,11,3.37,0
93,20,21,3.29,0
93,21,12,3.17,0
93,22,15,3.36,0
93,23,12,2.98,0
93,24,12,3.14,0
93,25,15,3.16,0
93,26,11,3.02,0
93,27,13,3.34,0
93,28,11,3.39,0
93,29,10,3.21,0
93,30,12,3.3,0
93,31,11,2.92,0
93,32,12,3.17,0
93,33,11,3.25,0
93,34,12,3.27,0
93,35,32,2.55,1
93,36,9,3.27,0
93,37,11,2.99,0
93,38,17,3.42,0
93,39,15,3.09,0
93,40,9,3.01,0
93,41,10,3.18,0
93,42,27,3.18,0
93,43,12,3.13,0
93,44,20,3.09,0
94,1,19,2.88,0
94,2,20,3.01,0
94,3,15,3.16,0
94,4,20,3.27,0
94,5,22,3.06,0
94,6,17,3.19,0
94,7,18,3.2,0
94,8,28,2.57,1
94,9,25,2.66,1
94,10,18,2.92,0
94,11,20,3.24,0
94,12,23,3.06,0
94,13,18,3.44,0
94,14,55,3.01,0
94,15,17,3.09,0
94,16,17,3.49,0
94,17,15,3.24,0
94,18,22,3.05,0
94,19,18,3.22,0
94,20,29,2.94,0
94,21,18,3.04,0
94,22,19,3.35,0
94,23,18,3.2,0
94,24,19,3.34,0
94,25,28,2.62,1
94,26,16,3,0
94,27,22,3.09,0
94,28,19,3.09,0
94,29,21,2.81,1
94,30,16,3.27,0
94,31,19,2.98,0
94,32,16,3.36,0
94,33,16,3.02,0
94,34,17,2.94,0
94,35,40,2.97,0
94,36,14,3.41,0
94,37,17,2.97,0
94,38,30,2.8,1
94,39,16,3.09,0
94,40,15,3.23,0
94,41,13,3.01,0
94,42,38,3,0
94,43,15,3,0
94,44,34,2.79,1
95,1,17,2.64,1
95,2,11,3.23,0
95,3,13,3.21,0
95,4,16,3.34,0
95,5,20,3.05,0
95,6,13,3.15,0
95,7,20,2.55,1
95,8,13,3.1,0
95,9,14,3.11,0
95,10,14,3.18,0
95,11,13,3.23,0
95,12,12,3.57,0
95,13,16,3.24,0
95,14,40,2.98,0
95,15,15,3.28,0
95,16,17,2.75,1
95,17,12,3.23,0
95,18,15,3.22,0
95,19,14,2.97,0
95,20,23,2.39,1
95,21,13,3.14,0
95,22,16,3,0
95,23,14,3.18,0
95,24,14,3.01,0
95,25,15,3.17,0
95,26,13,2.69,0
95,27,16,3.13,0
95,28,12,3,0
95,29,18,2.73,1
95,30,12,3.37,0
95,31,10,3.42,0
95,32,12,3.04,0
95,33,13,2.81,0
95,34,12,3.15,0
95,35,27,2.77,0
95,36,12,3.23,0
95,37,12,2.66,0
95,38,16,2.83,0
95,39,10,3.05,0
95,40,9,3.1,0
95,41,12,3.25,0
95,42,29,2.96,0
95,43,11,3.09,0
95,44,22,2.61,1
96,1,13,3.29,0
96,2,12,3,0
96,3,18,2.48,1
96,4,17,2.83,1
96,5,19,2.89,0
96,6,20,3,0
96,7,19,3,0
96,8,14,3.17,0
96,9,22,2.49,1
96,10,23,2.64,1
96,11,15,3.22,0
96,12,16,2.97,0
96,13,14,3.42,0
96,14,43,3.29,0
96,15,15,3.12,0
96,16,13,3.25,0
96,17,10,3.46,0
96,18,14,3.04,0
96,19,17,2.45,1
96,20,29,2.45,1
96,21,15,3.12,0
96,22,15,3.15,0
96,23,14,3.14,0
96,24,13,3.18,0
96,25,13,2.94,0
96,26,13,3.09,0
96,27,15,3.28,0
96,28,13,3.03,0
96,29,14,3.11,0
96,30,11,3.17,0
96,31,13,3,0
96,32,12,3.41,0
96,33,15,3.23,0
96,34,20,2.72,1
96,35,31,3.1,0
96,36,13,2.57,1
96,37,10,3.25,0
96,38,21,3.22,0
96,39,17,2.54,1
96,40,11,3.06,0
96,41,12,3.14,0
96,42,29,3.21,0
96,43,10,3.24,0
96,44,22,2.86,0
97,1,16,3.34,0
97,2,16,2.85,0
97,3,17,2.9,0
97,4,20,3.13,0
97,5,25,3.15,0
97,6,22,3.35,0
97,7,18,3.14,0
97,8,17,3.28,0
97,9,16,3.22,0
97,10,17,3.45,0
97,11,18,2.93,0
97,12,23,2.58,1
97,13,17,3.09,0
97,14,51,3.4,0
97,15,15,3.36,0
97,16,18,3.41,0
97,17,18,3.33,0
97,18,21,2.56,1
97,19,15,3.14,0
97,20,23,3.09,0
97,21,17,2.92,0
97,22,13,3.1,0
97,23,15,3.21,0
97,24,16,3.33,0
97,25,18,2.63,0
97,26,16,2.76,0
97,27,20,3.31,0
97,28,13,2.96,0
97,29,16,3.13,0
97,30,15,3.24,0
97,31,21,2.44,1
97,32,14,3.19,0
97,33,17,3.17,0
97,34,13,3.33,0
97,35,41,2.79,1
97,36,13,2.92,0
97,37,14,3.09,0
97,38,20,3.44,0
97,39,11,3.18,0
97,40,14,3.03,0
97,41,14,3.1,0
97,42,32,3.13,0
97,43,13,3.19,0
97,44,22,3.15,0
98,1,11,3.47,0
98,2,11,3.23,0
98,3,12,3.06,0
98,4,14,3.16,0
98,5,16,3.15,0
98,6,14,3.22,0
98,7,15,2.93,0
98,8,12,2.87,0
98,9,14,3.18,0
98,10,13,3.02,0
98,11,14,3.34,0
98,12,14,3.11,0
98,13,13,3.03,0
98,14,33,3.13,0
98,15,10,3.03,0
98,16,13,3.21,0
98,17,12,3.33,0
98,18,14,3.01,0
98,19,13,3.11,0
98,20,20,2.86,0
98,21,11,3.2,0
98,22,13,3.2,0
98,23,11,2.97,0
98,24,11,3.11,0
98,25,13,3.4,0
98,26,12,3.24,0
98,27,13,3.29,0
98,28,10,3.28,0
98,29,11,3.29,0
98,30,11,3.21,0
98,31,10,3.37,0
98,32,8,3.14,0
98,33,11,3.25,0
98,34,12,3,0
98,35,35,2.73,1
98,36,11,2.73,0
98,37,11,3,0
98,38,19,2.66,1
98,39,11,3.31,0
98,40,10,3.21,0
98,41,11,3.13,0
98,42,23,3.34,0
98,43,10,3.27,0
98,44,17,3.05,0
99,1,15,3.22,0
99,2,17,2.52,1
99,3,15,3.34,0
99,4,15,2.99,0
99,5,22,3.1,0
99,6,17,3.2,0
99,7,16,2.92,0
99,8,16,3.28,0
99,9,19,2.99,0
99,10,14,3.21,0
99,11,18,3.07,0
99,12,20,2.68,1
99,13,20,3.22,0
99,14,42,3.27,0
99,15,13,3.44,0
99,16,14,3.11,0
99,17,17,3.25,0
99,18,17,2.96,0
99,19,18,3.03,0
99,20,24,3.05,0
99,21,13,3.17,0
99,22,14,3.86,0
99,23,15,3.3,0
99,24,15,3.45,0
99,25,16,3.17,0
99,26,13,2.99,0
99,27,17,3.31,0
99,28,16,3.15,0
99,29,11,3.29,0
99,30,13,3.05,0
99,31,16,3.32,0
99,32,12,3.18,0
99,33,13,3.32,0
99,34,13,3.29,0
99,35,32,3.12,0
99,36,12,3.32,0
99,37,13,2.94,0
99,38,20,3.41,0
99,39,17,2.78,1
99,40,11,2.94,0
99,41,13,3.5,0
99,42,29,3.29,0
99,43,15,2.68,1
99,44,19,3.02,0
100,1,14,3.09,0
100,2,18,3.3,0
100,3,20,3.04,0
100,4,16,3.36,0
100,5,24,3.24,0
100,6,20,3.23,0
100,7,22,3.19,0
100,8,17,3.3,0
100,9,19,3.07,0
100,10,19,3.23,0
100,11,21,2.9,0
100,12,18,3.33,0
100,13,19,3.07,0
100,14,57,3.05,0
100,15,25,2.63,1
100,16,18,3.16,0
100,17,19,3,0
100,18,16,3.08,0
100,19,18,3.34,0
100,20,34,2.49,1
100,21,19,3.19,0
100,22,19,3.04,0
100,23,16,3.1,0
100,24,17,3.23,0
100,25,19,3.29,0
100,26,16,3.23,0
100,27,18,3.07,0
100,28,17,3.17,0
100,29,15,2.95,0
100,30,15,3.07,0
100,31,17,3.26,0
100,32,17,3.16,0
100,33,18,3.28,0
100,34,16,3.05,0
100,35,35,3.41,0
100,36,17,3.34,0
100,37,16,3.06,0
100,38,25,3.16,0
100,39,18,2.83,1
100,40,14,3.14,0
100,41,12,3.34,0
100,42,37,3.25,0
100,43,13,3.02,0
100,44,29,3.13,0
101,1,11,3.26,0
101,2,11,2.99,0
101,3,11,3.21,0
101,4,13,3.23,0
101,5,17,2.88,0
101,6,15,2.63,1
101,7,11,3.08,0
101,8,11,3.54,0
101,9,14,3.05,0
101,10,15,2.55,1
101,11,12,3.33,0
101,12,20,2.62,1
101,13,12,2.77,0
101,14,37,3.39,0
101,15,11,3.2,0
101,16,11,3.02,0
101,17,10,3.26,0
101,18,14,3.15,0
101,19,11,3.19,0
101,20,19,3.38,0
101,21,9,3.28,0
101,22,11,3.16,0
101,23,11,3.06,0
101,24,10,3.14,0
101,25,12,3.11,0
101,26,12,3.11,0
101,27,11,3.22,0
101,28,10,3.33,0
101,29,9,2.95,0
101,30,9,3.26,0
101,31,15,2.82,1
101,32,11,3.16,0
101,33,11,3.07,0
101,34,9,2.72,0
101,35,24,2.98,0
101,36,10,3.04,0
101,37,9,2.92,0
101,38,18,2.86,0
101,39,9,3.21,0
101,40,9,2.89,0
101,41,10,2.94,0
101,42,23,3.06,0
101,43,10,3.06,0
101,44,23,2.37,1
