agent_ds_commerce/sales_history_train.csv
sku_id,week,units_sold,price,promo_flag
102,1,28,1.23,0
102,2,27,1.29,0
102,3,28,1.25,0
102,4,26,1.18,0
102,5,38,1.27,0
102,6,31,1.29,0
102,7,29,1.29,0
102,8,28,1.06,0
102,9,38,1.04,1
102,10,27,1.24,0
102,11,27,1.22,0
102,12,28,1.03,1
102,13,30,1.18,0
102,14,87,1.01,1
102,15,21,1.32,0
102,16,30,1.27,0
102,17,29,1.2,0
102,18,34,0.98,1
102,19,27,1.18,0
102,20,42,1.2,0
102,21,29,1.31,0
102,22,26,1.19,0
102,23,25,1.24,0
102,24,24,1.19,0
102,25,24,1.23,0
102,26,25,1.28,0
102,27,28,1.21,0
102,28,21,1.26,0
102,29,24,1.16,0
102,30,23,1.21,0
102,31,23,1.07,0
102,32,25,1.11,0
102,33,30,1.19,0
102,34,27,1.21,0
102,35,51,1.17,0
102,36,23,1.23,0
102,37,21,1.12,0
102,38,42,1.01,1
102,39,33,1.02,1
102,40,26,1.05,0
102,41,22,1.24,0
102,42,56,1.3,0
102,43,24,1.21,0
102,44,36,1.27,0
103,1,30,1.07,1
103,2,24,1.21,0
103,3,24,1.3,0
103,4,27,1.24,0
103,5,42,1.17,0
103,6,31,1.09,0
103,7,32,1.29,0
103,8,32,1.22,0
103,9,32,1.3,0
103,10,30,1.26,0
103,11,40,1.03,1
103,12,25,1.24,0
103,13,26,1.24,0
103,14,85,1.21,0
103,15,32,1.25,0
103,16,26,1.2,0
103,17,23,1.22,0
103,18,34,1.26,0
103,19,29,1.08,1
103,20,40,1.14,0
103,21,31,1.18,0
103,22,27,1.26,0
103,23,25,1.17,0
103,24,25,1.26,0
103,25,32,1.21,0
103,26,25,1.11,0
103,27,38,1.23,0
103,28,26,1.18,0
103,29,26,1.21,0
103,30,28,1.13,0
103,31,27,1.22,0
103,32,23,1.28,0
103,33,25,1.25,0
103,34,29,1.06,1
103,35,54,1.22,0
103,36,20,1.23,0
103,37,20,1.26,0
103,38,39,1.24,0
103,39,27,1.05,1
103,40,29,1.22,0
103,41,24,1.32,0
103,42,59,1.24,0
103,43,25,1.21,0
103,44,38,1.21,0
104,1,29,1.36,0
104,2,37,0.97,1
104,3,29,1.22,0
104,4,40,1.01,1
104,5,62,1,1
104,6,31,1.25,0
104,7,33,1.24,0
104,8,30,1.17,0
104,9,33,1.16,0
104,10,34,1.06,1
104,11,31,1.23,0
104,12,30,1.3,0
104,13,41,1.22,0
104,14,77,1.21,0
104,15,30,1.1,0
104,16,29,1.31,0
104,17,32,1.22,0
104,18,29,1.32,0
104,19,33,1.13,0
104,20,51,1.16,0
104,21,31,1.19,0
104,22,38,1.11,0
104,23,25,1.29,0
104,24,26,1.18,0
104,25,33,1.18,0
104,26,29,1.32,0
104,27,39,1.05,1
104,28,40,0.92,1
104,29,28,1.13,0
104,30,30,1.35,0
104,31,37,0.97,1
104,32,27,1.11,0
104,33,29,1.31,0
104,34,34,1.14,0
104,35,57,1.2,0
104,36,24,1.22,0
104,37,25,1.27,0
104,38,33,1.27,0
104,39,24,1.25,0
104,40,25,1.21,0
104,41,28,1.16,0
104,42,66,1.27,0
104,43,24,1.36,0
104,44,42,1.21,0
105,1,22,1.34,0
105,2,20,1.15,0
105,3,22,1.23,0
105,4,21,1.16,0
105,5,38,1.25,0
105,6,27,1.15,0
105,7,25,1.33,0
105,8,30,0.92,1
105,9,25,1.2,0
105,10,19,1.28,0
105,11,24,1.2,0
105,12,23,1.26,0
105,13,23,1.32,0
105,14,65,1.2,0
105,15,21,1.15,0
105,16,22,1.22,0
105,17,22,1.25,0
105,18,32,1.15,0
105,19,23,1.21,0
105,20,31,1.23,0
105,21,24,1.24,0
105,22,23,1.22,0
105,23,19,1.25,0
105,24,25,1.11,0
105,25,23,1.29,0
105,26,23,1.17,0
105,27,22,1.27,0
105,28,23,0.94,1
105,29,20,1.17,0
105,30,19,1.26,0
105,31,21,1.17,0
105,32,16,1.22,0
105,33,22,1.09,1
105,34,20,1.2,0
105,35,40,1.23,0
105,36,16,1.17,0
105,37,20,1.21,0
105,38,33,1.17,0
105,39,17,1.42,0
105,40,20,1.33,0
105,41,19,1.19,0
105,42,44,1.18,0
105,43,20,1.31,0
105,44,34,1.2,0
106,1,31,1.05,1
106,2,24,1.25,0
106,3,20,1.2,0
106,4,21,1.25,0
106,5,40,1.01,1
106,6,28,0.96,1
106,7,22,1.35,0
106,8,22,1.14,0
106,9,24,1.35,0
106,10,25,1.28,0
106,11,28,1.07,1
106,12,24,1.16,0
106,13,29,0.94,1
106,14,58,1.18,0
106,15,23,1.1,0
106,16,24,1.2,0
106,17,18,1.31,0
106,18,25,1.24,0
106,19,18,1.34,0
106,20,35,1.27,0
106,21,31,0.95,1
106,22,24,1.17,0
106,23,23,1.2,0
106,24,18,1.23,0
106,25,23,1.24,0
106,26,21,1.26,0
106,27,23,1.24,0
106,28,20,1.26,0
106,29,26,0.97,1
106,30,18,1.31,0
106,31,19,1.37,0
106,32,18,1.18,0
106,33,25,1.09,0
106,34,29,1.08,1
106,35,41,1.15,0
106,36,21,1.23,0
106,37,18,1.14,0
106,38,27,1.34,0
106,39,19,1.2,0
106,40,17,1.28,0
106,41,17,1.24,0
106,42,48,1.16,0
106,43,20,1.28,0
106,44,32,1.31,0
107,1,39,0.95,1
107,2,31,1.07,1
107,3,27,1.19,0
107,4,32,1.29,0
107,5,48,1.19,0
107,6,31,1.13,0
107,7,31,1.21,0
107,8,28,1.23,0
107,9,30,1.15,0
107,10,28,1.23,0
107,11,32,1.3,0
107,12,28,1.29,0
107,13,32,1.27,0
107,14,87,1.26,0
107,15,36,1.12,0
107,16,31,1.18,0
107,17,28,1.2,0
107,18,35,1.2,0
107,19,25,1.24,0
107,20,39,1.21,0
107,21,24,1.19,0
107,22,38,1.03,1
107,23,34,1.11,0
107,24,27,1.26,0
107,25,26,1.23,0
107,26,30,1.3,0
107,27,34,1.15,0
107,28,28,1.35,0
107,29,26,1.26,0
107,30,29,1.22,0
107,31,30,1.17,0
107,32,29,0.98,1
107,33,32,1.22,0
107,34,26,1.25,0
107,35,60,1.15,0
107,36,25,1.22,0
107,37,33,1.07,1
107,38,34,1.24,0
107,39,21,1.25,0
107,40,24,1.22,0
107,41,27,1.3,0
107,42,59,1.23,0
107,43,23,1.25,0
107,44,44,1.18,0
108,1,24,1.19,0
108,2,36,0.98,1
108,3,27,1.21,0
108,4,32,1.24,0
108,5,41,1.29,0
108,6,31,1.29,0
108,7,30,1.18,0
108,8,31,1.04,0
108,9,31,1.1,0
108,10,30,1.19,0
108,11,32,1.26,0
108,12,29,1.22,0
108,13,40,1.02,1
108,14,92,1.14,0
108,15,27,1.12,0
108,16,28,1.11,0
108,17,33,1.24,0
108,18,32,1.25,0
108,19,29,1.21,0
108,20,33,1.24,0
108,21,25,1.3,0
108,22,27,1.33,0
108,23,28,1.22,0
108,24,28,1.21,0
108,25,44,1.01,1
108,26,29,1.33,0
108,27,28,1.26,0
108,28,30,1.01,1
108,29,25,1.25,0
108,30,21,1.34,0
108,31,22,1.19,0
108,32,24,1.22,0
108,33,25,1.23,0
108,34,25,1.21,0
108,35,62,1.1,0
108,36,21,1.27,0
108,37,22,1.13,0
108,38,40,0.99,1
108,39,27,1.29,0
108,40,22,1.28,0
108,41,21,1.33,0
108,42,54,1.18,0
108,43,24,1.13,0
108,44,44,1.23,0
109,1,33,1.17,0
109,2,25,1.24,0
109,3,34,1.05,1
109,4,32,1.23,0
109,5,37,1.21,0
109,6,37,1.14,0
109,7,33,1.29,0
109,8,26,1.26,0
109,9,29,1.19,0
109,10,33,1.23,0
109,11,28,1.24,0
109,12,27,1.23,0
109,13,31,1.11,0
109,14,77,1.29,0
109,15,31,1.17,0
109,16,28,1.25,0
109,17,30,1.23,0
109,18,32,1.26,0
109,19,33,1.27,0
109,20,41,1.29,0
109,21,38,0.93,1
109,22,32,1.14,0
109,23,26,1.25,0
109,24,27,1.25,0
109,25,29,1.23,0
109,26,35,0.95,1
109,27,32,1.2,0
109,28,22,1.12,0
109,29,33,1.08,1
109,30,29,1.19,0
109,31,22,1.11,0
109,32,24,1.12,0
109,33,30,1.26,0
109,34,30,1.21,0
109,35,73,1.2,0
109,36,32,1.09,1
109,37,24,1.19,0
109,38,34,1.3,0
109,39,24,1.19,0
109,40,27,1.18,0
109,41,24,1.38,0
109,42,68,1.32,0
109,43,31,1.09,1
109,44,35,1.22,0
110,1,30,1.18,0
110,2,29,1.19,0
110,3,25,1.11,0
110,4,28,1.28,0
110,5,42,1.36,0
110,6,35,1.14,0
110,7,30,1.27,0
110,8,32,1.2,0
110,9,33,1.19,0
110,10,33,1.31,0
110,11,28,1.23,0
110,12,28,1.18,0
110,13,39,1.24,0
110,14,86,1.21,0
110,15,29,1.22,0
110,16,28,1.23,0
110,17,28,1.25,0
110,18,26,1.15,0
110,19,25,1.18,0
110,20,44,1.23,0
110,21,25,1.19,0
110,22,29,1.23,0
110,23,30,1.25,0
110,24,30,1.27,0
110,25,42,1.02,1
110,26,24,1.17,0
110,27,35,1.41,0
110,28,22,1.15,0
110,29,24,1.21,0
110,30,21,1.14,0
110,31,28,1.21,0
110,32,31,1,1
110,33,29,1.24,0
110,34,23,1.1,0
110,35,68,0.95,1
110,36,26,1.17,0
110,37,22,1.2,0
110,38,32,1.2,0
110,39,23,1.19,0
110,40,24,1.26,0
110,41,21,1.1,0
110,42,57,1.25,0
110,43,31,0.93,1
110,44,44,1.17,0
111,1,22,1.2,0
111,2,23,1.29,0
111,3,28,1.26,0
111,4,23,1.21,0
111,5,53,1.09,1
111,6,38,1.02,1
111,7,31,1.09,0
111,8,24,1.28,0
111,9,27,1.24,0
111,10,23,1.28,0
111,11,24,1.3,0
111,12,26,1.28,0
111,13,25,1.27,0
111,14,82,1.21,0
111,15,27,1.19,0
111,16,24,1.23,0
111,17,22,1.24,0
111,18,25,1.32,0
111,19,24,1.13,0
111,20,47,1.02,1
111,21,21,1.22,0
111,22,33,1.2,0
111,23,21,1.14,0
111,24,20,1.14,0
111,25,27,1.21,0
111,26,20,1.2,0
111,27,33,1.08,1
111,28,26,1,1
111,29,22,1.31,0
111,30,27,1.05,1
111,31,27,1.17,0
111,32,21,1.28,0
111,33,24,1.27,0
111,34,23,1.24,0
111,35,54,1.2,0
111,36,16,1.12,0
111,37,22,1.15,0
111,38,30,1.21,0
111,39,20,1.14,0
111,40,20,1.23,0
111,41,20,1.18,0
111,42,46,1.17,0
111,43,19,1.23,0
111,44,35,1.28,0
112,1,29,1.28,0
112,2,26,1.12,0
112,3,35,1.03,1
112,4,41,1.06,1
112,5,41,1.3,0
112,6,28,1.25,0
112,7,32,1.19,0
112,8,30,1.33,0
112,9,29,1.16,0
112,10,33,1.23,0
112,11,27,1.23,0
112,12,29,1.24,0
112,13,33,1.24,0
112,14,83,1.26,0
112,15,36,1.09,1
112,16,25,1.21,0
112,17,27,1.27,0
112,18,34,1.26,0
112,19,27,1.11,0
112,20,45,1.22,0
112,21,25,1.26,0
112,22,27,1.21,0
112,23,31,1.18,0
112,24,29,1.28,0
112,25,26,1.25,0
112,26,26,1.26,0
112,27,28,1.29,0
112,28,24,1.25,0
112,29,25,1.24,0
112,30,24,1.26,0
112,31,21,1.15,0
112,32,23,1.32,0
112,33,24,1.34,0
112,34,26,1.3,0
112,35,59,1.33,0
112,36,23,1.17,0
112,37,23,1.24,0
112,38,32,1.15,0
112,39,22,1.34,0
112,40,26,1.25,0
112,41,23,1.31,0
112,42,54,1.12,0
112,43,23,1.25,0
112,44,42,1.01,1
113,1,28,1.72,0
113,2,27,1.73,0
113,3,28,1.7,0
113,4,31,1.74,0
113,5,37,1.68,0
113,6,38,1.9,0
113,7,23,1.72,0
113,8,29,1.69,0
113,9,30,1.75,0
113,10,29,1.83,0
113,11,29,1.79,0
113,12,29,1.77,0
113,13,31,1.79,0
113,14,70,1.56,0
113,15,27,1.85,0
113,16,30,1.78,0
113,17,27,1.83,0
113,18,30,1.71,0
113,19,26,1.78,0
113,20,42,1.74,0
113,21,37,1.33,1
113,22,27,1.87,0
113,23,24,1.7,0
113,24,28,1.62,0
113,25,36,1.38,1
113,26,25,1.87,0
113,27,27,1.57,0
113,28,27,1.71,0
113,29,28,1.68,0
113,30,24,1.74,0
113,31,22,1.64,0
113,32,24,1.78,0
113,33,30,1.84,0
113,34,30,1.83,0
113,35,59,1.61,0
113,36,21,1.84,0
113,37,33,1.31,1
113,38,36,1.77,0
113,39,23,1.75,0
113,40,18,1.89,0
113,41,25,1.73,0
113,42,43,1.75,0
113,43,21,1.86,0
113,44,38,1.72,0
114,1,21,1.64,0
114,2,23,1.53,0
114,3,19,1.65,0
114,4,25,1.82,0
114,5,41,1.84,0
114,6,28,1.82,0
114,7,27,1.89,0
114,8,21,1.8,0
114,9,23,1.85,0
114,10,25,1.81,0
114,11,23,1.87,0
114,12,20,1.61,0
114,13,31,1.64,0
114,14,74,1.68,0
114,15,31,1.64,0
114,16,21,1.89,0
114,17,25,1.74,0
114,18,26,1.89,0
114,19,26,1.82,0
114,20,40,1.85,0
114,21,32,1.49,1
114,22,28,1.75,0
114,23,31,1.33,1
114,24,25,1.83,0
114,25,27,1.64,0
114,26,24,1.82,0
114,27,24,1.78,0
114,28,24,1.57,1
114,29,20,1.85,0
114,30,22,1.52,1
114,31,19,1.83,0
114,32,30,1.56,1
114,33,26,1.8,0
114,34,22,1.71,0
114,35,45,1.73,0
114,36,19,1.94,0
114,37,20,1.8,0
114,38,31,1.72,0
114,39,17,1.67,0
114,40,22,1.63,0
114,41,20,1.83,0
114,42,55,1.71,0
114,43,25,1.79,0
114,44,35,1.59,0
115,1,32,1.82,0
115,2,38,1.72,0
115,3,33,1.68,0
115,4,34,1.82,0
115,5,49,1.68,0
115,6,39,1.77,0
115,7,38,1.82,0
115,8,45,1.39,1
115,9,40,1.71,0
115,10,34,1.63,0
115,11,35,1.7,0
115,12,38,1.7,0
115,13,34,1.83,0
115,14,115,1.72,0
115,15,34,1.73,0
115,16,32,1.82,0
115,17,38,1.82,0
115,18,41,1.73,0
115,19,28,1.81,0
115,20,51,1.79,0
115,21,30,1.72,0
115,22,42,1.46,1
115,23,34,1.66,0
115,24,38,1.62,0
115,25,37,1.65,0
115,26,29,1.89,0
115,27,38,1.89,0
115,28,41,1.76,0
115,29,36,1.88,0
115,30,30,1.79,0
115,31,30,1.69,0
115,32,30,1.86,0
115,33,35,1.72,0
115,34,49,1.43,1
115,35,71,1.65,0
115,36,32,1.72,0
115,37,26,1.79,0
115,38,47,1.67,0
115,39,28,1.93,0
115,40,30,1.86,0
115,41,32,1.71,0
115,42,71,1.69,0
115,43,29,1.82,0
115,44,52,1.7,0
116,1,27,1.74,0
116,2,28,1.83,0
116,3,36,1.48,1
116,4,32,1.65,0
116,5,47,1.67,0
116,6,31,1.83,0
116,7,35,1.67,0
116,8,24,1.9,0
116,9,35,1.78,0
116,10,29,1.69,0
116,11,28,1.69,0
116,12,26,1.71,0
116,13,34,1.88,0
116,14,77,1.94,0
116,15,40,1.5,1
116,16,26,1.75,0
116,17,32,1.71,0
116,18,29,1.75,0
116,19,23,1.73,0
116,20,54,1.67,0
116,21,34,1.74,0
116,22,30,1.74,0
116,23,30,1.64,0
116,24,27,1.85,0
116,25,27,1.9,0
116,26,25,1.8,0
116,27,35,1.8,0
116,28,25,1.83,0
116,29,25,1.74,0
116,30,28,1.72,0
116,31,26,1.78,0
116,32,29,1.34,1
116,33,31,1.69,0
116,34,25,1.7,0
116,35,60,1.84,0
116,36,27,1.78,0
116,37,25,1.88,0
116,38,34,1.65,0
116,39,31,1.46,1
116,40,23,1.81,0
116,41,24,1.71,0
116,42,62,1.95,0
116,43,24,1.68,0
116,44,38,1.67,0
117,1,24,1.83,0
117,2,24,1.72,0
117,3,20,1.75,0
117,4,24,1.77,0
117,5,32,1.66,0
117,6,29,1.6,0
117,7,20,1.91,0
117,8,22,1.87,0
117,9,24,1.76,0
117,10,30,1.35,1
117,11,21,1.76,0
117,12,22,1.82,0
117,13,31,1.55,1
117,14,54,1.74,0
117,15,25,1.67,0
117,16,21,1.83,0
117,17,23,1.52,0
117,18,28,1.49,0
117,19,22,1.87,0
117,20,36,1.8,0
117,21,20,1.78,0
117,22,28,1.81,0
117,23,21,1.8,0
117,24,20,1.74,0
117,25,24,1.8,0
117,26,21,1.69,0
117,27,25,1.75,0
117,28,24,1.68,0
117,29,19,1.73,0
117,30,20,1.85,0
117,31,22,1.72,0
117,32,17,1.85,0
117,33,21,1.81,0
117,34,19,1.82,0
117,35,45,1.7,0
117,36,17,1.88,0
117,37,19,1.61,0
117,38,28,1.84,0
117,39,18,1.82,0
117,40,22,1.73,0
117,41,22,1.89,0
117,42,53,1.43,1
117,43,17,1.82,0
117,44,36,1.78,0
118,1,29,1.75,0
118,2,26,1.59,0
118,3,26,1.76,0
118,4,31,1.68,0
118,5,51,1.31,1
118,6,35,1.82,0
118,7,40,1.6,0
118,8,36,1.53,1
118,9,34,1.66,0
118,10,28,1.76,0
118,11,38,1.6,0
118,12,32,1.54,1
118,13,32,1.81,0
118,14,83,1.78,0
118,15,27,1.67,0
118,16,29,1.78,0
118,17,36,1.42,1
118,18,34,1.67,0
118,19,36,1.51,1
118,20,40,1.77,0
118,21,31,1.57,0
118,22,30,1.73,0
118,23,28,1.74,0
118,24,23,1.78,0
118,25,32,1.75,0
118,26,25,1.9,0
118,27,36,1.88,0
118,28,29,1.74,0
118,29,22,1.57,0
118,30,27,1.81,0
118,31,25,1.7,0
118,32,32,1.68,0
118,33,29,1.65,0
118,34,27,1.79,0
118,35,67,1.36,1
118,36,25,1.72,0
118,37,25,1.71,0
118,38,38,1.8,0
118,39,23,1.95,0
118,40,22,1.71,0
118,41,26,1.76,0
118,42,71,1.76,0
118,43,26,1.61,0
118,44,43,1.74,0
119,1,22,1.76,0
119,2,21,1.91,0
119,3,28,1.52,1
119,4,23,1.72,0
119,5,32,1.68,0
119,6,30,1.59,0
119,7,25,1.69,0
119,8,22,1.81,0
119,9,27,1.82,0
119,10,26,1.72,0
119,11,22,1.66,0
119,12,23,1.72,0
119,13,29,1.78,0
119,14,65,1.83,0
119,15,23,1.68,0
119,16,22,1.74,0
119,17,22,1.68,0
119,18,24,1.84,0
119,19,21,1.7,0
119,20,28,1.86,0
119,21,25,1.66,0
119,22,31,1.6,0
119,23,24,1.71,0
119,24,20,1.92,0
119,25,21,1.76,0
119,26,25,1.69,0
119,27,24,1.84,0
119,28,22,1.86,0
119,29,18,1.67,0
119,30,23,1.67,0
119,31,19,1.68,0
119,32,21,1.54,0
119,33,21,1.8,0
119,34,23,1.49,1
119,35,43,1.87,0
119,36,18,1.79,0
119,37,21,1.69,0
119,38,28,1.75,0
119,39,19,1.85,0
119,40,17,1.83,0
119,41,19,1.78,0
119,42,51,1.66,0
119,43,18,1.71,0
119,44,36,1.74,0
120,1,32,1.88,0
120,2,31,1.72,0
120,3,32,1.6,0
120,4,35,1.91,0
120,5,41,1.71,0
120,6,30,1.83,0
120,7,49,1.49,1
120,8,35,1.45,1
120,9,31,1.89,0
120,10,39,1.54,1
120,11,27,1.68,0
120,12,37,1.91,0
120,13,37,1.83,0
120,14,94,1.73,0
120,15,27,1.68,0
120,16,30,1.71,0
120,17,33,1.6,0
120,18,30,1.67,0
120,19,30,1.76,0
120,20,51,1.77,0
120,21,28,1.88,0
120,22,34,2.09,0
120,23,31,1.66,0
120,24,24,1.8,0
120,25,32,1.73,0
120,26,25,1.81,0
120,27,34,1.49,1
120,28,28,1.7,0
120,29,36,1.47,1
120,30,26,1.7,0
120,31,23,1.8,0
120,32,28,1.62,0
120,33,27,1.69,0
120,34,23,1.65,0
120,35,72,1.84,0
120,36,25,1.78,0
120,37,21,1.7,0
120,38,43,1.73,0
120,39,27,1.77,0
120,40,27,1.69,0
120,41,24,1.65,0
120,42,64,1.83,0
120,43,27,1.75,0
120,44,43,1.65,0
121,1,33,1.86,0
121,2,31,1.71,0
121,3,32,1.74,0
121,4,31,1.75,0
121,5,51,1.68,0
121,6,37,1.71,0
121,7,39,1.5,1
121,8,36,1.6,0
121,9,34,1.82,0
121,10,35,1.74,0
121,11,32,1.88,0
121,12,38,1.61,0
121,13,41,1.77,0
121,14,102,1.87,0
121,15,34,1.8,0
121,16,32,1.69,0
121,17,30,1.76,0
121,18,36,1.87,0
121,19,36,1.79,0
121,20,42,1.75,0
121,21,38,1.4,1
121,22,44,1.34,1
121,23,28,1.92,0
121,24,34,1.87,0
121,25,48,1.43,1
121,26,29,1.65,0
121,27,36,1.67,0
121,28,30,1.65,0
121,29,32,1.59,0
121,30,27,1.79,0
121,31,35,1.34,1
121,32,26,1.79,0
121,33,41,1.69,0
121,34,23,1.76,0
121,35,71,1.76,0
121,36,30,1.68,0
121,37,32,1.76,0
121,38,38,1.83,0
121,39,32,1.68,0
121,40,33,1.43,1
121,41,25,1.75,0
121,42,77,1.57,1
121,43,27,1.96,0
121,44,43,1.68,0
122,1,25,1.51,1
122,2,22,1.79,0
122,3,18,1.67,0
122,4,27,1.55,0
122,5,32,1.86,0
122,6,29,1.76,0
122,7,29,1.86,0
122,8,19,1.81,0
122,9,28,1.77,0
122,10,24,1.76,0
122,11,26,1.67,0
122,12,21,1.74,0
122,13,25,1.89,0
122,14,64,1.63,0
122,15,28,1.87,0
122,16,21,1.6,0
122,17,19,1.81,0
122,18,25,1.79,0
122,19,19,1.75,0
122,20,30,1.99,0
122,21,25,1.78,0
122,22,21,1.76,0
122,23,26,1.77,0
122,24,21,1.93,0
122,25,23,1.62,0
122,26,20,1.78,0
122,27,27,1.93,0
122,28,21,1.65,0
122,29,21,1.81,0
122,30,18,1.82,0
122,31,22,1.69,0
122,32,23,1.84,0
122,33,29,1.68,0
122,34,20,1.83,0
122,35,61,1.69,0
122,36,21,1.91,0
122,37,19,1.71,0
122,38,33,1.47,1
122,39,21,1.79,0
122,40,21,1.8,0
122,41,17,1.77,0
122,42,47,1.85,0
122,43,20,1.77,0
122,44,36,1.66,0
123,1,29,1.69,0
123,2,31,1.81,0
123,3,29,1.83,0
123,4,35,1.69,0
123,5,43,1.67,0
123,6,39,1.64,0
123,7,33,1.71,0
123,8,30,1.7,0
123,9,34,1.79,0
123,10,29,1.83,0
123,11,29,1.72,0
123,12,28,1.76,0
123,13,33,1.83,0
123,14,106,1.55,0
123,15,34,1.68,0
123,16,32,1.66,0
123,17,36,1.72,0
123,18,44,1.43,1
123,19,30,1.87,0
123,20,45,1.76,0
123,21,33,1.72,0
123,22,43,1.38,1
123,23,35,1.47,1
123,24,31,1.69,0
123,25,32,1.78,0
123,26,29,1.73,0
123,27,35,1.78,0
123,28,33,1.64,0
123,29,28,1.61,0
123,30,29,1.75,0
123,31,30,1.7,0
123,32,34,1.37,1
123,33,31,1.85,0
123,34,29,1.71,0
123,35,55,1.8,0
123,36,25,1.65,0
123,37,28,1.9,0
123,38,45,1.32,1
123,39,27,1.86,0
123,40,24,1.75,0
123,41,29,1.73,0
123,42,71,1.77,0
123,43,28,1.79,0
123,44,44,1.73,0
124,1,27,2.75,0
124,2,25,2.89,0
124,3,23,2.28,0
124,4,32,2.54,0
124,5,44,2.32,0
124,6,36,2.77,0
124,7,31,2.51,0
124,8,30,2.51,0
124,9,32,2.45,0
124,10,31,2.52,0
124,11,28,2.47,0
124,12,29,2.37,0
124,13,31,2.44,0
124,14,90,2.49,0
124,15,30,2.44,0
124,16,27,2.47,0
124,17,31,2.8,0
124,18,31,2.56,0
124,19,29,2.42,0
124,20,56,2.07,1
124,21,27,2.78,0
124,22,30,2.61,0
124,23,21,2.47,0
124,24,22,2.67,0
124,25,31,2.48,0
124,26,28,2.48,0
124,27,26,2.61,0
124,28,27,2.34,0
124,29,27,2.43,0
124,30,26,2.68,0
124,31,26,2.6,0
124,32,25,2.74,0
124,33,26,2.69,0
124,34,28,2.56,0
124,35,54,2.52,0
124,36,24,2.56,0
124,37,28,2.31,0
124,38,34,2.63,0
124,39,23,2.65,0
124,40,31,1.97,1
124,41,24,2.46,0
124,42,78,2.77,0
124,43,27,2,1
124,44,44,2.64,0
125,1,32,2.59,0
125,2,34,2.75,0
125,3,32,2.49,0
125,4,27,2.46,0
125,5,51,2.44,0
125,6,32,2.77,0
125,7,32,2.65,0
125,8,31,2.57,0
125,9,38,2.64,0
125,10,30,2.32,0
125,11,36,2.34,0
125,12,34,2.32,0
125,13,31,2.3,0
125,14,91,2.45,0
125,15,25,2.54,0
125,16,31,2.68,0
125,17,31,2.44,0
125,18,34,2.59,0
125,19,35,2.42,0
125,20,40,2.66,0
125,21,27,2.89,0
125,22,35,2.63,0
125,23,26,2.83,0
125,24,27,2.87,0
125,25,33,2.44,0
125,26,25,2.5,0
125,27,33,2.52,0
125,28,27,2.5,0
125,29,26,2.5,0
125,30,27,2.74,0
125,31,28,2.58,0
125,32,23,2.71,0
125,33,25,2.62,0
125,34,31,2.53,0
125,35,54,2.43,0
125,36,26,2.57,0
125,37,24,2.66,0
125,38,39,2.58,0
125,39,25,2.55,0
125,40,23,2.91,0
125,41,25,2.74,0
125,42,67,2.36,0
125,43,23,2.62,0
125,44,45,2.56,0
