agent_ds_commerce/sales_history_train.csv
sku_id,week,units_sold,price,promo_flag
126,1,34,2.54,0
126,2,41,2.61,0
126,3,37,2.35,0
126,4,49,1.98,1
126,5,59,2.42,0
126,6,55,1.94,1
126,7,39,2.59,0
126,8,36,2.44,0
126,9,35,2.54,0
126,10,39,2.66,0
126,11,37,2.56,0
126,12,37,2.61,0
126,13,36,2.46,0
126,14,86,2.58,0
126,15,30,2.61,0
126,16,37,2.36,0
126,17,36,2.65,0
126,18,51,2.14,1
126,19,30,2.41,0
126,20,65,2.65,0
126,21,36,2.29,0
126,22,37,2.45,0
126,23,36,2.33,0
126,24,36,2.51,0
126,25,31,2.55,0
126,26,31,2.69,0
126,27,42,2.15,1
126,28,34,2.28,1
126,29,32,2.74,0
126,30,30,2.69,0
126,31,38,2.72,0
126,32,27,2.47,0
126,33,36,2.35,0
126,34,47,1.97,1
126,35,96,2.13,1
126,36,31,2.56,0
126,37,32,2.56,0
126,38,41,2.83,0
126,39,28,2.56,0
126,40,23,2.55,0
126,41,29,2.68,0
126,42,72,2.64,0
126,43,30,2.42,0
126,44,79,1.95,1
127,1,31,2.37,0
127,2,29,2.51,0
127,3,28,2.52,0
127,4,30,2.24,0
127,5,34,2.71,0
127,6,28,2.47,0
127,7,27,2.53,0
127,8,27,2.61,0
127,9,37,2.43,0
127,10,25,2.54,0
127,11,30,2.39,0
127,12,29,2.37,0
127,13,30,2.44,0
127,14,75,2.28,0
127,15,32,2.21,1
127,16,27,2.54,0
127,17,27,2.54,0
127,18,33,2.47,0
127,19,25,2.54,0
127,20,41,2.42,0
127,21,26,2.5,0
127,22,24,2.46,0
127,23,22,2.45,0
127,24,23,2.53,0
127,25,27,2.57,0
127,26,23,2.63,0
127,27,36,2.61,0
127,28,20,2.55,0
127,29,22,2.58,0
127,30,21,2.28,0
127,31,20,2.61,0
127,32,22,2.43,0
127,33,29,2.29,0
127,34,25,2.63,0
127,35,49,2.46,0
127,36,18,2.64,0
127,37,20,2.46,0
127,38,30,2.46,0
127,39,20,2.35,0
127,40,27,2.63,0
127,41,19,2.66,0
127,42,55,2.64,0
127,43,23,2.6,0
127,44,38,2.51,0
128,1,26,2.39,0
128,2,21,2.41,0
128,3,23,2.63,0
128,4,23,2.55,0
128,5,28,2.62,0
128,6,34,2.49,0
128,7,27,2.64,0
128,8,26,2.59,0
128,9,25,2.71,0
128,10,25,2.58,0
128,11,23,2.67,0
128,12,19,2.74,0
128,13,32,2.52,0
128,14,65,2.41,0
128,15,24,2.59,0
128,16,21,2.77,0
128,17,30,2.15,1
128,18,28,2.68,0
128,19,25,2.78,0
128,20,32,2.7,0
128,21,23,2.37,0
128,22,26,2.55,0
128,23,30,2.25,1
128,24,32,2.06,1
128,25,22,2.2,0
128,26,20,2.42,0
128,27,24,2.64,0
128,28,19,2.39,0
128,29,18,2.61,0
128,30,23,2.43,0
128,31,24,2.6,0
128,32,20,2.5,0
128,33,21,2.62,0
128,34,23,2.73,0
128,35,52,2.55,0
128,36,18,2.45,0
128,37,17,2.51,0
128,38,30,2.41,0
128,39,27,2.1,1
128,40,24,2.46,0
128,41,18,2.52,0
128,42,43,2.65,0
128,43,22,2.71,0
128,44,28,2.63,0
129,1,25,2.69,0
129,2,31,2.55,0
129,3,24,2.71,0
129,4,24,2.48,0
129,5,34,2.56,0
129,6,26,2.5,0
129,7,24,2.72,0
129,8,24,2.72,0
129,9,25,2.47,0
129,10,24,2.28,0
129,11,20,2.43,0
129,12,28,2.68,0
129,13,26,2.47,0
129,14,70,2.44,0
129,15,22,2.51,0
129,16,24,2.55,0
129,17,26,2.55,0
129,18,26,2.51,0
129,19,26,2.74,0
129,20,37,2.63,0
129,21,32,2.19,1
129,22,26,2.51,0
129,23,18,2.51,0
129,24,18,2.53,0
129,25,21,2.56,0
129,26,25,2.39,0
129,27,25,2.52,0
129,28,25,2.42,0
129,29,23,2.28,0
129,30,18,2.49,0
129,31,17,2.66,0
129,32,26,1.97,1
129,33,18,2.4,0
129,34,23,2.59,0
129,35,57,1.97,1
129,36,20,2.43,0
129,37,21,2.45,0
129,38,21,2.73,0
129,39,20,2.33,0
129,40,19,2.42,0
129,41,18,2.38,0
129,42,53,2.67,0
129,43,19,2.54,0
129,44,35,2.62,0
130,1,27,2.12,1
130,2,21,2.47,0
130,3,22,2.72,0
130,4,27,2.29,0
130,5,39,2.37,0
130,6,30,2.58,0
130,7,30,2.34,0
130,8,24,2.66,0
130,9,35,1.93,1
130,10,23,2.4,0
130,11,28,2.59,0
130,12,27,2.7,0
130,13,26,2.34,0
130,14,60,2.52,0
130,15,25,2.5,0
130,16,26,2.73,0
130,17,22,2.49,0
130,18,23,2.59,0
130,19,22,2.72,0
130,20,30,2.7,0
130,21,21,2.61,0
130,22,22,2.97,0
130,23,23,2.2,0
130,24,29,1.96,1
130,25,25,2.63,0
130,26,19,2.43,0
130,27,31,2.44,0
130,28,21,2.74,0
130,29,25,2.53,0
130,30,21,2.81,0
130,31,19,2.67,0
130,32,25,2.5,0
130,33,29,1.93,1
130,34,19,2.77,0
130,35,47,2.56,0
130,36,29,1.94,1
130,37,20,2.72,0
130,38,30,2.33,0
130,39,18,2.72,0
130,40,15,2.64,0
130,41,25,1.91,1
130,42,71,1.95,1
130,43,19,2.5,0
130,44,36,2.55,0
131,1,25,2.64,0
131,2,23,2.37,0
131,3,26,2.51,0
131,4,24,2.54,0
131,5,37,2.49,0
131,6,33,2.84,0
131,7,28,2.25,1
131,8,30,2.57,0
131,9,27,2.4,0
131,10,22,2.42,0
131,11,26,2.52,0
131,12,32,2.63,0
131,13,38,2.37,0
131,14,76,2.23,1
131,15,27,2.61,0
131,16,33,2.19,1
131,17,25,2.48,0
131,18,26,2.44,0
131,19,23,2.6,0
131,20,42,2.51,0
131,21,28,2.55,0
131,22,27,2.53,0
131,23,27,2.42,0
131,24,22,2.54,0
131,25,34,2.2,1
131,26,20,2.4,0
131,27,26,2.67,0
131,28,22,2.67,0
131,29,24,2.52,0
131,30,25,2.64,0
131,31,23,2.36,0
131,32,26,2.48,0
131,33,26,2.46,0
131,34,25,2.4,0
131,35,57,2.34,0
131,36,24,2.14,1
131,37,22,2.5,0
131,38,28,2.57,0
131,39,24,2.43,0
131,40,22,2.48,0
131,41,24,2.41,0
131,42,47,2.49,0
131,43,20,2.74,0
131,44,34,2.34,0
132,1,27,2.59,0
132,2,27,2.58,0
132,3,28,2.51,0
132,4,30,2.56,0
132,5,60,2.09,1
132,6,35,2.54,0
132,7,29,2.4,0
132,8,22,2.54,0
132,9,34,2.35,0
132,10,33,2.47,0
132,11,25,2.51,0
132,12,25,2.71,0
132,13,28,2.5,0
132,14,90,2.6,0
132,15,32,2.49,0
132,16,29,2.41,0
132,17,33,2.63,0
132,18,27,2.49,0
132,19,27,2.62,0
132,20,40,2.5,0
132,21,29,2.54,0
132,22,28,2.48,0
132,23,29,2.45,0
132,24,26,2.56,0
132,25,34,2.41,0
132,26,23,2.43,0
132,27,37,2.04,1
132,28,21,2.48,0
132,29,23,2.71,0
132,30,23,2.57,0
132,31,21,2.7,0
132,32,29,2.54,0
132,33,29,2.35,0
132,34,26,2.82,0
132,35,57,2.58,0
132,36,25,2.58,0
132,37,26,2.52,0
132,38,35,2.75,0
132,39,24,2.44,0
132,40,29,2.48,0
132,41,25,2.51,0
132,42,69,2.39,0
132,43,20,2.78,0
132,44,39,2.75,0
133,1,28,2.28,0
133,2,30,2.49,0
133,3,30,2.32,0
133,4,31,2.39,0
133,5,42,2.44,0
133,6,30,2.74,0
133,7,35,2.19,1
133,8,27,2.62,0
133,9,26,2.47,0
133,10,31,2.31,0
133,11,30,2.63,0
133,12,31,2.67,0
133,13,35,2.78,0
133,14,75,2.8,0
133,15,27,2.5,0
133,16,31,2.38,0
133,17,28,2.55,0
133,18,25,2.64,0
133,19,27,2.58,0
133,20,37,2.42,0
133,21,23,2.43,0
133,22,28,2.45,0
133,23,23,2.45,0
133,24,30,2.55,0
133,25,31,2.36,0
133,26,27,2.52,0
133,27,37,1.97,1
133,28,23,2.56,0
133,29,23,2.74,0
133,30,27,1.97,1
133,31,24,2.5,0
133,32,25,2.18,0
133,33,24,2.41,0
133,34,25,2.61,0
133,35,57,2.29,0
133,36,23,2.38,0
133,37,23,2.74,0
133,38,33,2.43,0
133,39,22,2.69,0
133,40,21,2.62,0
133,41,29,2.57,0
133,42,46,2.38,0
133,43,28,2.25,0
133,44,45,2.65,0
134,1,38,2.61,0
134,2,33,2.41,0
134,3,34,2.27,1
134,4,31,2.58,0
134,5,42,2.51,0
134,6,33,2.47,0
134,7,42,2.54,0
134,8,31,2.47,0
134,9,40,2.02,1
134,10,31,2.65,0
134,11,31,2.59,0
134,12,33,2.57,0
134,13,32,2.58,0
134,14,73,2.62,0
134,15,34,2.17,1
134,16,25,2.45,0
134,17,30,2.59,0
134,18,36,2.57,0
134,19,37,2.05,1
134,20,47,2.21,0
134,21,30,2.43,0
134,22,37,2.37,0
134,23,24,2.63,0
134,24,30,2.46,0
134,25,34,2.75,0
134,26,29,2.41,0
134,27,40,2.08,1
134,28,27,2.54,0
134,29,31,2.62,0
134,30,26,2.68,0
134,31,24,2.51,0
134,32,28,2.64,0
134,33,30,2.52,0
134,34,29,2.49,0
134,35,64,2.41,0
134,36,30,2.42,0
134,37,26,2.66,0
134,38,39,2.61,0
134,39,26,2.78,0
134,40,25,2.57,0
134,41,26,2.51,0
134,42,66,2.75,0
134,43,25,2.48,0
134,44,41,2.67,0
135,1,8,2.29,0
135,2,9,2.3,0
135,3,8,2.1,0
135,4,8,2.28,0
135,5,11,2.26,0
135,6,7,2.29,0
135,7,9,2.2,0
135,8,8,2.18,0
135,9,10,2.21,0
135,10,10,2.28,0
135,11,9,2.36,0
135,12,9,2.28,0
135,13,8,2.15,0
135,14,18,2.23,0
135,15,10,2.21,0
135,16,8,2.15,0
135,17,8,2.34,0
135,18,8,2.16,0
135,19,6,2.18,0
135,20,12,2.06,0
135,21,8,2.11,0
135,22,9,2.05,0
135,23,7,2.46,0
135,24,7,2.24,0
135,25,9,2.32,0
135,26,7,1.94,0
135,27,9,2.18,0
135,28,7,1.92,0
135,29,8,2.28,0
135,30,7,2.5,0
135,31,6,2.42,0
135,32,11,1.89,1
135,33,9,2.38,0
135,34,9,2.21,0
135,35,16,2.41,0
135,36,9,1.82,1
135,37,7,2.1,0
135,38,9,2.41,0
135,39,6,2.17,0
135,40,7,2.36,0
135,41,7,2.16,0
135,42,16,2.35,0
135,43,5,2.38,0
135,44,14,1.9,1
136,1,14,1.96,1
136,2,13,1.82,1
136,3,9,2.24,0
136,4,9,2.28,0
136,5,15,2.23,0
136,6,13,2.13,0
136,7,12,2.24,0
136,8,12,2.09,0
136,9,10,2.2,0
136,10,11,2.32,0
136,11,10,2.3,0
136,12,8,2.22,0
136,13,10,2.31,0
136,14,30,2.37,0
136,15,11,2.32,0
136,16,11,2.29,0
136,17,10,2.16,0
136,18,10,2.19,0
136,19,11,2.37,0
136,20,16,2.4,0
136,21,11,2.09,0
136,22,12,2.37,0
136,23,10,2.51,0
136,24,10,2.23,0
136,25,10,2.25,0
136,26,8,2.17,0
136,27,11,2.16,0
136,28,10,2.04,0
136,29,10,2.21,0
136,30,9,2.26,0
136,31,9,2.46,0
136,32,8,2.25,0
136,33,11,2.3,0
136,34,9,2.12,0
136,35,21,2.13,0
136,36,9,2.12,0
136,37,8,2.2,0
136,38,13,2.18,0
136,39,8,2.39,0
136,40,8,2.16,0
136,41,8,2.32,0
136,42,19,2.26,0
136,43,9,2.44,0
136,44,16,2.17,0
137,1,8,2.35,0
137,2,8,2.29,0
137,3,7,2.4,0
137,4,9,2.23,0
137,5,12,2.02,0
137,6,9,2.28,0
137,7,11,1.78,1
137,8,8,2.32,0
137,9,8,2.42,0
137,10,7,2.36,0
137,11,8,2.42,0
137,12,8,1.92,0
137,13,8,2.13,0
137,14,20,2.37,0
137,15,9,2.23,0
137,16,7,2.26,0
137,17,9,2.16,0
137,18,9,2.12,0
137,19,6,2.44,0
137,20,12,2.03,0
137,21,8,2.22,0
137,22,10,2.39,0
137,23,7,2.47,0
137,24,7,2.41,0
137,25,7,2.47,0
137,26,9,1.97,1
137,27,8,2.24,0
137,28,7,2.27,0
137,29,7,2.28,0
137,30,7,2.12,0
137,31,7,2.18,0
137,32,7,2.22,0
137,33,8,2.33,0
137,34,9,2.25,0
137,35,17,2.25,0
137,36,9,1.97,1
137,37,9,1.98,1
137,38,9,2.21,0
137,39,6,2.32,0
137,40,8,2.38,0
137,41,10,1.88,1
137,42,18,2.15,0
137,43,8,1.91,1
137,44,9,2.17,0
138,1,9,2.48,0
138,2,12,2.37,0
138,3,15,1.96,1
138,4,18,1.87,1
138,5,15,2.28,0
138,6,22,1.78,1
138,7,14,2.03,0
138,8,14,2.22,0
138,9,12,2.17,0
138,10,12,2.21,0
138,11,12,2.42,0
138,12,13,2.24,0
138,13,13,2.27,0
138,14,33,2.26,0
138,15,14,1.75,1
138,16,11,2.28,0
138,17,12,2.23,0
138,18,13,2.06,0
138,19,17,1.76,1
138,20,14,2.21,0
138,21,11,2.23,0
138,22,13,2.25,0
138,23,11,2.13,0
138,24,12,2.05,0
138,25,14,2.39,0
138,26,12,2.22,0
138,27,13,2.18,0
138,28,13,2.18,0
138,29,16,1.71,1
138,30,12,2.26,0
138,31,13,1.92,1
138,32,11,2.33,0
138,33,13,2.27,0
138,34,15,1.84,1
138,35,40,1.69,1
138,36,11,2.1,0
138,37,12,2.11,0
138,38,15,2.38,0
138,39,9,2.39,0
138,40,10,2.33,0
138,41,15,1.76,1
138,42,29,2.23,0
138,43,10,2.09,0
138,44,29,1.79,1
139,1,8,2.29,0
139,2,9,2.25,0
139,3,8,2.35,0
139,4,11,2.19,0
139,5,11,2.14,0
139,6,9,2.22,0
139,7,10,2.25,0
139,8,10,2.24,0
139,9,12,1.87,1
139,10,9,2.22,0
139,11,9,2.19,0
139,12,9,2.41,0
139,13,8,2.29,0
139,14,23,2.25,0
139,15,10,2.31,0
139,16,10,2.09,0
139,17,8,2.26,0
139,18,10,2.3,0
139,19,9,2.32,0
139,20,11,2.43,0
139,21,12,1.79,1
139,22,9,2.13,0
139,23,8,2.64,0
139,24,9,2.19,0
139,25,10,2.36,0
139,26,7,2.23,0
139,27,10,2.12,0
139,28,9,2.17,0
139,29,9,2.32,0
139,30,8,2.23,0
139,31,7,2.27,0
139,32,9,2.26,0
139,33,10,2.36,0
139,34,8,2.17,0
139,35,19,2.04,0
139,36,9,1.99,1
139,37,11,1.72,1
139,38,9,2.19,0
139,39,8,2.31,0
139,40,7,2.05,0
139,41,7,2.22,0
139,42,17,2.21,0
139,43,7,2.43,0
139,44,15,2.11,0
140,1,8,2.36,0
140,2,7,2.25,0
140,3,6,2.35,0
140,4,7,2.45,0
140,5,10,2.2,0
140,6,8,2.17,0
140,7,12,1.79,1
140,8,7,2.32,0
140,9,10,1.89,1
140,10,7,2.15,0
140,11,7,2.23,0
140,12,7,2.3,0
140,13,8,2.45,0
140,14,20,2.43,0
140,15,7,2.42,0
140,16,7,2.17,0
140,17,7,2.38,0
140,18,9,2.3,0
140,19,6,2.43,0
140,20,10,2.16,0
140,21,7,2.23,0
140,22,8,2.31,0
140,23,7,2.08,0
140,24,6,2.17,0
140,25,7,2.18,0
140,26,6,2.25,0
140,27,9,2.44,0
140,28,6,2.22,0
140,29,6,2.25,0
140,30,7,2.14,0
140,31,7,2.32,0
140,32,5,2.14,0
140,33,6,2.35,0
140,34,7,2.31,0
140,35,15,2.21,0
140,36,5,2.09,0
140,37,6,2.33,0
140,38,9,2.13,0
140,39,5,2.33,0
140,40,6,2.11,0
140,41,5,2.26,0
140,42,16,2.17,0
140,43,10,1.96,1
140,44,10,2.44,0
141,1,7,2.26,0
141,2,7,2.21,0
141,3,6,2.25,0
141,4,7,2.24,0
141,5,13,2.22,0
141,6,7,2.17,0
141,7,7,2.4,0
141,8,7,2.5,0
141,9,7,2.39,0
141,10,7,2.2,0
141,11,7,2.16,0
141,12,8,2.31,0
141,13,9,2.28,0
141,14,21,2.26,0
141,15,7,2.17,0
141,16,7,2.35,0
141,17,6,2.27,0
141,18,7,2.17,0
141,19,6,2.11,0
141,20,12,2.22,0
141,21,6,2.38,0
141,22,7,2.23,0
141,23,7,2.3,0
141,24,7,2.22,0
141,25,7,2.31,0
141,26,6,2.2,0
141,27,9,2.11,0
141,28,7,2.13,0
141,29,6,2.15,0
141,30,6,2.49,0
141,31,6,2.27,0
141,32,5,2.26,0
141,33,7,2.3,0
141,34,6,2.23,0
141,35,15,1.94,0
141,36,8,1.8,1
141,37,7,1.97,1
141,38,9,2.24,0
141,39,5,2.27,0
141,40,5,2.12,0
141,41,5,2.21,0
141,42,16,2.33,0
141,43,5,2.13,0
141,44,9,2.13,0
142,1,9,2.04,0
142,2,10,1.78,1
142,3,9,2.09,0
142,4,10,2.17,0
142,5,18,1.77,1
142,6,10,2.42,0
142,7,10,2.14,0
142,8,9,2.24,0
142,9,10,2.08,0
142,10,9,2.32,0
142,11,8,2.09,0
142,12,9,2.21,0
142,13,10,2.09,0
142,14,24,2.43,0
142,15,11,1.86,1
142,16,9,2.25,0
142,17,8,2.14,0
142,18,11,1.95,1
142,19,10,2.26,0
142,20,11,2.22,0
142,21,9,2.32,0
142,22,7,2.35,0
142,23,8,2.17,0
142,24,9,2.27,0
142,25,8,2.39,0
142,26,9,1.96,0
142,27,13,1.79,1
142,28,9,2.11,0
142,29,8,2.04,0
142,30,7,2.31,0
142,31,7,2.33,0
142,32,7,2.11,0
142,33,8,2.41,0
142,34,7,2.41,0
142,35,17,2.51,0
142,36,12,1.91,1
142,37,7,2.14,0
142,38,10,2.14,0
142,39,8,2.29,0
142,40,6,2.35,0
142,41,6,2.27,0
142,42,17,2.25,0
142,43,7,2.25,0
142,44,12,2.14,0
143,1,7,2.25,0
143,2,7,2.19,0
143,3,8,2.01,0
143,4,7,2.37,0
143,5,14,1.87,1
143,6,9,2.23,0
143,7,7,2.45,0
143,8,7,2.35,0
143,9,8,2.24,0
143,10,8,2.12,0
143,11,8,2,0
143,12,10,1.89,1
143,13,8,2.23,0
143,14,21,2.3,0
143,15,7,2.26,0
143,16,9,2.04,0
143,17,8,2.12,0
143,18,9,2.14,0
143,19,8,2.4,0
143,20,11,2.33,0
143,21,7,2.29,0
143,22,8,2.22,0
143,23,7,2.32,0
143,24,7,2.16,0
143,25,7,2.34,0
143,26,10,1.72,1
143,27,10,2.19,0
143,28,9,2.28,0
143,29,7,2.24,0
143,30,6,2.26,0
143,31,8,2.43,0
143,32,7,1.97,0
143,33,7,2.33,0
143,34,7,2.2,0
143,35,16,2.24,0
143,36,7,2.07,0
143,37,8,2.08,0
143,38,8,2.15,0
143,39,7,2.43,0
143,40,6,2.15,0
143,41,5,2.48,0
143,42,16,2.25,0
143,43,10,1.8,1
143,44,11,2.22,0
144,1,8,2.33,0
144,2,8,2.31,0
144,3,9,2.15,0
144,4,10,2.15,0
144,5,13,2.11,0
144,6,10,2.27,0
144,7,11,2.05,0
144,8,10,2.35,0
144,9,9,2.15,0
144,10,9,2.14,0
144,11,8,2.35,0
144,12,9,2.23,0
144,13,11,2.43,0
144,14,24,2.41,0
144,15,8,2.25,0
144,16,9,2.22,0
144,17,14,1.71,1
144,18,10,2.25,0
144,19,9,2.09,0
144,20,13,2.26,0
144,21,12,2.15,0
144,22,8,2.09,0
144,23,14,1.9,1
144,24,9,2.21,0
144,25,10,2.22,0
144,26,7,2.26,0
144,27,9,2.15,0
144,28,9,2.38,0
144,29,12,1.84,1
144,30,11,2.04,0
144,31,8,2.16,0
144,32,7,2.25,0
144,33,13,2.01,1
144,34,9,2.23,0
144,35,21,2.13,0
144,36,7,2.16,0
144,37,7,2.21,0
144,38,11,2.24,0
144,39,7,2.14,0
144,40,7,2.12,0
144,41,8,2.21,0
144,42,20,2.17,0
144,43,7,2.34,0
144,44,12,2.19,0
145,1,9,2.26,0
145,2,10,2.23,0
145,3,9,2.11,0
145,4,10,2.23,0
145,5,13,2.2,0
145,6,9,2.07,0
145,7,9,2.08,0
145,8,14,1.91,1
145,9,10,2.1,0
145,10,8,2.37,0
145,11,10,2.19,0
145,12,8,2.1,0
145,13,10,2.07,0
145,14,44,1.78,1
145,15,9,2.14,0
145,16,9,2.08,0
145,17,9,2.13,0
145,18,9,2.21,0
145,19,8,2.4,0
145,20,12,2.29,0
145,21,8,2.15,0
145,22,10,2.03,0
145,23,9,2.35,0
145,24,8,2.13,0
145,25,9,2.14,0
145,26,7,2.36,0
145,27,18,1.91,1
145,28,9,1.98,0
145,29,7,2.22,0
145,30,8,2.27,0
145,31,7,2.31,0
145,32,8,2.1,0
145,33,9,2.03,0
145,34,8,2.52,0
145,35,18,2.3,0
145,36,6,2.44,0
145,37,6,2.4,0
145,38,10,2.09,0
145,39,7,2.33,0
145,40,7,2.19,0
145,41,7,2.12,0
145,42,22,2.48,0
145,43,7,2.3,0
145,44,13,2.23,0
146,1,9,3.39,0
146,2,8,3.5,0
146,3,7,3.42,0
146,4,9,3.11,0
146,5,10,3.47,0
146,6,9,3.64,0
146,7,8,3.61,0
146,8,8,3.69,0
146,9,8,3.47,0
146,10,9,3.48,0
146,11,7,3.72,0
146,12,12,2.99,1
146,13,9,3.46,0
146,14,23,3.53,0
146,15,8,3.16,0
146,16,12,2.63,1
146,17,7,3.32,0
146,18,14,2.85,1
146,19,8,3.23,0
146,20,14,3.27,0
146,21,8,3.24,0
146,22,7,3.41,0
146,23,7,3.4,0
146,24,7,3.46,0
146,25,8,3.58,0
146,26,8,3.2,0
146,27,9,3.55,0
146,28,7,3.56,0
146,29,8,3.25,0
146,30,7,3.27,0
146,31,7,3.69,0
146,32,6,3.69,0
146,33,8,3.57,0
146,34,7,3.37,0
146,35,19,3.24,0
146,36,7,3.22,0
146,37,8,3.47,0
146,38,8,3.73,0
146,39,7,3.28,0
146,40,7,3.24,0
146,41,5,3.25,0
146,42,15,3.56,0
146,43,9,2.68,1
146,44,13,3.56,0
147,1,7,3.38,0
147,2,9,2.81,1
147,3,6,3.57,0
147,4,12,2.79,1
147,5,11,3.51,0
147,6,9,3.22,0
147,7,6,3.29,0
147,8,11,2.77,1
147,9,7,3.58,0
147,10,7,3.57,0
147,11,7,3.45,0
147,12,6,3.47,0
147,13,9,3.6,0
147,14,17,3.54,0
147,15,8,3.42,0
147,16,8,3.6,0
147,17,9,3.26,0
147,18,6,3.61,0
147,19,8,3.16,0
147,20,9,3.41,0
147,21,6,3.71,0
147,22,7,3.69,0
147,23,8,3.57,0
147,24,8,3.36,0
147,25,8,3.72,0
147,26,6,3.53,0
147,27,8,3.41,0
147,28,7,3.4,0
147,29,6,3.26,0
147,30,8,3.15,0
147,31,6,3.56,0
147,32,6,3.07,0
147,33,8,3.83,0
147,34,9,3.02,1
147,35,12,3.37,0
147,36,7,3.38,0
147,37,5,3.4,0
147,38,9,3.34,0
147,39,6,3.83,0
147,40,6,3.58,0
147,41,6,3.42,0
147,42,15,3.25,0
147,43,5,3.93,0
147,44,9,3.46,0
148,1,8,3.63,0
148,2,9,2.66,1
148,3,6,3.64,0
148,4,7,3.74,0
148,5,15,2.83,1
148,6,8,3.55,0
148,7,10,2.71,1
148,8,6,3.51,0
148,9,6,3.58,0
148,10,6,3.41,0
148,11,6,3.79,0
148,12,7,3.24,0
148,13,8,3.43,0
148,14,17,3.51,0
148,15,6,3.38,0
148,16,6,3.25,0
148,17,6,3.29,0
148,18,8,3.26,0
148,19,7,3.3,0
148,20,10,3.54,0
148,21,8,3.21,0
148,22,7,3.71,0
148,23,6,3.52,0
148,24,6,3.35,0
148,25,6,3.38,0
148,26,6,3.63,0
148,27,6,3.36,0
148,28,6,3.42,0
148,29,7,3.21,0
148,30,6,3.07,0
148,31,8,2.88,1
148,32,6,3.66,0
148,33,6,3.4,0
148,34,7,3.07,0
148,35,12,3.38,0
148,36,5,3.1,0
148,37,5,3.57,0
148,38,11,3.08,1
148,39,5,3.44,0
148,40,5,3.49,0
148,41,5,3.46,0
148,42,15,3.37,0
148,43,6,3.66,0
148,44,8,3.37,0
149,1,10,2.67,1
149,2,12,3.04,1
149,3,7,3.6,0
149,4,6,3.13,0
149,5,16,2.63,1
149,6,9,3.74,0
149,7,8,3.41,0
149,8,9,3.24,0
149,9,11,3.18,0
149,10,7,3.22,0
149,11,8,3.33,0
149,12,7,3.47,0
149,13,9,3.27,0
149,14,19,3.52,0
149,15,7,3.04,0
149,16,7,3.38,0
149,17,7,3.29,0
149,18,9,3.56,0
149,19,7,3.39,0
149,20,13,3.26,0
149,21,7,3.33,0
149,22,11,2.75,1
149,23,7,3.38,0
149,24,7,3.2,0
149,25,8,3.15,0
149,26,6,3.37,0
149,27,9,3.44,0
149,28,6,3.47,0
149,29,7,3.03,0
149,30,7,3.45,0
149,31,6,3.55,0
149,32,7,3.49,0
149,33,8,3.47,0
149,34,7,3.29,0
149,35,17,3.34,0
149,36,7,3.45,0
149,37,7,3.46,0
149,38,9,3.32,0
149,39,7,3.66,0
149,40,7,3.56,0
149,41,6,3.52,0
149,42,14,3.69,0
149,43,6,3.48,0
149,44,10,3.29,0
