agent_ds_commerce/sales_history_train.csv
sku_id,week,units_sold,price,promo_flag
150,1,9,3.17,0
150,2,10,3.62,0
150,3,9,3.24,0
150,4,11,3.62,0
150,5,12,3.37,0
150,6,10,3.3,0
150,7,17,2.63,1
150,8,9,3.34,0
150,9,11,3.63,0
150,10,10,3.24,0
150,11,10,3.37,0
150,12,10,3.16,0
150,13,9,3.42,0
150,14,25,3.53,0
150,15,9,3.37,0
150,16,10,3.24,0
150,17,9,3.6,0
150,18,9,3.97,0
150,19,9,3.76,0
150,20,18,2.75,1
150,21,8,3.43,0
150,22,9,3.42,0
150,23,8,3.45,0
150,24,11,3.09,1
150,25,8,3.47,0
150,26,12,2.59,1
150,27,8,3.47,0
150,28,8,3.16,0
150,29,8,3.57,0
150,30,8,3.8,0
150,31,10,3.43,0
150,32,7,3.48,0
150,33,10,3.15,0
150,34,10,3.1,0
150,35,17,3.33,0
150,36,12,3.07,1
150,37,8,3.4,0
150,38,11,3.3,0
150,39,7,3.51,0
150,40,7,3.69,0
150,41,8,3.28,0
150,42,19,3.4,0
150,43,9,3.64,0
150,44,15,3.45,0
151,1,8,3.25,0
151,2,6,3.41,0
151,3,9,3.54,0
151,4,10,3.53,0
151,5,13,3.37,0
151,6,11,3.61,0
151,7,8,3.57,0
151,8,8,3.51,0
151,9,14,2.77,1
151,10,9,3.29,0
151,11,10,3.32,0
151,12,10,3.1,0
151,13,9,3.4,0
151,14,26,3.25,0
151,15,8,3.5,0
151,16,8,3.28,0
151,17,12,2.82,1
151,18,10,3.62,0
151,19,9,3.33,0
151,20,11,3.21,0
151,21,8,3.31,0
151,22,15,2.83,1
151,23,9,3.47,0
151,24,8,3.49,0
151,25,9,3.3,0
151,26,8,3.38,0
151,27,10,3.52,0
151,28,7,3.36,0
151,29,8,3.35,0
151,30,8,3.35,0
151,31,6,3.76,0
151,32,6,3.47,0
151,33,9,3.7,0
151,34,9,3.24,0
151,35,16,3.56,0
151,36,5,3.76,0
151,37,8,3.68,0
151,38,10,3.66,0
151,39,7,3.54,0
151,40,7,3.37,0
151,41,6,3.64,0
151,42,17,3.38,0
151,43,7,3.57,0
151,44,12,3.28,0
152,1,7,3.45,0
152,2,6,3.36,0
152,3,7,3.76,0
152,4,7,3.49,0
152,5,10,3.49,0
152,6,9,3.61,0
152,7,8,3.5,0
152,8,7,3.59,0
152,9,6,3.74,0
152,10,7,3.44,0
152,11,7,3.33,0
152,12,7,3.65,0
152,13,11,2.86,1
152,14,17,3.48,0
152,15,6,3.49,0
152,16,7,3.48,0
152,17,7,3.3,0
152,18,7,3.32,0
152,19,7,3.44,0
152,20,12,3.55,0
152,21,7,3.25,0
152,22,7,3.69,0
152,23,7,3.44,0
152,24,7,3.58,0
152,25,7,3.75,0
152,26,6,3.42,0
152,27,7,3.53,0
152,28,6,3.48,0
152,29,7,3.52,0
152,30,6,3.34,0
152,31,6,3.64,0
152,32,6,3.6,0
152,33,7,3.42,0
152,34,7,3.46,0
152,35,14,3.66,0
152,36,6,3.4,0
152,37,5,3.6,0
152,38,8,3.39,0
152,39,5,3.52,0
152,40,6,3.28,0
152,41,6,3.22,0
152,42,13,3.25,0
152,43,6,3.14,0
152,44,10,3.16,0
153,1,8,3.37,0
153,2,7,3.71,0
153,3,8,3.37,0
153,4,9,3.43,0
153,5,13,3.35,0
153,6,12,3.3,0
153,7,8,3.66,0
153,8,8,3.44,0
153,9,8,3.36,0
153,10,8,3.64,0
153,11,10,2.99,1
153,12,11,3.32,0
153,13,10,3.6,0
153,14,23,3.66,0
153,15,9,3.4,0
153,16,10,3.23,0
153,17,8,3.31,0
153,18,8,3.77,0
153,19,9,3.37,0
153,20,13,3.49,0
153,21,7,3.49,0
153,22,9,3.35,0
153,23,10,2.81,1
153,24,11,3.07,1
153,25,8,3.38,0
153,26,7,3.65,0
153,27,9,3.44,0
153,28,8,3.26,0
153,29,6,3.6,0
153,30,8,3.44,0
153,31,7,3.45,0
153,32,7,3.44,0
153,33,8,3.42,0
153,34,8,3.37,0
153,35,27,2.77,1
153,36,7,3.32,0
153,37,6,3.55,0
153,38,11,3.56,0
153,39,8,3.68,0
153,40,6,3.41,0
153,41,6,3.53,0
153,42,15,3.35,0
153,43,7,3.44,0
153,44,14,3.58,0
154,1,7,3.46,0
154,2,12,2.76,1
154,3,12,2.63,1
154,4,9,3.25,0
154,5,11,3.53,0
154,6,9,3.41,0
154,7,14,2.89,1
154,8,14,2.88,1
154,9,10,3.39,0
154,10,9,3.59,0
154,11,11,2.65,1
154,12,10,3.38,0
154,13,11,3.13,0
154,14,21,3.28,0
154,15,9,3.47,0
154,16,8,3.45,0
154,17,9,3.48,0
154,18,10,3.64,0
154,19,9,3.49,0
154,20,19,2.75,1
154,21,9,3.31,0
154,22,10,3.38,0
154,23,6,3.35,0
154,24,8,3.39,0
154,25,9,3.22,0
154,26,7,3.55,0
154,27,10,3.37,0
154,28,8,3.54,0
154,29,7,3.45,0
154,30,8,3.43,0
154,31,8,3.28,0
154,32,8,3.46,0
154,33,8,3.27,0
154,34,7,3.54,0
154,35,18,3.18,0
154,36,7,3.41,0
154,37,7,3.54,0
154,38,11,3.5,0
154,39,8,3.07,0
154,40,7,3.26,0
154,41,7,3.2,0
154,42,23,3.36,0
154,43,8,3.22,0
154,44,14,3.66,0
155,1,6,3.35,0
155,2,7,3.4,0
155,3,6,3.53,0
155,4,9,3.45,0
155,5,9,3.53,0
155,6,9,3.67,0
155,7,8,3.34,0
155,8,7,3.6,0
155,9,10,3.08,1
155,10,7,3.55,0
155,11,7,3.84,0
155,12,7,3.77,0
155,13,9,3.78,0
155,14,21,3.44,0
155,15,9,3.33,0
155,16,7,3.28,0
155,17,8,3.39,0
155,18,8,3.21,0
155,19,7,3.6,0
155,20,17,2.72,1
155,21,7,3.47,0
155,22,7,3.67,0
155,23,6,3.6,0
155,24,6,3.38,0
155,25,8,3.66,0
155,26,6,3.67,0
155,27,8,3.33,0
155,28,6,3.2,0
155,29,8,2.79,1
155,30,7,3.54,0
155,31,6,3.47,0
155,32,6,3.26,0
155,33,7,3.52,0
155,34,10,2.92,1
155,35,21,2.67,1
155,36,5,3.26,0
155,37,7,3.31,0
155,38,9,3.37,0
155,39,5,3.83,0
155,40,6,3.47,0
155,41,6,3.22,0
155,42,18,3.5,0
155,43,7,3.56,0
155,44,10,3.45,0
156,1,9,3.71,0
156,2,8,3.65,0
156,3,9,3.21,0
156,4,8,3.33,0
156,5,13,3.29,0
156,6,10,3.6,0
156,7,9,3.41,0
156,8,8,3.66,0
156,9,14,2.62,1
156,10,9,3.34,0
156,11,9,3.57,0
156,12,8,3.59,0
156,13,8,3.29,0
156,14,27,3.74,0
156,15,10,3.14,0
156,16,8,3.58,0
156,17,9,3.25,0
156,18,9,3.76,0
156,19,8,3.4,0
156,20,12,3.47,0
156,21,9,3.31,0
156,22,9,3.23,0
156,23,8,3.44,0
156,24,8,3.43,0
156,25,9,3.62,0
156,26,9,3.39,0
156,27,11,3.33,0
156,28,9,3.09,0
156,29,7,3.36,0
156,30,7,3.62,0
156,31,6,3.38,0
156,32,6,3.45,0
156,33,8,3.56,0
156,34,7,3.77,0
156,35,18,3.07,0
156,36,7,3.69,0
156,37,6,3.52,0
156,38,12,3.55,0
156,39,7,3.41,0
156,40,6,3.6,0
156,41,7,3.38,0
156,42,19,3.44,0
156,43,10,2.87,1
156,44,12,3.41,0
157,1,8,5.5,0
157,2,8,5.14,0
157,3,7,5.34,0
157,4,10,5.21,0
157,5,13,5.58,0
157,6,9,5.19,0
157,7,9,5.48,0
157,8,9,5.11,0
157,9,9,4.95,0
157,10,9,5.44,0
157,11,7,5.31,0
157,12,8,6.01,0
157,13,9,5.31,0
157,14,26,5.12,0
157,15,8,5.6,0
157,16,8,5.78,0
157,17,9,5.25,0
157,18,8,4.84,0
157,19,9,5.08,0
157,20,11,5.52,0
157,21,7,5.51,0
157,22,9,5.2,0
157,23,7,5.54,0
157,24,7,4.98,0
157,25,8,5.35,0
157,26,8,5.68,0
157,27,8,5.33,0
157,28,8,5.14,0
157,29,8,5.37,0
157,30,6,5.4,0
157,31,7,5.4,0
157,32,6,5.85,0
157,33,10,5.02,0
157,34,8,5.16,0
157,35,19,4.96,0
157,36,7,5.52,0
157,37,7,5.17,0
157,38,11,4.95,0
157,39,7,5.35,0
157,40,8,5.68,0
157,41,7,5.52,0
157,42,15,5.38,0
157,43,8,5.49,0
157,44,12,5.23,0
158,1,7,4.99,0
158,2,7,5.35,0
158,3,7,5.49,0
158,4,7,5.24,0
158,5,12,5.32,0
158,6,10,4.29,1
158,7,8,5.55,0
158,8,9,4.81,1
158,9,7,5.61,0
158,10,8,5.16,0
158,11,6,5.49,0
158,12,6,4.94,0
158,13,10,4.42,1
158,14,19,5.46,0
158,15,10,4.7,1
158,16,6,5.77,0
158,17,6,5.23,0
158,18,11,4.23,1
158,19,7,5.2,0
158,20,9,5.76,0
158,21,7,5,0
158,22,7,5.18,0
158,23,7,5.06,0
158,24,6,5.25,0
158,25,8,5.04,0
158,26,5,5.51,0
158,27,8,5.28,0
158,28,6,5.35,0
158,29,6,5.27,0
158,30,5,5.76,0
158,31,5,5.74,0
158,32,6,5.45,0
158,33,7,5.42,0
158,34,7,5.4,0
158,35,19,4.6,1
158,36,6,5.64,0
158,37,7,5.17,0
158,38,9,4.94,0
158,39,7,4.49,1
158,40,7,5.39,0
158,41,7,5.25,0
158,42,14,4.77,0
158,43,8,4.4,1
158,44,10,5.27,0
159,1,9,5.26,0
159,2,8,5.26,0
159,3,7,5.66,0
159,4,10,5.17,0
159,5,13,5.28,0
159,6,10,5.11,0
159,7,11,4.17,1
159,8,12,4.76,1
159,9,10,5.27,0
159,10,10,5.3,0
159,11,9,5.46,0
159,12,10,5.4,0
159,13,9,5.65,0
159,14,22,4.98,0
159,15,8,5.32,0
159,16,8,5.47,0
159,17,13,4.26,1
159,18,16,4.35,1
159,19,8,4.79,0
159,20,13,5.73,0
159,21,9,5.37,0
159,22,9,5.16,0
159,23,8,6.04,0
159,24,9,5.47,0
159,25,8,5.64,0
159,26,7,4.77,0
159,27,15,4.36,1
159,28,9,4.89,0
159,29,7,5.26,0
159,30,6,5.4,0
159,31,8,5.34,0
159,32,8,5.06,0
159,33,8,4.82,0
159,34,9,5.17,0
159,35,21,4.95,0
159,36,8,5.2,0
159,37,7,5.58,0
159,38,15,4.47,1
159,39,7,5.48,0
159,40,7,5.25,0
159,41,7,5.61,0
159,42,16,5.73,0
159,43,6,5.32,0
159,44,12,5.31,0
160,1,9,5.32,0
160,2,9,5.02,0
160,3,9,5.21,0
160,4,9,5.25,0
160,5,11,5.62,0
160,6,13,4.09,1
160,7,11,4.95,0
160,8,6,5.12,0
160,9,10,5.33,0
160,10,8,5.66,0
160,11,12,4.5,1
160,12,10,5.45,0
160,13,10,5.51,0
160,14,27,5.25,0
160,15,9,5.51,0
160,16,9,4.93,0
160,17,8,6.29,0
160,18,9,5.44,0
160,19,8,4.88,0
160,20,12,5.02,0
160,21,9,5.3,0
160,22,8,5.46,0
160,23,9,5.3,0
160,24,9,5.78,0
160,25,9,5.48,0
160,26,7,5.01,0
160,27,8,5.67,0
160,28,8,5.08,0
160,29,8,5.18,0
160,30,7,5.83,0
160,31,7,5.07,0
160,32,8,5.12,0
160,33,9,5.86,0
160,34,9,4.21,1
160,35,20,4.84,0
160,36,8,5.48,0
160,37,10,4.27,1
160,38,13,5.15,0
160,39,8,5.59,0
160,40,8,5.24,0
160,41,8,4.96,0
160,42,16,5.05,0
160,43,7,5.59,0
160,44,12,4.88,0
161,1,9,5.31,0
161,2,11,4.25,1
161,3,12,4.27,1
161,4,11,5.02,0
161,5,13,5.38,0
161,6,11,5.64,0
161,7,12,5.07,0
161,8,8,5.4,0
161,9,10,5.62,0
161,10,9,5.15,0
161,11,10,5.67,0
161,12,9,5.62,0
161,13,10,5.53,0
161,14,24,5.5,0
161,15,10,5.4,0
161,16,13,4.5,1
161,17,9,5.52,0
161,18,11,5.38,0
161,19,9,5.7,0
161,20,14,5.35,0
161,21,15,4.45,1
161,22,10,5.2,0
161,23,8,5.35,0
161,24,10,5.42,0
161,25,12,4.94,0
161,26,9,5.44,0
161,27,10,5.34,0
161,28,7,5.35,0
161,29,8,4.7,0
161,30,8,5.8,0
161,31,9,5.08,0
161,32,8,5.33,0
161,33,11,5.12,0
161,34,9,5.83,0
161,35,20,5.36,0
161,36,9,5.53,0
161,37,11,4.4,1
161,38,14,5.61,0
161,39,7,5.47,0
161,40,7,5.57,0
161,41,8,5.45,0
161,42,31,4.49,1
161,43,9,4.9,0
161,44,20,4.23,1
162,1,8,5.16,0
162,2,10,5.45,0
162,3,8,5.4,0
162,4,11,5.23,0
162,5,12,5.73,0
162,6,12,4.69,0
162,7,11,5.57,0
162,8,8,5.04,0
162,9,12,5.23,0
162,10,10,4.89,0
162,11,9,5.55,0
162,12,12,4.25,1
162,13,11,5.35,0
162,14,27,5.46,0
162,15,16,4.66,1
162,16,8,5.01,0
162,17,11,5.63,0
162,18,11,5.39,0
162,19,9,5.42,0
162,20,14,5.44,0
162,21,8,5.2,0
162,22,10,5.47,0
162,23,13,4.32,1
162,24,8,5,0
162,25,8,5.26,0
162,26,8,5.31,0
162,27,12,4.94,0
162,28,14,4.75,1
162,29,9,5.21,0
162,30,8,5.47,0
162,31,8,5.27,0
162,32,9,5.26,0
162,33,8,5.71,0
162,34,10,5.37,0
162,35,18,5.14,0
162,36,10,5.13,0
162,37,8,5.49,0
162,38,11,5.42,0
162,39,9,4.44,1
162,40,10,4.79,1
162,41,11,4.32,1
162,42,30,4.17,1
162,43,7,5.2,0
162,44,16,4.97,0
163,1,7,4.89,0
163,2,6,5.26,0
163,3,6,5.46,0
163,4,7,5.3,0
163,5,10,5.84,0
163,6,9,5.11,0
163,7,7,5.03,0
163,8,6,5.28,0
163,9,8,5.08,0
163,10,6,5.55,0
163,11,6,5.57,0
163,12,9,4.77,1
163,13,7,5.45,0
163,14,18,5.37,0
163,15,7,5.53,0
163,16,6,5.47,0
163,17,9,4.16,1
163,18,7,5.81,0
163,19,7,5.07,0
163,20,10,5.38,0
163,21,7,5.42,0
163,22,8,5.24,0
163,23,6,5.32,0
163,24,7,5.34,0
163,25,8,4.88,0
163,26,5,5.15,0
163,27,9,5.55,0
163,28,5,5.24,0
163,29,6,5.21,0
163,30,6,5.36,0
163,31,6,5.61,0
163,32,5,5.59,0
163,33,7,5.17,0
163,34,7,5.11,0
163,35,14,5.7,0
163,36,6,5.33,0
163,37,6,5.11,0
163,38,9,5.54,0
163,39,6,5.07,0
163,40,6,5.21,0
163,41,5,5.54,0
163,42,19,4.09,1
163,43,5,5.55,0
163,44,8,5.2,0
164,1,7,5.42,0
164,2,6,5.43,0
164,3,8,4.29,1
164,4,7,5.53,0
164,5,11,5.27,0
164,6,8,5.33,0
164,7,7,5.28,0
164,8,7,5.21,0
164,9,7,5.41,0
164,10,7,5.43,0
164,11,6,5.54,0
164,12,8,5.53,0
164,13,7,5.53,0
164,14,16,5.59,0
164,15,8,5.95,0
164,16,8,5.28,0
164,17,7,4.56,0
164,18,7,5.43,0
164,19,7,5.53,0
164,20,10,5.78,0
164,21,8,5.31,0
164,22,8,5.1,0
164,23,7,5.03,0
164,24,7,5.43,0
164,25,8,5.49,0
164,26,5,5.44,0
164,27,9,5.68,0
164,28,8,4.81,0
164,29,6,5.43,0
164,30,7,5.19,0
164,31,10,4.58,1
164,32,7,4.75,1
164,33,8,5.57,0
164,34,6,5.66,0
164,35,21,4.78,1
164,36,6,5.37,0
164,37,6,5.18,0
164,38,10,5.05,0
164,39,7,5.12,0
164,40,7,5.79,0
164,41,7,4.69,1
164,42,13,5.81,0
164,43,6,4.92,0
164,44,10,5.22,0
165,1,10,5.18,0
165,2,12,4.52,1
165,3,9,5.3,0
165,4,9,5.42,0
165,5,11,5.2,0
165,6,10,5.3,0
165,7,10,5.07,0
165,8,13,4.65,1
165,9,7,5.08,0
165,10,8,4.85,0
165,11,8,5.47,0
165,12,8,5.46,0
165,13,8,5.25,0
165,14,24,5.29,0
165,15,10,5.07,0
165,16,10,5.12,0
165,17,8,5.51,0
165,18,10,5.34,0
165,19,9,4.95,0
165,20,17,4.96,0
165,21,9,5.36,0
165,22,10,5.14,0
165,23,8,5.28,0
165,24,7,5.77,0
165,25,7,5.39,0
165,26,9,5.48,0
165,27,10,5.09,0
165,28,8,5.33,0
165,29,6,5.7,0
165,30,10,5.06,0
165,31,9,5.24,0
165,32,8,5.19,0
165,33,14,4.17,1
165,34,8,5.29,0
165,35,19,4.54,0
165,36,8,5.47,0
165,37,7,5.48,0
165,38,12,5.5,0
165,39,7,4.93,0
165,40,7,5.16,0
165,41,6,5.18,0
165,42,19,5.3,0
165,43,7,5.75,0
165,44,14,5.17,0
166,1,9,5.37,0
166,2,8,5.89,0
166,3,7,5.23,0
166,4,9,5.43,0
166,5,12,5.83,0
166,6,14,4.66,1
166,7,11,5.4,0
166,8,8,5,0
166,9,9,5.42,0
166,10,9,5.82,0
166,11,13,4.32,1
166,12,10,5.25,0
166,13,9,5.24,0
166,14,21,5.34,0
166,15,10,5.23,0
166,16,10,4.95,0
166,17,10,5.42,0
166,18,10,5.38,0
166,19,8,5.7,0
166,20,13,5.47,0
166,21,10,5.06,0
166,22,8,5.66,0
166,23,9,5.57,0
166,24,9,5.12,0
166,25,9,5.08,0
166,26,8,5.53,0
166,27,9,5.14,0
166,28,10,5.3,0
166,29,8,5.58,0
166,30,7,5.45,0
166,31,8,6.21,0
166,32,7,5.86,0
166,33,9,5.34,0
166,34,7,5.86,0
166,35,19,5.51,0
166,36,7,5.5,0
166,37,7,4.95,0
166,38,11,5.28,0
166,39,7,5.41,0
166,40,8,5.43,0
166,41,8,4.7,1
166,42,30,4.12,1
166,43,7,5.74,0
166,44,11,5.58,0
167,1,10,4.94,0
167,2,9,5.47,0
167,3,9,5.31,0
167,4,8,5.5,0
167,5,14,5.15,0
167,6,9,5.62,0
167,7,9,5.32,0
167,8,9,5.79,0
167,9,9,5.49,0
167,10,12,5.55,0
167,11,9,4.77,0
167,12,9,5.04,0
167,13,11,5.3,0
167,14,30,5.44,0
167,15,8,5.24,0
167,16,9,5.39,0
167,17,10,5.27,0
167,18,9,5.72,0
167,19,8,5.66,0
167,20,14,4.86,0
167,21,7,5.54,0
167,22,10,5.42,0
167,23,9,5.34,0
167,24,8,5.33,0
167,25,11,4.59,1
167,26,8,5.36,0
167,27,14,4.09,1
167,28,8,5.37,0
167,29,7,5.46,0
167,30,9,5.15,0
167,31,8,4.99,0
167,32,7,5.12,0
167,33,9,5.09,0
167,34,7,5.46,0
167,35,19,5.34,0
167,36,6,5.73,0
167,37,8,5.46,0
167,38,10,5.61,0
167,39,9,4.75,1
167,40,7,5.35,0
167,41,9,4.73,1
167,42,24,4.57,1
167,43,8,5.33,0
167,44,12,5.3,0
168,1,80,0.83,0
168,2,53,0.89,0
168,3,64,1,0
168,4,73,0.89,0
168,5,94,0.97,0
168,6,69,0.86,0
168,7,69,0.81,0
168,8,83,0.85,0
168,9,62,0.87,0
168,10,57,0.93,0
168,11,76,0.8,0
168,12,71,0.9,0
168,13,66,0.89,0
168,14,159,0.9,0
168,15,63,0.89,0
168,16,64,0.91,0
168,17,61,0.9,0
168,18,76,0.92,0
168,19,59,0.81,0
168,20,102,0.87,0
168,21,78,0.71,1
168,22,77,0.8,0
168,23,68,0.86,0
168,24,74,0.83,0
168,25,64,0.86,0
168,26,62,0.68,1
168,27,76,0.81,0
168,28,59,0.85,0
168,29,56,0.99,0
168,30,58,0.85,0
168,31,67,0.81,0
168,32,60,0.83,0
168,33,69,0.92,0
168,34,52,0.83,0
168,35,134,0.81,0
168,36,52,0.91,0
168,37,48,0.92,0
168,38,109,0.71,1
168,39,47,0.89,0
168,40,54,0.92,0
168,41,55,0.9,0
168,42,119,0.85,0
168,43,64,0.89,0
168,44,95,0.85,0
169,1,49,0.85,0
169,2,30,0.85,0
169,3,36,0.93,0
169,4,39,0.86,0
169,5,56,0.92,0
169,6,47,0.85,0
169,7,41,0.88,0
169,8,39,0.88,0
169,9,39,0.89,0
169,10,46,0.81,0
169,11,39,0.84,0
169,12,46,0.87,0
169,13,44,0.94,0
169,14,103,0.85,0
169,15,41,0.92,0
169,16,44,1,0
169,17,47,0.87,0
169,18,43,0.85,0
169,19,40,0.77,1
169,20,69,0.78,1
169,21,33,0.83,0
169,22,42,0.81,0
169,23,33,0.96,0
169,24,38,0.92,0
169,25,42,0.86,0
169,26,33,0.89,0
169,27,40,0.92,0
169,28,37,0.89,0
169,29,32,0.82,0
169,30,36,0.76,1
169,31,28,0.87,0
169,32,44,0.72,1
169,33,34,0.82,0
169,34,41,0.95,0
169,35,74,0.96,0
169,36,33,0.88,0
169,37,32,0.89,0
169,38,48,0.86,0
169,39,40,0.87,0
169,40,29,0.89,0
169,41,33,0.74,1
169,42,89,0.9,0
169,43,33,0.93,0
169,44,56,0.91,0
170,1,50,0.73,1
170,2,46,0.88,0
170,3,34,0.89,0
170,4,46,0.77,0
170,5,70,0.86,0
170,6,52,0.94,0
170,7,56,0.85,0
170,8,39,0.87,0
170,9,54,0.89,0
170,10,40,0.9,0
170,11,41,0.79,0
170,12,52,0.69,1
170,13,47,0.89,0
170,14,114,0.87,0
170,15,42,0.92,0
170,16,37,0.96,0
170,17,41,0.82,0
170,18,45,0.92,0
170,19,40,0.84,0
170,20,60,0.95,0
170,21,45,0.93,0
170,22,45,0.89,0
170,23,37,0.81,0
170,24,44,0.92,0
170,25,52,0.9,0
170,26,36,0.93,0
170,27,52,0.73,1
170,28,35,0.85,0
170,29,41,0.87,0
170,30,30,0.96,0
170,31,34,0.94,0
170,32,44,0.8,0
170,33,39,0.78,0
170,34,39,0.78,0
170,35,78,0.9,0
170,36,32,0.98,0
170,37,38,0.91,0
170,38,70,0.68,1
170,39,35,0.9,0
170,40,32,0.84,0
170,41,40,0.81,0
170,42,123,0.66,1
170,43,47,0.82,0
170,44,63,0.85,0
171,1,40,0.9,0
171,2,38,0.87,0
171,3,43,0.88,0
171,4,48,0.8,0
171,5,59,0.91,0
171,6,56,0.89,0
171,7,43,0.87,0
171,8,50,0.73,1
171,9,52,0.85,0
171,10,45,0.85,0
171,11,39,0.95,0
171,12,52,0.84,0
171,13,45,0.93,0
171,14,110,0.89,0
171,15,43,0.92,0
171,16,42,0.9,0
171,17,40,0.88,0
171,18,41,0.92,0
171,19,52,0.71,1
171,20,71,0.83,0
171,21,38,0.91,0
171,22,52,0.88,0
171,23,37,0.95,0
171,24,40,0.86,0
171,25,42,0.92,0
171,26,35,0.86,0
171,27,52,0.9,0
171,28,35,0.87,0
171,29,39,0.88,0
171,30,34,0.93,0
171,31,33,0.84,0
171,32,39,0.86,0
171,33,55,0.75,1
171,34,35,0.84,0
171,35,98,0.93,0
171,36,34,0.87,0
171,37,32,0.93,0
171,38,56,0.89,0
171,39,35,0.89,0
171,40,34,0.9,0
171,41,37,0.89,0
171,42,108,0.72,1
171,43,36,0.68,1
171,44,69,0.7,1
172,1,31,0.93,0
172,2,42,0.88,0
172,3,41,0.72,1
172,4,45,0.82,0
172,5,49,0.84,0
172,6,48,0.85,0
172,7,38,0.9,0
172,8,38,0.89,0
172,9,50,0.95,0
172,10,41,0.88,0
172,11,41,0.9,0
172,12,41,0.86,0
172,13,46,0.84,0
172,14,104,0.92,0
172,15,44,0.86,0
172,16,38,0.86,0
172,17,40,0.93,0
172,18,45,0.9,0
172,19,45,0.92,0
172,20,54,0.9,0
172,21,37,0.92,0
172,22,39,0.8,0
172,23,35,0.89,0
172,24,46,0.69,1
172,25,44,0.87,0
172,26,34,0.88,0
172,27,45,0.84,0
172,28,44,0.73,1
172,29,36,0.91,0
172,30,40,0.9,0
172,31,41,0.91,0
172,32,31,0.96,0
172,33,36,0.88,0
172,34,42,0.89,0
172,35,97,0.89,0
172,36,42,0.68,1
172,37,31,0.9,0
172,38,42,0.94,0
172,39,27,0.85,0
172,40,32,0.81,0
172,41,36,0.86,0
172,42,74,0.89,0
172,43,36,0.87,0
172,44,47,0.84,0
173,1,35,0.87,0
173,2,35,0.89,0
173,3,34,0.96,0
173,4,33,0.93,0
173,5,60,0.93,0
173,6,42,0.71,1
173,7,35,0.84,0
173,8,31,0.74,1
173,9,36,0.87,0
173,10,32,0.97,0
173,11,39,0.92,0
173,12,32,0.91,0
173,13,36,0.79,0
173,14,96,0.94,0
173,15,30,0.92,0
173,16,42,0.94,0
173,17,34,0.89,0
173,18,41,0.9,0
173,19,32,0.93,0
173,20,60,0.8,0
173,21,34,0.87,0
173,22,38,0.81,0
173,23,42,0.73,1
173,24,33,0.84,0
173,25,42,0.94,0
173,26,33,0.89,0
173,27,45,0.69,1
173,28,31,0.97,0
173,29,28,0.87,0
173,30,26,0.8,0
173,31,24,0.88,0
173,32,31,0.88,0
173,33,30,0.85,0
173,34,30,0.79,0
173,35,81,0.9,0
173,36,30,0.88,0
173,37,42,0.67,1
173,38,42,0.83,0
173,39,31,0.93,0
173,40,31,0.94,0
173,41,28,0.81,0
173,42,86,0.85,0
173,43,26,0.93,0
173,44,52,0.87,0
174,1,42,0.86,0
174,2,38,0.93,0
174,3,46,0.92,0
174,4,42,0.89,0
174,5,59,0.86,0
174,6,47,0.84,0
174,7,40,0.91,0
174,8,52,0.88,0
174,9,43,0.87,0
174,10,43,0.84,0
174,11,41,0.88,0
174,12,47,0.67,1
174,13,45,0.92,0
174,14,120,0.81,0
174,15,45,0.9,0
174,16,44,0.71,1
174,17,36,0.83,0
174,18,42,0.91,0
174,19,41,0.88,0
174,20,67,0.86,0
174,21,38,0.82,0
174,22,42,0.86,0
174,23,42,0.83,0
174,24,37,0.99,0
174,25,39,0.86,0
174,26,43,0.93,0
174,27,45,0.88,0
174,28,43,0.88,0
174,29,33,0.86,0
174,30,36,0.85,0
174,31,34,0.96,0
174,32,33,0.83,0
174,33,37,0.91,0
174,34,42,0.82,0
174,35,103,0.84,0
174,36,35,0.91,0
174,37,31,0.88,0
174,38,55,0.79,0
174,39,38,0.93,0
174,40,33,0.88,0
174,41,39,0.86,0
174,42,88,0.82,0
174,43,33,0.81,0
174,44,64,0.89,0
