agent_ds_commerce/sales_history_train.csv
sku_id,week,units_sold,price,promo_flag
175,1,34,0.81,0
175,2,34,0.83,0
175,3,30,0.86,0
175,4,33,0.88,0
175,5,48,0.85,0
175,6,36,0.84,0
175,7,33,0.9,0
175,8,34,0.9,0
175,9,39,0.86,0
175,10,31,0.89,0
175,11,33,0.89,0
175,12,33,0.94,0
175,13,40,0.92,0
175,14,90,0.9,0
175,15,35,0.9,0
175,16,31,0.92,0
175,17,33,0.86,0
175,18,43,0.88,0
175,19,43,0.69,1
175,20,43,0.67,1
175,21,29,0.81,0
175,22,42,0.72,1
175,23,31,0.79,0
175,24,31,0.81,0
175,25,31,0.86,0
175,26,26,0.95,0
175,27,38,0.71,1
175,28,28,0.83,0
175,29,27,0.86,0
175,30,29,0.93,0
175,31,32,0.73,1
175,32,27,0.84,0
175,33,28,0.97,0
175,34,30,0.85,0
175,35,75,0.9,0
175,36,27,0.91,0
175,37,29,0.91,0
175,38,42,0.95,0
175,39,27,0.93,0
175,40,25,0.91,0
175,41,24,0.89,0
175,42,74,0.66,1
175,43,30,0.88,0
175,44,47,0.9,0
176,1,35,0.96,0
176,2,35,0.77,1
176,3,31,0.91,0
176,4,34,0.88,0
176,5,54,0.73,1
176,6,40,0.91,0
176,7,40,0.89,0
176,8,31,0.87,0
176,9,41,0.88,0
176,10,39,0.89,0
176,11,39,0.91,0
176,12,36,0.82,0
176,13,44,0.88,0
176,14,94,0.93,0
176,15,40,0.9,0
176,16,35,0.91,0
176,17,35,0.94,0
176,18,36,0.99,0
176,19,36,0.78,1
176,20,49,0.83,0
176,21,38,0.82,0
176,22,52,0.68,1
176,23,41,0.83,0
176,24,28,0.84,0
176,25,35,0.87,0
176,26,31,0.86,0
176,27,44,0.94,0
176,28,31,0.89,0
176,29,32,0.86,0
176,30,31,0.79,0
176,31,27,0.89,0
176,32,34,0.96,0
176,33,33,0.85,0
176,34,31,0.96,0
176,35,65,0.87,0
176,36,29,0.82,0
176,37,27,0.88,0
176,38,40,0.93,0
176,39,29,0.91,0
176,40,35,0.75,1
176,41,27,0.87,0
176,42,69,0.87,0
176,43,37,0.7,1
176,44,55,0.81,0
177,1,27,0.94,0
177,2,27,0.89,0
177,3,30,0.81,0
177,4,35,0.83,0
177,5,50,0.85,0
177,6,44,0.86,0
177,7,35,0.84,0
177,8,29,0.82,0
177,9,33,0.92,0
177,10,25,0.85,0
177,11,34,0.83,0
177,12,34,0.88,0
177,13,39,0.88,0
177,14,83,0.88,0
177,15,29,0.9,0
177,16,35,0.95,0
177,17,37,0.82,0
177,18,41,0.82,0
177,19,37,0.85,0
177,20,54,0.86,0
177,21,32,0.98,0
177,22,33,0.91,0
177,23,32,0.88,0
177,24,34,0.84,0
177,25,32,0.87,0
177,26,31,0.87,0
177,27,32,0.88,0
177,28,30,0.79,0
177,29,28,0.96,0
177,30,31,0.9,0
177,31,37,0.67,1
177,32,29,0.77,0
177,33,29,0.89,0
177,34,31,0.83,0
177,35,85,0.84,0
177,36,30,0.89,0
177,37,35,0.75,0
177,38,37,0.94,0
177,39,30,0.79,0
177,40,26,0.86,0
177,41,28,0.86,0
177,42,80,0.86,0
177,43,30,0.84,0
177,44,45,0.83,0
178,1,32,0.94,0
178,2,33,0.9,0
178,3,31,0.89,0
178,4,39,0.83,0
178,5,45,0.79,0
178,6,47,0.87,0
178,7,43,0.84,0
178,8,30,0.92,0
178,9,44,0.88,0
178,10,41,0.87,0
178,11,37,0.95,0
178,12,36,0.94,0
178,13,50,0.91,0
178,14,110,0.83,0
178,15,36,0.84,0
178,16,37,0.93,0
178,17,42,0.8,0
178,18,40,0.89,0
178,19,39,0.84,0
178,20,49,0.82,0
178,21,38,0.83,0
178,22,41,0.88,0
178,23,35,0.86,0
178,24,33,0.88,0
178,25,45,0.92,0
178,26,29,0.77,0
178,27,38,0.94,0
178,28,32,0.86,0
178,29,30,0.95,0
178,30,44,0.76,1
178,31,32,0.89,0
178,32,33,0.82,0
178,33,41,0.86,0
178,34,34,0.77,1
178,35,97,0.85,0
178,36,35,0.94,0
178,37,27,0.85,0
178,38,50,0.68,1
178,39,28,0.88,0
178,40,31,0.84,0
178,41,31,0.94,0
178,42,78,0.88,0
178,43,27,0.84,0
178,44,47,0.82,0
179,1,46,1.21,0
179,2,45,1.35,0
179,3,53,1.29,0
179,4,54,1.24,0
179,5,79,1.2,0
179,6,67,1.2,0
179,7,57,1.38,0
179,8,59,1.05,1
179,9,64,1.18,0
179,10,49,1.31,0
179,11,59,1.23,0
179,12,58,1.07,1
179,13,47,1.19,0
179,14,150,1.11,0
179,15,59,1.25,0
179,16,59,1.11,1
179,17,48,1.29,0
179,18,57,1.23,0
179,19,59,1.09,1
179,20,99,0.98,1
179,21,53,1.23,0
179,22,57,1.2,0
179,23,50,1.18,0
179,24,52,1.22,0
179,25,62,1.31,0
179,26,41,1.2,0
179,27,49,1.17,0
179,28,49,1.26,0
179,29,46,1.21,0
179,30,44,1.34,0
179,31,39,1.16,0
179,32,39,1.25,0
179,33,48,1.23,0
179,34,46,1.24,0
179,35,96,1.18,0
179,36,41,1.28,0
179,37,48,1.28,0
179,38,82,0.95,1
179,39,45,1.22,0
179,40,41,1.28,0
179,41,40,1.23,0
179,42,119,1.24,0
179,43,36,1.29,0
179,44,58,1.28,0
180,1,25,1.38,0
180,2,27,1.25,0
180,3,30,1.28,0
180,4,30,1.21,0
180,5,43,1.23,0
180,6,30,1.16,0
180,7,34,1.14,0
180,8,24,1.19,0
180,9,32,1.3,0
180,10,27,1.25,0
180,11,27,1.23,0
180,12,26,1.25,0
180,13,29,1.25,0
180,14,77,1.31,0
180,15,27,1.28,0
180,16,25,1.31,0
180,17,28,1.12,0
180,18,27,1.32,0
180,19,26,1.23,0
180,20,42,1.27,0
180,21,22,1.27,0
180,22,31,1.26,0
180,23,27,1.26,0
180,24,29,1.2,0
180,25,26,1.06,1
180,26,23,1.32,0
180,27,29,1.17,0
180,28,27,1.27,0
180,29,22,1.29,0
180,30,29,1.12,0
180,31,28,1.18,0
180,32,24,1.44,0
180,33,31,1,1
180,34,27,1.23,0
180,35,54,1.29,0
180,36,20,1.21,0
180,37,23,1.19,0
180,38,31,1.29,0
180,39,26,1.26,0
180,40,24,1.27,0
180,41,20,1.26,0
180,42,62,1.25,0
180,43,23,1.2,0
180,44,53,1.06,1
181,1,38,1.29,0
181,2,39,1.31,0
181,3,41,1.31,0
181,4,37,1.32,0
181,5,58,1.18,0
181,6,49,1.35,0
181,7,42,1.23,0
181,8,37,1.31,0
181,9,48,1.23,0
181,10,38,1.21,0
181,11,43,1.26,0
181,12,47,1.12,1
181,13,48,1.3,0
181,14,113,1.29,0
181,15,50,1.22,0
181,16,39,1.32,0
181,17,44,1.19,0
181,18,38,1.2,0
181,19,32,1.32,0
181,20,63,1.21,0
181,21,35,1.2,0
181,22,53,1.1,0
181,23,46,0.94,1
181,24,41,1.27,0
181,25,39,1.18,0
181,26,29,1.17,0
181,27,43,1.22,0
181,28,34,1.3,0
181,29,43,1.25,0
181,30,32,1.27,0
181,31,39,1.09,1
181,32,28,1.33,0
181,33,35,1.25,0
181,34,39,1.31,0
181,35,85,1.14,0
181,36,33,1.2,0
181,37,39,0.96,1
181,38,55,1.17,0
181,39,31,1.3,0
181,40,39,1.29,0
181,41,36,1.18,0
181,42,89,1.36,0
181,43,29,1.36,0
181,44,57,1.21,0
182,1,28,1.21,0
182,2,26,1.2,0
182,3,29,1.17,0
182,4,32,1.26,0
182,5,40,1.17,0
182,6,35,1.29,0
182,7,34,1.2,0
182,8,29,1.28,0
182,9,43,0.97,1
182,10,29,1.22,0
182,11,29,1.24,0
182,12,26,1.19,0
182,13,33,1.3,0
182,14,86,1.22,0
182,15,34,1.44,0
182,16,30,1.3,0
182,17,36,1.26,0
182,18,31,1.15,0
182,19,26,1.2,0
182,20,45,1.15,0
182,21,24,1.29,0
182,22,26,1.29,0
182,23,29,1.3,0
182,24,28,1.23,0
182,25,31,1.33,0
182,26,25,1.23,0
182,27,33,1.18,0
182,28,30,1.32,0
182,29,25,1.26,0
182,30,24,1.38,0
182,31,22,1.24,0
182,32,25,1.08,0
182,33,31,1.28,0
182,34,23,1.16,0
182,35,76,1.08,1
182,36,28,1.22,0
182,37,22,1.25,0
182,38,34,1.27,0
182,39,26,1.28,0
182,40,27,1.18,0
182,41,22,1.43,0
182,42,61,1.33,0
182,43,27,1.25,0
182,44,47,1.07,1
183,1,36,1.25,0
183,2,40,1.11,1
183,3,29,1.23,0
183,4,38,1.25,0
183,5,46,1.26,0
183,6,35,1.2,0
183,7,42,1.2,0
183,8,32,1.17,0
183,9,38,1.29,0
183,10,36,1.18,0
183,11,30,1.26,0
183,12,38,1.22,0
183,13,36,1.25,0
183,14,84,1.28,0
183,15,36,1.28,0
183,16,36,1.25,0
183,17,34,1.19,0
183,18,49,1.03,1
183,19,32,1.26,0
183,20,49,1.29,0
183,21,39,1.08,0
183,22,51,1.01,1
183,23,31,1.28,0
183,24,31,1.27,0
183,25,44,1.25,0
183,26,28,1.3,0
183,27,35,1.33,0
183,28,34,1.03,1
183,29,29,1.29,0
183,30,30,1.2,0
183,31,27,1.39,0
183,32,26,1.23,0
183,33,35,1.17,0
183,34,32,1.35,0
183,35,80,1.27,0
183,36,29,1.3,0
183,37,27,1.28,0
183,38,41,1.3,0
183,39,33,1.1,1
183,40,25,1.29,0
183,41,28,1.28,0
183,42,83,1.29,0
183,43,30,1.35,0
183,44,44,1.22,0
184,1,35,1.29,0
184,2,39,1.22,0
184,3,41,1.3,0
184,4,46,1.19,0
184,5,61,1.28,0
184,6,45,1.31,0
184,7,54,1.33,0
184,8,42,1.25,0
184,9,52,1.16,0
184,10,35,1.26,0
184,11,39,1.28,0
184,12,50,1.27,0
184,13,47,1.21,0
184,14,108,1.24,0
184,15,43,1.2,0
184,16,41,1.22,0
184,17,49,1.25,0
184,18,58,0.99,1
184,19,48,1.11,0
184,20,68,1.21,0
184,21,38,1.3,0
184,22,47,1.24,0
184,23,41,1.27,0
184,24,40,1.2,0
184,25,46,1.25,0
184,26,31,1.24,0
184,27,44,1.2,0
184,28,40,1.29,0
184,29,45,1.23,0
184,30,37,1.2,0
184,31,32,1.2,0
184,32,42,1.19,0
184,33,47,1.33,0
184,34,40,0.97,1
184,35,80,1.33,0
184,36,36,1.22,0
184,37,33,1.18,0
184,38,58,0.94,1
184,39,35,1.3,0
184,40,35,1.24,0
184,41,35,1.33,0
184,42,76,1.29,0
184,43,34,1.27,0
184,44,61,1.12,0
185,1,36,1.19,0
185,2,30,1.21,0
185,3,42,1.3,0
185,4,42,1.19,0
185,5,46,1.26,0
185,6,48,1.34,0
185,7,43,1.2,0
185,8,36,1.19,0
185,9,33,1.32,0
185,10,44,1.25,0
185,11,37,1.23,0
185,12,36,1.15,0
185,13,38,1.29,0
185,14,113,1.29,0
185,15,34,1.25,0
185,16,38,1.22,0
185,17,39,1.32,0
185,18,37,1.23,0
185,19,36,1.17,0
185,20,49,1.31,0
185,21,38,1.24,0
185,22,44,1.26,0
185,23,39,1.26,0
185,24,37,1.23,0
185,25,40,1.21,0
185,26,30,1.37,0
185,27,36,1.3,0
185,28,27,1.27,0
185,29,39,1.16,0
185,30,26,1.21,0
185,31,38,1.08,1
185,32,30,1.24,0
185,33,47,0.95,1
185,34,31,1.27,0
185,35,71,1.23,0
185,36,30,1.31,0
185,37,40,1.09,0
185,38,44,1.32,0
185,39,37,1.08,1
185,40,27,1.27,0
185,41,33,1.27,0
185,42,78,1.19,0
185,43,27,1.28,0
185,44,58,1.26,0
186,1,27,1.41,0
186,2,29,1.18,0
186,3,25,1.29,0
186,4,30,1.3,0
186,5,41,1.28,0
186,6,44,0.97,1
186,7,36,1.03,1
186,8,26,1.24,0
186,9,35,1.12,0
186,10,36,1.07,1
186,11,30,1.35,0
186,12,38,1.3,0
186,13,41,0.96,1
186,14,84,1.16,0
186,15,33,1.16,0
186,16,31,1.27,0
186,17,31,1.2,0
186,18,32,1.22,0
186,19,34,1.19,0
186,20,46,1.23,0
186,21,25,1.3,0
186,22,32,1.32,0
186,23,30,1.3,0
186,24,35,1.28,0
186,25,34,1.2,0
186,26,30,1.27,0
186,27,32,1.17,0
186,28,28,1.28,0
186,29,28,1.26,0
186,30,28,1.06,1
186,31,26,1.24,0
186,32,29,1.23,0
186,33,29,1.25,0
186,34,34,1.4,0
186,35,73,1.2,0
186,36,26,1.26,0
186,37,28,1.24,0
186,38,45,1,1
186,39,26,1.28,0
186,40,25,1.12,1
186,41,28,1.22,0
186,42,66,1.27,0
186,43,25,1.12,0
186,44,50,1.21,0
187,1,35,1.25,0
187,2,27,1.25,0
187,3,29,1.26,0
187,4,38,1.25,0
187,5,38,1.22,0
187,6,44,1.26,0
187,7,38,1.23,0
187,8,33,1.24,0
187,9,38,1.17,0
187,10,34,1.27,0
187,11,30,1.14,0
187,12,29,1.25,0
187,13,29,1.29,0
187,14,103,1.17,0
187,15,34,1.27,0
187,16,32,1.25,0
187,17,32,1.34,0
187,18,33,1.26,0
187,19,32,1.26,0
187,20,65,1.2,0
187,21,30,1.3,0
187,22,34,1.2,0
187,23,31,1.32,0
187,24,35,1.24,0
187,25,34,1.29,0
187,26,29,1.27,0
187,27,33,1.29,0
187,28,28,1.3,0
187,29,29,1.18,0
187,30,26,1.41,0
187,31,29,1.32,0
187,32,27,1.3,0
187,33,30,1.23,0
187,34,23,1.15,0
187,35,70,1.16,0
187,36,31,1.1,1
187,37,25,1.28,0
187,38,32,1.24,0
187,39,27,1.25,0
187,40,30,1.15,0
187,41,29,1.26,0
187,42,64,1.36,0
187,43,30,1.29,0
187,44,49,1.28,0
188,1,40,1.16,0
188,2,36,1.26,0
188,3,39,1.29,0
188,4,41,1.26,0
188,5,68,1.08,1
188,6,42,1.25,0
188,7,38,1.33,0
188,8,34,1.37,0
188,9,48,1.13,0
188,10,42,1.28,0
188,11,39,1.3,0
188,12,41,1.3,0
188,13,51,1.31,0
188,14,102,1.28,0
188,15,42,1.29,0
188,16,36,1.35,0
188,17,41,1.27,0
188,18,38,1.23,0
188,19,44,1.1,0
188,20,53,1.26,0
188,21,38,1.19,0
188,22,43,1.22,0
188,23,39,1.29,0
188,24,37,1.31,0
188,25,49,1.26,0
188,26,37,1.23,0
188,27,40,1.23,0
188,28,35,1.3,0
188,29,47,0.96,1
188,30,31,1.21,0
188,31,39,1.25,0
188,32,40,1.09,1
188,33,40,1.1,0
188,34,36,1.25,0
188,35,80,1.3,0
188,36,29,1.23,0
188,37,33,1.23,0
188,38,49,1.19,0
188,39,32,1.21,0
188,40,30,1.31,0
188,41,36,1.34,0
188,42,81,1.28,0
188,43,31,1.19,0
188,44,62,1.24,0
189,1,43,1.07,1
189,2,30,1.25,0
189,3,26,1.2,0
189,4,34,1.19,0
189,5,53,0.97,1
189,6,41,1.29,0
189,7,34,1.2,0
189,8,28,1.17,0
189,9,37,1.25,0
189,10,30,1.23,0
189,11,34,1.1,1
189,12,39,1.28,0
189,13,43,1.17,0
189,14,89,1.28,0
189,15,38,1.24,0
189,16,27,1.31,0
189,17,35,1.26,0
189,18,32,1.09,0
189,19,27,1.2,0
189,20,43,1.29,0
189,21,29,1.17,0
189,22,31,1.16,0
189,23,33,1.31,0
189,24,30,0.99,1
189,25,40,1.02,1
189,26,24,1.26,0
189,27,34,1.19,0
189,28,29,1.29,0
189,29,30,1.16,0
189,30,29,1.33,0
189,31,28,1.09,1
189,32,26,1.26,0
189,33,31,1.19,0
189,34,32,1.25,0
189,35,60,1.18,0
189,36,26,1.29,0
189,37,23,1.22,0
189,38,39,1.33,0
189,39,28,1.11,0
189,40,31,1.25,0
189,41,29,1.3,0
189,42,70,1.29,0
189,43,31,1.28,0
189,44,38,1.27,0
190,1,37,1.59,0
190,2,33,1.84,0
190,3,31,1.76,0
190,4,53,1.42,1
190,5,62,1.68,0
190,6,46,1.76,0
190,7,42,1.71,0
190,8,39,1.93,0
190,9,50,1.38,1
190,10,40,1.77,0
190,11,42,1.67,0
190,12,37,1.79,0
190,13,39,1.77,0
190,14,99,1.76,0
190,15,46,1.73,0
190,16,41,1.8,0
190,17,46,1.51,1
190,18,39,1.75,0
190,19,38,1.79,0
190,20,66,1.4,1
190,21,31,1.7,0
190,22,39,1.84,0
190,23,38,1.69,0
190,24,31,1.62,0
190,25,46,1.51,1
190,26,42,1.66,0
190,27,43,1.67,0
190,28,32,1.72,0
190,29,30,1.84,0
190,30,31,1.66,0
190,31,28,1.83,0
190,32,32,1.61,0
190,33,39,1.61,0
190,34,30,1.74,0
190,35,90,1.69,0
190,36,28,1.73,0
190,37,35,1.75,0
190,38,47,1.49,1
190,39,36,1.63,0
190,40,33,1.74,0
190,41,29,1.8,0
190,42,98,1.34,1
190,43,36,1.76,0
190,44,52,1.71,0
191,1,38,1.85,0
191,2,38,1.7,0
191,3,37,1.75,0
191,4,34,1.72,0
191,5,46,1.89,0
191,6,43,1.73,0
191,7,38,1.84,0
191,8,37,1.73,0
191,9,40,1.77,0
191,10,35,1.78,0
191,11,32,1.77,0
191,12,34,1.84,0
191,13,36,1.78,0
191,14,106,1.7,0
191,15,32,1.83,0
191,16,41,1.8,0
191,17,37,1.89,0
191,18,38,1.7,0
191,19,34,1.76,0
191,20,65,1.49,1
191,21,43,1.36,1
191,22,38,1.58,0
191,23,36,1.62,0
191,24,31,1.96,0
191,25,39,1.65,0
191,26,32,1.74,0
191,27,38,1.69,0
191,28,36,1.82,0
191,29,38,1.38,1
191,30,27,1.75,0
191,31,31,1.62,0
191,32,27,1.82,0
191,33,36,1.74,0
191,34,41,1.65,0
191,35,79,1.87,0
191,36,31,1.76,0
191,37,26,1.83,0
191,38,52,1.65,0
191,39,30,1.81,0
191,40,27,1.84,0
191,41,30,1.75,0
191,42,104,1.38,1
191,43,32,1.58,0
191,44,72,1.44,1
192,1,31,1.69,0
192,2,37,1.88,0
192,3,35,1.8,0
192,4,36,1.89,0
192,5,41,1.74,0
192,6,48,1.82,0
192,7,43,1.32,1
192,8,33,1.74,0
192,9,44,1.33,1
192,10,28,1.76,0
192,11,34,1.41,1
192,12,35,1.81,0
192,13,35,1.69,0
192,14,90,1.74,0
192,15,32,1.87,0
192,16,35,1.78,0
192,17,42,1.7,0
192,18,40,1.7,0
192,19,27,1.83,0
192,20,49,1.87,0
192,21,31,1.86,0
192,22,29,1.69,0
192,23,27,1.74,0
192,24,27,1.86,0
192,25,31,1.84,0
192,26,31,1.73,0
192,27,37,1.69,0
192,28,28,1.77,0
192,29,29,1.78,0
192,30,32,1.78,0
192,31,28,1.8,0
192,32,31,1.82,0
192,33,34,1.71,0
192,34,29,1.72,0
192,35,64,1.89,0
192,36,27,1.66,0
192,37,28,1.68,0
192,38,45,1.8,0
192,39,26,1.63,0
192,40,30,1.57,0
192,41,29,1.9,0
192,42,75,1.82,0
192,43,30,1.4,1
192,44,44,1.83,0
193,1,61,1.81,0
193,2,48,1.59,0
193,3,52,1.79,0
193,4,60,1.87,0
193,5,79,1.71,0
193,6,50,1.76,0
193,7,54,1.8,0
193,8,46,1.8,0
193,9,56,1.83,0
193,10,59,1.7,0
193,11,50,1.68,0
193,12,46,1.65,0
193,13,52,1.6,0
193,14,128,1.72,0
193,15,46,1.9,0
193,16,43,1.65,0
193,17,43,1.84,0
193,18,59,1.73,0
193,19,50,1.9,0
193,20,68,1.66,0
193,21,49,1.72,0
193,22,45,1.73,0
193,23,51,1.85,0
193,24,48,1.58,0
193,25,59,1.52,1
193,26,48,1.7,0
193,27,68,1.35,1
193,28,50,1.51,1
193,29,50,1.63,0
193,30,44,1.76,0
193,31,44,1.81,0
193,32,44,1.69,0
193,33,37,1.69,0
193,34,45,1.58,0
193,35,115,1.64,0
193,36,43,1.63,0
193,37,39,1.83,0
193,38,73,1.88,0
193,39,41,1.79,0
193,40,42,1.75,0
193,41,45,1.79,0
193,42,110,1.65,0
193,43,48,1.85,0
193,44,66,1.92,0
194,1,40,1.82,0
194,2,39,1.7,0
194,3,43,1.67,0
194,4,34,1.83,0
194,5,62,1.69,0
194,6,49,1.65,0
194,7,56,1.57,1
194,8,42,1.57,0
194,9,48,1.77,0
194,10,41,1.7,0
194,11,52,1.67,0
194,12,36,1.67,0
194,13,44,1.74,0
194,14,125,1.7,0
194,15,44,1.71,0
194,16,34,1.71,0
194,17,33,1.85,0
194,18,52,1.74,0
194,19,41,1.89,0
194,20,60,1.82,0
194,21,36,1.81,0
194,22,42,1.61,0
194,23,42,1.8,0
194,24,33,1.8,0
194,25,41,1.67,0
194,26,35,1.78,0
194,27,51,1.42,1
194,28,28,1.77,0
194,29,35,1.82,0
194,30,38,1.63,0
194,31,35,1.67,0
194,32,29,1.56,0
194,33,35,1.76,0
194,34,39,1.68,0
194,35,96,1.72,0
194,36,31,1.76,0
194,37,36,1.8,0
194,38,52,1.79,0
194,39,35,1.74,0
194,40,31,1.54,1
194,41,36,1.79,0
194,42,74,1.85,0
194,43,31,1.97,0
194,44,65,1.52,0
195,1,27,1.69,0
195,2,28,1.86,0
195,3,22,1.6,0
195,4,26,1.77,0
195,5,49,1.68,0
195,6,28,1.71,0
195,7,30,1.76,0
195,8,25,1.64,0
195,9,26,1.74,0
195,10,27,1.65,0
195,11,30,1.69,0
195,12,30,1.8,0
195,13,34,1.84,0
195,14,84,1.61,0
195,15,25,1.91,0
195,16,23,1.84,0
195,17,23,1.78,0
195,18,35,1.47,1
195,19,27,1.76,0
195,20,33,1.75,0
195,21,27,1.79,0
195,22,27,1.59,0
195,23,24,1.8,0
195,24,25,1.68,0
195,25,28,1.77,0
195,26,30,1.79,0
195,27,30,1.58,0
195,28,29,1.76,0
195,29,24,1.84,0
195,30,26,1.4,1
195,31,25,1.53,0
195,32,28,1.34,1
195,33,29,1.89,0
195,34,29,1.8,0
195,35,50,1.82,0
195,36,23,1.75,0
195,37,20,1.71,0
195,38,36,1.67,0
195,39,21,1.71,0
195,40,21,1.58,0
195,41,19,1.71,0
195,42,65,1.75,0
195,43,19,1.75,0
195,44,39,1.38,1
196,1,35,1.62,0
196,2,31,1.81,0
196,3,36,1.84,0
196,4,43,1.52,1
196,5,68,1.35,1
196,6,50,1.52,1
196,7,39,1.77,0
196,8,44,1.75,0
196,9,50,1.71,0
196,10,41,1.74,0
196,11,33,1.75,0
196,12,37,1.63,0
196,13,48,1.31,1
196,14,98,1.8,0
196,15,38,1.66,0
196,16,37,1.7,0
196,17,37,1.76,0
196,18,48,1.7,0
196,19,36,1.83,0
196,20,60,1.66,0
196,21,36,1.71,0
196,22,38,1.72,0
196,23,34,1.58,0
196,24,34,1.72,0
196,25,40,1.67,0
196,26,33,1.86,0
196,27,39,1.62,0
196,28,36,1.73,0
196,29,38,1.71,0
196,30,33,1.71,0
196,31,31,1.7,0
196,32,28,1.68,0
196,33,43,1.8,0
196,34,37,1.78,0
196,35,80,1.6,0
196,36,30,1.69,0
196,37,33,1.31,1
196,38,39,1.67,0
196,39,35,1.52,1
196,40,30,1.79,0
196,41,33,1.66,0
196,42,77,1.66,0
196,43,38,1.52,0
196,44,61,1.85,0
197,1,31,1.76,0
197,2,30,1.79,0
197,3,32,1.69,0
197,4,28,1.92,0
197,5,57,1.65,0
197,6,35,1.73,0
197,7,34,1.52,0
197,8,28,1.69,0
197,9,35,1.73,0
197,10,35,1.69,0
197,11,31,1.76,0
197,12,35,1.95,0
197,13,30,1.92,0
197,14,92,1.66,0
197,15,38,1.32,1
197,16,28,1.93,0
197,17,32,1.88,0
197,18,34,1.66,0
197,19,33,1.71,0
197,20,57,1.55,1
197,21,37,1.74,0
197,22,28,1.81,0
197,23,34,1.77,0
197,24,34,1.6,0
197,25,32,1.84,0
197,26,39,1.67,0
197,27,36,1.67,0
197,28,27,1.77,0
197,29,28,1.8,0
197,30,31,1.75,0
197,31,32,1.69,0
197,32,30,1.79,0
197,33,30,1.94,0
197,34,37,1.63,0
197,35,68,1.67,0
197,36,25,1.73,0
197,37,29,1.81,0
197,38,44,1.89,0
197,39,23,1.73,0
197,40,24,1.7,0
197,41,26,1.89,0
197,42,57,1.66,0
197,43,28,1.72,0
197,44,42,1.72,0
198,1,31,1.71,0
198,2,37,1.74,0
198,3,38,1.61,0
198,4,47,1.46,1
198,5,59,1.84,0
198,6,42,1.76,0
198,7,38,1.78,0
198,8,33,1.71,0
198,9,46,1.7,0
198,10,49,1.79,0
198,11,42,1.76,0
198,12,44,1.76,0
198,13,49,1.95,0
198,14,129,1.77,0
198,15,43,1.52,1
198,16,36,1.86,0
198,17,45,1.8,0
198,18,44,1.69,0
198,19,34,1.72,0
198,20,58,1.81,0
198,21,34,1.85,0
198,22,43,1.75,0
198,23,35,1.72,0
198,24,40,1.79,0
198,25,44,1.73,0
198,26,42,1.74,0
198,27,49,1.86,0
198,28,35,1.77,0
198,29,36,1.87,0
198,30,37,1.67,0
198,31,35,1.83,0
198,32,39,1.72,0
198,33,49,1.46,1
198,34,37,1.69,0
198,35,93,1.69,0
198,36,33,1.78,0
198,37,30,1.92,0
198,38,69,1.48,1
198,39,47,1.39,1
198,40,29,1.79,0
198,41,35,1.73,0
198,42,75,1.87,0
198,43,33,1.56,0
198,44,84,1.32,1
