agent_ds_commerce/sales_history_train.csv
sku_id,week,units_sold,price,promo_flag
199,1,40,1.34,1
199,2,30,1.99,0
199,3,30,1.73,0
199,4,36,1.81,0
199,5,36,1.74,0
199,6,37,1.46,1
199,7,44,1.54,1
199,8,33,1.73,0
199,9,36,1.73,0
199,10,34,1.77,0
199,11,35,1.74,0
199,12,37,1.51,1
199,13,33,1.79,0
199,14,103,1.61,0
199,15,33,1.86,0
199,16,29,1.85,0
199,17,33,1.71,0
199,18,39,1.74,0
199,19,23,1.77,0
199,20,55,1.62,0
199,21,31,1.84,0
199,22,27,1.54,0
199,23,31,1.8,0
199,24,33,1.79,0
199,25,31,1.81,0
199,26,33,1.55,1
199,27,43,1.39,1
199,28,36,1.54,1
199,29,26,1.75,0
199,30,28,1.39,1
199,31,34,1.47,1
199,32,25,1.75,0
199,33,32,1.97,0
199,34,28,1.76,0
199,35,76,1.36,1
199,36,26,1.72,0
199,37,24,1.71,0
199,38,40,1.39,1
199,39,26,1.72,0
199,40,28,1.73,0
199,41,31,1.88,0
199,42,64,1.9,0
199,43,25,1.83,0
199,44,43,1.69,0
200,1,41,1.85,0
200,2,37,1.82,0
200,3,39,1.75,0
200,4,33,1.82,0
200,5,52,1.76,0
200,6,46,1.46,1
200,7,37,1.66,0
200,8,42,1.91,0
200,9,32,1.84,0
200,10,40,1.82,0
200,11,37,1.35,1
200,12,41,1.98,0
200,13,52,1.45,1
200,14,105,1.79,0
200,15,37,1.7,0
200,16,33,1.63,0
200,17,36,1.82,0
200,18,43,1.73,0
200,19,36,1.78,0
200,20,52,1.83,0
200,21,36,1.53,1
200,22,44,1.68,0
200,23,36,1.85,0
200,24,32,1.93,0
200,25,49,1.57,1
200,26,38,1.83,0
200,27,34,1.82,0
200,28,31,1.72,0
200,29,30,1.64,0
200,30,32,1.69,0
200,31,32,1.61,0
200,32,34,1.73,0
200,33,38,1.7,0
200,34,37,1.65,0
200,35,76,1.7,0
200,36,33,1.79,0
200,37,31,1.75,0
200,38,48,1.73,0
200,39,28,1.72,0
200,40,30,1.71,0
200,41,27,1.63,0
200,42,76,1.5,1
200,43,35,1.86,0
200,44,52,1.69,0
201,1,63,2.15,0
201,2,50,2.05,0
201,3,56,1.99,0
201,4,61,2.15,0
201,5,101,2.04,0
201,6,55,2.05,0
201,7,62,2.22,0
201,8,55,2.2,0
201,9,66,2.1,0
201,10,55,2.06,0
201,11,53,2.14,0
201,12,80,2.12,0
201,13,69,2.17,0
201,14,176,1.91,0
201,15,58,2.11,0
201,16,82,1.7,1
201,17,66,1.87,0
201,18,83,1.79,1
201,19,53,2.05,0
201,20,94,2.03,0
201,21,59,1.95,0
201,22,62,2.34,0
201,23,60,1.98,0
201,24,54,2.22,0
201,25,73,1.61,1
201,26,41,2.2,0
201,27,65,2.21,0
201,28,56,1.59,1
201,29,57,2.2,0
201,30,57,2.05,0
201,31,52,1.9,0
201,32,54,2.07,0
201,33,71,1.6,1
201,34,63,1.67,1
201,35,120,2.21,0
201,36,60,1.96,0
201,37,44,2.09,0
201,38,76,2.1,0
201,39,49,2.02,0
201,40,50,1.94,0
201,41,57,1.8,1
201,42,148,2.14,0
201,43,38,2.04,0
201,44,86,2.12,0
202,1,72,2.07,0
202,2,54,1.88,0
202,3,45,1.79,0
202,4,71,1.87,0
202,5,98,2.05,0
202,6,84,1.64,1
202,7,64,2.05,0
202,8,78,1.95,0
202,9,73,2.09,0
202,10,88,1.79,1
202,11,63,2.14,0
202,12,68,2.03,0
202,13,90,1.88,0
202,14,171,2.28,0
202,15,64,2.15,0
202,16,69,1.92,0
202,17,70,2.01,0
202,18,78,2.21,0
202,19,54,2.1,0
202,20,88,1.86,0
202,21,76,2.01,0
202,22,53,2.04,0
202,23,51,2.2,0
202,24,48,2.12,0
202,25,61,1.96,0
202,26,50,2.09,0
202,27,75,1.92,0
202,28,57,2.28,0
202,29,57,1.89,0
202,30,55,2.1,0
202,31,82,1.56,1
202,32,53,2.09,0
202,33,63,2.06,0
202,34,69,1.82,1
202,35,114,1.9,0
202,36,47,2.02,0
202,37,47,2.05,0
202,38,71,2.33,0
202,39,63,2.07,0
202,40,59,2.18,0
202,41,45,2.07,0
202,42,117,2.24,0
202,43,49,2.27,0
202,44,80,2.01,0
203,1,45,2.1,0
203,2,45,2.09,0
203,3,47,2.07,0
203,4,33,2.18,0
203,5,69,1.73,1
203,6,46,1.95,0
203,7,48,1.94,0
203,8,51,2.06,0
203,9,47,1.91,0
203,10,58,1.61,1
203,11,48,2.04,0
203,12,71,1.61,1
203,13,60,1.79,1
203,14,149,1.97,0
203,15,44,2.06,0
203,16,50,1.9,0
203,17,46,2.05,0
203,18,45,2.07,0
203,19,45,2.13,0
203,20,81,1.83,1
203,21,51,2.18,0
203,22,48,1.91,0
203,23,42,2.14,0
203,24,39,2.08,0
203,25,44,2.22,0
203,26,62,1.83,1
203,27,53,2.02,0
203,28,40,2.06,0
203,29,41,2.24,0
203,30,41,1.95,0
203,31,39,2.06,0
203,32,35,1.88,0
203,33,49,1.98,0
203,34,40,2.22,0
203,35,109,2.2,0
203,36,29,1.99,0
203,37,36,2.02,0
203,38,58,2.26,0
203,39,43,1.81,1
203,40,36,2.18,0
203,41,39,2.07,0
203,42,87,2.13,0
203,43,38,2.17,0
203,44,74,2.06,0
204,1,52,2.31,0
204,2,46,2.13,0
204,3,45,2.08,0
204,4,49,2.22,0
204,5,85,2.14,0
204,6,61,1.91,0
204,7,60,2.07,0
204,8,50,1.89,0
204,9,64,2.05,0
204,10,50,2.11,0
204,11,52,2.08,0
204,12,48,2.18,0
204,13,55,2.06,0
204,14,221,1.85,1
204,15,60,2.11,0
204,16,52,2.18,0
204,17,57,2.01,0
204,18,48,2.19,0
204,19,49,2.04,0
204,20,75,1.9,0
204,21,47,2.05,0
204,22,48,2.2,0
204,23,46,1.97,0
204,24,45,2.12,0
204,25,50,1.97,0
204,26,47,2.28,0
204,27,52,2.1,0
204,28,52,1.97,0
204,29,48,1.93,0
204,30,39,2,0
204,31,41,2.08,0
204,32,52,2.05,0
204,33,54,1.89,0
204,34,55,1.99,0
204,35,99,2.11,0
204,36,41,2.06,0
204,37,43,2.01,0
204,38,63,2.19,0
204,39,46,1.89,0
204,40,39,2.07,0
204,41,51,2.04,0
204,42,101,2.05,0
204,43,45,2.04,0
204,44,63,2.15,0
205,1,54,2.1,0
205,2,45,2.08,0
205,3,62,1.7,1
205,4,54,2.11,0
205,5,77,1.94,0
205,6,60,2.19,0
205,7,59,2.02,0
205,8,45,2.09,0
205,9,56,2.18,0
205,10,51,1.89,0
205,11,64,1.83,0
205,12,50,1.98,0
205,13,49,2.07,0
205,14,190,1.62,1
205,15,45,1.91,0
205,16,61,1.92,0
205,17,46,1.92,0
205,18,57,2.07,0
205,19,42,2.05,0
205,20,70,2.24,0
205,21,41,2.1,0
205,22,60,1.61,1
205,23,52,2.14,0
205,24,57,1.89,0
205,25,75,1.69,1
205,26,42,2.02,0
205,27,54,2.07,0
205,28,38,2.15,0
205,29,38,2.04,0
205,30,44,2.04,0
205,31,45,1.88,0
205,32,42,2.06,0
205,33,46,1.94,0
205,34,46,2.12,0
205,35,116,2.12,0
205,36,40,2.22,0
205,37,43,2.08,0
205,38,75,2.11,0
205,39,41,2.14,0
205,40,40,1.98,0
205,41,43,1.88,0
205,42,89,2.08,0
205,43,36,2.25,0
205,44,101,1.55,1
206,1,45,2.06,0
206,2,46,1.97,0
206,3,59,2.18,0
206,4,55,2.1,0
206,5,66,1.98,0
206,6,59,2.12,0
206,7,54,2.07,0
206,8,52,2.11,0
206,9,53,1.88,0
206,10,44,2.21,0
206,11,56,2.02,0
206,12,53,2.18,0
206,13,53,2.1,0
206,14,166,1.74,1
206,15,52,2.06,0
206,16,44,1.9,0
206,17,71,1.62,1
206,18,61,1.93,0
206,19,46,1.91,0
206,20,87,1.61,1
206,21,50,2.08,0
206,22,46,2.18,0
206,23,43,2.14,0
206,24,55,2.08,0
206,25,52,2.1,0
206,26,56,1.99,0
206,27,73,1.81,1
206,28,45,2.03,0
206,29,47,2.01,0
206,30,45,1.92,0
206,31,64,1.84,1
206,32,50,2.09,0
206,33,52,1.98,0
206,34,49,2.01,0
206,35,112,1.93,0
206,36,44,2.01,0
206,37,54,1.62,1
206,38,59,2.13,0
206,39,39,2.2,0
206,40,38,1.99,0
206,41,49,1.96,0
206,42,90,2.01,0
206,43,51,1.88,0
206,44,100,1.84,1
207,1,66,2.05,0
207,2,76,2.06,0
207,3,64,2.15,0
207,4,63,1.95,0
207,5,111,2.13,0
207,6,91,1.98,0
207,7,74,2.06,0
207,8,80,1.65,1
207,9,79,2.15,0
207,10,81,2.07,0
207,11,63,2.15,0
207,12,69,2.09,0
207,13,91,1.88,0
207,14,180,2.09,0
207,15,75,2.3,0
207,16,69,2.05,0
207,17,57,2.01,0
207,18,80,2.31,0
207,19,62,2.08,0
207,20,106,2.16,0
207,21,66,2.05,0
207,22,69,2.15,0
207,23,62,2.1,0
207,24,70,1.96,0
207,25,84,1.85,0
207,26,62,1.97,0
207,27,75,2.09,0
207,28,52,2.04,0
207,29,68,1.98,0
207,30,63,1.99,0
207,31,60,1.93,0
207,32,71,2.12,0
207,33,79,2.17,0
207,34,62,2.02,0
207,35,144,2.01,0
207,36,54,2.21,0
207,37,52,2.12,0
207,38,89,1.87,0
207,39,56,2.11,0
207,40,57,2.17,0
207,41,60,1.89,0
207,42,155,2.03,0
207,43,69,2.17,0
207,44,95,1.91,0
208,1,61,2.1,0
208,2,74,1.58,1
208,3,51,1.97,0
208,4,68,2.1,0
208,5,98,2,0
208,6,83,1.94,0
208,7,64,2.23,0
208,8,55,2.27,0
208,9,65,1.99,0
208,10,63,1.89,0
208,11,64,2.21,0
208,12,67,2.09,0
208,13,61,1.85,0
208,14,149,2.22,0
208,15,58,2.05,0
208,16,64,1.95,0
208,17,60,2.1,0
208,18,77,1.71,1
208,19,52,2.14,0
208,20,102,1.9,0
208,21,56,1.89,0
208,22,61,1.97,0
208,23,63,2.08,0
208,24,51,2.15,0
208,25,65,2.05,0
208,26,60,1.92,0
208,27,62,2.01,0
208,28,47,2.08,0
208,29,51,2.05,0
208,30,66,1.72,1
208,31,44,2.07,0
208,32,50,2.01,0
208,33,49,2,0
208,34,52,2.01,0
208,35,114,2.03,0
208,36,40,2.12,0
208,37,47,2.03,0
208,38,64,1.94,0
208,39,49,1.97,0
208,40,44,1.97,0
208,41,38,2.08,0
208,42,108,2.19,0
208,43,61,1.69,1
208,44,98,2.06,0
209,1,47,2.05,0
209,2,43,2.13,0
209,3,42,2.08,0
209,4,49,2.17,0
209,5,56,1.92,0
209,6,62,2.03,0
209,7,42,2.04,0
209,8,45,2.03,0
209,9,63,2.03,0
209,10,50,2.15,0
209,11,37,2.18,0
209,12,42,2.03,0
209,13,45,2.11,0
209,14,123,2.08,0
209,15,46,2.06,0
209,16,45,1.95,0
209,17,61,1.77,1
209,18,60,1.82,1
209,19,45,2.18,0
209,20,83,1.82,1
209,21,38,2.07,0
209,22,48,2.11,0
209,23,43,2.03,0
209,24,48,1.76,0
209,25,62,1.69,1
209,26,36,2.14,0
209,27,60,2.04,0
209,28,40,1.93,0
209,29,37,1.95,0
209,30,39,2.03,0
209,31,39,2.11,0
209,32,41,2.01,0
209,33,47,1.99,0
209,34,40,1.97,0
209,35,97,2.02,0
209,36,37,2.12,0
209,37,42,2.02,0
209,38,44,2.17,0
209,39,38,1.88,0
209,40,38,2.03,0
209,41,36,2.16,0
209,42,83,2.05,0
209,43,37,2.01,0
209,44,64,2.07,0
210,1,57,2.14,0
210,2,59,1.99,0
210,3,65,2.18,0
210,4,63,2.15,0
210,5,142,1.56,1
210,6,60,2.13,0
210,7,64,2.12,0
210,8,63,1.96,0
210,9,51,2.17,0
210,10,58,2.03,0
210,11,58,2.22,0
210,12,69,2.05,0
210,13,75,2.11,0
210,14,182,1.95,0
210,15,57,1.94,0
210,16,79,1.89,0
210,17,58,2.18,0
210,18,71,2.04,0
210,19,65,2.04,0
210,20,66,2.09,0
210,21,50,2.06,0
210,22,84,1.77,1
210,23,54,2.14,0
210,24,51,2.17,0
210,25,68,2.18,0
210,26,57,2.1,0
210,27,65,1.97,0
210,28,64,2.07,0
210,29,55,2.04,0
210,30,50,1.99,0
210,31,48,2.1,0
210,32,45,1.96,0
210,33,48,2.07,0
210,34,64,2.02,0
210,35,139,1.93,0
210,36,57,1.97,0
210,37,49,2.13,0
210,38,84,1.92,0
210,39,54,2.13,0
210,40,47,2.19,0
210,41,52,2.06,0
210,42,188,1.83,1
210,43,54,2,0
210,44,112,2.21,0
211,1,73,1.92,0
211,2,66,2.04,0
211,3,60,2.08,0
211,4,80,2.24,0
211,5,116,2.02,0
211,6,88,2.08,0
211,7,106,1.7,1
211,8,74,2.04,0
211,9,97,1.98,0
211,10,78,2.03,0
211,11,76,2,0
211,12,91,1.84,1
211,13,98,1.99,0
211,14,173,2.04,0
211,15,80,2.04,0
211,16,89,1.84,0
211,17,65,2.06,0
211,18,89,1.97,0
211,19,84,1.91,0
211,20,123,2.01,0
211,21,63,2.02,0
211,22,71,2.08,0
211,23,61,2.16,0
211,24,66,2.03,0
211,25,90,1.85,1
211,26,69,1.93,0
211,27,92,1.81,0
211,28,69,1.96,0
211,29,89,1.68,1
211,30,60,2.05,0
211,31,73,1.98,0
211,32,64,1.98,0
211,33,72,2.11,0
211,34,68,2.23,0
211,35,132,1.92,0
211,36,73,2.08,0
211,37,59,2.11,0
211,38,100,1.99,0
211,39,57,1.99,0
211,40,55,1.92,0
211,41,84,1.83,0
211,42,158,2.09,0
211,43,54,1.91,0
211,44,101,2.11,0
212,1,68,2.18,0
212,2,69,1.7,1
212,3,59,1.97,0
212,4,59,2.25,0
212,5,89,2.01,0
212,6,79,2.04,0
212,7,60,2.07,0
212,8,51,2.25,0
212,9,90,1.83,1
212,10,69,2.03,0
212,11,72,1.99,0
212,12,60,2.14,0
212,13,79,1.56,1
212,14,195,2.09,0
212,15,58,2.01,0
212,16,77,1.82,1
212,17,52,2.3,0
212,18,62,1.99,0
212,19,69,2.07,0
212,20,85,2.02,0
212,21,60,1.81,0
212,22,65,2.21,0
212,23,61,2.06,0
212,24,70,1.85,0
212,25,66,2.01,0
212,26,59,1.97,0
212,27,79,2.06,0
212,28,51,1.8,0
212,29,56,2.1,0
212,30,75,1.61,1
212,31,68,2.16,0
212,32,54,2.07,0
212,33,80,2.04,0
212,34,51,2.21,0
212,35,136,1.98,0
212,36,60,2.02,0
212,37,52,1.99,0
212,38,93,1.83,0
212,39,52,1.95,0
212,40,53,1.94,0
212,41,55,2,0
212,42,128,2.13,0
212,43,54,2.22,0
212,44,82,2.02,0
213,1,38,2,0
213,2,36,1.84,0
213,3,47,2.23,0
213,4,43,2.11,0
213,5,66,1.99,0
213,6,52,2.19,0
213,7,48,1.86,0
213,8,45,2.03,0
213,9,54,1.99,0
213,10,40,1.99,0
213,11,43,2.13,0
213,12,41,2.01,0
213,13,53,2.06,0
213,14,119,2.14,0
213,15,48,2.12,0
213,16,40,2.01,0
213,17,44,1.9,0
213,18,42,2.26,0
213,19,47,1.92,0
213,20,61,2.15,0
213,21,40,2.07,0
213,22,36,2,0
213,23,42,2.16,0
213,24,45,1.58,1
213,25,42,2.02,0
213,26,42,1.94,0
213,27,48,2.01,0
213,28,38,2.09,0
213,29,44,1.98,0
213,30,32,2.27,0
213,31,48,1.79,1
213,32,39,2.14,0
213,33,49,1.96,0
213,34,43,1.96,0
213,35,90,1.98,0
213,36,39,2.22,0
213,37,39,1.57,1
213,38,58,2.14,0
213,39,38,1.87,0
213,40,37,2.14,0
213,41,37,1.92,0
213,42,87,2.19,0
213,43,35,1.93,0
213,44,53,2.02,0
214,1,51,2.83,0
214,2,54,2.64,1
214,3,51,2.94,0
214,4,53,2.24,1
214,5,69,2.92,0
214,6,88,2.32,1
214,7,58,2.91,0
214,8,55,3.24,0
214,9,52,2.96,0
214,10,61,2.63,1
214,11,44,3.03,0
214,12,47,2.74,0
214,13,51,3.14,0
214,14,246,2.47,1
214,15,53,2.89,0
214,16,49,3.14,0
214,17,62,2.6,0
214,18,48,2.82,0
214,19,55,2.94,0
214,20,80,3.11,0
214,21,50,2.82,0
214,22,50,2.97,0
214,23,47,2.92,0
214,24,47,2.7,0
214,25,56,3,0
214,26,40,2.91,0
214,27,63,2.81,0
214,28,46,2.85,0
214,29,51,2.52,0
214,30,46,2.77,0
214,31,50,3.06,0
214,32,42,2.68,0
214,33,52,3.09,0
214,34,46,3.02,0
214,35,119,3.06,0
214,36,41,3.14,0
214,37,55,2.81,0
214,38,69,2.97,0
214,39,45,2.86,0
214,40,46,2.71,0
214,41,42,2.93,0
214,42,103,2.97,0
214,43,47,2.88,0
214,44,67,2.85,0
215,1,81,2.27,1
215,2,55,2.9,0
215,3,77,2.55,1
215,4,75,2.78,0
215,5,93,3.14,0
215,6,88,3.13,0
215,7,67,2.93,0
215,8,76,2.91,0
215,9,63,2.91,0
215,10,68,3.04,0
215,11,78,2.41,1
215,12,80,2.4,1
215,13,71,3.03,0
215,14,194,3.01,0
215,15,68,3.09,0
215,16,72,3.02,0
215,17,60,2.76,0
215,18,75,2.75,0
215,19,69,2.92,0
215,20,97,3.11,0
215,21,54,3.23,0
215,22,74,3.07,0
215,23,69,2.94,0
215,24,58,2.98,0
215,25,69,2.8,0
215,26,60,3,0
215,27,74,2.92,0
215,28,62,3.23,0
215,29,57,2.87,0
215,30,62,3.16,0
215,31,73,2.43,1
215,32,62,3.08,0
215,33,84,2.47,1
215,34,72,3.16,0
215,35,137,2.86,0
215,36,65,2.64,1
215,37,60,2.72,0
215,38,75,3.05,0
215,39,55,3.02,0
215,40,73,2.55,1
215,41,50,3.11,0
215,42,154,2.32,1
215,43,51,2.8,0
215,44,84,2.88,0
216,1,56,2.98,0
216,2,47,3.06,0
216,3,50,3.1,0
216,4,73,2.41,1
216,5,68,3,0
216,6,60,2.7,0
216,7,62,2.72,0
216,8,51,3.05,0
216,9,55,3,0
216,10,41,3.35,0
216,11,72,2.24,1
216,12,47,2.76,0
216,13,62,2.91,0
216,14,131,2.74,0
216,15,52,3.05,0
216,16,48,3.34,0
216,17,44,3.24,0
216,18,59,2.59,1
216,19,42,2.8,0
216,20,80,2.74,0
216,21,57,3.19,0
216,22,46,2.88,0
216,23,47,2.89,0
216,24,60,3.05,0
216,25,48,2.87,0
216,26,46,2.96,0
216,27,59,2.92,0
216,28,39,3.34,0
216,29,49,2.94,0
216,30,46,3.09,0
216,31,40,3.03,0
216,32,35,3.26,0
216,33,47,3.09,0
216,34,41,2.85,0
216,35,106,2.74,0
216,36,40,3.06,0
216,37,41,2.85,0
216,38,59,2.9,0
216,39,41,3.1,0
216,40,45,2.77,0
216,41,44,2.98,0
216,42,85,2.67,0
216,43,41,2.85,0
216,44,75,2.97,0
217,1,47,2.91,0
217,2,49,3.01,0
217,3,47,2.81,0
217,4,62,3.01,0
217,5,89,2.78,0
217,6,57,2.94,0
217,7,62,2.7,0
217,8,55,3.11,0
217,9,66,2.99,0
217,10,67,2.94,0
217,11,66,2.61,0
217,12,56,2.91,0
217,13,63,2.83,0
217,14,175,3.01,0
217,15,54,2.75,0
217,16,54,2.82,0
217,17,69,2.76,0
217,18,67,2.88,0
217,19,56,2.91,0
217,20,83,3.23,0
217,21,70,2.86,0
217,22,51,3.01,0
217,23,58,2.8,0
217,24,66,2.92,0
217,25,62,3.21,0
217,26,54,3.04,0
217,27,67,3.07,0
217,28,44,3.17,0
217,29,46,3,0
217,30,59,2.74,0
217,31,59,2.97,0
217,32,49,2.93,0
217,33,52,2.81,0
217,34,67,2.29,1
217,35,116,2.91,0
217,36,54,2.75,0
217,37,50,2.95,0
217,38,76,2.85,0
217,39,51,2.85,0
217,40,49,3.01,0
217,41,50,2.94,0
217,42,106,2.77,0
217,43,48,3.02,0
217,44,81,2.69,0
218,1,49,3.22,0
218,2,60,2.84,0
218,3,61,2.88,0
218,4,71,2.93,0
218,5,96,2.76,0
218,6,81,2.62,0
218,7,74,2.9,0
218,8,62,2.95,0
218,9,73,2.71,0
218,10,63,3.09,0
218,11,63,2.93,0
218,12,60,3.06,0
218,13,76,3.09,0
218,14,168,2.72,0
218,15,62,2.9,0
218,16,65,3.11,0
218,17,58,2.82,0
218,18,57,2.73,0
218,19,61,2.71,0
218,20,86,2.98,0
218,21,59,3.18,0
218,22,60,3.11,0
218,23,70,2.61,1
218,24,60,3.14,0
218,25,54,2.95,0
218,26,54,3.04,0
218,27,68,2.94,0
218,28,62,3,0
218,29,50,2.72,0
218,30,49,3.14,0
218,31,52,2.89,0
218,32,52,3.11,0
218,33,56,2.95,0
218,34,43,2.94,0
218,35,129,2.99,0
218,36,60,3.05,0
218,37,49,3,0
218,38,87,3.14,0
218,39,56,2.83,0
218,40,50,2.84,0
218,41,51,2.66,0
218,42,138,2.99,0
218,43,39,2.97,0
218,44,90,2.86,0
219,1,45,3.01,0
219,2,46,3.19,0
219,3,51,3.13,0
219,4,51,2.74,0
219,5,70,3.03,0
219,6,54,2.77,0
219,7,47,3.08,0
219,8,47,3.18,0
219,9,47,2.87,0
219,10,50,2.84,0
219,11,47,2.98,0
219,12,54,2.9,0
219,13,54,3.1,0
219,14,139,2.92,0
219,15,54,3.09,0
219,16,51,2.9,0
219,17,60,2.99,0
219,18,48,2.82,0
219,19,58,2.36,1
219,20,70,2.88,0
219,21,50,2.99,0
219,22,67,2.92,0
219,23,40,3.3,0
219,24,43,2.63,0
219,25,52,2.88,0
219,26,49,2.3,1
219,27,56,3.1,0
219,28,50,2.46,1
219,29,40,2.83,0
219,30,43,2.95,0
219,31,57,2.54,1
219,32,50,2.55,1
219,33,52,2.84,0
219,34,40,3.04,0
219,35,101,2.73,0
219,36,37,3.09,0
219,37,40,3.21,0
219,38,60,3.14,0
219,39,36,2.78,0
219,40,42,3.01,0
219,41,38,2.93,0
219,42,109,2.91,0
219,43,56,2.59,1
219,44,88,2.63,1
220,1,50,3.12,0
220,2,47,3.1,0
220,3,58,2.85,0
220,4,55,2.93,0
220,5,67,2.95,0
220,6,82,2.38,1
220,7,56,3.04,0
220,8,54,2.93,0
220,9,59,2.96,0
220,10,46,2.9,0
220,11,62,3.06,0
220,12,46,3.12,0
220,13,57,2.94,0
220,14,146,2.9,0
220,15,51,2.94,0
220,16,45,3.03,0
220,17,55,3.13,0
220,18,53,3.01,0
220,19,69,2.58,1
220,20,86,3.04,0
220,21,60,2.75,0
220,22,54,2.89,0
220,23,49,2.78,0
220,24,55,3.14,0
220,25,63,2.52,1
220,26,57,2.93,0
220,27,54,2.84,0
220,28,43,2.96,0
220,29,48,2.95,0
220,30,48,2.77,0
220,31,39,3.31,0
220,32,42,2.91,0
220,33,48,3.05,0
220,34,44,2.99,0
220,35,119,3,0
220,36,53,3.13,0
220,37,47,3.13,0
220,38,70,3.14,0
220,39,43,3.05,0
220,40,50,2.6,1
220,41,43,2.99,0
220,42,122,2.99,0
220,43,46,3.28,0
220,44,78,3.08,0
221,1,41,2.43,1
221,2,35,3.07,0
221,3,28,3.02,0
221,4,34,2.79,0
221,5,61,2.76,0
221,6,35,2.89,0
221,7,39,2.81,0
221,8,35,3.15,0
221,9,39,3.18,0
221,10,48,3.06,0
221,11,40,3.05,0
221,12,37,2.95,0
221,13,32,2.89,0
221,14,85,2.78,0
221,15,34,3.05,0
221,16,28,3.18,0
221,17,34,2.87,0
221,18,37,3.04,0
221,19,39,2.84,0
221,20,60,2.8,0
221,21,27,2.87,0
221,22,40,2.95,0
221,23,31,2.84,0
221,24,31,3.12,0
221,25,31,3.08,0
221,26,28,2.84,0
221,27,43,3.17,0
221,28,28,3.16,0
221,29,35,2.81,0
221,30,30,2.86,0
221,31,31,2.51,1
221,32,26,3.07,0
221,33,32,2.91,0
221,34,28,3.26,0
221,35,68,3,0
221,36,37,2.24,1
221,37,25,2.86,0
221,38,39,2.93,0
221,39,22,2.92,0
221,40,37,2.32,1
221,41,25,3.19,0
221,42,88,2.4,1
221,43,29,3.19,0
221,44,47,2.87,0
222,1,37,3.13,0
222,2,41,2.94,0
222,3,44,2.79,0
222,4,56,2.6,1
222,5,75,2.82,0
222,6,41,2.93,0
222,7,51,2.97,0
222,8,51,2.84,0
222,9,70,2.45,1
222,10,56,2.72,0
222,11,50,3,0
222,12,46,3.28,0
222,13,43,2.89,0
222,14,176,2.64,1
222,15,51,2.97,0
222,16,57,2.8,0
222,17,42,3.01,0
222,18,48,3.26,0
222,19,45,3.03,0
222,20,62,3.12,0
222,21,62,2.64,1
222,22,46,2.99,0
222,23,47,2.72,0
222,24,39,2.79,0
222,25,47,3.18,0
222,26,42,2.98,0
222,27,55,2.96,0
222,28,41,2.94,0
222,29,41,3.27,0
222,30,45,2.98,0
222,31,37,2.77,0
222,32,41,2.72,0
222,33,47,2.95,0
222,34,62,2.36,1
222,35,130,2.36,1
222,36,35,3.14,0
222,37,44,2.93,0
222,38,65,3.11,0
222,39,39,3.05,0
222,40,44,3.05,0
222,41,43,3.18,0
222,42,103,2.9,0
222,43,38,2.9,0
222,44,73,2.82,0
