agent_ds_commerce/sales_history_train.csv
sku_id,week,units_sold,price,promo_flag
223,1,48,2.87,0
223,2,55,2.95,0
223,3,60,3.04,0
223,4,54,2.87,0
223,5,72,2.83,0
223,6,79,2.72,0
223,7,55,3.12,0
223,8,46,3.03,0
223,9,54,2.91,0
223,10,69,2.51,0
223,11,59,3.13,0
223,12,45,3.1,0
223,13,50,2.8,0
223,14,150,2.83,0
223,15,58,2.97,0
223,16,51,3.1,0
223,17,56,2.86,0
223,18,64,3.15,0
223,19,56,3.1,0
223,20,87,2.94,0
223,21,43,3.21,0
223,22,54,2.96,0
223,23,52,3.17,0
223,24,45,3.31,0
223,25,55,3.1,0
223,26,51,2.93,0
223,27,61,2.96,0
223,28,56,2.44,0
223,29,39,2.68,0
223,30,42,2.54,0
223,31,50,2.96,0
223,32,53,2.67,0
223,33,61,2.82,0
223,34,49,3.07,0
223,35,128,2.94,0
223,36,44,3.02,0
223,37,45,2.83,0
223,38,73,3.01,0
223,39,52,2.8,0
223,40,47,3.11,0
223,41,48,2.85,0
223,42,111,3.16,0
223,43,53,3.02,0
223,44,70,2.83,0
224,1,38,2.99,0
224,2,46,2.83,0
224,3,52,2.53,1
224,4,47,2.87,0
224,5,69,3.08,0
224,6,62,2.89,0
224,7,56,2.66,0
224,8,57,2.88,0
224,9,43,2.97,0
224,10,42,3.1,0
224,11,40,2.97,0
224,12,43,2.99,0
224,13,57,2.73,0
224,14,121,3.12,0
224,15,53,2.92,0
224,16,46,2.75,0
224,17,49,2.72,0
224,18,44,3.18,0
224,19,52,2.53,1
224,20,73,3.05,0
224,21,40,2.89,0
224,22,39,3.05,0
224,23,46,2.72,0
224,24,38,2.99,0
224,25,41,2.78,0
224,26,38,2.92,0
224,27,43,3.18,0
224,28,49,3,0
224,29,35,2.9,0
224,30,42,3.03,0
224,31,36,3.27,0
224,32,35,2.63,0
224,33,42,2.87,0
224,34,41,2.87,0
224,35,87,3.02,0
224,36,37,3.18,0
224,37,33,3.32,0
224,38,60,3.06,0
224,39,53,2.63,1
224,40,35,2.93,0
224,41,38,2.75,0
224,42,97,3.04,0
224,43,37,3.15,0
224,44,65,3.1,0
225,1,58,2.95,0
225,2,64,3.19,0
225,3,70,2.97,0
225,4,67,2.8,0
225,5,89,3.04,0
225,6,80,2.96,0
225,7,95,2.27,1
225,8,78,2.81,0
225,9,62,3.01,0
225,10,61,2.97,0
225,11,75,3.05,0
225,12,69,2.81,0
225,13,83,3.13,0
225,14,256,2.59,1
225,15,78,3.01,0
225,16,69,3.04,0
225,17,86,2.29,1
225,18,79,2.89,0
225,19,58,2.85,0
225,20,130,2.4,1
225,21,71,2.81,0
225,22,70,3.04,0
225,23,62,3.08,0
225,24,58,2.94,0
225,25,61,2.84,0
225,26,73,2.87,0
225,27,97,2.65,1
225,28,64,3.02,0
225,29,67,2.96,0
225,30,72,3.03,0
225,31,55,2.97,0
225,32,81,3.1,0
225,33,68,2.8,0
225,34,63,2.87,0
225,35,148,3.18,0
225,36,60,2.98,0
225,37,53,3.01,0
225,38,92,2.99,0
225,39,56,3,0
225,40,69,3.05,0
225,41,57,2.91,0
225,42,164,2.69,0
225,43,58,3.04,0
225,44,124,2.39,1
226,1,48,2.87,0
226,2,46,2.64,1
226,3,39,3.02,0
226,4,41,2.87,0
226,5,84,2.4,1
226,6,57,2.67,0
226,7,53,3.16,0
226,8,63,2.5,1
226,9,48,2.65,0
226,10,49,2.89,0
226,11,48,3.22,0
226,12,49,3.03,0
226,13,46,2.99,0
226,14,125,3.16,0
226,15,44,2.77,0
226,16,45,3.06,0
226,17,57,2.33,1
226,18,45,2.62,0
226,19,40,2.99,0
226,20,73,2.99,0
226,21,41,2.88,0
226,22,44,3.07,0
226,23,42,3.01,0
226,24,33,3.23,0
226,25,53,2.98,0
226,26,39,2.95,0
226,27,46,2.95,0
226,28,37,2.96,0
226,29,38,2.85,0
226,30,42,2.96,0
226,31,39,2.73,0
226,32,58,2.37,1
226,33,50,2.97,0
226,34,40,3.05,0
226,35,106,2.97,0
226,36,36,3.16,0
226,37,38,2.88,0
226,38,53,2.92,0
226,39,31,3.08,0
226,40,37,2.65,0
226,41,37,2.61,0
226,42,87,3.03,0
226,43,31,2.84,0
226,44,59,3.18,0
227,1,50,4.45,0
227,2,51,4.36,0
227,3,52,4.25,0
227,4,59,4.21,0
227,5,75,4.2,0
227,6,57,4.05,0
227,7,50,4.43,0
227,8,72,3.28,1
227,9,60,4.27,0
227,10,58,3.52,1
227,11,54,4.32,0
227,12,50,4.17,0
227,13,46,4.4,0
227,14,126,4.14,0
227,15,55,4.4,0
227,16,52,4.38,0
227,17,56,4.03,0
227,18,61,3.77,1
227,19,47,4.27,0
227,20,71,4.37,0
227,21,48,3.87,0
227,22,55,4.3,0
227,23,49,4.01,0
227,24,59,3.8,1
227,25,57,4.31,0
227,26,38,4.05,0
227,27,53,4.59,0
227,28,50,4.13,0
227,29,49,4.31,0
227,30,45,4.59,0
227,31,42,4.12,0
227,32,45,4.53,0
227,33,50,4.32,0
227,34,45,4.34,0
227,35,98,4.38,0
227,36,41,3.95,0
227,37,41,4.31,0
227,38,56,4.66,0
227,39,40,4.11,0
227,40,43,4.21,0
227,41,36,4.28,0
227,42,89,4.59,0
227,43,39,4.41,0
227,44,70,4.26,0
228,1,53,4.27,0
228,2,44,4.37,0
228,3,60,4.13,0
228,4,58,4.51,0
228,5,83,4.41,0
228,6,84,3.53,1
228,7,55,4.29,0
228,8,58,4,0
228,9,55,4.24,0
228,10,49,4.28,0
228,11,65,4.4,0
228,12,53,4.28,0
228,13,64,4.18,0
228,14,141,4.36,0
228,15,53,3.91,0
228,16,59,4.19,0
228,17,69,4.4,0
228,18,58,4.14,0
228,19,58,4.55,0
228,20,93,3.74,1
228,21,52,4.2,0
228,22,55,4.11,0
228,23,47,4.27,0
228,24,62,4.47,0
228,25,63,4.21,0
228,26,74,3.38,1
228,27,66,4.28,0
228,28,59,4.1,0
228,29,53,4.11,0
228,30,49,4,0
228,31,65,3.74,1
228,32,43,4.55,0
228,33,52,4.36,0
228,34,48,4.46,0
228,35,109,4.21,0
228,36,50,4.12,0
228,37,56,3.26,1
228,38,75,4.36,0
228,39,46,4.07,0
228,40,44,4.49,0
228,41,63,3.29,1
228,42,108,4.39,0
228,43,38,4.15,0
228,44,64,4.29,0
229,1,67,4.06,0
229,2,62,3.93,0
229,3,53,4.13,0
229,4,90,4.49,0
229,5,143,3.45,1
229,6,63,4.15,0
229,7,78,4.24,0
229,8,66,4.46,0
229,9,73,4.21,0
229,10,79,3.68,1
229,11,54,4.54,0
229,12,64,4.35,0
229,13,96,3.22,1
229,14,167,3.98,0
229,15,82,3.48,1
229,16,61,4.26,0
229,17,66,3.84,0
229,18,78,4.02,0
229,19,66,3.86,0
229,20,81,4.37,0
229,21,75,3.28,1
229,22,75,4.34,0
229,23,60,4.21,0
229,24,57,4.05,0
229,25,92,3.68,1
229,26,83,3.68,1
229,27,65,3.87,0
229,28,64,4.06,0
229,29,63,4.36,0
229,30,51,4.79,0
229,31,53,4.53,0
229,32,53,4.04,0
229,33,63,4.25,0
229,34,73,3.92,0
229,35,176,3.68,1
229,36,56,4.72,0
229,37,54,4.68,0
229,38,73,4.78,0
229,39,61,4,0
229,40,64,3.71,0
229,41,57,4.42,0
229,42,142,4.38,0
229,43,56,3.55,1
229,44,82,4.34,0
230,1,41,4.03,0
230,2,38,4.2,0
230,3,35,3.89,0
230,4,66,3.53,1
230,5,65,4.16,0
230,6,55,4.32,0
230,7,43,4.03,0
230,8,50,4.22,0
230,9,45,4.07,0
230,10,42,4.14,0
230,11,40,4.61,0
230,12,48,4.23,0
230,13,48,4.35,0
230,14,149,3.66,1
230,15,51,3.74,1
230,16,43,4.13,0
230,17,39,4.1,0
230,18,46,4.33,0
230,19,40,4.06,0
230,20,58,4.24,0
230,21,40,4.15,0
230,22,48,4.14,0
230,23,49,4.09,0
230,24,40,4.04,0
230,25,45,4.21,0
230,26,39,4.55,0
230,27,52,4.18,0
230,28,34,4.06,0
230,29,32,3.89,0
230,30,33,4.45,0
230,31,49,3.57,1
230,32,38,4.43,0
230,33,43,4.43,0
230,34,37,4.25,0
230,35,85,4.15,0
230,36,51,3.35,1
230,37,46,4.77,0
230,38,53,4.12,0
230,39,43,4.25,0
230,40,39,4.24,0
230,41,37,4.51,0
230,42,102,4.5,0
230,43,35,3.97,0
230,44,67,3.9,0
231,1,61,4.13,0
231,2,60,3.82,0
231,3,62,4.02,0
231,4,91,4.04,0
231,5,96,4.18,0
231,6,76,4.08,0
231,7,70,4.15,0
231,8,57,4.29,0
231,9,71,4.29,0
231,10,62,3.95,0
231,11,59,4.29,0
231,12,65,4.05,0
231,13,75,4.35,0
231,14,241,3.37,1
231,15,54,4.66,0
231,16,70,4.95,0
231,17,68,4.11,0
231,18,68,4.33,0
231,19,63,4.41,0
231,20,129,3.41,1
231,21,63,4.4,0
231,22,70,4.45,0
231,23,62,4.17,0
231,24,60,4.55,0
231,25,65,4.05,0
231,26,57,4.09,0
231,27,65,4.27,0
231,28,65,3.69,1
231,29,53,4.54,0
231,30,52,4.42,0
231,31,54,4.27,0
231,32,57,4.69,0
231,33,50,4.19,0
231,34,83,3.33,1
231,35,144,4.25,0
231,36,43,3.91,0
231,37,60,4.28,0
231,38,92,4.45,0
231,39,55,4.35,0
231,40,58,3.65,1
231,41,54,4.05,0
231,42,126,4.58,0
231,43,45,4.11,0
231,44,103,4.28,0
232,1,50,4.39,0
232,2,52,4.49,0
232,3,57,4.31,0
232,4,56,4.19,0
232,5,83,4.18,0
232,6,56,4.31,0
232,7,55,3.85,1
232,8,52,3.79,0
232,9,52,4.51,0
232,10,50,4.4,0
232,11,48,4.18,0
232,12,57,4.24,0
232,13,61,4.02,0
232,14,162,4.64,0
232,15,51,4.1,0
232,16,51,4.57,0
232,17,59,4.06,0
232,18,64,3.89,0
232,19,54,4.45,0
232,20,81,4.09,0
232,21,50,4.54,0
232,22,64,4.39,0
232,23,54,4.37,0
232,24,56,4.63,0
232,25,57,3.95,0
232,26,54,4.04,0
232,27,56,4.36,0
232,28,57,4.27,0
232,29,54,3.99,0
232,30,47,3.8,0
232,31,47,4.24,0
232,32,49,4.33,0
232,33,65,4.01,0
232,34,54,3.68,0
232,35,120,3.73,0
232,36,40,4.16,0
232,37,51,4.44,0
232,38,78,4.34,0
232,39,54,3.27,1
232,40,55,4.3,0
232,41,47,4.18,0
232,42,104,4.29,0
232,43,51,4.59,0
232,44,73,4.21,0
233,1,40,4.45,0
233,2,39,4.14,0
233,3,38,4.38,0
233,4,44,4.26,0
233,5,55,4.39,0
233,6,59,4.28,0
233,7,54,4.35,0
233,8,46,4.04,0
233,9,76,3.64,1
233,10,54,4.11,0
233,11,46,4.39,0
233,12,69,3.32,1
233,13,49,4.41,0
233,14,111,4.02,0
233,15,67,3.78,1
233,16,47,4.07,0
233,17,52,4.2,0
233,18,55,4.06,0
233,19,45,3.87,0
233,20,77,3.43,1
233,21,48,4.1,0
233,22,49,4.33,0
233,23,45,4.06,0
233,24,46,4.03,0
233,25,51,4.54,0
233,26,42,4.24,0
233,27,56,4.03,0
233,28,44,4.71,0
233,29,45,4.25,0
233,30,41,4.14,0
233,31,42,4.35,0
233,32,44,4.12,0
233,33,51,4.31,0
233,34,48,3.54,1
233,35,126,3.4,1
233,36,35,4.43,0
233,37,42,4.19,0
233,38,55,4.39,0
233,39,37,4.51,0
233,40,39,4.09,0
233,41,45,4.38,0
233,42,86,4.28,0
233,43,38,4.42,0
233,44,72,4.19,0
234,1,79,3.5,1
234,2,50,4.53,0
234,3,57,4.11,0
234,4,76,4.1,0
234,5,98,4.01,0
234,6,59,4.41,0
234,7,82,3.39,1
234,8,55,3.9,0
234,9,59,4.39,0
234,10,55,4.26,0
234,11,69,4.02,0
234,12,61,4.17,0
234,13,72,4.18,0
234,14,162,4.22,0
234,15,69,4.14,0
234,16,47,4.15,0
234,17,58,4.38,0
234,18,56,4.41,0
234,19,61,4.06,0
234,20,91,4.18,0
234,21,54,4.24,0
234,22,65,3.91,0
234,23,52,3.85,0
234,24,59,4.37,0
234,25,68,4.12,0
234,26,54,4.41,0
234,27,64,4.26,0
234,28,46,4.28,0
234,29,62,3.98,0
234,30,52,4.36,0
234,31,53,4.38,0
234,32,45,4.12,0
234,33,61,3.99,0
234,34,49,4.59,0
234,35,108,4.4,0
234,36,72,3.38,1
234,37,48,4.1,0
234,38,67,4.32,0
234,39,42,4.21,0
234,40,42,4.53,0
234,41,52,4.08,0
234,42,170,3.77,1
234,43,46,4.27,0
234,44,116,3.56,1
235,1,63,3.57,1
235,2,64,4.26,0
235,3,56,4.64,0
235,4,67,4.26,0
235,5,86,4.48,0
235,6,81,3.83,1
235,7,51,4.28,0
235,8,48,4.01,0
235,9,67,4.11,0
235,10,50,4.59,0
235,11,55,4.22,0
235,12,55,4.17,0
235,13,74,3.82,1
235,14,176,4.32,0
235,15,54,4.29,0
235,16,56,4.16,0
235,17,67,4.51,0
235,18,69,4.32,0
235,19,63,3.81,0
235,20,83,4.71,0
235,21,58,4.27,0
235,22,58,4.49,0
235,23,63,4.04,0
235,24,48,4.19,0
235,25,61,4.16,0
235,26,49,4.25,0
235,27,54,3.86,0
235,28,54,4.25,0
235,29,52,4.2,0
235,30,47,4.34,0
235,31,60,4.17,0
235,32,50,4.06,0
235,33,58,4.3,0
235,34,46,4.15,0
235,35,104,4.44,0
235,36,45,4.19,0
235,37,50,4.6,0
235,38,69,4.55,0
235,39,49,4.21,0
235,40,38,4.08,0
235,41,44,4.18,0
235,42,111,4.07,0
235,43,61,3.79,1
235,44,104,3.32,1
236,1,46,4.19,0
236,2,40,4.34,0
236,3,47,4.53,0
236,4,71,3.4,1
236,5,73,4.22,0
236,6,62,4.27,0
236,7,54,4.59,0
236,8,51,4.33,0
236,9,51,4.18,0
236,10,65,3.33,1
236,11,49,4.3,0
236,12,50,4.24,0
236,13,62,4.08,0
236,14,133,4.29,0
236,15,50,4.38,0
236,16,55,4.18,0
236,17,47,4.19,0
236,18,64,4.47,0
236,19,46,3.89,0
236,20,68,4.28,0
236,21,44,4.81,0
236,22,53,4.25,0
236,23,72,3.23,1
236,24,51,4.51,0
236,25,50,4.37,0
236,26,45,4.47,0
236,27,58,4.59,0
236,28,42,3.94,0
236,29,47,4.04,0
236,30,39,4.58,0
236,31,33,4.62,0
236,32,45,4.19,0
236,33,49,4.29,0
236,34,65,3.48,1
236,35,156,3.49,1
236,36,38,4.48,0
236,37,39,4.35,0
236,38,64,4.75,0
236,39,43,4.4,0
236,40,36,4.15,0
236,41,36,4.4,0
236,42,108,4.37,0
236,43,49,3.83,1
236,44,61,4.48,0
237,1,62,3.6,1
237,2,49,4.22,0
237,3,60,4.35,0
237,4,55,4.34,0
237,5,70,4.81,0
237,6,55,4.3,0
237,7,64,4.23,0
237,8,70,3.73,1
237,9,62,4.38,0
237,10,56,4.3,0
237,11,48,4.31,0
237,12,64,4.45,0
237,13,56,4.45,0
237,14,149,4.26,0
237,15,60,4.41,0
237,16,52,4.66,0
237,17,56,4.12,0
237,18,52,4.32,0
237,19,62,4.05,0
237,20,78,4.39,0
237,21,53,4.44,0
237,22,62,4.42,0
237,23,59,4.26,0
237,24,60,3.58,1
237,25,51,4.73,0
237,26,67,3.65,1
237,27,71,3.57,1
237,28,56,3.95,0
237,29,51,4,0
237,30,44,4.29,0
237,31,52,3.65,1
237,32,51,3.82,0
237,33,56,4.02,0
237,34,51,4.65,0
237,35,98,4.46,0
237,36,52,4.23,0
237,37,46,4.02,0
237,38,66,4.42,0
237,39,50,4.35,0
237,40,43,4.29,0
237,41,44,4.25,0
237,42,114,4.46,0
237,43,41,4.24,0
237,44,88,4.65,0
238,1,46,4.04,0
238,2,37,4.17,0
238,3,47,4.16,0
238,4,70,3.65,1
238,5,73,4.34,0
238,6,85,3.48,1
238,7,53,4.52,0
238,8,45,4.25,0
238,9,55,4.14,0
238,10,60,3.62,1
238,11,67,3.55,1
238,12,55,4.34,0
238,13,62,4.33,0
238,14,141,4.33,0
238,15,60,4.57,0
238,16,71,3.38,1
238,17,70,3.24,1
238,18,59,4.58,0
238,19,53,4.12,0
238,20,72,4.12,0
238,21,45,4.36,0
238,22,62,4.13,0
238,23,45,4.31,0
238,24,53,4.49,0
238,25,55,4.29,0
238,26,44,4.22,0
238,27,56,4.09,0
238,28,44,4.48,0
238,29,47,4.39,0
238,30,39,4.55,0
238,31,43,4.4,0
238,32,44,4.3,0
238,33,62,3.35,1
238,34,47,4.12,0
238,35,123,3.83,0
238,36,58,3.36,1
238,37,44,4.39,0
238,38,81,4.28,0
238,39,39,4.14,0
238,40,41,4.37,0
238,41,59,3.24,1
238,42,87,4.59,0
238,43,42,4.46,0
238,44,74,4.44,0
239,1,44,4.44,0
239,2,54,4,0
239,3,50,4.5,0
239,4,64,4.43,0
239,5,85,3.88,0
239,6,62,4.68,0
239,7,64,4.52,0
239,8,57,4.28,0
239,9,80,4.38,0
239,10,64,4.19,0
239,11,57,4.47,0
239,12,58,4.49,0
239,13,62,4.67,0
239,14,165,4.19,0
239,15,47,4.33,0
239,16,60,4.7,0
239,17,53,4.04,0
239,18,59,4.42,0
239,19,54,4.46,0
239,20,71,3.97,0
239,21,60,4.08,0
239,22,53,4.2,0
239,23,57,3.82,0
239,24,55,4.25,0
239,25,60,4.21,0
239,26,48,4.2,0
239,27,62,4.18,0
239,28,42,4.47,0
239,29,66,3.82,1
239,30,42,4.33,0
239,31,52,3.75,0
239,32,46,4.21,0
239,33,49,4.78,0
239,34,53,4.05,0
239,35,107,4.27,0
239,36,49,4.76,0
239,37,44,4.47,0
239,38,76,4.13,0
239,39,44,4.54,0
239,40,40,4.33,0
239,41,47,4.1,0
239,42,113,4.39,0
239,43,45,4.54,0
239,44,85,3.97,0
240,1,72,4.21,0
240,2,63,4.48,0
240,3,57,4.08,0
240,4,65,4.57,0
240,5,82,4.47,0
240,6,70,4.2,0
240,7,91,3.73,1
240,8,57,4.2,0
240,9,54,4.43,0
240,10,54,4.17,0
240,11,61,4.37,0
240,12,61,4.23,0
240,13,58,4.42,0
240,14,163,4.04,0
240,15,68,4.42,0
240,16,71,3.99,0
240,17,48,4.1,0
240,18,52,4.28,0
240,19,50,4.24,0
240,20,86,4.24,0
240,21,51,4.73,0
240,22,63,4.04,0
240,23,52,4.13,0
240,24,51,4.55,0
240,25,82,4.43,0
240,26,57,4.18,0
240,27,57,3.98,0
240,28,55,4.59,0
240,29,57,4.23,0
240,30,60,3.99,0
240,31,63,4.34,0
240,32,46,4.61,0
240,33,58,4.48,0
240,34,54,4.12,0
240,35,117,4.55,0
240,36,56,4.52,0
240,37,46,4.24,0
240,38,69,4.57,0
240,39,44,4.64,0
240,40,46,4.15,0
240,41,63,3.25,1
240,42,150,4.01,0
240,43,47,4.24,0
240,44,98,4.43,0
241,1,51,2.63,0
241,2,69,2.07,1
241,3,49,2.8,0
241,4,82,1.86,1
241,5,81,2.37,0
241,6,57,2.34,0
241,7,66,2.32,0
241,8,48,2.47,0
241,9,53,2.36,0
241,10,76,2.08,1
241,11,57,2.21,0
241,12,64,2.49,0
241,13,62,2.63,0
241,14,186,2.01,1
241,15,55,2.29,0
241,16,51,2.48,0
241,17,47,2.36,0
241,18,52,2.51,0
241,19,58,2.64,0
241,20,88,2.31,0
241,21,53,2.33,0
241,22,48,2.43,0
241,23,48,2.4,0
241,24,54,2.6,0
241,25,56,2.48,0
241,26,43,2.44,0
241,27,56,2.35,0
241,28,57,2.21,0
241,29,44,2.36,0
241,30,58,2.46,0
241,31,46,2.23,0
241,32,54,1.98,1
241,33,43,2.34,0
241,34,46,2.38,0
241,35,100,2.53,0
241,36,44,2.48,0
241,37,47,2.35,0
241,38,53,2.48,0
241,39,40,2.47,0
241,40,48,2.33,0
241,41,44,2.34,0
241,42,104,2.28,0
241,43,44,2.59,0
241,44,80,2.45,0
242,1,36,2.52,0
242,2,42,2.04,1
242,3,40,2.31,0
242,4,35,2.52,0
242,5,45,2.57,0
242,6,33,2.4,0
242,7,31,2.46,0
242,8,29,2.34,0
242,9,30,2.44,0
242,10,31,2.48,0
242,11,32,2.57,0
242,12,34,2.56,0
242,13,46,2.06,1
242,14,110,2.24,0
242,15,35,2.4,0
242,16,31,2.24,0
242,17,35,2.71,0
242,18,37,2.5,0
242,19,37,2.39,0
242,20,44,2.38,0
242,21,29,2.21,0
242,22,37,2.44,0
242,23,30,2.66,0
242,24,36,2.5,0
242,25,43,1.94,1
242,26,29,2.28,0
242,27,41,2.44,0
242,28,29,2.45,0
242,29,29,2.49,0
242,30,27,2.42,0
242,31,30,2.26,0
242,32,32,2.66,0
242,33,31,2.39,0
242,34,33,2.25,0
242,35,66,2.45,0
242,36,27,2.46,0
242,37,35,2.33,0
242,38,39,2.51,0
242,39,25,2.45,0
242,40,29,2.39,0
242,41,24,2.47,0
242,42,60,2.53,0
242,43,24,2.43,0
242,44,46,2.52,0
243,1,56,2.55,0
243,2,52,2.65,0
243,3,52,2.45,0
243,4,57,2.5,0
243,5,80,2.38,0
243,6,67,2.19,0
243,7,63,2.4,0
243,8,58,2.29,0
243,9,65,2.36,0
243,10,58,2.35,0
243,11,59,2.4,0
243,12,53,2.3,0
243,13,61,2.55,0
243,14,143,2.52,0
243,15,63,2.55,0
243,16,54,2.65,0
243,17,55,2.59,0
243,18,82,1.99,1
243,19,47,2.54,0
243,20,109,1.92,1
243,21,61,2.51,0
243,22,60,2.44,0
243,23,50,2.39,0
243,24,45,2.49,0
243,25,53,2.46,0
243,26,49,2.57,0
243,27,67,2.24,0
243,28,53,2.26,0
243,29,52,2.42,0
243,30,65,2.22,0
243,31,58,2.5,0
243,32,41,2.34,0
243,33,59,2.63,0
243,34,53,2.35,0
243,35,101,2.56,0
243,36,51,2.37,0
243,37,52,2.36,0
243,38,66,2.44,0
243,39,44,2.43,0
243,40,38,2.42,0
243,41,42,2.35,0
243,42,128,2.16,0
243,43,70,2.09,1
243,44,72,2.56,0
244,1,39,1.91,1
244,2,25,2.47,0
244,3,27,2.37,0
244,4,27,2.52,0
244,5,43,2.46,0
244,6,30,2.4,0
244,7,36,2.41,0
244,8,32,2.44,0
244,9,34,2.33,0
244,10,32,2.33,0
244,11,28,2.62,0
244,12,31,2.52,0
244,13,31,2.56,0
244,14,89,2.38,0
244,15,38,2.57,0
244,16,32,2.54,0
244,17,36,2.25,0
244,18,29,2.48,0
244,19,30,2.55,0
244,20,44,2.44,0
244,21,29,2.38,0
244,22,27,2.29,0
244,23,33,2.37,0
244,24,31,2.42,0
244,25,26,2.36,0
244,26,25,2.39,0
244,27,33,2.52,0
244,28,29,2.58,0
244,29,28,2.6,0
244,30,26,2.63,0
244,31,25,2.3,0
244,32,29,2.35,0
244,33,26,2.52,0
244,34,30,2.46,0
244,35,76,2.4,0
244,36,26,2.35,0
244,37,29,2.51,0
244,38,44,2.54,0
244,39,26,2.36,0
244,40,23,2.36,0
244,41,22,2.57,0
244,42,58,2.48,0
244,43,25,2.47,0
244,44,44,2.21,0
245,1,52,2.12,1
245,2,37,2.49,0
245,3,41,2.47,0
245,4,40,2.4,0
245,5,55,2.48,0
245,6,39,2.54,0
245,7,47,2.33,0
245,8,39,2.48,0
245,9,42,2.47,0
245,10,36,2.3,0
245,11,36,2.56,0
245,12,45,2.36,0
245,13,47,2.48,0
245,14,123,2.52,0
245,15,40,2.4,0
245,16,50,2.17,0
245,17,42,2.31,0
245,18,43,2.39,0
245,19,41,2.23,0
245,20,67,2.28,0
245,21,58,1.92,1
245,22,40,2.6,0
245,23,43,2.36,0
245,24,32,2.53,0
245,25,41,2.61,0
245,26,32,2.33,0
245,27,38,2.26,0
245,28,34,2.57,0
245,29,51,2.07,1
245,30,31,2.55,0
245,31,25,2.55,0
245,32,31,2.32,0
245,33,39,2.45,0
245,34,38,2.5,0
245,35,79,2.34,0
245,36,32,2.46,0
245,37,30,2.59,0
245,38,48,2.33,0
245,39,40,2.12,1
245,40,29,2.56,0
245,41,33,2.49,0
245,42,87,2.2,0
245,43,34,2.66,0
245,44,64,2.06,1
246,1,41,2.66,0
246,2,43,2.49,0
246,3,43,2.22,0
246,4,44,2.47,0
246,5,54,2.54,0
246,6,48,2.35,0
246,7,56,2.32,0
246,8,44,2.3,0
246,9,54,2.28,0
246,10,43,2.33,0
246,11,42,2.63,0
246,12,41,2.71,0
246,13,46,2.49,0
246,14,150,2.17,1
246,15,36,2.46,0
246,16,40,2.65,0
246,17,44,2.45,0
246,18,44,2.4,0
246,19,35,2.29,0
246,20,82,2.07,1
246,21,45,2.33,0
246,22,44,2.36,0
246,23,46,2.38,0
246,24,37,2.55,0
246,25,55,2.33,0
246,26,43,2.5,0
246,27,46,2.33,0
246,28,46,2.4,0
246,29,39,2.32,0
246,30,43,2.34,0
246,31,38,2.17,0
246,32,41,2.27,0
246,33,40,2.41,0
246,34,45,2.53,0
246,35,111,1.92,1
246,36,50,2.12,1
246,37,32,2.55,0
246,38,53,2.33,0
246,39,30,2.73,0
246,40,29,2.61,0
246,41,40,2.52,0
246,42,93,2.7,0
246,43,36,2.44,0
246,44,56,2.44,0
