agent_ds_commerce/sales_history_train.csv
sku_id,week,units_sold,price,promo_flag
247,1,39,2.51,0
247,2,34,2.49,0
247,3,33,2.39,0
247,4,45,2.58,0
247,5,73,2.4,0
247,6,54,2.38,0
247,7,42,2.47,0
247,8,49,2.26,0
247,9,44,2.54,0
247,10,44,2.34,0
247,11,38,2.58,0
247,12,45,2.31,0
247,13,55,2.29,0
247,14,123,2.52,0
247,15,44,2.35,0
247,16,39,2.56,0
247,17,38,2.53,0
247,18,61,2.07,1
247,19,39,2.27,0
247,20,52,2.38,0
247,21,41,2.32,0
247,22,52,2.58,0
247,23,36,2.51,0
247,24,42,2.39,0
247,25,41,2.45,0
247,26,41,2.65,0
247,27,47,2.39,0
247,28,39,2.27,0
247,29,37,2.42,0
247,30,34,2.55,0
247,31,39,2.61,0
247,32,43,2.34,0
247,33,41,2.84,0
247,34,41,2.43,0
247,35,103,2.36,0
247,36,34,2.35,0
247,37,39,2.12,0
247,38,50,2.57,0
247,39,33,2.51,0
247,40,35,2.26,0
247,41,32,2.52,0
247,42,106,2.14,1
247,43,33,2.41,0
247,44,56,2.48,0
248,1,34,2.33,0
248,2,35,2.43,0
248,3,32,2.42,0
248,4,49,2.08,1
248,5,74,1.98,1
248,6,41,2.57,0
248,7,49,2.01,1
248,8,36,2.43,0
248,9,38,2.49,0
248,10,38,2.34,0
248,11,42,2.63,0
248,12,38,2.43,0
248,13,40,2.62,0
248,14,96,2.44,0
248,15,40,2.43,0
248,16,42,2.39,0
248,17,36,2.35,0
248,18,48,2.18,1
248,19,39,2.27,0
248,20,52,2.32,0
248,21,51,2,1
248,22,41,2.61,0
248,23,38,2.29,0
248,24,32,2.38,0
248,25,37,2.29,0
248,26,35,2.49,0
248,27,43,2.4,0
248,28,33,2.63,0
248,29,35,2.24,0
248,30,31,2.25,0
248,31,28,2.54,0
248,32,32,2.4,0
248,33,35,2.39,0
248,34,44,2,1
248,35,87,2.45,0
248,36,27,2.31,0
248,37,28,2.61,0
248,38,53,2.2,0
248,39,40,2.1,1
248,40,30,2.38,0
248,41,31,2.55,0
248,42,78,2.4,0
248,43,39,1.97,1
248,44,45,2.47,0
249,1,33,2.55,0
249,2,36,2.4,0
249,3,36,2.38,0
249,4,42,2.47,0
249,5,66,2.55,0
249,6,39,2.46,0
249,7,37,2.35,0
249,8,45,2.5,0
249,9,37,2.39,0
249,10,39,2.5,0
249,11,55,1.87,1
249,12,37,2.71,0
249,13,43,2.41,0
249,14,110,2.63,0
249,15,39,2.49,0
249,16,47,2.66,0
249,17,36,2.46,0
249,18,43,2.19,0
249,19,48,2.19,1
249,20,63,2.34,0
249,21,41,2.49,0
249,22,46,2.56,0
249,23,36,2.49,0
249,24,32,2.44,0
249,25,54,1.95,1
249,26,32,2.67,0
249,27,40,2.54,0
249,28,37,2.42,0
249,29,34,2.5,0
249,30,50,2.12,1
249,31,37,2.5,0
249,32,32,2.47,0
249,33,34,2.32,0
249,34,40,2.73,0
249,35,80,2.56,0
249,36,31,2.67,0
249,37,30,2.33,0
249,38,47,2.39,0
249,39,33,2.52,0
249,40,27,2.36,0
249,41,33,2.36,0
249,42,75,2.51,0
249,43,30,2.44,0
249,44,62,2.61,0
250,1,39,2.5,0
250,2,34,2.28,0
250,3,35,2.4,0
250,4,37,2.35,0
250,5,75,2.06,1
250,6,36,2.71,0
250,7,44,2.4,0
250,8,32,2.54,0
250,9,59,1.91,1
250,10,48,2.13,1
250,11,48,1.87,1
250,12,33,2.29,0
250,13,59,2.1,1
250,14,140,1.92,1
250,15,50,1.95,1
250,16,36,2.48,0
250,17,33,2.36,0
250,18,41,2.56,0
250,19,36,2.6,0
250,20,57,2.31,0
250,21,40,2.25,0
250,22,39,2.6,0
250,23,50,2.02,1
250,24,36,2.29,0
250,25,42,1.91,1
250,26,34,2.59,0
250,27,47,2.12,0
250,28,31,2.59,0
250,29,34,2.47,0
250,30,37,2.23,0
250,31,33,2.61,0
250,32,46,2.13,1
250,33,45,2.19,1
250,34,35,2.27,0
250,35,73,2.56,0
250,36,22,2.59,0
250,37,28,2.55,0
250,38,42,2.62,0
250,39,32,2.52,0
250,40,31,2.41,0
250,41,29,2.61,0
250,42,72,2.24,0
250,43,31,2.47,0
250,44,70,2.09,1
251,1,32,2.47,0
251,2,35,2.42,0
251,3,38,2.47,0
251,4,43,2.48,0
251,5,52,2.22,0
251,6,50,2.52,0
251,7,44,2.28,0
251,8,34,2.48,0
251,9,61,1.84,1
251,10,52,1.95,1
251,11,38,2.52,0
251,12,39,2.58,0
251,13,47,1.99,1
251,14,107,2.52,0
251,15,37,2.42,0
251,16,38,2.36,0
251,17,37,2.18,0
251,18,39,2.41,0
251,19,37,2.4,0
251,20,62,1.9,1
251,21,39,2.35,0
251,22,35,2.37,0
251,23,36,2.35,0
251,24,29,2.4,0
251,25,41,2.37,0
251,26,33,2.51,0
251,27,35,2.37,0
251,28,36,2.26,0
251,29,34,2.53,0
251,30,38,2.49,0
251,31,40,2.47,0
251,32,35,2.42,0
251,33,34,2.55,0
251,34,40,1.91,1
251,35,68,2.3,0
251,36,31,2.29,0
251,37,28,2.54,0
251,38,50,2.24,0
251,39,27,2.5,0
251,40,33,2.25,0
251,41,28,2.44,0
251,42,69,2.65,0
251,43,35,2.52,0
251,44,59,2.27,0
252,1,43,2.49,0
252,2,46,2.42,0
252,3,44,2.42,0
252,4,46,2.48,0
252,5,73,2.6,0
252,6,49,2.62,0
252,7,58,2.47,0
252,8,49,2.32,0
252,9,48,2.32,0
252,10,37,2.39,0
252,11,53,1.96,1
252,12,52,2.53,0
252,13,46,2.4,0
252,14,137,2.29,0
252,15,46,2.35,0
252,16,44,2.56,0
252,17,49,1.97,1
252,18,46,2.52,0
252,19,45,2.54,0
252,20,75,2.53,0
252,21,56,1.96,1
252,22,53,2.56,0
252,23,42,2.18,0
252,24,44,2.5,0
252,25,46,2.55,0
252,26,38,2.42,0
252,27,48,2.3,0
252,28,41,2.33,0
252,29,39,2.52,0
252,30,36,2.71,0
252,31,38,2.41,0
252,32,36,2.66,0
252,33,42,2.48,0
252,34,41,2.4,0
252,35,92,2.32,0
252,36,38,2.42,0
252,37,40,2.6,0
252,38,59,2.22,0
252,39,40,2.29,0
252,40,41,2.57,0
252,41,39,2.35,0
252,42,104,2.45,0
252,43,37,2.54,0
252,44,70,2.6,0
253,1,53,1.95,1
253,2,34,2.46,0
253,3,40,2.43,0
253,4,51,2.39,0
253,5,72,2.3,0
253,6,47,2.48,0
253,7,55,2.37,0
253,8,43,2.55,0
253,9,44,2.53,0
253,10,39,2.55,0
253,11,55,2.48,0
253,12,47,2.28,0
253,13,45,2.54,0
253,14,107,2.36,0
253,15,39,2.35,0
253,16,43,2.34,0
253,17,34,2.48,0
253,18,46,2.35,0
253,19,35,2.29,0
253,20,53,2.66,0
253,21,43,2.45,0
253,22,44,2.41,0
253,23,44,2.38,0
253,24,39,2.43,0
253,25,49,2.33,0
253,26,40,2.24,0
253,27,50,2.4,0
253,28,39,2.31,0
253,29,43,2.42,0
253,30,31,2.46,0
253,31,33,2.53,0
253,32,33,2.59,0
253,33,38,2.39,0
253,34,38,2.61,0
253,35,86,2.4,0
253,36,35,2.4,0
253,37,40,2.38,0
253,38,56,2.25,0
253,39,36,2.25,0
253,40,32,2.35,0
253,41,37,2.33,0
253,42,108,2.19,1
253,43,35,2.42,0
253,44,49,2.68,0
254,1,38,3.33,0
254,2,32,3.38,0
254,3,34,3.41,0
254,4,48,2.92,1
254,5,55,3.6,0
254,6,40,3.65,0
254,7,46,2.85,1
254,8,41,3.68,0
254,9,38,3.44,0
254,10,39,3.42,0
254,11,38,3.55,0
254,12,36,3.36,0
254,13,39,3.69,0
254,14,114,2.71,1
254,15,32,3.55,0
254,16,38,3.47,0
254,17,42,3.34,0
254,18,37,3.63,0
254,19,29,3.33,0
254,20,49,3.41,0
254,21,39,3.35,0
254,22,39,3.05,1
254,23,35,3.44,0
254,24,32,3.41,0
254,25,50,3.63,0
254,26,33,3.38,0
254,27,36,3.25,0
254,28,38,3.8,0
254,29,35,3.44,0
254,30,33,3.36,0
254,31,32,3.58,0
254,32,30,3.38,0
254,33,38,3.41,0
254,34,41,2.67,1
254,35,70,3.54,0
254,36,32,3.32,0
254,37,41,2.78,1
254,38,46,3.4,0
254,39,30,3.32,0
254,40,34,2.96,1
254,41,30,3.32,0
254,42,70,3.58,0
254,43,27,3.74,0
254,44,48,3.59,0
255,1,57,2.67,1
255,2,52,3.53,0
255,3,39,3.63,0
255,4,47,3.53,0
255,5,76,3.5,0
255,6,54,3.55,0
255,7,48,3.46,0
255,8,50,2.95,1
255,9,49,3.35,0
255,10,44,3.75,0
255,11,49,3.53,0
255,12,45,3.59,0
255,13,47,3.67,0
255,14,157,2.64,1
255,15,48,3.58,0
255,16,52,3.46,0
255,17,51,3.08,1
255,18,49,3.94,0
255,19,45,3.52,0
255,20,60,3.58,0
255,21,43,3.28,0
255,22,49,3.56,0
255,23,45,3.63,0
255,24,38,3.57,0
255,25,52,3.75,0
255,26,40,3.46,0
255,27,49,3.7,0
255,28,37,3.64,0
255,29,43,3.54,0
255,30,40,3.59,0
255,31,44,3.5,0
255,32,40,3.77,0
255,33,42,3.38,0
255,34,49,3.45,0
255,35,100,3.28,0
255,36,46,3.65,0
255,37,40,3.38,0
255,38,50,3.7,0
255,39,38,3.68,0
255,40,37,3.42,0
255,41,39,3.55,0
255,42,101,3.62,0
255,43,37,3.28,0
255,44,66,3.48,0
256,1,39,3.47,0
256,2,40,3.44,0
256,3,37,3.51,0
256,4,44,3.65,0
256,5,70,3.18,0
256,6,55,3.34,0
256,7,40,3.25,0
256,8,41,3.29,0
256,9,45,3.64,0
256,10,42,3.53,0
256,11,45,3.43,0
256,12,40,3.77,0
256,13,46,3.24,0
256,14,112,3.3,0
256,15,42,3.59,0
256,16,43,3.49,0
256,17,37,3.69,0
256,18,49,3.32,0
256,19,38,3.61,0
256,20,54,3.47,0
256,21,44,3.16,0
256,22,46,3.01,0
256,23,36,3.49,0
256,24,41,3.24,0
256,25,37,3.56,0
256,26,38,3.4,0
256,27,50,3.36,0
256,28,41,3.73,0
256,29,38,3.44,0
256,30,39,3.27,0
256,31,39,3.45,0
256,32,29,3.56,0
256,33,39,3.42,0
256,34,39,3.46,0
256,35,77,3.23,0
256,36,37,3.38,0
256,37,40,3.28,0
256,38,54,3.53,0
256,39,29,3.78,0
256,40,37,3.76,0
256,41,32,3.64,0
256,42,81,3.58,0
256,43,51,3.01,1
256,44,55,3.42,0
257,1,45,3.18,0
257,2,34,3.7,0
257,3,38,3.63,0
257,4,47,3.73,0
257,5,72,3.36,0
257,6,51,3.61,0
257,7,44,3.64,0
257,8,43,3.32,0
257,9,45,3.52,0
257,10,49,3.54,0
257,11,48,3.66,0
257,12,44,3.62,0
257,13,55,3.55,0
257,14,182,3.06,1
257,15,44,3.3,0
257,16,47,3.54,0
257,17,47,3.42,0
257,18,51,3.6,0
257,19,41,3.59,0
257,20,65,3.84,0
257,21,49,3.58,0
257,22,60,2.8,1
257,23,47,3.05,1
257,24,55,3.43,0
257,25,46,3.38,0
257,26,43,3.36,0
257,27,61,3.7,0
257,28,41,3.51,0
257,29,35,3.46,0
257,30,36,3.79,0
257,31,38,3.08,0
257,32,34,3.68,0
257,33,46,3.31,0
257,34,42,3.78,0
257,35,90,3.44,0
257,36,34,3.43,0
257,37,37,3.35,0
257,38,63,3.12,0
257,39,35,3.53,0
257,40,36,3.77,0
257,41,35,3.61,0
257,42,86,3.44,0
257,43,46,3.54,0
257,44,69,3.14,0
258,1,40,3.62,0
258,2,36,3.44,0
258,3,47,3.34,0
258,4,45,3.56,0
258,5,84,3.03,1
258,6,56,3.49,0
258,7,51,3.33,0
258,8,47,3.53,0
258,9,54,3.44,0
258,10,42,3.83,0
258,11,43,3.38,0
258,12,37,3.56,0
258,13,57,3.27,0
258,14,138,3.05,1
258,15,47,3.37,0
258,16,38,3.69,0
258,17,55,3.39,0
258,18,41,3.38,0
258,19,39,3.26,0
258,20,93,2.75,1
258,21,44,3.38,0
258,22,40,3.54,0
258,23,44,3.62,0
258,24,46,3.35,0
258,25,47,3.62,0
258,26,43,3.49,0
258,27,54,3.48,0
258,28,36,3.55,0
258,29,38,3.75,0
258,30,37,3.76,0
258,31,54,2.92,1
258,32,37,3.45,0
258,33,50,3.17,0
258,34,40,3.62,0
258,35,89,3.58,0
258,36,41,3.22,0
258,37,35,3.68,0
258,38,63,2.99,1
258,39,40,3.53,0
258,40,43,3.48,0
258,41,44,3.43,0
258,42,81,3.58,0
258,43,41,3.39,0
258,44,58,3.74,0
259,1,35,3.29,0
259,2,31,3.48,0
259,3,47,2.95,1
259,4,44,3.4,0
259,5,60,3.58,0
259,6,61,3.1,1
259,7,41,3.31,0
259,8,43,2.95,1
259,9,40,3.12,0
259,10,39,3.49,0
259,11,40,3.18,0
259,12,38,3.78,0
259,13,50,2.81,1
259,14,139,2.64,1
259,15,33,3.41,0
259,16,36,3.6,0
259,17,29,3.89,0
259,18,37,3.52,0
259,19,32,3.83,0
259,20,53,3.33,0
259,21,36,3.57,0
259,22,47,3.14,1
259,23,28,3.79,0
259,24,32,3.47,0
259,25,36,3.58,0
259,26,31,3.59,0
259,27,50,2.97,1
259,28,36,3.31,0
259,29,33,3.2,0
259,30,32,3.42,0
259,31,24,3.29,0
259,32,29,3.76,0
259,33,26,3.68,0
259,34,32,3.66,0
259,35,73,3.95,0
259,36,29,3.63,0
259,37,27,3.68,0
259,38,41,3.46,0
259,39,23,3.7,0
259,40,26,3.31,0
259,41,33,3.05,1
259,42,69,3.51,0
259,43,34,3.21,0
259,44,51,3.4,0
260,1,35,3.33,0
260,2,31,3.65,0
260,3,40,3,1
260,4,41,3.54,0
260,5,53,3.69,0
260,6,41,3.16,0
260,7,57,2.89,1
260,8,42,3.42,0
260,9,39,3.81,0
260,10,33,3.51,0
260,11,38,3.47,0
260,12,43,3.2,0
260,13,41,3.25,0
260,14,126,3.23,0
260,15,35,3.56,0
260,16,39,3.39,0
260,17,45,3.68,0
260,18,38,3.43,0
260,19,38,3.21,0
260,20,60,3.36,0
260,21,35,3.28,0
260,22,40,3.47,0
260,23,31,3.7,0
260,24,28,3.43,0
260,25,50,2.94,1
260,26,31,3.87,0
260,27,57,2.67,1
260,28,32,3.07,0
260,29,31,3.77,0
260,30,37,3.32,0
260,31,27,3.73,0
260,32,32,3.48,0
260,33,43,3.43,0
260,34,32,3.19,0
260,35,75,3.6,0
260,36,28,3.67,0
260,37,31,3.63,0
260,38,44,3.44,0
260,39,32,3.65,0
260,40,33,3.18,0
260,41,31,3.37,0
260,42,73,3.37,0
260,43,30,3.6,0
260,44,47,3.74,0
261,1,42,3.9,0
261,2,40,3.43,0
261,3,41,3.24,0
261,4,45,3.27,0
261,5,55,3.58,0
261,6,49,3.4,0
261,7,47,3.57,0
261,8,51,3.62,0
261,9,45,3.37,0
261,10,41,3.57,0
261,11,53,3.37,0
261,12,38,3.66,0
261,13,56,3.33,0
261,14,129,3.56,0
261,15,49,3.57,0
261,16,50,3.33,0
261,17,47,3.61,0
261,18,49,3.59,0
261,19,44,3.43,0
261,20,68,3.43,0
261,21,42,3.31,0
261,22,44,3.37,0
261,23,45,3.35,0
261,24,36,3.75,0
261,25,51,3.48,0
261,26,57,3.13,1
261,27,60,3.58,0
261,28,40,3.86,0
261,29,46,3.18,0
261,30,36,4.01,0
261,31,35,3.79,0
261,32,42,3.44,0
261,33,46,3.56,0
261,34,39,3.51,0
261,35,105,3.06,0
261,36,31,3.62,0
261,37,43,3.39,0
261,38,62,3.52,0
261,39,35,3.51,0
261,40,39,3.29,0
261,41,32,3.47,0
261,42,83,3.68,0
261,43,35,3.52,0
261,44,69,3.51,0
262,1,40,3.2,0
262,2,38,3.45,0
262,3,46,3.88,0
262,4,54,3.25,0
262,5,68,3.58,0
262,6,43,3.56,0
262,7,47,3.49,0
262,8,45,3.36,0
262,9,46,3.73,0
262,10,38,3.5,0
262,11,48,3.5,0
262,12,41,3.71,0
262,13,52,3.58,0
262,14,113,3.52,0
262,15,36,3.53,0
262,16,70,2.8,1
262,17,41,3.61,0
262,18,44,3.44,0
262,19,40,3.59,0
262,20,52,3.48,0
262,21,47,3.05,0
262,22,50,3.52,0
262,23,49,3.67,0
262,24,41,3.54,0
262,25,43,3.54,0
262,26,34,3.43,0
262,27,43,3.64,0
262,28,42,3.22,0
262,29,42,3.69,0
262,30,43,3.51,0
262,31,42,3.46,0
262,32,42,3.15,0
262,33,43,3.49,0
262,34,42,3.26,0
262,35,92,3.53,0
262,36,36,3.46,0
262,37,37,3.67,0
262,38,48,3.92,0
262,39,36,3.78,0
262,40,31,3.55,0
262,41,32,3.59,0
262,42,102,3.5,0
262,43,32,3.49,0
262,44,77,3.22,0
263,1,41,3.43,0
263,2,36,3.66,0
263,3,31,3.64,0
263,4,47,3.67,0
263,5,56,3.76,0
263,6,44,3.19,0
263,7,40,3.72,0
263,8,43,3.4,0
263,9,42,3.76,0
263,10,34,3.29,0
263,11,44,3.36,0
263,12,41,3.49,0
263,13,41,3.52,0
263,14,112,3.74,0
263,15,56,2.97,1
263,16,49,3.07,1
263,17,44,3.56,0
263,18,46,3.31,0
263,19,39,3.52,0
263,20,68,3.46,0
263,21,46,3.54,0
263,22,42,2.83,1
263,23,38,3.66,0
263,24,38,3.6,0
263,25,37,3.28,0
263,26,42,3.19,0
263,27,39,3.5,0
263,28,38,3.52,0
263,29,34,3.4,0
263,30,35,3.06,0
263,31,33,3.2,0
263,32,39,3.21,0
263,33,48,3.1,0
263,34,38,3.45,0
263,35,107,2.78,1
263,36,29,3.61,0
263,37,33,3.52,0
263,38,52,3.48,0
263,39,32,3.44,0
263,40,28,3.57,0
263,41,36,3.44,0
263,42,89,3.85,0
263,43,37,3.62,0
263,44,50,3.34,0
264,1,54,2.84,1
264,2,37,3.37,0
264,3,38,3.35,0
264,4,43,3.42,0
264,5,64,3.47,0
264,6,41,3.47,0
264,7,55,2.93,1
264,8,40,3.7,0
264,9,51,3.67,0
264,10,44,3.22,0
264,11,41,3.35,0
264,12,44,3.2,0
264,13,44,3.46,0
264,14,99,3.47,0
264,15,57,3.03,1
264,16,37,3.61,0
264,17,48,3.53,0
264,18,43,3.85,0
264,19,39,3.54,0
264,20,66,3.51,0
264,21,63,2.85,1
264,22,40,3.38,0
264,23,33,3.43,0
264,24,43,3.32,0
264,25,45,3.39,0
264,26,36,3.44,0
264,27,43,3.54,0
264,28,35,3.67,0
264,29,34,3.51,0
264,30,37,3.51,0
264,31,33,3.55,0
264,32,36,3.22,0
264,33,36,3.54,0
264,34,36,3.48,0
264,35,83,3.44,0
264,36,52,2.79,1
264,37,34,3.62,0
264,38,67,3.49,0
264,39,39,3.54,0
264,40,34,3.11,0
264,41,33,3.46,0
264,42,87,3.48,0
264,43,34,3.7,0
264,44,60,3.62,0
265,1,40,3.64,0
265,2,59,3.48,0
265,3,47,3.56,0
265,4,41,3.76,0
265,5,69,3.59,0
265,6,55,3.43,0
265,7,53,3.51,0
265,8,50,3.31,0
265,9,47,3.28,0
265,10,56,3.71,0
265,11,49,3.47,0
265,12,55,3.7,0
265,13,52,3.48,0
265,14,156,3.46,0
265,15,49,3.49,0
265,16,53,3.7,0
265,17,55,3.56,0
265,18,65,3.38,0
265,19,53,3.45,0
265,20,64,3.69,0
265,21,45,3.55,0
265,22,57,3.38,0
265,23,43,3.4,0
265,24,44,3.7,0
265,25,58,3.73,0
265,26,48,3.68,0
265,27,57,3.43,0
265,28,48,3.41,0
265,29,37,3.38,0
265,30,40,3.79,0
265,31,54,3.08,1
265,32,44,3.29,0
265,33,58,3.45,0
265,34,42,3.16,0
265,35,96,3.53,0
265,36,42,3.2,0
265,37,41,3.56,0
265,38,54,3.36,0
265,39,41,3.37,0
265,40,43,3.43,0
265,41,40,3.62,0
265,42,132,3.09,1
265,43,44,3.45,0
265,44,63,3.48,0
266,1,48,2.63,1
266,2,34,3.66,0
266,3,34,3.27,0
266,4,45,3.39,0
266,5,77,2.73,1
266,6,53,3.13,1
266,7,37,3.82,0
266,8,39,3.41,0
266,9,44,3.38,0
266,10,35,3.41,0
266,11,36,3.5,0
266,12,37,3.75,0
266,13,36,3.56,0
266,14,112,3.69,0
266,15,43,3.23,0
266,16,36,3.67,0
266,17,35,3.36,0
266,18,43,3.48,0
266,19,31,3.72,0
266,20,54,3.49,0
266,21,33,3.4,0
266,22,40,3.27,0
266,23,36,3.28,0
266,24,36,3.41,0
266,25,42,3.42,0
266,26,33,3.83,0
266,27,36,3.65,0
266,28,31,3.83,0
266,29,33,3.51,0
266,30,29,3.72,0
266,31,34,3.48,0
266,32,34,3.59,0
266,33,38,3.43,0
266,34,31,3.59,0
266,35,65,3.4,0
266,36,30,3.78,0
266,37,32,3.78,0
266,38,45,3.48,0
266,39,34,3.51,0
266,40,31,3.7,0
266,41,31,3.58,0
266,42,99,2.87,1
266,43,29,3.72,0
266,44,53,3.32,0
267,1,33,4.94,0
267,2,38,4.51,0
267,3,44,4.37,0
267,4,44,4.78,0
267,5,61,4.78,0
267,6,73,4.27,1
267,7,49,5.12,0
267,8,50,4.77,0
267,9,46,5.11,0
267,10,44,4.44,0
267,11,36,4.72,0
267,12,49,4.95,0
267,13,42,4.78,0
267,14,124,4.89,0
267,15,43,5.21,0
267,16,38,4.94,0
267,17,46,4.79,0
267,18,47,4.95,0
267,19,50,5.29,0
267,20,65,5.06,0
267,21,43,4.89,0
267,22,45,4.86,0
267,23,38,5.04,0
267,24,42,4.95,0
267,25,41,4.66,0
267,26,37,5.01,0
267,27,46,4.68,0
267,28,37,4.53,0
267,29,34,5.29,0
267,30,36,5.36,0
267,31,44,4.93,0
267,32,34,5.17,0
267,33,49,4.77,0
267,34,45,4.88,0
267,35,112,3.87,1
267,36,30,5.14,0
267,37,43,5.19,0
267,38,55,4.89,0
267,39,43,3.93,1
267,40,38,5.03,0
267,41,35,5.32,0
267,42,87,4.61,0
267,43,38,4.66,0
267,44,63,4.78,0
268,1,44,5.03,0
268,2,41,4.73,0
268,3,36,5.36,0
268,4,52,3.95,1
268,5,58,4.84,0
268,6,42,4.53,0
268,7,42,4.84,0
268,8,56,4.12,1
268,9,47,5.35,0
268,10,44,4.92,0
268,11,47,5.02,0
268,12,40,4.96,0
268,13,41,5.23,0
268,14,147,3.79,1
268,15,36,4.74,0
268,16,57,3.94,1
268,17,33,5.23,0
268,18,43,5.03,0
268,19,47,3.69,1
268,20,76,3.7,1
268,21,42,4.61,0
268,22,44,4.43,0
268,23,33,5.21,0
268,24,37,5.06,0
268,25,39,4.51,0
268,26,33,4.71,0
268,27,42,4.17,0
268,28,31,4.93,0
268,29,36,4.98,0
268,30,35,4.76,0
268,31,23,5.45,0
268,32,48,4.14,1
268,33,40,5.12,0
268,34,32,4.81,0
268,35,81,4.86,0
268,36,36,4.89,0
268,37,28,4.79,0
268,38,60,4.85,0
268,39,42,3.68,1
268,40,27,4.76,0
268,41,27,4.83,0
268,42,82,4.61,0
268,43,34,4.73,0
268,44,62,4.59,0
269,1,40,5.32,0
269,2,38,5.24,0
269,3,40,4.89,0
269,4,45,4.64,0
269,5,74,4.39,1
269,6,56,4.4,0
269,7,44,4.56,0
269,8,49,3.96,1
269,9,43,4.05,1
269,10,39,4.46,0
269,11,62,3.73,1
269,12,41,5.09,0
269,13,44,4.81,0
269,14,135,4.83,0
269,15,39,4.58,0
269,16,41,5.35,0
269,17,32,4.35,0
269,18,45,4.62,0
269,19,50,4.35,1
269,20,64,4.53,0
269,21,33,4.7,0
269,22,44,4.6,0
269,23,34,4.82,0
269,24,32,4.77,0
269,25,43,4.6,0
269,26,36,5.02,0
269,27,39,5.03,0
269,28,31,4.87,0
269,29,39,4.72,0
269,30,40,4.88,0
269,31,35,5,0
269,32,34,4.18,1
269,33,35,4.87,0
269,34,35,4.96,0
269,35,75,4.75,0
269,36,40,4.7,0
269,37,30,5.04,0
269,38,49,4.51,0
269,39,42,4.18,1
269,40,46,4.32,1
269,41,35,4.61,0
269,42,105,4.74,0
269,43,37,4.83,0
269,44,55,5.01,0
270,1,47,4.66,0
270,2,47,4.63,0
270,3,42,4.74,0
270,4,48,4.44,0
270,5,75,5.08,0
270,6,49,4.55,0
270,7,51,4.81,0
270,8,52,4.93,0
270,9,54,5.08,0
270,10,42,4.81,0
270,11,47,4.93,0
270,12,60,4.16,1
270,13,54,4.87,0
270,14,109,5.08,0
270,15,55,4.15,1
270,16,55,4.33,0
270,17,49,5.09,0
270,18,55,4.96,0
270,19,43,5.09,0
270,20,62,5.15,0
270,21,55,4.07,1
270,22,53,4.81,0
270,23,63,4,1
270,24,60,4.21,1
270,25,49,4.76,0
270,26,44,4.93,0
270,27,64,4.59,0
270,28,49,4.63,0
270,29,50,5.08,0
270,30,45,4.68,0
270,31,44,4.96,0
270,32,38,4.97,0
270,33,55,4.3,1
270,34,45,5.09,0
270,35,92,5.09,0
270,36,40,4.99,0
270,37,38,4.99,0
270,38,57,5.16,0
270,39,34,5.02,0
270,40,41,4.98,0
270,41,38,4.97,0
270,42,109,4.82,0
270,43,33,5.12,0
270,44,71,5.15,0
