agent_ds_commerce/sales_history_train.csv
sku_id,week,units_sold,price,promo_flag
271,1,46,5.07,0
271,2,44,5.01,0
271,3,36,4.67,0
271,4,52,5.03,0
271,5,67,4.95,0
271,6,53,4.82,0
271,7,63,4.1,1
271,8,45,4.79,0
271,9,52,4.86,0
271,10,40,4.94,0
271,11,40,4.96,0
271,12,47,5.16,0
271,13,55,5.03,0
271,14,118,4.6,0
271,15,48,5.17,0
271,16,51,4.86,0
271,17,40,5.09,0
271,18,51,4.44,0
271,19,39,4.9,0
271,20,88,3.73,1
271,21,47,4.84,0
271,22,53,4.94,0
271,23,50,4.75,0
271,24,42,4.78,0
271,25,45,4.87,0
271,26,41,5.21,0
271,27,53,4.46,0
271,28,42,4.75,0
271,29,39,4.85,0
271,30,36,4.87,0
271,31,34,4.6,0
271,32,45,4.76,0
271,33,43,4.85,0
271,34,40,5.07,0
271,35,115,4.99,0
271,36,36,5.24,0
271,37,42,5.26,0
271,38,52,5.06,0
271,39,42,4.96,0
271,40,38,4.36,0
271,41,36,4.75,0
271,42,87,4.9,0
271,43,42,5.14,0
271,44,63,4.88,0
272,1,51,4.53,0
272,2,42,4.99,0
272,3,40,4.64,0
272,4,55,4.37,0
272,5,67,4.69,0
272,6,45,5.22,0
272,7,52,4.78,0
272,8,38,4.68,0
272,9,50,4.94,0
272,10,52,4.59,0
272,11,56,5,0
272,12,39,4.64,0
272,13,54,5.15,0
272,14,116,5.3,0
272,15,50,4.96,0
272,16,48,5.17,0
272,17,42,4.88,0
272,18,45,5.29,0
272,19,42,4.84,0
272,20,70,5.03,0
272,21,46,4.7,0
272,22,59,4.38,0
272,23,42,5,0
272,24,37,4.92,0
272,25,41,4.9,0
272,26,46,4.77,0
272,27,48,4.71,0
272,28,41,4.91,0
272,29,39,4.83,0
272,30,42,5.14,0
272,31,40,4.93,0
272,32,36,4.79,0
272,33,40,4.42,0
272,34,46,4.55,0
272,35,87,4.67,0
272,36,39,4.97,0
272,37,38,4.84,0
272,38,62,4.05,1
272,39,45,3.7,1
272,40,39,5.03,0
272,41,35,4.63,0
272,42,85,4.79,0
272,43,45,4.72,0
272,44,63,4.84,0
273,1,42,5.29,0
273,2,41,4.6,0
273,3,61,4.34,0
273,4,54,5.12,0
273,5,71,4.82,0
273,6,52,4.57,0
273,7,50,4.87,0
273,8,65,4.61,0
273,9,52,5.45,0
273,10,44,5.26,0
273,11,47,4.77,0
273,12,54,4.91,0
273,13,71,3.93,1
273,14,137,5.11,0
273,15,52,4.98,0
273,16,48,4.93,0
273,17,75,4.19,1
273,18,54,5.05,0
273,19,49,5.26,0
273,20,64,4.19,0
273,21,46,4.63,0
273,22,59,4.79,0
273,23,51,5.14,0
273,24,39,5.02,0
273,25,43,5.33,0
273,26,44,4.68,0
273,27,58,5.12,0
273,28,34,5.01,0
273,29,47,4.77,0
273,30,36,5.17,0
273,31,44,5.01,0
273,32,41,4.74,0
273,33,61,4.15,1
273,34,56,5.02,0
273,35,100,4.78,0
273,36,39,4.73,0
273,37,44,4.08,1
273,38,72,4.91,0
273,39,44,4.9,0
273,40,41,4.9,0
273,41,43,4.78,0
273,42,100,4.54,0
273,43,38,5.3,0
273,44,70,5,0
274,1,41,5.24,0
274,2,49,3.97,1
274,3,44,5.16,0
274,4,48,4.81,0
274,5,63,4.51,0
274,6,64,4.24,1
274,7,51,4.67,0
274,8,33,4.77,0
274,9,41,5.16,0
274,10,40,5.1,0
274,11,37,5.16,0
274,12,41,4.74,0
274,13,44,4.91,0
274,14,107,4.98,0
274,15,52,4.44,0
274,16,40,4.88,0
274,17,41,4.9,0
274,18,44,5.13,0
274,19,44,4.9,0
274,20,57,4.63,0
274,21,48,3.68,1
274,22,37,4.9,0
274,23,34,5.05,0
274,24,36,4.97,0
274,25,47,4.68,0
274,26,33,4.85,0
274,27,45,4.86,0
274,28,35,4.6,0
274,29,37,4.76,0
274,30,35,4.71,0
274,31,37,5.2,0
274,32,32,4.79,0
274,33,38,4.85,0
274,34,37,4.8,0
274,35,88,4.67,0
274,36,29,5.24,0
274,37,32,4.66,0
274,38,40,5.16,0
274,39,43,4.19,1
274,40,41,4.04,1
274,41,34,4.86,0
274,42,69,4.68,0
274,43,28,5.01,0
274,44,54,4.74,0
275,1,43,4.99,0
275,2,41,4.93,0
275,3,54,4.89,0
275,4,44,5.02,0
275,5,58,5.23,0
275,6,44,5.42,0
275,7,39,5.25,0
275,8,41,5.09,0
275,9,65,4.08,1
275,10,42,4.98,0
275,11,46,4.89,0
275,12,57,4.07,1
275,13,56,5.02,0
275,14,136,4.82,0
275,15,40,4.81,0
275,16,41,4.59,0
275,17,47,4.92,0
275,18,43,5.07,0
275,19,40,4.93,0
275,20,77,4.79,0
275,21,45,4.64,0
275,22,41,4.74,0
275,23,44,4.88,0
275,24,46,5.2,0
275,25,46,5.01,0
275,26,56,4.27,1
275,27,44,4.86,0
275,28,41,4.95,0
275,29,46,4.08,1
275,30,36,5.09,0
275,31,36,4.88,0
275,32,42,4.71,0
275,33,48,4.71,0
275,34,45,4.98,0
275,35,81,4.87,0
275,36,32,5.14,0
275,37,37,4.98,0
275,38,57,4.81,0
275,39,39,4.79,0
275,40,35,4.91,0
275,41,39,4.77,0
275,42,84,5.14,0
275,43,30,4.96,0
275,44,58,4.93,0
276,1,40,4.98,0
276,2,33,4.95,0
276,3,34,4.59,0
276,4,45,4.62,0
276,5,66,4.33,1
276,6,43,4.8,0
276,7,42,4.98,0
276,8,37,4.95,0
276,9,43,4.61,0
276,10,40,4.55,0
276,11,35,4.61,0
276,12,34,5,0
276,13,47,4.98,0
276,14,106,5.11,0
276,15,55,4.82,0
276,16,37,4.93,0
276,17,36,4.85,0
276,18,54,4.64,0
276,19,36,5.15,0
276,20,48,5.4,0
276,21,37,4.67,0
276,22,45,5.03,0
276,23,39,4.41,0
276,24,47,3.91,1
276,25,36,5.37,0
276,26,32,4.91,0
276,27,41,4.58,0
276,28,31,4.86,0
276,29,32,5.2,0
276,30,36,4.71,0
276,31,46,3.97,1
276,32,35,5.29,0
276,33,38,5.02,0
276,34,31,4.78,0
276,35,109,4.13,1
276,36,38,4.68,0
276,37,32,5.01,0
276,38,48,4.67,0
276,39,31,4.65,0
276,40,34,4.81,0
276,41,33,4.91,0
276,42,98,4.23,1
276,43,33,4.73,0
276,44,50,5.07,0
277,1,43,4.61,0
277,2,37,4.71,0
277,3,40,4.96,0
277,4,40,4.94,0
277,5,53,4.98,0
277,6,47,5.07,0
277,7,45,4.46,0
277,8,48,4.56,0
277,9,43,4.95,0
277,10,49,5.22,0
277,11,41,4.93,0
277,12,42,4.91,0
277,13,49,4.83,0
277,14,124,5.01,0
277,15,36,5.18,0
277,16,42,4.79,0
277,17,42,4.54,0
277,18,42,4.55,0
277,19,42,4.82,0
277,20,53,4.5,0
277,21,43,5.04,0
277,22,46,5.04,0
277,23,41,5.09,0
277,24,42,5.02,0
277,25,57,4.34,1
277,26,37,5.01,0
277,27,39,4.84,0
277,28,35,5.09,0
277,29,37,5.39,0
277,30,35,5.13,0
277,31,39,4.94,0
277,32,34,5.32,0
277,33,42,4.8,0
277,34,29,4.83,0
277,35,97,5.28,0
277,36,40,4.56,0
277,37,36,4.92,0
277,38,59,4.7,0
277,39,36,4.95,0
277,40,34,4.52,0
277,41,38,5.09,0
277,42,113,4.67,0
277,43,35,5.34,0
277,44,65,5.18,0
278,1,39,5.01,0
278,2,46,3.79,1
278,3,44,4.8,0
278,4,38,5.04,0
278,5,48,5.18,0
278,6,42,4.72,0
278,7,39,4.84,0
278,8,43,4.66,0
278,9,42,4.62,0
278,10,55,4.08,1
278,11,42,5.31,0
278,12,40,4.91,0
278,13,42,4.86,0
278,14,105,4.8,0
278,15,35,5.18,0
278,16,42,4.86,0
278,17,43,5.42,0
278,18,47,5.3,0
278,19,33,5.37,0
278,20,69,4.99,0
278,21,33,4.56,0
278,22,39,4.94,0
278,23,39,4.76,0
278,24,36,4.73,0
278,25,39,5.41,0
278,26,37,5.38,0
278,27,43,4.5,0
278,28,39,5.19,0
278,29,39,4.28,0
278,30,34,4.69,0
278,31,31,5.15,0
278,32,27,4.81,0
278,33,38,5.37,0
278,34,36,4.9,0
278,35,79,4.62,0
278,36,35,5.21,0
278,37,43,4.33,1
278,38,49,4.75,0
278,39,38,4.16,1
278,40,37,4.5,0
278,41,32,5.1,0
278,42,74,4.87,0
278,43,32,4.79,0
278,44,49,4.79,0
279,1,38,4.89,0
279,2,38,5.12,0
279,3,46,4.67,0
279,4,46,5.06,0
279,5,59,4.56,0
279,6,53,5.17,0
279,7,58,4.94,0
279,8,41,4.58,0
279,9,47,5.09,0
279,10,40,4.47,0
279,11,38,4.93,0
279,12,49,5.14,0
279,13,41,5.13,0
279,14,122,4.58,0
279,15,45,4.83,0
279,16,36,5.07,0
279,17,50,3.68,1
279,18,47,4.55,0
279,19,37,4.53,0
279,20,56,4.95,0
279,21,36,4.87,0
279,22,47,4.89,0
279,23,41,5.23,0
279,24,35,4.58,0
279,25,52,4.81,0
279,26,41,5.06,0
279,27,45,4.94,0
279,28,34,5.15,0
279,29,39,4.85,0
279,30,34,4.61,0
279,31,36,5.32,0
279,32,33,5.53,0
279,33,41,4.91,0
279,34,48,4.87,0
279,35,83,5.05,0
279,36,32,5.14,0
279,37,34,4.56,0
279,38,51,4.96,0
279,39,37,4.86,0
279,40,49,3.87,1
279,41,34,4.58,0
279,42,77,4.67,0
279,43,43,4.88,0
279,44,62,5.08,0
280,1,19,2.68,0
280,2,16,2.72,0
280,3,15,2.97,0
280,4,20,2.55,0
280,5,25,2.89,0
280,6,23,2.74,0
280,7,16,2.92,0
280,8,17,2.84,0
280,9,20,2.87,0
280,10,17,2.77,0
280,11,15,2.85,0
280,12,20,2.82,0
280,13,22,2.58,0
280,14,50,2.87,0
280,15,23,2.81,0
280,16,17,2.71,0
280,17,21,2.27,1
280,18,20,2.78,0
280,19,24,2.17,1
280,20,30,2.76,0
280,21,19,2.62,0
280,22,19,2.66,0
280,23,17,2.59,0
280,24,15,2.91,0
280,25,19,2.91,0
280,26,19,2.32,1
280,27,20,2.7,0
280,28,14,2.69,0
280,29,12,2.84,0
280,30,15,2.82,0
280,31,13,2.8,0
280,32,15,2.85,0
280,33,17,2.58,0
280,34,17,2.7,0
280,35,35,2.68,0
280,36,12,2.75,0
280,37,15,2.69,0
280,38,23,2.69,0
280,39,13,2.9,0
280,40,13,2.76,0
280,41,15,2.75,0
280,42,34,2.93,0
280,43,13,2.69,0
280,44,25,2.87,0
281,1,12,2.48,0
281,2,11,2.63,0
281,3,14,2.77,0
281,4,14,2.62,0
281,5,17,2.81,0
281,6,22,2.65,0
281,7,18,2.19,1
281,8,15,2.51,0
281,9,14,2.62,0
281,10,16,2.58,0
281,11,15,2.57,0
281,12,16,2.49,0
281,13,18,2.56,0
281,14,41,2.61,0
281,15,17,2.09,1
281,16,13,2.77,0
281,17,15,2.47,0
281,18,14,2.63,0
281,19,14,2.86,0
281,20,20,2.78,0
281,21,16,2.81,0
281,22,14,2.84,0
281,23,13,2.83,0
281,24,12,2.89,0
281,25,15,2.42,1
281,26,14,2.62,0
281,27,14,2.88,0
281,28,14,2.68,0
281,29,12,2.38,0
281,30,19,2.03,1
281,31,14,2.59,0
281,32,10,2.74,0
281,33,14,2.78,0
281,34,15,2.86,0
281,35,27,2.95,0
281,36,14,2.82,0
281,37,12,2.72,0
281,38,16,2.77,0
281,39,10,2.69,0
281,40,11,2.55,0
281,41,11,2.69,0
281,42,31,2.89,0
281,43,17,2.25,1
281,44,18,2.65,0
282,1,23,2.54,0
282,2,29,2.34,1
282,3,19,2.76,0
282,4,24,2.84,0
282,5,32,2.67,0
282,6,35,2.29,1
282,7,27,3,0
282,8,23,2.62,0
282,9,27,2.65,0
282,10,24,2.19,1
282,11,23,2.51,0
282,12,23,2.66,0
282,13,25,2.73,0
282,14,66,2.91,0
282,15,21,2.68,0
282,16,22,2.86,0
282,17,22,2.6,0
282,18,25,2.69,0
282,19,19,2.61,0
282,20,34,2.82,0
282,21,24,2.64,0
282,22,24,2.79,0
282,23,22,2.68,0
282,24,20,2.51,0
282,25,21,2.62,0
282,26,20,2.65,0
282,27,20,2.81,0
282,28,20,2.8,0
282,29,17,2.83,0
282,30,16,2.85,0
282,31,18,2.86,0
282,32,18,2.66,0
282,33,20,2.63,0
282,34,27,2.03,1
282,35,58,2.63,0
282,36,21,2.63,0
282,37,20,2.83,0
282,38,27,2.86,0
282,39,20,2.58,0
282,40,17,2.85,0
282,41,19,2.88,0
282,42,45,2.61,0
282,43,19,2.61,0
282,44,33,2.56,0
283,1,14,2.75,0
283,2,15,2.68,0
283,3,12,2.65,0
283,4,16,2.67,0
283,5,18,2.67,0
283,6,18,2.74,0
283,7,13,2.73,0
283,8,16,2.1,1
283,9,13,2.62,0
283,10,15,2.57,0
283,11,14,2.88,0
283,12,17,3,0
283,13,16,2.45,0
283,14,44,2.62,0
283,15,15,2.47,0
283,16,15,2.63,0
283,17,19,2.29,1
283,18,16,2.49,0
283,19,13,2.96,0
283,20,17,2.57,0
283,21,15,2.53,0
283,22,17,2.3,1
283,23,14,2.94,0
283,24,15,2.65,0
283,25,14,2.89,0
283,26,11,2.85,0
283,27,18,2.84,0
283,28,12,2.58,0
283,29,14,2.71,0
283,30,12,2.85,0
283,31,10,2.77,0
283,32,12,2.52,0
283,33,16,2.72,0
283,34,15,2.19,1
283,35,28,2.7,0
283,36,13,2.76,0
283,37,14,2.22,1
283,38,20,2.23,1
283,39,10,2.66,0
283,40,15,2.3,0
283,41,12,2.52,0
283,42,29,2.67,0
283,43,12,2.69,0
283,44,23,2.03,1
284,1,13,2.66,0
284,2,16,2.59,0
284,3,13,2.71,0
284,4,15,2.79,0
284,5,24,2.76,0
284,6,14,2.64,0
284,7,14,2.64,0
284,8,13,2.86,0
284,9,18,2.14,1
284,10,12,2.56,0
284,11,12,2.82,0
284,12,14,2.78,0
284,13,16,2.54,0
284,14,51,2.32,1
284,15,15,2.23,1
284,16,14,2.62,0
284,17,11,3.08,0
284,18,18,2.42,1
284,19,13,2.59,0
284,20,20,2.87,0
284,21,14,2.59,0
284,22,13,2.77,0
284,23,13,2.65,0
284,24,12,2.74,0
284,25,14,2.59,0
284,26,11,2.93,0
284,27,14,2.95,0
284,28,14,2.69,0
284,29,12,2.69,0
284,30,11,2.73,0
284,31,11,2.8,0
284,32,11,2.77,0
284,33,15,2.32,1
284,34,12,2.76,0
284,35,31,2.74,0
284,36,12,2.69,0
284,37,11,2.6,0
284,38,17,2.67,0
284,39,11,2.77,0
284,40,11,2.79,0
284,41,10,2.85,0
284,42,26,2.53,0
284,43,11,2.8,0
284,44,22,2.56,0
285,1,22,2.14,1
285,2,17,2.77,0
285,3,25,2.29,1
285,4,20,2.86,0
285,5,26,2.63,0
285,6,22,2.9,0
285,7,24,2.62,0
285,8,20,2.84,0
285,9,26,2.68,0
285,10,21,2.53,0
285,11,22,2.14,1
285,12,20,2.9,0
285,13,23,2.75,0
285,14,63,2.64,0
285,15,21,2.88,0
285,16,22,2.55,0
285,17,23,2.65,0
285,18,30,2.15,1
285,19,18,2.47,0
285,20,24,2.46,0
285,21,23,2.28,1
285,22,22,2.74,0
285,23,18,2.62,0
285,24,20,2.55,0
285,25,21,2.82,0
285,26,20,2.62,0
285,27,20,2.83,0
285,28,21,2.22,1
285,29,17,2.67,0
285,30,21,2.19,1
285,31,18,2.86,0
285,32,17,2.47,0
285,33,21,2.92,0
285,34,24,2.56,0
285,35,43,2.55,0
285,36,16,2.54,0
285,37,16,2.63,0
285,38,27,2.62,0
285,39,15,2.74,0
285,40,12,2.68,0
285,41,15,2.83,0
285,42,37,2.58,0
285,43,16,2.84,0
285,44,21,3.03,0
286,1,19,2.67,0
286,2,18,2.79,0
286,3,18,2.97,0
286,4,20,2.78,0
286,5,24,2.49,0
286,6,22,2.23,1
286,7,26,2.03,1
286,8,20,2.94,0
286,9,18,2.77,0
286,10,21,2.61,0
286,11,20,2.76,0
286,12,20,2.87,0
286,13,23,2.67,0
286,14,59,2.62,0
286,15,20,2.75,0
286,16,19,2.65,0
286,17,16,2.58,0
286,18,18,2.87,0
286,19,17,2.9,0
286,20,34,2.52,0
286,21,17,2.75,0
286,22,22,2.65,0
286,23,17,2.86,0
286,24,16,2.61,0
286,25,20,2.73,0
286,26,16,2.68,0
286,27,19,2.68,0
286,28,14,2.44,0
286,29,15,2.58,0
286,30,16,2.63,0
286,31,15,2.7,0
286,32,16,2.67,0
286,33,19,2.24,1
286,34,17,2.69,0
286,35,41,3.04,0
286,36,17,2.56,0
286,37,18,2.8,0
286,38,24,2.66,0
286,39,16,2.75,0
286,40,13,2.88,0
286,41,16,2.48,0
286,42,35,2.93,0
286,43,18,2.69,0
286,44,29,2.71,0
287,1,17,2.76,0
287,2,17,2.78,0
287,3,19,2.64,0
287,4,18,2.45,0
287,5,26,2.44,0
287,6,21,2.84,0
287,7,19,2.81,0
287,8,20,2.7,0
287,9,19,2.42,0
287,10,18,2.57,0
287,11,19,2.58,0
287,12,19,2.84,0
287,13,18,2.63,0
287,14,66,2.21,1
287,15,18,2.78,0
287,16,19,2.63,0
287,17,17,2.65,0
287,18,16,2.75,0
287,19,18,2.65,0
287,20,24,2.84,0
287,21,16,3.13,0
287,22,17,2.85,0
287,23,16,2.71,0
287,24,16,2.82,0
287,25,20,2.67,0
287,26,15,2.64,0
287,27,21,2.75,0
287,28,15,2.78,0
287,29,14,2.77,0
287,30,15,3.03,0
287,31,14,2.74,0
287,32,14,2.63,0
287,33,19,2.63,0
287,34,17,2.77,0
287,35,36,2.82,0
287,36,19,2.42,1
287,37,14,2.64,0
287,38,25,2.47,0
287,39,14,2.73,0
287,40,15,2.6,0
287,41,16,2.63,0
287,42,39,2.75,0
287,43,19,2.32,1
287,44,24,2.54,0
288,1,14,2.62,0
288,2,16,2.61,0
288,3,17,2.4,0
288,4,18,2.56,0
288,5,31,2.75,0
288,6,24,2.07,1
288,7,17,2.81,0
288,8,17,2.84,0
288,9,23,2.68,0
288,10,20,2.69,0
288,11,18,2.88,0
288,12,15,2.89,0
288,13,22,2.85,0
288,14,47,2.66,0
288,15,21,2.37,1
288,16,18,2.61,0
288,17,20,2.82,0
288,18,20,2.87,0
288,19,18,2.63,0
288,20,30,2.55,0
288,21,15,2.75,0
288,22,19,2.72,0
288,23,15,2.61,0
288,24,24,2.27,1
288,25,17,2.5,0
288,26,17,2.35,1
288,27,18,2.54,0
288,28,18,2.81,0
288,29,16,2.87,0
288,30,17,2.74,0
288,31,15,2.54,0
288,32,18,2.31,1
288,33,19,2.64,0
288,34,13,2.71,0
288,35,42,2.63,0
288,36,14,2.69,0
288,37,16,3.12,0
288,38,27,2.73,0
288,39,14,2.82,0
288,40,15,2.78,0
288,41,12,2.5,0
288,42,34,2.66,0
288,43,17,2.59,0
288,44,22,2.94,0
289,1,14,2.97,0
289,2,15,2.58,0
289,3,18,2.75,0
289,4,16,2.73,0
289,5,28,2.39,0
289,6,24,2.35,1
289,7,17,2.6,0
289,8,14,2.89,0
289,9,20,2.76,0
289,10,18,2.7,0
289,11,16,2.71,0
289,12,16,2.86,0
289,13,19,2.77,0
289,14,45,2.85,0
289,15,15,2.81,0
289,16,18,2.93,0
289,17,17,2.88,0
289,18,14,2.83,0
289,19,16,2.84,0
289,20,23,2.61,0
289,21,22,2.23,1
289,22,17,2.65,0
289,23,16,2.7,0
289,24,18,2.39,0
289,25,17,2.7,0
289,26,14,2.72,0
289,27,21,2.33,1
289,28,14,2.7,0
289,29,14,2.68,0
289,30,16,2.58,0
289,31,14,2.77,0
289,32,14,2.65,0
289,33,18,2.58,0
289,34,14,2.86,0
289,35,42,2.86,0
289,36,15,2.84,0
289,37,11,2.5,0
289,38,19,2.98,0
289,39,12,2.6,0
289,40,14,2.79,0
289,41,12,2.8,0
289,42,33,2.75,0
289,43,10,2.68,0
289,44,25,2.58,0
290,1,13,2.82,0
290,2,13,2.79,0
290,3,17,2.11,1
290,4,15,2.42,0
290,5,22,2.75,0
290,6,24,2.1,1
290,7,14,2.63,0
290,8,13,2.78,0
290,9,15,2.97,0
290,10,14,2.69,0
290,11,14,2.6,0
290,12,14,2.67,0
290,13,17,2.27,1
290,14,43,2.4,0
290,15,15,2.84,0
290,16,13,2.82,0
290,17,12,3.06,0
290,18,17,2.84,0
290,19,15,2.7,0
290,20,23,2.62,0
290,21,15,2.98,0
290,22,15,2.87,0
290,23,11,2.61,0
290,24,17,2.73,0
290,25,14,2.9,0
290,26,13,2.69,0
290,27,15,2.6,0
290,28,14,2.66,0
290,29,11,2.71,0
290,30,12,2.49,0
290,31,13,2.38,0
290,32,12,2.64,0
290,33,14,2.45,0
290,34,12,2.56,0
290,35,25,2.56,0
290,36,15,2.34,1
290,37,11,2.78,0
290,38,14,3.02,0
290,39,13,2.78,0
290,40,11,2.56,0
290,41,14,2.8,0
290,42,29,2.66,0
290,43,12,2.75,0
290,44,21,2.73,0
291,1,18,2.04,1
291,2,17,2.67,0
291,3,17,2.2,1
291,4,21,2.14,1
291,5,28,2.35,1
291,6,21,2.42,0
291,7,19,2.75,0
291,8,12,2.8,0
291,9,20,2.98,0
291,10,16,2.68,0
291,11,17,2.67,0
291,12,18,2.71,0
291,13,20,2.72,0
291,14,50,2.76,0
291,15,18,2.59,0
291,16,22,2.63,0
291,17,14,2.78,0
291,18,23,2.06,1
291,19,16,2.69,0
291,20,22,2.69,0
291,21,16,2.52,0
291,22,16,2.65,0
291,23,15,2.79,0
291,24,15,2.69,0
291,25,19,2.48,0
291,26,18,2.17,1
291,27,22,2.64,0
291,28,15,2.66,0
291,29,14,2.61,0
291,30,15,2.82,0
291,31,14,2.71,0
291,32,16,2.72,0
291,33,17,2.61,0
291,34,15,2.71,0
291,35,30,2.66,0
291,36,14,2.65,0
291,37,16,2.93,0
291,38,21,2.88,0
291,39,15,2.6,0
291,40,17,2.64,0
291,41,11,2.83,0
291,42,32,2.54,0
291,43,14,2.66,0
291,44,28,2.59,0
292,1,15,2.41,0
292,2,16,2.56,0
292,3,16,2.68,0
292,4,16,2.76,0
292,5,22,2.66,0
292,6,21,2.2,1
292,7,16,2.66,0
292,8,15,2.63,0
292,9,18,2.75,0
292,10,15,2.65,0
292,11,17,2.7,0
292,12,15,2.51,0
292,13,15,2.69,0
292,14,49,2.92,0
292,15,13,2.72,0
292,16,15,2.75,0
292,17,14,2.54,0
292,18,17,2.66,0
292,19,19,2.3,1
292,20,20,2.68,0
292,21,12,2.74,0
292,22,17,2.82,0
292,23,13,2.9,0
292,24,14,2.64,0
292,25,15,2.67,0
292,26,11,3.03,0
292,27,17,2.33,1
292,28,13,2.63,0
292,29,12,2.51,0
292,30,14,2.73,0
292,31,16,2.3,1
292,32,16,2.93,0
292,33,15,2.42,0
292,34,12,2.66,0
292,35,27,2.83,0
292,36,15,2.8,0
292,37,14,2.61,0
292,38,19,2.68,0
292,39,12,2.66,0
292,40,12,2.95,0
292,41,12,2.78,0
292,42,29,3.13,0
292,43,14,2.68,0
292,44,20,2.71,0
293,1,19,2.7,0
293,2,21,2.73,0
293,3,17,2.68,0
293,4,20,2.72,0
293,5,25,2.42,0
293,6,21,2.79,0
293,7,24,2.67,0
293,8,21,2.51,0
293,9,17,2.43,0
293,10,20,2.45,0
293,11,19,2.77,0
293,12,19,2.62,0
293,13,20,2.73,0
293,14,64,2.57,0
293,15,18,2.63,0
293,16,18,2.68,0
293,17,20,2.93,0
293,18,21,2.31,1
293,19,17,2.77,0
293,20,27,2.91,0
293,21,18,2.6,0
293,22,25,2.18,1
293,23,16,2.55,0
293,24,16,2.59,0
293,25,27,2.31,1
293,26,18,2.7,0
293,27,23,2.78,0
293,28,17,2.68,0
293,29,14,2.65,0
293,30,15,2.79,0
293,31,22,2.11,1
293,32,15,2.58,0
293,33,19,2.53,0
293,34,17,2.62,0
293,35,51,2.37,1
293,36,17,3.08,0
293,37,15,2.73,0
293,38,23,2.85,0
293,39,17,2.57,0
293,40,15,2.74,0
293,41,19,2.69,0
293,42,38,2.75,0
293,43,17,2.64,0
293,44,27,2.74,0
294,1,16,4.52,0
294,2,13,4.65,0
294,3,14,4.69,0
294,4,16,4.52,0
294,5,30,4.38,0
294,6,18,4.46,0
294,7,17,4.7,0
294,8,14,4.77,0
294,9,24,4.67,0
294,10,16,4.48,0
294,11,16,3.93,0
294,12,15,4.61,0
294,13,17,4.51,0
294,14,45,4.76,0
294,15,16,4.74,0
294,16,16,4.11,0
294,17,14,4.34,0
294,18,21,3.52,1
294,19,17,4.25,0
294,20,22,4.68,0
294,21,17,4.83,0
294,22,16,4.54,0
294,23,15,4.89,0
294,24,12,4.33,0
294,25,18,4.18,0
294,26,16,4.66,0
294,27,16,4.87,0
294,28,21,3.82,1
294,29,16,4.16,0
294,30,14,4.48,0
294,31,13,4.4,0
294,32,13,4.79,0
294,33,15,4.41,0
294,34,13,4.76,0
294,35,33,4.78,0
294,36,14,4.32,0
294,37,13,4.57,0
294,38,17,4.58,0
294,39,13,4.34,0
294,40,12,4.48,0
294,41,12,4.71,0
294,42,35,4.02,0
294,43,14,4.6,0
294,44,26,4.31,0
