agent_ds_commerce/sales_history_train.csv
sku_id,week,units_sold,price,promo_flag
295,1,12,4.57,0
295,2,11,4.52,0
295,3,13,4.46,0
295,4,17,3.87,1
295,5,21,4.48,0
295,6,14,4.32,0
295,7,17,4.24,0
295,8,12,4.77,0
295,9,19,4.4,0
295,10,16,4.35,0
295,11,15,4.6,0
295,12,15,4.73,0
295,13,14,4.47,0
295,14,39,4.52,0
295,15,16,3.96,1
295,16,13,4.3,0
295,17,15,4.71,0
295,18,16,4.86,0
295,19,15,4.47,0
295,20,20,4.63,0
295,21,16,4.52,0
295,22,17,4.27,0
295,23,14,4.32,0
295,24,14,4.2,0
295,25,15,4.38,0
295,26,14,4.73,0
295,27,15,4.45,0
295,28,13,4.82,0
295,29,13,4.22,0
295,30,12,4.41,0
295,31,14,4.65,0
295,32,13,4.75,0
295,33,14,4.21,0
295,34,15,4.42,0
295,35,27,4.52,0
295,36,13,4.57,0
295,37,15,4.36,0
295,38,20,4.72,0
295,39,13,4.58,0
295,40,12,4.45,0
295,41,16,3.87,1
295,42,31,4.33,0
295,43,13,4.92,0
295,44,16,4.85,0
296,1,14,4.79,0
296,2,12,4.63,0
296,3,15,4.18,0
296,4,17,4.5,0
296,5,23,4.72,0
296,6,19,4.8,0
296,7,17,4.48,0
296,8,17,4.45,0
296,9,14,4.53,0
296,10,15,4.41,0
296,11,14,4.67,0
296,12,16,4.68,0
296,13,20,4.3,0
296,14,44,4.6,0
296,15,15,4.59,0
296,16,14,4.41,0
296,17,16,4.52,0
296,18,16,4.19,0
296,19,16,4.41,0
296,20,22,4.66,0
296,21,14,4.57,0
296,22,18,4.64,0
296,23,17,5.02,0
296,24,14,4.61,0
296,25,14,4.15,0
296,26,13,4.54,0
296,27,22,4.03,1
296,28,12,4.56,0
296,29,13,4.48,0
296,30,16,4.36,0
296,31,12,4.4,0
296,32,16,3.74,1
296,33,15,4.54,0
296,34,13,4.41,0
296,35,36,4.36,0
296,36,12,4.73,0
296,37,14,4.57,0
296,38,18,4.19,0
296,39,13,4.69,0
296,40,13,4.71,0
296,41,12,4.39,0
296,42,34,4.32,0
296,43,13,4.67,0
296,44,22,4.19,0
297,1,17,4.46,0
297,2,17,4.35,0
297,3,14,4.48,0
297,4,19,4.62,0
297,5,25,4.16,0
297,6,20,4.68,0
297,7,18,4.43,0
297,8,18,4.09,0
297,9,21,4.34,0
297,10,19,4.59,0
297,11,21,4.54,0
297,12,17,4.3,0
297,13,20,4.54,0
297,14,50,4.51,0
297,15,17,4.8,0
297,16,20,3.88,1
297,17,19,4.53,0
297,18,19,4.59,0
297,19,25,3.47,1
297,20,24,4.09,0
297,21,20,3.42,1
297,22,20,3.75,1
297,23,17,4.76,0
297,24,20,3.56,1
297,25,19,4.46,0
297,26,13,4.48,0
297,27,20,4.47,0
297,28,19,3.5,1
297,29,17,4.3,0
297,30,14,4.39,0
297,31,15,4.83,0
297,32,14,4.25,0
297,33,22,4.26,0
297,34,17,4.52,0
297,35,33,4.28,0
297,36,18,3.56,1
297,37,14,4.13,0
297,38,21,4.48,0
297,39,16,4.46,0
297,40,14,4.43,0
297,41,13,4.37,0
297,42,36,4.62,0
297,43,16,4.2,0
297,44,24,4.36,0
298,1,15,4.37,0
298,2,18,3.81,1
298,3,19,3.89,1
298,4,14,4.45,0
298,5,18,4.42,0
298,6,21,3.9,1
298,7,16,4.25,0
298,8,22,3.6,1
298,9,14,4.81,0
298,10,18,3.89,1
298,11,14,4.42,0
298,12,17,4.55,0
298,13,16,4.32,0
298,14,53,3.42,1
298,15,17,4.49,0
298,16,17,4.48,0
298,17,15,3.94,1
298,18,20,4.67,0
298,19,12,4.74,0
298,20,23,4.38,0
298,21,12,4.3,0
298,22,18,4.46,0
298,23,17,4.68,0
298,24,17,4.56,0
298,25,13,4.69,0
298,26,12,4.45,0
298,27,17,4.54,0
298,28,14,4.5,0
298,29,12,4.72,0
298,30,12,4.66,0
298,31,11,4.77,0
298,32,15,5,0
298,33,11,4.73,0
298,34,13,4.29,0
298,35,26,4.37,0
298,36,11,4.62,0
298,37,13,4.29,0
298,38,19,4.44,0
298,39,11,4.51,0
298,40,19,3.47,1
298,41,10,4.54,0
298,42,30,4.82,0
298,43,12,4.62,0
298,44,29,3.38,1
299,1,15,4.55,0
299,2,13,4.57,0
299,3,14,4.68,0
299,4,15,4.31,0
299,5,21,4.55,0
299,6,15,4.5,0
299,7,14,4.66,0
299,8,15,4.86,0
299,9,15,4.23,0
299,10,17,4.34,0
299,11,14,4.52,0
299,12,18,3.81,1
299,13,18,3.78,1
299,14,46,4.45,0
299,15,15,4.36,0
299,16,14,4.66,0
299,17,16,4.41,0
299,18,14,4.7,0
299,19,12,4.64,0
299,20,19,4.45,0
299,21,12,4.52,0
299,22,16,4.44,0
299,23,12,4.49,0
299,24,14,4.61,0
299,25,13,4.51,0
299,26,11,4.56,0
299,27,16,4.28,0
299,28,13,4.04,0
299,29,14,4.34,0
299,30,13,4.99,0
299,31,14,4.76,0
299,32,12,4.86,0
299,33,16,3.92,1
299,34,16,3.74,1
299,35,30,4.24,0
299,36,13,4.45,0
299,37,15,4.57,0
299,38,19,4.34,0
299,39,14,4.59,0
299,40,12,4.25,0
299,41,13,4.56,0
299,42,27,4.79,0
299,43,13,4.34,0
299,44,21,4.53,0
300,1,16,4.53,0
300,2,16,4.18,0
300,3,20,4.66,0
300,4,16,4.47,0
300,5,22,4.44,0
300,6,20,4.81,0
300,7,21,4.83,0
300,8,18,4.59,0
300,9,16,4.46,0
300,10,18,4.22,0
300,11,14,4.79,0
300,12,19,4.39,0
300,13,18,4.69,0
300,14,37,4.59,0
300,15,17,4.39,0
300,16,17,4.43,0
300,17,18,4.53,0
300,18,19,4.39,0
300,19,14,4.36,0
300,20,28,4.67,0
300,21,17,4.74,0
300,22,19,4.56,0
300,23,17,4.9,0
300,24,16,4.59,0
300,25,16,4.7,0
300,26,16,4.52,0
300,27,19,4.84,0
300,28,14,4.37,0
300,29,17,4.49,0
300,30,20,3.59,1
300,31,15,4.5,0
300,32,14,4.31,0
300,33,16,4.66,0
300,34,13,4.41,0
300,35,35,4.35,0
300,36,12,4.52,0
300,37,14,4.44,0
300,38,19,4.57,0
300,39,15,4.22,0
300,40,14,4.43,0
300,41,14,4.78,0
300,42,35,4.28,0
300,43,14,4.49,0
300,44,30,3.88,1
301,1,14,4.64,0
301,2,17,4.79,0
301,3,15,3.96,0
301,4,16,4.46,0
301,5,25,4.13,0
301,6,21,4.28,0
301,7,22,4.44,0
301,8,23,3.92,1
301,9,18,4.57,0
301,10,19,3.98,0
301,11,14,4.24,0
301,12,18,4.62,0
301,13,20,4.47,0
301,14,44,4.45,0
301,15,17,4.55,0
301,16,17,4.84,0
301,17,16,4.27,0
301,18,17,4.64,0
301,19,18,4.13,0
301,20,24,4.24,0
301,21,14,4.9,0
301,22,15,4.34,0
301,23,15,4.38,0
301,24,15,4.56,0
301,25,17,3.61,1
301,26,17,4.39,0
301,27,19,4.45,0
301,28,16,4.87,0
301,29,13,4.79,0
301,30,14,4.36,0
301,31,12,4.4,0
301,32,14,4.87,0
301,33,18,4.61,0
301,34,15,4.6,0
301,35,32,4.62,0
301,36,17,4.3,0
301,37,14,4.45,0
301,38,21,4.56,0
301,39,13,4.64,0
301,40,15,4.32,0
301,41,14,4.46,0
301,42,30,4.58,0
301,43,13,4.78,0
301,44,26,4.68,0
302,1,14,4.57,0
302,2,14,4.4,0
302,3,14,4.24,0
302,4,19,4.58,0
302,5,29,3.54,1
302,6,18,4.59,0
302,7,17,4.41,0
302,8,15,4.4,0
302,9,17,4.49,0
302,10,15,4.72,0
302,11,16,4.36,0
302,12,17,4.46,0
302,13,15,4.7,0
302,14,49,4.62,0
302,15,13,5.05,0
302,16,12,4.29,0
302,17,13,4.36,0
302,18,16,4.48,0
302,19,16,4.29,0
302,20,22,4.55,0
302,21,14,4.43,0
302,22,16,4.29,0
302,23,14,4.51,0
302,24,14,4.07,0
302,25,15,4.77,0
302,26,17,4.03,1
302,27,16,4.84,0
302,28,17,4.37,0
302,29,13,4.68,0
302,30,13,4.58,0
302,31,13,4.33,0
302,32,12,4.58,0
302,33,19,4.34,0
302,34,19,3.52,1
302,35,38,4.2,0
302,36,13,4.43,0
302,37,12,4.39,0
302,38,21,4.37,0
302,39,13,4.34,0
302,40,14,3.66,1
302,41,12,4.58,0
302,42,33,4.43,0
302,43,14,4.46,0
302,44,23,4.16,0
303,1,16,4.51,0
303,2,19,5.06,0
303,3,20,3.54,1
303,4,15,4.34,0
303,5,26,4.38,0
303,6,18,4.49,0
303,7,16,4.65,0
303,8,14,4.44,0
303,9,14,5.1,0
303,10,20,3.89,1
303,11,14,4.66,0
303,12,18,4.56,0
303,13,17,4.79,0
303,14,41,4.9,0
303,15,16,4.49,0
303,16,13,4.46,0
303,17,13,4.89,0
303,18,15,4.75,0
303,19,18,4.64,0
303,20,21,4.55,0
303,21,14,4.22,0
303,22,18,4.69,0
303,23,14,4.32,0
303,24,17,4.24,0
303,25,17,4.5,0
303,26,15,4.61,0
303,27,16,4.4,0
303,28,12,4.52,0
303,29,17,3.54,1
303,30,11,4.5,0
303,31,15,4.34,0
303,32,13,4.71,0
303,33,19,3.46,1
303,34,17,3.93,1
303,35,33,4.49,0
303,36,16,3.63,1
303,37,11,4.25,0
303,38,25,3.74,1
303,39,16,3.87,1
303,40,12,4.72,0
303,41,13,4.8,0
303,42,30,4.69,0
303,43,13,4.21,0
303,44,18,4.75,0
304,1,27,3.46,1
304,2,15,4.8,0
304,3,14,4.52,0
304,4,18,4.88,0
304,5,25,4.47,0
304,6,17,4.65,0
304,7,23,4.53,0
304,8,19,3.62,1
304,9,19,4.51,0
304,10,15,4.15,0
304,11,18,4.53,0
304,12,17,4.84,0
304,13,23,3.49,1
304,14,46,4.73,0
304,15,14,4.61,0
304,16,17,4.64,0
304,17,17,4.26,0
304,18,17,4.2,0
304,19,18,4.42,0
304,20,25,4.39,0
304,21,19,4.19,0
304,22,16,4.41,0
304,23,16,3.96,0
304,24,16,4.35,0
304,25,16,4.35,0
304,26,16,4.35,0
304,27,19,4.63,0
304,28,18,4.2,0
304,29,16,4.42,0
304,30,20,3.71,1
304,31,14,4.16,0
304,32,16,3.88,1
304,33,18,4.72,0
304,34,16,4.42,0
304,35,42,4.58,0
304,36,13,4.59,0
304,37,14,4.33,0
304,38,22,4.48,0
304,39,14,4.34,0
304,40,16,4.63,0
304,41,14,4.62,0
304,42,34,4.67,0
304,43,14,4.78,0
304,44,25,4.76,0
305,1,16,4.54,0
305,2,11,4.51,0
305,3,13,4.43,0
305,4,14,4.2,0
305,5,16,4.24,0
305,6,17,4.58,0
305,7,15,4.28,0
305,8,14,4.55,0
305,9,14,4.26,0
305,10,11,4.45,0
305,11,12,4.33,0
305,12,13,4.21,0
305,13,17,4.53,0
305,14,40,4.07,0
305,15,14,4.89,0
305,16,12,4.12,0
305,17,12,4.18,0
305,18,16,4.54,0
305,19,14,4.58,0
305,20,18,4.65,0
305,21,14,4.38,0
305,22,17,3.92,0
305,23,13,4.36,0
305,24,13,4.55,0
305,25,14,4.54,0
305,26,13,4.69,0
305,27,14,4.49,0
305,28,14,4.21,0
305,29,12,4.71,0
305,30,13,4.43,0
305,31,10,4.66,0
305,32,12,4.22,0
305,33,12,3.93,0
305,34,12,4.66,0
305,35,30,3.86,0
305,36,11,4.68,0
305,37,12,4.09,0
305,38,16,4.69,0
305,39,13,3.72,1
305,40,11,4.73,0
305,41,10,4.4,0
305,42,30,4.3,0
305,43,10,4.75,0
305,44,18,4.12,0
306,1,13,4.22,0
306,2,12,4.33,0
306,3,13,4.52,0
306,4,14,4.63,0
306,5,19,4.57,0
306,6,15,4.53,0
306,7,14,4.33,0
306,8,11,4.82,0
306,9,16,4.76,0
306,10,15,4.97,0
306,11,15,4.43,0
306,12,14,4.72,0
306,13,22,3.53,1
306,14,42,4.47,0
306,15,12,4.6,0
306,16,13,4.22,0
306,17,13,4.66,0
306,18,21,3.6,1
306,19,11,4.58,0
306,20,17,5.13,0
306,21,13,4.89,0
306,22,12,3.88,0
306,23,12,4.39,0
306,24,13,4.94,0
306,25,14,4.09,0
306,26,12,4.78,0
306,27,14,4.62,0
306,28,13,4.49,0
306,29,13,4.35,0
306,30,13,4.43,0
306,31,13,4.68,0
306,32,12,4.31,0
306,33,13,4.21,0
306,34,16,3.43,1
306,35,28,4.39,0
306,36,11,4.44,0
306,37,10,4.07,0
306,38,18,4.27,0
306,39,14,4.01,1
306,40,15,3.76,1
306,41,10,4.26,0
306,42,29,4.05,0
306,43,9,4.15,0
306,44,20,4.73,0
307,1,16,6.27,0
307,2,15,6.09,0
307,3,15,7.15,0
307,4,16,6.88,0
307,5,18,6.94,0
307,6,19,6.33,0
307,7,17,5.93,0
307,8,14,7.21,0
307,9,16,6.76,0
307,10,15,6.63,0
307,11,11,6.9,0
307,12,14,7.29,0
307,13,15,6.56,0
307,14,37,6.08,0
307,15,15,7.13,0
307,16,18,6.81,0
307,17,14,6.25,0
307,18,15,6.71,0
307,19,16,7.56,0
307,20,21,6.5,0
307,21,14,6.88,0
307,22,17,6.56,0
307,23,12,6.9,0
307,24,17,6.72,0
307,25,13,6.27,0
307,26,14,6.56,0
307,27,17,6.72,0
307,28,14,6.59,0
307,29,13,6.9,0
307,30,14,6.85,0
307,31,14,6.8,0
307,32,12,6.38,0
307,33,13,6.53,0
307,34,14,7.23,0
307,35,27,6.57,0
307,36,12,6.84,0
307,37,11,6.71,0
307,38,19,6.71,0
307,39,12,6.87,0
307,40,12,6.85,0
307,41,16,5.13,1
307,42,30,6.59,0
307,43,15,6.18,0
307,44,24,5.67,1
308,1,16,6.51,0
308,2,18,7.06,0
308,3,15,7.07,0
308,4,21,6.71,0
308,5,23,6.5,0
308,6,20,6.63,0
308,7,15,6.77,0
308,8,18,5.89,0
308,9,15,6.61,0
308,10,14,6.55,0
308,11,17,5.74,1
308,12,16,6.94,0
308,13,20,7,0
308,14,50,6.41,0
308,15,17,6.56,0
308,16,18,7.2,0
308,17,14,6.96,0
308,18,19,6.44,0
308,19,21,5.29,1
308,20,22,6.93,0
308,21,19,6.5,0
308,22,20,5.12,1
308,23,20,5.65,1
308,24,14,6.79,0
308,25,14,7.32,0
308,26,16,6.88,0
308,27,21,6.59,0
308,28,13,7.1,0
308,29,13,6.87,0
308,30,13,6.36,0
308,31,14,6.98,0
308,32,13,7.1,0
308,33,14,6.79,0
308,34,15,7.12,0
308,35,31,6.43,0
308,36,18,5.57,1
308,37,11,7.11,0
308,38,21,6.95,0
308,39,14,6.52,0
308,40,10,6.55,0
308,41,13,6.8,0
308,42,37,6.49,0
308,43,15,6.99,0
308,44,22,7.01,0
309,1,18,6.79,0
309,2,15,6.55,0
309,3,17,6.51,0
309,4,18,7.12,0
309,5,31,6.26,0
309,6,23,7.25,0
309,7,19,6.44,0
309,8,18,6.47,0
309,9,21,6.86,0
309,10,16,6.89,0
309,11,16,7.02,0
309,12,17,6.09,0
309,13,19,6.62,0
309,14,48,6.68,0
309,15,23,5.36,1
309,16,15,6.66,0
309,17,14,6.92,0
309,18,19,6.54,0
309,19,17,6.75,0
309,20,24,6.9,0
309,21,14,6.95,0
309,22,17,6.56,0
309,23,17,6.75,0
309,24,15,6.75,0
309,25,17,6.74,0
309,26,18,5.83,0
309,27,17,6.45,0
309,28,14,7.22,0
309,29,17,6.62,0
309,30,17,6.61,0
309,31,14,7.32,0
309,32,14,6.87,0
309,33,19,7.46,0
309,34,18,7.01,0
309,35,37,6.78,0
309,36,17,5.66,1
309,37,14,6.95,0
309,38,19,6.7,0
309,39,18,6.5,0
309,40,19,5.48,1
309,41,15,7.31,0
309,42,39,6.49,0
309,43,12,7.31,0
309,44,24,7.01,0
310,1,21,6.65,0
310,2,20,6.94,0
310,3,21,6.43,0
310,4,23,6.36,0
310,5,34,5.9,1
310,6,33,5.4,1
310,7,21,6.32,0
310,8,24,6.72,0
310,9,22,6.91,0
310,10,22,6.73,0
310,11,22,6.43,0
310,12,19,7.25,0
310,13,21,6.78,0
310,14,65,6.56,0
310,15,19,7.18,0
310,16,23,6.5,0
310,17,22,6.68,0
310,18,22,6.76,0
310,19,19,7.22,0
310,20,31,5.79,0
310,21,19,6.77,0
310,22,22,7.34,0
310,23,25,6,1
310,24,21,7.11,0
310,25,20,6.76,0
310,26,19,6.44,0
310,27,21,7.14,0
310,28,18,6.1,0
310,29,17,7.11,0
310,30,17,6.25,0
310,31,19,6.71,0
310,32,15,6.74,0
310,33,20,6.97,0
310,34,19,6.21,0
310,35,46,6.65,0
310,36,19,5.97,0
310,37,16,6.66,0
310,38,23,6.89,0
310,39,17,6.3,0
310,40,16,6.9,0
310,41,16,7.13,0
310,42,44,6.38,0
310,43,17,6.76,0
310,44,28,6.78,0
311,1,16,6.38,0
311,2,18,6.73,0
311,3,21,5.26,1
311,4,20,6.55,0
311,5,28,7.01,0
311,6,24,6.55,0
311,7,22,7.03,0
311,8,19,6.33,0
311,9,22,6.98,0
311,10,19,7.15,0
311,11,18,5.85,0
311,12,20,6.28,0
311,13,21,7,0
311,14,73,5.21,1
311,15,20,6.51,0
311,16,18,6.61,0
311,17,19,7.4,0
311,18,24,5.58,1
311,19,19,6.69,0
311,20,27,6.92,0
311,21,18,7.54,0
311,22,21,6.93,0
311,23,18,6.47,0
311,24,15,6.38,0
311,25,17,6.72,0
311,26,17,7.48,0
311,27,21,6.7,0
311,28,16,6.85,0
311,29,17,6.84,0
311,30,17,6.78,0
311,31,16,6.1,0
311,32,14,6.52,0
311,33,19,6.49,0
311,34,22,5.55,1
311,35,40,5.64,1
311,36,17,7.14,0
311,37,16,5.85,0
311,38,23,6.76,0
311,39,14,6.76,0
311,40,14,6.01,0
311,41,16,6.71,0
311,42,39,6.25,0
311,43,17,6.39,0
311,44,24,6.91,0
312,1,15,6.56,0
312,2,17,6.55,0
312,3,21,5.17,1
312,4,19,6.7,0
312,5,29,5.64,1
312,6,18,6.91,0
312,7,13,6.71,0
312,8,16,6.92,0
312,9,16,6.63,0
312,10,16,6.92,0
312,11,17,6.53,0
312,12,15,6.19,0
312,13,18,7.11,0
312,14,52,6.76,0
312,15,16,7.21,0
312,16,16,6.91,0
312,17,16,6.52,0
312,18,15,6.66,0
312,19,15,6.2,0
312,20,30,5.85,1
312,21,16,7.23,0
312,22,15,6.53,0
312,23,15,6.46,0
312,24,14,7.39,0
312,25,23,5.24,1
312,26,15,6.45,0
312,27,19,5.85,1
312,28,13,6.91,0
312,29,13,6.44,0
312,30,13,7.05,0
312,31,14,6.48,0
312,32,14,6.52,0
312,33,15,6.65,0
312,34,13,6.32,0
312,35,33,6.89,0
312,36,13,6.76,0
312,37,12,6.33,0
312,38,19,7.2,0
312,39,14,6.8,0
312,40,14,6.82,0
312,41,17,7.82,0
312,42,38,6.86,0
312,43,15,5.7,1
312,44,22,6.93,0
313,1,16,7.11,0
313,2,18,6.97,0
313,3,16,6.85,0
313,4,16,6.78,0
313,5,27,6.93,0
313,6,18,7.02,0
313,7,17,6.49,0
313,8,15,7.41,0
313,9,19,6.77,0
313,10,23,5.79,1
313,11,15,6.78,0
313,12,15,6.56,0
313,13,16,6.92,0
313,14,43,6.73,0
313,15,20,6.85,0
313,16,18,6.91,0
313,17,15,6.88,0
313,18,21,5.19,1
313,19,16,7.15,0
313,20,20,6.28,0
313,21,14,6.82,0
313,22,19,6.81,0
313,23,20,5.39,1
313,24,16,7.19,0
313,25,18,6.98,0
313,26,19,6.52,0
313,27,22,6.06,1
313,28,14,6.57,0
313,29,13,7.56,0
313,30,16,6.77,0
313,31,17,6.89,0
313,32,18,5.84,1
313,33,23,5.96,1
313,34,17,6.87,0
313,35,29,6.47,0
313,36,12,6.27,0
313,37,15,6.29,0
313,38,19,7.55,0
313,39,14,7.14,0
313,40,15,6.4,0
313,41,13,7.02,0
313,42,34,6.24,0
313,43,15,6.39,0
313,44,20,6.41,0
314,1,13,6.39,0
314,2,13,6.42,0
314,3,13,6.73,0
314,4,17,5.43,1
314,5,23,6.53,0
314,6,18,6.58,0
314,7,14,6.74,0
314,8,14,6.26,0
314,9,14,6.23,0
314,10,13,6.19,0
314,11,14,6.67,0
314,12,17,6.41,0
314,13,14,6.62,0
314,14,46,6.81,0
314,15,13,7.08,0
314,16,15,6.77,0
314,17,10,7.06,0
314,18,15,6.28,0
314,19,13,6.89,0
314,20,18,7.27,0
314,21,13,7.36,0
314,22,15,6.67,0
314,23,15,6.71,0
314,24,15,5.93,1
314,25,12,6.92,0
314,26,11,6.43,0
314,27,15,6.92,0
314,28,12,6.97,0
314,29,13,7.2,0
314,30,11,7.16,0
314,31,11,6.87,0
314,32,11,7.09,0
314,33,18,7.07,0
314,34,14,6.09,0
314,35,31,6.77,0
314,36,14,5.83,1
314,37,10,7.11,0
314,38,16,7.05,0
314,39,11,6.53,0
314,40,13,6.78,0
314,41,10,6.6,0
314,42,33,6.62,0
314,43,13,6.43,0
314,44,21,7.34,0
315,1,15,6.79,0
315,2,18,5.22,1
315,3,15,6.55,0
315,4,18,6.84,0
315,5,23,7.45,0
315,6,19,6.67,0
315,7,18,6.82,0
315,8,15,6.72,0
315,9,21,5.78,1
315,10,18,6.36,0
315,11,18,6.63,0
315,12,17,6.77,0
315,13,22,5.27,1
315,14,58,5.47,1
315,15,18,7.01,0
315,16,18,6.68,0
315,17,18,7.02,0
315,18,19,6.5,0
315,19,17,6.67,0
315,20,23,6.94,0
315,21,15,6.64,0
315,22,20,5.91,1
315,23,15,6.71,0
315,24,14,7.09,0
315,25,19,6.72,0
315,26,15,6.74,0
315,27,19,7.04,0
315,28,13,7.12,0
315,29,17,6.73,0
315,30,14,6.63,0
315,31,19,5.27,1
315,32,13,6.91,0
315,33,17,5.89,0
315,34,16,6.72,0
315,35,41,6.32,0
315,36,17,5.35,1
315,37,13,6.64,0
315,38,20,6.02,0
315,39,12,6.26,0
315,40,14,6.57,0
315,41,13,6.94,0
315,42,37,6.61,0
315,43,17,5.63,1
315,44,26,6.32,0
316,1,15,6.56,0
316,2,20,5.57,1
316,3,17,6.48,0
316,4,16,6.19,0
316,5,22,6.73,0
316,6,16,6.49,0
316,7,19,7.01,0
316,8,17,6.7,0
316,9,18,6.47,0
316,10,14,7.35,0
316,11,20,5.53,1
316,12,15,6.48,0
316,13,18,6.84,0
316,14,40,6.5,0
316,15,15,6.67,0
316,16,16,6.68,0
316,17,15,6.95,0
316,18,15,7.01,0
316,19,17,7.04,0
316,20,23,7.36,0
316,21,13,6.79,0
316,22,16,6.74,0
316,23,17,6.65,0
316,24,15,6.18,0
316,25,17,6.96,0
316,26,16,6.44,0
316,27,15,6.72,0
316,28,13,6.88,0
316,29,14,6.81,0
316,30,13,7.06,0
316,31,18,5.15,1
316,32,14,7.17,0
316,33,15,6.65,0
316,34,15,6.97,0
316,35,37,6.86,0
316,36,14,6.6,0
316,37,14,6.54,0
316,38,18,6.49,0
316,39,13,6.33,0
316,40,13,6.42,0
316,41,16,5.26,1
316,42,29,6.62,0
316,43,13,7.28,0
316,44,21,6.74,0
317,1,17,6.71,0
317,2,17,7.06,0
317,3,20,5.15,1
317,4,18,6.42,0
317,5,25,6.36,0
317,6,18,6.66,0
317,7,22,6.46,0
317,8,18,6.8,0
317,9,22,6.42,0
317,10,17,6.37,0
317,11,19,5.49,1
317,12,15,7.11,0
317,13,20,6.99,0
317,14,53,6.49,0
317,15,22,5.99,1
317,16,19,6.75,0
317,17,16,6.57,0
317,18,27,5.12,1
317,19,15,6.53,0
317,20,20,6.68,0
317,21,16,6.83,0
317,22,17,6.82,0
317,23,17,6.9,0
317,24,17,6.97,0
317,25,15,6.85,0
317,26,14,6.75,0
317,27,17,6.49,0
317,28,14,6.97,0
317,29,14,6.61,0
317,30,17,5.7,1
317,31,15,6.65,0
317,32,15,6.84,0
317,33,18,5.36,1
317,34,14,6.82,0
317,35,30,7.1,0
317,36,15,6.71,0
317,37,13,7.04,0
317,38,21,6.45,0
317,39,15,6.53,0
317,40,13,6.55,0
317,41,16,6.56,0
317,42,42,5.38,1
317,43,14,6.26,0
317,44,22,7.32,0
318,1,14,5.76,1
318,2,12,6.17,0
318,3,13,6.68,0
318,4,16,7.33,0
318,5,22,6.02,1
318,6,17,6.36,0
318,7,15,6.53,0
318,8,13,7.01,0
318,9,14,6.86,0
318,10,15,6.95,0
318,11,15,6.45,0
318,12,12,6.41,0
318,13,14,6.49,0
318,14,41,6.29,0
318,15,13,7.13,0
318,16,15,6.48,0
318,17,13,6.38,0
318,18,16,6.51,0
318,19,13,7.35,0
318,20,21,7.03,0
318,21,11,6.77,0
318,22,18,5.49,1
318,23,14,6.61,0
318,24,14,6.98,0
318,25,14,7.12,0
318,26,13,6.5,0
318,27,16,6.46,0
318,28,12,6.07,0
318,29,13,6.32,0
318,30,11,7.06,0
318,31,14,7.01,0
318,32,10,6.44,0
318,33,14,6.58,0
318,34,12,6.57,0
318,35,35,6.62,0
318,36,13,5.84,1
318,37,14,6.37,0
318,38,17,6.94,0
318,39,12,7.28,0
318,40,11,6.76,0
318,41,11,6.83,0
318,42,33,7.07,0
318,43,13,6.34,0
318,44,26,6.66,0
