agent_ds_commerce/sales_history_train.csv
sku_id,week,units_sold,price,promo_flag
319,1,15,6.54,0
319,2,16,6.71,0
319,3,13,6.63,0
319,4,18,7.16,0
319,5,23,7.05,0
319,6,20,6.61,0
319,7,25,5.31,1
319,8,16,6.73,0
319,9,22,7.03,0
319,10,19,7,0
319,11,16,6.65,0
319,12,18,7.36,0
319,13,18,7.07,0
319,14,46,6.82,0
319,15,20,6.32,0
319,16,19,5.28,1
319,17,18,6.49,0
319,18,21,6.41,0
319,19,20,6.15,0
319,20,23,7.01,0
319,21,16,6.72,0
319,22,18,6.49,0
319,23,19,6.34,0
319,24,15,7.11,0
319,25,18,7.11,0
319,26,15,6.6,0
319,27,16,6.67,0
319,28,14,7.67,0
319,29,16,6.54,0
319,30,15,6.89,0
319,31,17,6.78,0
319,32,16,6.33,0
319,33,23,5.61,1
319,34,17,6.57,0
319,35,37,6.57,0
319,36,17,6.63,0
319,37,15,7.11,0
319,38,21,6.66,0
319,39,15,6.66,0
319,40,16,7.2,0
319,41,12,6.5,0
319,42,32,6.87,0
319,43,12,6.71,0
319,44,23,7.09,0
320,1,19,6.28,0
320,2,21,7.11,0
320,3,20,6.91,0
320,4,19,7.01,0
320,5,32,7.46,0
320,6,22,7.08,0
320,7,23,6.84,0
320,8,20,6.56,0
320,9,19,6.7,0
320,10,22,6.7,0
320,11,18,6.52,0
320,12,20,6.24,0
320,13,27,5.67,1
320,14,55,6.94,0
320,15,26,6.74,0
320,16,22,6.86,0
320,17,21,6.16,0
320,18,23,6.38,0
320,19,23,6.24,0
320,20,30,6.9,0
320,21,20,6.34,0
320,22,21,6.65,0
320,23,22,6.85,0
320,24,17,6.72,0
320,25,22,6.53,0
320,26,17,6.9,0
320,27,21,6.66,0
320,28,17,6.47,0
320,29,17,6.74,0
320,30,19,6.83,0
320,31,17,6.59,0
320,32,18,6.6,0
320,33,22,6.8,0
320,34,17,7.4,0
320,35,45,6.8,0
320,36,16,7.47,0
320,37,16,6.97,0
320,38,32,6.77,0
320,39,18,7.24,0
320,40,21,6.57,0
320,41,23,5.2,1
320,42,48,6.94,0
320,43,17,7.07,0
320,44,29,6.21,0
321,1,29,0.49,0
321,2,24,0.44,0
321,3,26,0.43,0
321,4,28,0.46,0
321,5,35,0.43,0
321,6,40,0.43,0
321,7,28,0.47,0
321,8,34,0.47,0
321,9,33,0.42,0
321,10,28,0.47,0
321,11,30,0.43,0
321,12,28,0.45,0
321,13,28,0.45,0
321,14,91,0.45,0
321,15,27,0.48,0
321,16,35,0.48,0
321,17,23,0.45,0
321,18,34,0.47,0
321,19,24,0.43,0
321,20,37,0.42,0
321,21,26,0.42,0
321,22,29,0.46,0
321,23,28,0.47,0
321,24,26,0.43,0
321,25,31,0.45,0
321,26,30,0.46,0
321,27,31,0.5,0
321,28,28,0.45,0
321,29,26,0.4,0
321,30,24,0.44,0
321,31,25,0.4,0
321,32,24,0.43,0
321,33,27,0.48,0
321,34,27,0.44,0
321,35,63,0.44,0
321,36,22,0.52,0
321,37,28,0.45,0
321,38,44,0.48,0
321,39,23,0.45,0
321,40,25,0.43,0
321,41,24,0.44,0
321,42,60,0.48,0
321,43,23,0.46,0
321,44,39,0.43,0
322,1,32,0.47,0
322,2,29,0.45,0
322,3,31,0.43,0
322,4,32,0.46,0
322,5,46,0.44,0
322,6,39,0.47,0
322,7,30,0.44,0
322,8,27,0.44,0
322,9,35,0.48,0
322,10,29,0.4,0
322,11,41,0.34,1
322,12,30,0.44,0
322,13,44,0.49,0
322,14,79,0.42,0
322,15,29,0.46,0
322,16,28,0.43,0
322,17,35,0.42,0
322,18,32,0.44,0
322,19,34,0.46,0
322,20,43,0.49,0
322,21,27,0.46,0
322,22,39,0.46,0
322,23,32,0.43,0
322,24,28,0.47,0
322,25,35,0.42,0
322,26,28,0.45,0
322,27,39,0.47,0
322,28,38,0.37,1
322,29,36,0.36,1
322,30,26,0.45,0
322,31,29,0.45,0
322,32,28,0.46,0
322,33,33,0.48,0
322,34,31,0.48,0
322,35,61,0.46,0
322,36,26,0.45,0
322,37,23,0.39,0
322,38,50,0.38,1
322,39,22,0.44,0
322,40,29,0.35,1
322,41,31,0.39,0
322,42,56,0.42,0
322,43,24,0.42,0
322,44,44,0.45,0
323,1,29,0.42,0
323,2,30,0.45,0
323,3,30,0.42,0
323,4,28,0.46,0
323,5,48,0.48,0
323,6,32,0.45,0
323,7,39,0.42,0
323,8,28,0.43,0
323,9,41,0.47,0
323,10,31,0.46,0
323,11,32,0.47,0
323,12,31,0.4,0
323,13,34,0.4,0
323,14,90,0.44,0
323,15,28,0.45,0
323,16,31,0.44,0
323,17,30,0.46,0
323,18,34,0.42,0
323,19,32,0.42,0
323,20,49,0.48,0
323,21,30,0.43,0
323,22,47,0.38,1
323,23,31,0.45,0
323,24,27,0.47,0
323,25,29,0.46,0
323,26,26,0.47,0
323,27,35,0.4,0
323,28,31,0.48,0
323,29,29,0.47,0
323,30,34,0.4,1
323,31,30,0.44,0
323,32,27,0.49,0
323,33,34,0.42,0
323,34,31,0.48,0
323,35,73,0.43,0
323,36,25,0.43,0
323,37,28,0.41,0
323,38,43,0.43,0
323,39,26,0.4,1
323,40,34,0.44,0
323,41,24,0.46,0
323,42,79,0.48,0
323,43,29,0.48,0
323,44,41,0.45,0
324,1,30,0.47,0
324,2,27,0.41,0
324,3,29,0.43,0
324,4,37,0.36,1
324,5,41,0.45,0
324,6,31,0.46,0
324,7,27,0.51,0
324,8,22,0.47,0
324,9,28,0.45,0
324,10,33,0.38,1
324,11,27,0.46,0
324,12,27,0.47,0
324,13,36,0.47,0
324,14,82,0.46,0
324,15,26,0.5,0
324,16,29,0.42,0
324,17,38,0.34,1
324,18,32,0.49,0
324,19,22,0.42,0
324,20,41,0.49,0
324,21,25,0.45,0
324,22,28,0.46,0
324,23,24,0.45,0
324,24,25,0.44,0
324,25,31,0.43,0
324,26,27,0.44,0
324,27,28,0.45,0
324,28,29,0.42,0
324,29,25,0.45,0
324,30,21,0.44,0
324,31,23,0.41,0
324,32,23,0.45,0
324,33,26,0.45,0
324,34,28,0.45,0
324,35,74,0.37,1
324,36,20,0.47,0
324,37,23,0.44,0
324,38,32,0.47,0
324,39,32,0.36,1
324,40,21,0.46,0
324,41,22,0.4,0
324,42,55,0.44,0
324,43,26,0.44,0
324,44,40,0.42,0
325,1,39,0.35,1
325,2,30,0.45,0
325,3,26,0.47,0
325,4,50,0.36,1
325,5,50,0.46,0
325,6,41,0.49,0
325,7,33,0.43,0
325,8,35,0.46,0
325,9,30,0.46,0
325,10,31,0.44,0
325,11,32,0.41,0
325,12,31,0.42,0
325,13,31,0.41,0
325,14,85,0.45,0
325,15,30,0.43,0
325,16,28,0.45,0
325,17,32,0.44,0
325,18,30,0.45,0
325,19,30,0.43,0
325,20,51,0.43,0
325,21,34,0.37,1
325,22,42,0.35,1
325,23,24,0.45,0
325,24,28,0.49,0
325,25,36,0.45,0
325,26,24,0.45,0
325,27,33,0.4,1
325,28,29,0.42,0
325,29,21,0.46,0
325,30,26,0.44,0
325,31,27,0.41,0
325,32,27,0.46,0
325,33,25,0.47,0
325,34,25,0.43,0
325,35,64,0.44,0
325,36,25,0.41,0
325,37,25,0.43,0
325,38,32,0.47,0
325,39,23,0.41,0
325,40,27,0.46,0
325,41,25,0.42,0
325,42,68,0.43,0
325,43,22,0.47,0
325,44,54,0.47,0
326,1,33,0.43,0
326,2,26,0.43,0
326,3,30,0.47,0
326,4,34,0.47,0
326,5,42,0.44,0
326,6,37,0.37,1
326,7,28,0.46,0
326,8,29,0.49,0
326,9,31,0.45,0
326,10,29,0.44,0
326,11,35,0.4,1
326,12,26,0.42,0
326,13,34,0.4,0
326,14,84,0.48,0
326,15,29,0.47,0
326,16,32,0.46,0
326,17,33,0.43,0
326,18,33,0.4,1
326,19,25,0.46,0
326,20,48,0.39,1
326,21,33,0.46,0
326,22,29,0.5,0
326,23,33,0.47,0
326,24,22,0.52,0
326,25,37,0.35,1
326,26,25,0.46,0
326,27,34,0.45,0
326,28,29,0.47,0
326,29,26,0.44,0
326,30,30,0.42,0
326,31,26,0.49,0
326,32,25,0.45,0
326,33,34,0.49,0
326,34,36,0.39,1
326,35,58,0.42,0
326,36,20,0.48,0
326,37,25,0.44,0
326,38,36,0.45,0
326,39,28,0.44,0
326,40,24,0.47,0
326,41,25,0.46,0
326,42,61,0.45,0
326,43,21,0.42,0
326,44,52,0.38,1
327,1,31,0.36,1
327,2,30,0.39,1
327,3,31,0.47,0
327,4,45,0.4,1
327,5,42,0.45,0
327,6,28,0.4,0
327,7,36,0.39,1
327,8,33,0.44,0
327,9,29,0.46,0
327,10,34,0.36,1
327,11,27,0.46,0
327,12,31,0.47,0
327,13,31,0.46,0
327,14,101,0.39,1
327,15,35,0.47,0
327,16,34,0.45,0
327,17,25,0.47,0
327,18,36,0.46,0
327,19,32,0.47,0
327,20,45,0.49,0
327,21,31,0.47,0
327,22,29,0.44,0
327,23,32,0.4,1
327,24,28,0.46,0
327,25,29,0.46,0
327,26,25,0.47,0
327,27,33,0.52,0
327,28,28,0.45,0
327,29,20,0.46,0
327,30,22,0.49,0
327,31,27,0.43,0
327,32,35,0.4,1
327,33,31,0.45,0
327,34,43,0.34,1
327,35,57,0.51,0
327,36,25,0.45,0
327,37,24,0.48,0
327,38,42,0.46,0
327,39,22,0.44,0
327,40,26,0.49,0
327,41,24,0.45,0
327,42,51,0.43,0
327,43,27,0.44,0
327,44,45,0.45,0
328,1,23,0.45,0
328,2,28,0.42,0
328,3,23,0.47,0
328,4,24,0.43,0
328,5,37,0.45,0
328,6,25,0.49,0
328,7,28,0.44,0
328,8,26,0.44,0
328,9,34,0.43,0
328,10,27,0.45,0
328,11,23,0.43,0
328,12,28,0.43,0
328,13,26,0.48,0
328,14,74,0.46,0
328,15,29,0.47,0
328,16,25,0.45,0
328,17,27,0.43,0
328,18,25,0.45,0
328,19,27,0.43,0
328,20,35,0.46,0
328,21,36,0.35,1
328,22,26,0.49,0
328,23,26,0.41,0
328,24,28,0.36,1
328,25,25,0.42,0
328,26,26,0.48,0
328,27,30,0.49,0
328,28,24,0.48,0
328,29,25,0.44,0
328,30,27,0.46,0
328,31,24,0.41,0
328,32,23,0.43,0
328,33,25,0.48,0
328,34,28,0.44,0
328,35,59,0.34,1
328,36,27,0.37,1
328,37,24,0.46,0
328,38,36,0.45,0
328,39,23,0.44,0
328,40,22,0.45,0
328,41,21,0.44,0
328,42,55,0.4,0
328,43,22,0.44,0
328,44,42,0.46,0
329,1,24,0.45,0
329,2,31,0.38,1
329,3,29,0.44,0
329,4,46,0.39,1
329,5,50,0.44,0
329,6,35,0.44,0
329,7,33,0.46,0
329,8,35,0.38,1
329,9,36,0.36,1
329,10,30,0.42,0
329,11,29,0.45,0
329,12,27,0.49,0
329,13,30,0.47,0
329,14,112,0.34,1
329,15,41,0.36,1
329,16,29,0.46,0
329,17,41,0.4,1
329,18,36,0.5,0
329,19,27,0.44,0
329,20,44,0.36,1
329,21,26,0.45,0
329,22,29,0.45,0
329,23,34,0.45,0
329,24,25,0.46,0
329,25,34,0.42,0
329,26,24,0.45,0
329,27,38,0.43,0
329,28,30,0.42,0
329,29,25,0.47,0
329,30,29,0.43,0
329,31,22,0.46,0
329,32,24,0.47,0
329,33,33,0.45,0
329,34,29,0.46,0
329,35,57,0.46,0
329,36,23,0.44,0
329,37,23,0.48,0
329,38,39,0.46,0
329,39,21,0.47,0
329,40,22,0.45,0
329,41,32,0.39,1
329,42,62,0.43,0
329,43,32,0.39,1
329,44,41,0.46,0
330,1,32,0.43,0
330,2,28,0.43,0
330,3,28,0.42,0
330,4,29,0.45,0
330,5,49,0.43,0
330,6,50,0.35,1
330,7,36,0.44,0
330,8,29,0.45,0
330,9,37,0.44,0
330,10,36,0.47,0
330,11,30,0.43,0
330,12,26,0.46,0
330,13,38,0.46,0
330,14,108,0.45,0
330,15,26,0.46,0
330,16,45,0.38,1
330,17,31,0.5,0
330,18,43,0.47,0
330,19,30,0.46,0
330,20,50,0.42,0
330,21,32,0.44,0
330,22,34,0.44,0
330,23,27,0.46,0
330,24,32,0.47,0
330,25,31,0.41,0
330,26,30,0.45,0
330,27,33,0.5,0
330,28,27,0.47,0
330,29,29,0.49,0
330,30,30,0.37,1
330,31,31,0.41,0
330,32,28,0.48,0
330,33,27,0.47,0
330,34,29,0.45,0
330,35,67,0.47,0
330,36,29,0.4,0
330,37,32,0.46,0
330,38,41,0.46,0
330,39,34,0.35,1
330,40,28,0.43,0
330,41,28,0.49,0
330,42,69,0.45,0
330,43,28,0.44,0
330,44,57,0.36,1
331,1,34,0.41,0
331,2,37,0.49,0
331,3,43,0.38,0
331,4,31,0.5,0
331,5,53,0.35,1
331,6,48,0.45,0
331,7,36,0.44,0
331,8,35,0.45,0
331,9,36,0.5,0
331,10,39,0.45,0
331,11,41,0.44,0
331,12,29,0.47,0
331,13,57,0.38,1
331,14,89,0.46,0
331,15,48,0.45,0
331,16,37,0.4,0
331,17,33,0.45,0
331,18,40,0.46,0
331,19,37,0.46,0
331,20,56,0.48,0
331,21,31,0.45,0
331,22,39,0.43,0
331,23,38,0.43,0
331,24,43,0.48,0
331,25,36,0.45,0
331,26,39,0.43,0
331,27,42,0.44,0
331,28,38,0.46,0
331,29,39,0.4,1
331,30,43,0.46,0
331,31,34,0.47,0
331,32,28,0.51,0
331,33,35,0.46,0
331,34,36,0.46,0
331,35,76,0.48,0
331,36,31,0.46,0
331,37,28,0.42,0
331,38,52,0.39,1
331,39,26,0.43,0
331,40,32,0.47,0
331,41,32,0.48,0
331,42,71,0.48,0
331,43,28,0.47,0
331,44,55,0.4,1
332,1,35,0.46,0
332,2,32,0.48,0
332,3,34,0.44,0
332,4,37,0.45,0
332,5,52,0.43,0
332,6,37,0.47,0
332,7,32,0.43,0
332,8,31,0.45,0
332,9,32,0.5,0
332,10,34,0.45,0
332,11,35,0.41,0
332,12,35,0.47,0
332,13,38,0.45,0
332,14,98,0.46,0
332,15,34,0.45,0
332,16,36,0.46,0
332,17,40,0.36,1
332,18,40,0.42,0
332,19,29,0.48,0
332,20,59,0.36,1
332,21,24,0.48,0
332,22,43,0.34,1
332,23,35,0.44,0
332,24,33,0.43,0
332,25,36,0.47,0
332,26,34,0.45,0
332,27,39,0.47,0
332,28,31,0.44,0
332,29,33,0.47,0
332,30,26,0.46,0
332,31,29,0.45,0
332,32,33,0.47,0
332,33,36,0.44,0
332,34,28,0.46,0
332,35,73,0.44,0
332,36,27,0.45,0
332,37,30,0.46,0
332,38,44,0.48,0
332,39,32,0.42,0
332,40,37,0.37,1
332,41,25,0.46,0
332,42,69,0.47,0
332,43,30,0.4,0
332,44,46,0.49,0
333,1,41,0.45,0
333,2,41,0.42,0
333,3,46,0.49,0
333,4,44,0.43,0
333,5,62,0.42,0
333,6,48,0.45,0
333,7,49,0.36,1
333,8,44,0.41,0
333,9,46,0.44,0
333,10,45,0.43,0
333,11,42,0.45,0
333,12,45,0.44,0
333,13,50,0.46,0
333,14,135,0.47,0
333,15,44,0.48,0
333,16,39,0.44,0
333,17,43,0.45,0
333,18,41,0.43,0
333,19,38,0.4,0
333,20,69,0.45,0
333,21,42,0.47,0
333,22,45,0.36,1
333,23,38,0.47,0
333,24,42,0.45,0
333,25,49,0.45,0
333,26,50,0.45,0
333,27,40,0.48,0
333,28,35,0.44,0
333,29,37,0.46,0
333,30,42,0.4,0
333,31,38,0.39,1
333,32,30,0.45,0
333,33,43,0.4,0
333,34,43,0.46,0
333,35,77,0.43,0
333,36,34,0.43,0
333,37,33,0.51,0
333,38,48,0.47,0
333,39,32,0.42,0
333,40,30,0.45,0
333,41,40,0.44,0
333,42,105,0.43,0
333,43,36,0.44,0
333,44,60,0.46,0
334,1,28,0.55,0
334,2,27,0.52,1
334,3,25,0.67,0
334,4,32,0.59,0
334,5,39,0.59,0
334,6,25,0.61,0
334,7,30,0.64,0
334,8,27,0.55,0
334,9,27,0.67,0
334,10,28,0.63,0
334,11,24,0.56,0
334,12,27,0.6,0
334,13,30,0.66,0
334,14,65,0.62,0
334,15,25,0.61,0
334,16,27,0.61,0
334,17,25,0.61,0
334,18,30,0.57,0
334,19,27,0.65,0
334,20,46,0.59,0
334,21,26,0.61,0
334,22,27,0.58,0
334,23,23,0.56,0
334,24,24,0.63,0
334,25,28,0.63,0
334,26,27,0.61,0
334,27,27,0.61,0
334,28,24,0.65,0
334,29,24,0.58,0
334,30,25,0.62,0
334,31,24,0.61,0
334,32,22,0.59,0
334,33,30,0.63,0
334,34,31,0.46,1
334,35,50,0.6,0
334,36,24,0.59,0
334,37,20,0.63,0
334,38,33,0.58,0
334,39,25,0.6,0
334,40,20,0.54,1
334,41,28,0.47,1
334,42,57,0.61,0
334,43,17,0.58,0
334,44,37,0.56,0
335,1,47,0.49,1
335,2,36,0.5,1
335,3,32,0.59,0
335,4,32,0.64,0
335,5,45,0.6,0
335,6,38,0.61,0
335,7,31,0.58,0
335,8,36,0.64,0
335,9,38,0.61,0
335,10,33,0.57,0
335,11,34,0.56,0
335,12,36,0.6,0
335,13,35,0.57,0
335,14,101,0.59,0
335,15,37,0.55,0
335,16,36,0.6,0
335,17,32,0.64,0
335,18,42,0.56,0
335,19,30,0.6,0
335,20,45,0.62,0
335,21,33,0.6,0
335,22,35,0.63,0
335,23,32,0.6,0
335,24,29,0.6,0
335,25,39,0.54,1
335,26,37,0.55,0
335,27,36,0.61,0
335,28,33,0.49,1
335,29,23,0.6,0
335,30,30,0.6,0
335,31,27,0.58,0
335,32,32,0.6,0
335,33,32,0.59,0
335,34,33,0.63,0
335,35,61,0.68,0
335,36,29,0.56,0
335,37,26,0.64,0
335,38,48,0.61,0
335,39,34,0.5,1
335,40,27,0.62,0
335,41,31,0.6,0
335,42,57,0.55,0
335,43,30,0.62,0
335,44,49,0.63,0
336,1,29,0.59,0
336,2,29,0.59,0
336,3,35,0.58,0
336,4,33,0.61,0
336,5,38,0.56,0
336,6,35,0.59,0
336,7,37,0.6,0
336,8,32,0.58,0
336,9,26,0.62,0
336,10,34,0.63,0
336,11,28,0.63,0
336,12,37,0.54,1
336,13,32,0.62,0
336,14,73,0.63,0
336,15,29,0.59,0
336,16,33,0.56,0
336,17,27,0.64,0
336,18,34,0.55,0
336,19,29,0.6,0
336,20,50,0.57,0
336,21,28,0.63,0
336,22,34,0.6,0
336,23,28,0.57,0
336,24,31,0.63,0
336,25,33,0.6,0
336,26,28,0.59,0
336,27,33,0.61,0
336,28,23,0.54,0
336,29,30,0.6,0
336,30,26,0.52,0
336,31,24,0.56,0
336,32,24,0.62,0
336,33,31,0.63,0
336,34,30,0.57,0
336,35,63,0.64,0
336,36,26,0.59,0
336,37,18,0.66,0
336,38,38,0.63,0
336,39,23,0.63,0
336,40,29,0.62,0
336,41,24,0.59,0
336,42,78,0.59,0
336,43,23,0.65,0
336,44,39,0.63,0
337,1,37,0.61,0
337,2,38,0.59,0
337,3,37,0.6,0
337,4,52,0.48,1
337,5,57,0.57,0
337,6,49,0.61,0
337,7,52,0.54,1
337,8,38,0.64,0
337,9,55,0.51,1
337,10,42,0.56,0
337,11,37,0.58,0
337,12,50,0.52,0
337,13,46,0.61,0
337,14,117,0.61,0
337,15,42,0.62,0
337,16,52,0.5,1
337,17,41,0.61,0
337,18,42,0.6,0
337,19,30,0.6,0
337,20,63,0.6,0
337,21,40,0.6,0
337,22,42,0.64,0
337,23,41,0.59,0
337,24,39,0.61,0
337,25,49,0.63,0
337,26,43,0.54,0
337,27,37,0.58,0
337,28,34,0.56,0
337,29,34,0.58,0
337,30,34,0.53,0
337,31,41,0.63,0
337,32,34,0.6,0
337,33,42,0.6,0
337,34,37,0.63,0
337,35,79,0.68,0
337,36,30,0.58,0
337,37,33,0.59,0
337,38,49,0.57,0
337,39,35,0.55,0
337,40,30,0.59,0
337,41,30,0.59,0
337,42,75,0.61,0
337,43,38,0.59,0
337,44,56,0.59,0
338,1,24,0.6,0
338,2,27,0.6,0
338,3,30,0.61,0
338,4,27,0.57,0
338,5,47,0.49,1
338,6,32,0.63,0
338,7,25,0.59,0
338,8,25,0.58,0
338,9,30,0.62,0
338,10,29,0.6,0
338,11,26,0.61,0
338,12,24,0.6,0
338,13,31,0.6,0
338,14,79,0.63,0
338,15,25,0.6,0
338,16,31,0.47,1
338,17,28,0.62,0
338,18,28,0.61,0
338,19,22,0.57,0
338,20,42,0.63,0
338,21,24,0.54,0
338,22,39,0.47,1
338,23,27,0.6,0
338,24,22,0.62,0
338,25,36,0.45,1
338,26,22,0.62,0
338,27,23,0.61,0
338,28,20,0.59,0
338,29,24,0.63,0
338,30,26,0.6,0
338,31,26,0.58,0
338,32,20,0.66,0
338,33,25,0.61,0
338,34,29,0.58,0
338,35,51,0.58,0
338,36,21,0.6,0
338,37,19,0.58,0
338,38,37,0.63,0
338,39,26,0.62,0
338,40,24,0.51,1
338,41,22,0.7,0
338,42,56,0.6,0
338,43,22,0.61,0
338,44,34,0.59,0
339,1,26,0.62,0
339,2,18,0.6,0
339,3,22,0.64,0
339,4,21,0.62,0
339,5,39,0.62,0
339,6,26,0.61,0
339,7,29,0.65,0
339,8,31,0.59,0
339,9,26,0.62,0
339,10,27,0.64,0
339,11,26,0.61,0
339,12,22,0.62,0
339,13,32,0.54,1
339,14,68,0.54,0
339,15,25,0.57,0
339,16,30,0.48,1
339,17,24,0.58,0
339,18,28,0.59,0
339,19,31,0.6,0
339,20,35,0.62,0
339,21,30,0.61,0
339,22,31,0.59,0
339,23,32,0.46,1
339,24,23,0.57,0
339,25,25,0.57,0
339,26,24,0.6,0
339,27,31,0.61,0
339,28,23,0.62,0
339,29,24,0.58,0
339,30,33,0.5,1
339,31,28,0.6,0
339,32,23,0.62,0
339,33,27,0.58,0
339,34,21,0.6,0
339,35,67,0.58,0
339,36,20,0.58,0
339,37,20,0.66,0
339,38,40,0.5,1
339,39,22,0.57,0
339,40,23,0.56,0
339,41,22,0.63,0
339,42,52,0.6,0
339,43,22,0.6,0
339,44,39,0.63,0
340,1,31,0.53,0
340,2,30,0.58,0
340,3,28,0.67,0
340,4,29,0.65,0
340,5,38,0.64,0
340,6,30,0.58,0
340,7,30,0.55,0
340,8,29,0.6,0
340,9,31,0.58,0
340,10,28,0.53,0
340,11,28,0.62,0
340,12,27,0.58,0
340,13,28,0.62,0
340,14,94,0.53,1
340,15,31,0.6,0
340,16,25,0.61,0
340,17,29,0.54,0
340,18,30,0.66,0
340,19,26,0.54,0
340,20,39,0.57,0
340,21,26,0.62,0
340,22,26,0.62,0
340,23,24,0.6,0
340,24,30,0.59,0
340,25,26,0.59,0
340,26,27,0.6,0
340,27,28,0.61,0
340,28,23,0.6,0
340,29,28,0.6,0
340,30,22,0.62,0
340,31,29,0.5,1
340,32,25,0.6,0
340,33,24,0.57,0
340,34,27,0.57,0
340,35,64,0.56,0
340,36,22,0.58,0
340,37,21,0.62,0
340,38,39,0.48,1
340,39,31,0.48,1
340,40,23,0.46,1
340,41,23,0.6,0
340,42,57,0.63,0
340,43,27,0.53,1
340,44,32,0.58,0
341,1,20,0.61,0
341,2,19,0.65,0
341,3,18,0.63,0
341,4,22,0.63,0
341,5,32,0.64,0
341,6,25,0.66,0
341,7,27,0.59,0
341,8,18,0.65,0
341,9,23,0.55,0
341,10,22,0.49,1
341,11,22,0.59,0
341,12,21,0.63,0
341,13,23,0.64,0
341,14,67,0.63,0
341,15,22,0.63,0
341,16,25,0.52,1
341,17,21,0.55,0
341,18,22,0.6,0
341,19,21,0.63,0
341,20,35,0.59,0
341,21,22,0.6,0
341,22,29,0.49,1
341,23,21,0.57,0
341,24,21,0.62,0
341,25,21,0.61,0
341,26,18,0.61,0
341,27,25,0.64,0
341,28,19,0.61,0
341,29,18,0.56,0
341,30,20,0.62,0
341,31,18,0.61,0
341,32,16,0.59,0
341,33,21,0.62,0
341,34,19,0.55,0
341,35,39,0.66,0
341,36,17,0.56,0
341,37,16,0.61,0
341,38,24,0.63,0
341,39,18,0.64,0
341,40,17,0.66,0
341,41,18,0.61,0
341,42,46,0.51,0
341,43,18,0.59,0
341,44,29,0.61,0
342,1,28,0.6,0
342,2,30,0.49,1
342,3,28,0.55,0
342,4,30,0.55,0
342,5,35,0.6,0
342,6,33,0.6,0
342,7,30,0.56,0
342,8,30,0.54,0
342,9,31,0.6,0
342,10,27,0.55,0
342,11,30,0.66,0
342,12,28,0.61,0
342,13,26,0.61,0
342,14,60,0.6,0
342,15,31,0.65,0
342,16,29,0.63,0
342,17,26,0.61,0
342,18,32,0.52,1
342,19,25,0.58,0
342,20,44,0.62,0
342,21,24,0.59,0
342,22,31,0.59,0
342,23,35,0.53,1
342,24,26,0.55,0
342,25,30,0.6,0
342,26,25,0.64,0
342,27,30,0.65,0
342,28,22,0.63,0
342,29,26,0.65,0
342,30,26,0.56,0
342,31,24,0.63,0
342,32,25,0.56,0
342,33,24,0.59,0
342,34,31,0.6,0
342,35,69,0.54,0
342,36,25,0.56,0
342,37,26,0.63,0
342,38,35,0.61,0
342,39,23,0.6,0
342,40,24,0.58,0
342,41,23,0.61,0
342,42,57,0.62,0
342,43,21,0.63,0
342,44,38,0.65,0
