agent_ds_commerce/sales_history_train.csv
sku_id,week,units_sold,price,promo_flag
343,1,22,0.61,0
343,2,27,0.59,0
343,3,24,0.63,0
343,4,31,0.58,0
343,5,40,0.63,0
343,6,32,0.6,0
343,7,28,0.6,0
343,8,28,0.62,0
343,9,36,0.59,0
343,10,34,0.45,1
343,11,26,0.64,0
343,12,27,0.61,0
343,13,36,0.59,0
343,14,75,0.55,0
343,15,30,0.52,1
343,16,23,0.6,0
343,17,24,0.6,0
343,18,30,0.57,0
343,19,27,0.56,0
343,20,38,0.59,0
343,21,25,0.61,0
343,22,27,0.6,0
343,23,25,0.58,0
343,24,27,0.61,0
343,25,42,0.45,1
343,26,30,0.6,0
343,27,31,0.62,0
343,28,25,0.62,0
343,29,22,0.58,0
343,30,24,0.61,0
343,31,30,0.46,1
343,32,20,0.6,0
343,33,25,0.61,0
343,34,25,0.58,0
343,35,57,0.57,0
343,36,19,0.66,0
343,37,23,0.59,0
343,38,32,0.59,0
343,39,26,0.61,0
343,40,18,0.66,0
343,41,22,0.62,0
343,42,59,0.68,0
343,43,26,0.62,0
343,44,43,0.6,0
344,1,38,0.5,1
344,2,29,0.49,1
344,3,34,0.62,0
344,4,33,0.63,0
344,5,41,0.59,0
344,6,31,0.57,0
344,7,41,0.54,1
344,8,29,0.58,0
344,9,35,0.49,1
344,10,28,0.56,0
344,11,30,0.6,0
344,12,30,0.6,0
344,13,34,0.57,0
344,14,85,0.61,0
344,15,29,0.63,0
344,16,31,0.54,0
344,17,24,0.64,0
344,18,30,0.65,0
344,19,33,0.63,0
344,20,45,0.62,0
344,21,36,0.63,0
344,22,38,0.51,1
344,23,30,0.62,0
344,24,32,0.65,0
344,25,33,0.59,0
344,26,26,0.57,0
344,27,40,0.55,0
344,28,25,0.59,0
344,29,24,0.63,0
344,30,28,0.63,0
344,31,25,0.62,0
344,32,27,0.6,0
344,33,26,0.59,0
344,34,30,0.59,0
344,35,66,0.57,0
344,36,24,0.56,0
344,37,24,0.62,0
344,38,40,0.56,0
344,39,24,0.62,0
344,40,27,0.61,0
344,41,33,0.49,1
344,42,57,0.61,0
344,43,27,0.58,0
344,44,49,0.5,1
345,1,27,0.63,0
345,2,27,0.65,0
345,3,31,0.59,0
345,4,31,0.59,0
345,5,41,0.58,0
345,6,30,0.6,0
345,7,29,0.6,0
345,8,32,0.59,0
345,9,43,0.61,0
345,10,31,0.6,0
345,11,31,0.65,0
345,12,27,0.59,0
345,13,29,0.58,0
345,14,92,0.59,0
345,15,29,0.6,0
345,16,32,0.61,0
345,17,31,0.64,0
345,18,36,0.61,0
345,19,34,0.58,0
345,20,43,0.59,0
345,21,33,0.64,0
345,22,31,0.65,0
345,23,36,0.59,0
345,24,33,0.57,0
345,25,30,0.62,0
345,26,31,0.6,0
345,27,37,0.58,0
345,28,27,0.6,0
345,29,31,0.58,0
345,30,25,0.66,0
345,31,31,0.64,0
345,32,22,0.57,0
345,33,28,0.63,0
345,34,29,0.58,0
345,35,69,0.58,0
345,36,26,0.5,0
345,37,30,0.64,0
345,38,34,0.62,0
345,39,31,0.59,0
345,40,24,0.6,0
345,41,28,0.61,0
345,42,66,0.67,0
345,43,26,0.6,0
345,44,42,0.6,0
346,1,40,0.6,0
346,2,35,0.6,0
346,3,35,0.6,0
346,4,43,0.65,0
346,5,71,0.61,0
346,6,47,0.6,0
346,7,44,0.61,0
346,8,39,0.59,0
346,9,39,0.59,0
346,10,39,0.59,0
346,11,34,0.57,0
346,12,40,0.62,0
346,13,42,0.6,0
346,14,118,0.6,0
346,15,41,0.59,0
346,16,41,0.58,0
346,17,39,0.58,0
346,18,48,0.63,0
346,19,42,0.62,0
346,20,60,0.56,0
346,21,41,0.58,0
346,22,53,0.65,0
346,23,39,0.58,0
346,24,48,0.51,1
346,25,35,0.62,0
346,26,38,0.6,0
346,27,50,0.6,0
346,28,38,0.58,0
346,29,35,0.45,1
346,30,33,0.58,0
346,31,33,0.63,0
346,32,38,0.54,0
346,33,37,0.62,0
346,34,37,0.56,0
346,35,70,0.58,0
346,36,33,0.6,0
346,37,30,0.61,0
346,38,46,0.58,0
346,39,45,0.48,1
346,40,28,0.61,0
346,41,38,0.6,0
346,42,76,0.61,0
346,43,34,0.6,0
346,44,50,0.6,0
347,1,29,0.57,0
347,2,30,0.61,0
347,3,32,0.65,0
347,4,36,0.61,0
347,5,54,0.62,0
347,6,39,0.66,0
347,7,29,0.59,0
347,8,35,0.58,0
347,9,34,0.61,0
347,10,37,0.63,0
347,11,38,0.6,0
347,12,32,0.57,0
347,13,43,0.62,0
347,14,93,0.58,0
347,15,39,0.49,1
347,16,31,0.59,0
347,17,32,0.56,0
347,18,32,0.61,0
347,19,35,0.62,0
347,20,58,0.61,0
347,21,34,0.59,0
347,22,35,0.57,0
347,23,36,0.58,0
347,24,30,0.61,0
347,25,39,0.59,0
347,26,31,0.62,0
347,27,37,0.61,0
347,28,32,0.6,0
347,29,31,0.59,0
347,30,28,0.58,0
347,31,31,0.58,0
347,32,29,0.62,0
347,33,37,0.57,0
347,34,32,0.63,0
347,35,70,0.61,0
347,36,32,0.53,1
347,37,33,0.61,0
347,38,38,0.57,0
347,39,34,0.52,0
347,40,33,0.63,0
347,41,33,0.62,0
347,42,70,0.6,0
347,43,24,0.67,0
347,44,44,0.58,0
348,1,29,0.8,0
348,2,27,0.68,1
348,3,27,0.8,0
348,4,31,0.79,0
348,5,41,0.76,0
348,6,32,0.8,0
348,7,33,0.8,0
348,8,24,0.74,0
348,9,27,0.79,0
348,10,24,0.86,0
348,11,30,0.77,0
348,12,31,0.72,0
348,13,30,0.77,0
348,14,68,0.74,0
348,15,25,0.73,0
348,16,30,0.78,0
348,17,32,0.64,1
348,18,30,0.79,0
348,19,30,0.76,0
348,20,39,0.86,0
348,21,28,0.83,0
348,22,36,0.8,0
348,23,27,0.77,0
348,24,28,0.75,0
348,25,34,0.79,0
348,26,23,0.77,0
348,27,29,0.76,0
348,28,28,0.77,0
348,29,23,0.81,0
348,30,20,0.75,0
348,31,26,0.78,0
348,32,18,0.79,0
348,33,25,0.77,0
348,34,27,0.86,0
348,35,56,0.77,0
348,36,21,0.8,0
348,37,23,0.88,0
348,38,37,0.85,0
348,39,23,0.78,0
348,40,24,0.79,0
348,41,26,0.75,0
348,42,56,0.84,0
348,43,31,0.66,1
348,44,39,0.81,0
349,1,25,0.77,0
349,2,23,0.81,0
349,3,21,0.73,0
349,4,24,0.78,0
349,5,41,0.81,0
349,6,29,0.76,0
349,7,26,0.77,0
349,8,24,0.8,0
349,9,28,0.76,0
349,10,31,0.71,0
349,11,24,0.83,0
349,12,30,0.69,0
349,13,28,0.75,0
349,14,74,0.69,0
349,15,24,0.83,0
349,16,27,0.78,0
349,17,25,0.75,0
349,18,27,0.84,0
349,19,27,0.81,0
349,20,38,0.79,0
349,21,23,0.73,0
349,22,29,0.73,0
349,23,24,0.78,0
349,24,27,0.8,0
349,25,24,0.8,0
349,26,24,0.8,0
349,27,25,0.78,0
349,28,22,0.75,0
349,29,24,0.77,0
349,30,19,0.69,0
349,31,24,0.83,0
349,32,22,0.77,0
349,33,27,0.72,0
349,34,22,0.78,0
349,35,51,0.84,0
349,36,19,0.8,0
349,37,23,0.85,0
349,38,34,0.82,0
349,39,22,0.79,0
349,40,20,0.75,0
349,41,23,0.81,0
349,42,49,0.77,0
349,43,18,0.78,0
349,44,43,0.79,0
350,1,31,0.73,0
350,2,31,0.7,0
350,3,31,0.79,0
350,4,34,0.79,0
350,5,43,0.75,0
350,6,40,0.83,0
350,7,35,0.82,0
350,8,33,0.77,0
350,9,33,0.75,0
350,10,31,0.81,0
350,11,33,0.79,0
350,12,36,0.74,0
350,13,30,0.82,0
350,14,95,0.75,0
350,15,33,0.81,0
350,16,30,0.82,0
350,17,29,0.84,0
350,18,39,0.62,1
350,19,31,0.75,0
350,20,45,0.76,0
350,21,31,0.78,0
350,22,37,0.71,0
350,23,34,0.76,0
350,24,41,0.7,1
350,25,37,0.87,0
350,26,31,0.84,0
350,27,37,0.78,0
350,28,28,0.76,0
350,29,28,0.78,0
350,30,26,0.75,0
350,31,28,0.82,0
350,32,29,0.78,0
350,33,34,0.78,0
350,34,27,0.82,0
350,35,61,0.82,0
350,36,26,0.81,0
350,37,28,0.78,0
350,38,39,0.75,0
350,39,27,0.66,1
350,40,30,0.75,0
350,41,28,0.8,0
350,42,80,0.75,0
350,43,22,0.81,0
350,44,62,0.75,0
351,1,23,0.76,0
351,2,25,0.78,0
351,3,27,0.76,0
351,4,24,0.79,0
351,5,40,0.78,0
351,6,25,0.8,0
351,7,28,0.82,0
351,8,24,0.77,0
351,9,23,0.84,0
351,10,22,0.75,0
351,11,22,0.79,0
351,12,23,0.77,0
351,13,30,0.8,0
351,14,84,0.77,0
351,15,28,0.77,0
351,16,30,0.64,1
351,17,21,0.77,0
351,18,30,0.73,0
351,19,24,0.72,0
351,20,33,0.79,0
351,21,28,0.83,0
351,22,21,0.82,0
351,23,24,0.81,0
351,24,24,0.74,0
351,25,22,0.83,0
351,26,21,0.79,0
351,27,27,0.74,0
351,28,21,0.82,0
351,29,19,0.86,0
351,30,18,0.72,0
351,31,21,0.82,0
351,32,21,0.79,0
351,33,23,0.8,0
351,34,24,0.77,0
351,35,48,0.79,0
351,36,18,0.81,0
351,37,17,0.79,0
351,38,38,0.65,1
351,39,19,0.8,0
351,40,21,0.83,0
351,41,27,0.6,1
351,42,45,0.79,0
351,43,23,0.77,0
351,44,36,0.8,0
352,1,33,0.8,0
352,2,37,0.77,0
352,3,37,0.82,0
352,4,40,0.8,0
352,5,54,0.79,0
352,6,44,0.83,0
352,7,41,0.75,0
352,8,41,0.81,0
352,9,48,0.85,0
352,10,36,0.82,0
352,11,37,0.77,0
352,12,38,0.77,0
352,13,40,0.79,0
352,14,101,0.77,0
352,15,42,0.67,1
352,16,39,0.79,0
352,17,42,0.7,0
352,18,46,0.84,0
352,19,42,0.71,0
352,20,58,0.59,1
352,21,43,0.74,0
352,22,46,0.8,0
352,23,42,0.83,0
352,24,32,0.8,0
352,25,56,0.6,1
352,26,28,0.78,0
352,27,45,0.72,0
352,28,37,0.74,0
352,29,35,0.74,0
352,30,40,0.61,1
352,31,38,0.77,0
352,32,33,0.74,0
352,33,39,0.85,0
352,34,34,0.77,0
352,35,87,0.84,0
352,36,32,0.83,0
352,37,34,0.8,0
352,38,54,0.81,0
352,39,31,0.75,0
352,40,34,0.76,0
352,41,42,0.62,1
352,42,83,0.81,0
352,43,32,0.74,0
352,44,54,0.82,0
353,1,32,0.83,0
353,2,32,0.79,0
353,3,35,0.82,0
353,4,41,0.76,0
353,5,66,0.77,0
353,6,40,0.75,0
353,7,40,0.84,0
353,8,29,0.77,0
353,9,48,0.82,0
353,10,33,0.8,0
353,11,40,0.6,1
353,12,35,0.83,0
353,13,39,0.82,0
353,14,89,0.77,0
353,15,33,0.74,0
353,16,35,0.75,0
353,17,38,0.84,0
353,18,41,0.82,0
353,19,43,0.8,0
353,20,58,0.69,0
353,21,38,0.66,1
353,22,32,0.8,0
353,23,37,0.74,0
353,24,37,0.78,0
353,25,33,0.8,0
353,26,34,0.82,0
353,27,41,0.79,0
353,28,34,0.75,0
353,29,35,0.76,0
353,30,33,0.71,0
353,31,30,0.79,0
353,32,30,0.75,0
353,33,44,0.69,1
353,34,32,0.76,0
353,35,71,0.75,0
353,36,30,0.73,0
353,37,39,0.59,1
353,38,39,0.83,0
353,39,26,0.8,0
353,40,24,0.8,0
353,41,31,0.81,0
353,42,71,0.81,0
353,43,28,0.77,0
353,44,52,0.78,0
354,1,35,0.7,0
354,2,22,0.81,0
354,3,38,0.65,1
354,4,30,0.78,0
354,5,39,0.75,0
354,6,33,0.82,0
354,7,30,0.76,0
354,8,28,0.8,0
354,9,25,0.78,0
354,10,37,0.79,0
354,11,30,0.81,0
354,12,30,0.82,0
354,13,33,0.89,0
354,14,83,0.76,0
354,15,37,0.59,1
354,16,23,0.85,0
354,17,30,0.76,0
354,18,32,0.85,0
354,19,30,0.81,0
354,20,44,0.71,0
354,21,29,0.67,1
354,22,28,0.8,0
354,23,22,0.73,0
354,24,26,0.74,0
354,25,28,0.79,0
354,26,25,0.82,0
354,27,29,0.83,0
354,28,19,0.81,0
354,29,27,0.76,0
354,30,22,0.83,0
354,31,29,0.81,0
354,32,24,0.77,0
354,33,25,0.81,0
354,34,25,0.76,0
354,35,59,0.75,0
354,36,26,0.76,0
354,37,21,0.78,0
354,38,41,0.79,0
354,39,23,0.78,0
354,40,21,0.8,0
354,41,22,0.83,0
354,42,65,0.79,0
354,43,22,0.73,0
354,44,41,0.75,0
355,1,23,0.77,0
355,2,22,0.83,0
355,3,23,0.83,0
355,4,23,0.74,0
355,5,35,0.76,0
355,6,33,0.72,0
355,7,23,0.75,0
355,8,23,0.86,0
355,9,24,0.75,0
355,10,23,0.7,0
355,11,23,0.71,0
355,12,26,0.7,0
355,13,23,0.83,0
355,14,60,0.78,0
355,15,26,0.73,0
355,16,24,0.82,0
355,17,25,0.74,0
355,18,25,0.86,0
355,19,17,0.79,0
355,20,40,0.7,0
355,21,20,0.83,0
355,22,32,0.64,1
355,23,27,0.7,1
355,24,19,0.82,0
355,25,17,0.78,0
355,26,23,0.77,0
355,27,26,0.84,0
355,28,23,0.77,0
355,29,23,0.74,0
355,30,24,0.7,0
355,31,21,0.75,0
355,32,19,0.78,0
355,33,22,0.77,0
355,34,21,0.74,0
355,35,43,0.71,0
355,36,18,0.79,0
355,37,20,0.71,0
355,38,27,0.72,0
355,39,18,0.81,0
355,40,23,0.75,0
355,41,18,0.75,0
355,42,52,0.78,0
355,43,20,0.8,0
355,44,38,0.76,0
356,1,36,0.72,0
356,2,32,0.76,0
356,3,47,0.64,1
356,4,32,0.76,0
356,5,51,0.78,0
356,6,37,0.76,0
356,7,39,0.75,0
356,8,32,0.79,0
356,9,50,0.64,1
356,10,37,0.79,0
356,11,39,0.85,0
356,12,42,0.78,0
356,13,49,0.64,1
356,14,107,0.71,0
356,15,33,0.79,0
356,16,39,0.74,0
356,17,30,0.76,0
356,18,40,0.74,0
356,19,34,0.85,0
356,20,51,0.77,0
356,21,42,0.73,0
356,22,40,0.84,0
356,23,36,0.72,0
356,24,37,0.76,0
356,25,38,0.77,0
356,26,33,0.74,0
356,27,45,0.71,0
356,28,37,0.79,0
356,29,32,0.72,0
356,30,35,0.71,0
356,31,32,0.71,0
356,32,30,0.78,0
356,33,37,0.83,0
356,34,34,0.74,0
356,35,94,0.65,1
356,36,28,0.77,0
356,37,27,0.83,0
356,38,42,0.93,0
356,39,28,0.78,0
356,40,34,0.73,0
356,41,32,0.75,0
356,42,72,0.82,0
356,43,33,0.73,0
356,44,49,0.81,0
357,1,29,0.73,0
357,2,28,0.84,0
357,3,24,0.9,0
357,4,36,0.66,1
357,5,43,0.73,0
357,6,34,0.8,0
357,7,32,0.86,0
357,8,31,0.82,0
357,9,32,0.86,0
357,10,26,0.76,0
357,11,30,0.77,0
357,12,31,0.82,0
357,13,28,0.73,0
357,14,96,0.8,0
357,15,33,0.75,0
357,16,27,0.71,0
357,17,32,0.79,0
357,18,22,0.82,0
357,19,26,0.79,0
357,20,52,0.76,0
357,21,33,0.76,0
357,22,30,0.81,0
357,23,30,0.69,1
357,24,32,0.82,0
357,25,25,0.8,0
357,26,28,0.84,0
357,27,33,0.72,0
357,28,29,0.83,0
357,29,27,0.63,1
357,30,21,0.84,0
357,31,25,0.79,0
357,32,19,0.77,0
357,33,29,0.75,0
357,34,22,0.81,0
357,35,60,0.76,0
357,36,23,0.82,0
357,37,20,0.88,0
357,38,39,0.83,0
357,39,25,0.79,0
357,40,25,0.81,0
357,41,22,0.77,0
357,42,59,0.82,0
357,43,25,0.75,0
357,44,40,0.73,0
358,1,40,0.68,1
358,2,37,0.7,0
358,3,33,0.71,0
358,4,42,0.83,0
358,5,43,0.82,0
358,6,44,0.73,0
358,7,34,0.76,0
358,8,37,0.82,0
358,9,32,0.8,0
358,10,34,0.82,0
358,11,31,0.74,0
358,12,41,0.85,0
358,13,33,0.79,0
358,14,99,0.77,0
358,15,32,0.76,0
358,16,37,0.71,0
358,17,36,0.86,0
358,18,29,0.76,0
358,19,35,0.81,0
358,20,45,0.79,0
358,21,41,0.59,1
358,22,30,0.78,0
358,23,32,0.79,0
358,24,34,0.78,0
358,25,36,0.75,0
358,26,37,0.79,0
358,27,38,0.76,0
358,28,31,0.82,0
358,29,28,0.8,0
358,30,31,0.83,0
358,31,29,0.76,0
358,32,30,0.79,0
358,33,32,0.84,0
358,34,35,0.76,0
358,35,82,0.79,0
358,36,30,0.79,0
358,37,28,0.81,0
358,38,57,0.61,1
358,39,30,0.74,0
358,40,32,0.83,0
358,41,33,0.79,0
358,42,73,0.83,0
358,43,34,0.7,1
358,44,43,0.78,0
359,1,20,0.79,0
359,2,25,0.78,0
359,3,18,0.74,0
359,4,26,0.82,0
359,5,29,0.82,0
359,6,26,0.71,0
359,7,26,0.78,0
359,8,27,0.73,0
359,9,29,0.79,0
359,10,22,0.79,0
359,11,19,0.76,0
359,12,21,0.76,0
359,13,27,0.74,0
359,14,81,0.62,1
359,15,25,0.77,0
359,16,22,0.82,0
359,17,20,0.79,0
359,18,22,0.79,0
359,19,33,0.6,1
359,20,32,0.72,0
359,21,21,0.7,0
359,22,21,0.82,0
359,23,28,0.78,0
359,24,24,0.7,0
359,25,24,0.77,0
359,26,18,0.86,0
359,27,26,0.82,0
359,28,24,0.76,0
359,29,20,0.78,0
359,30,20,0.75,0
359,31,18,0.81,0
359,32,22,0.79,0
359,33,28,0.76,0
359,34,23,0.81,0
359,35,57,0.61,1
359,36,18,0.74,0
359,37,20,0.84,0
359,38,32,0.76,0
359,39,16,0.76,0
359,40,21,0.69,1
359,41,17,0.79,0
359,42,43,0.73,0
359,43,19,0.72,0
359,44,38,0.61,1
360,1,25,0.85,0
360,2,27,0.83,0
360,3,30,0.8,0
360,4,30,0.82,0
360,5,45,0.78,0
360,6,32,0.77,0
360,7,28,0.86,0
360,8,28,0.6,1
360,9,26,0.74,0
360,10,26,0.81,0
360,11,27,0.77,0
360,12,29,0.78,0
360,13,34,0.68,1
360,14,64,0.71,0
360,15,25,0.73,0
360,16,23,0.7,0
360,17,28,0.84,0
360,18,28,0.8,0
360,19,24,0.81,0
360,20,40,0.77,0
360,21,24,0.75,0
360,22,30,0.78,0
360,23,25,0.86,0
360,24,20,0.81,0
360,25,28,0.66,1
360,26,26,0.71,0
360,27,33,0.83,0
360,28,29,0.78,0
360,29,24,0.75,0
360,30,21,0.79,0
360,31,24,0.83,0
360,32,24,0.82,0
360,33,28,0.72,0
360,34,24,0.82,0
360,35,64,0.86,0
360,36,19,0.74,0
360,37,21,0.64,1
360,38,35,0.66,1
360,39,21,0.72,0
360,40,21,0.61,1
360,41,26,0.76,0
360,42,57,0.79,0
360,43,22,0.75,0
360,44,41,0.7,0
361,1,32,1.64,0
361,2,39,1.39,1
361,3,35,1.5,0
361,4,36,1.6,0
361,5,45,1.59,0
361,6,40,1.54,0
361,7,38,1.54,0
361,8,37,1.38,1
361,9,39,1.56,0
361,10,34,1.51,0
361,11,36,1.34,0
361,12,33,1.62,0
361,13,33,1.62,0
361,14,102,1.27,1
361,15,37,1.66,0
361,16,31,1.71,0
361,17,32,1.68,0
361,18,49,1.2,1
361,19,35,1.4,0
361,20,49,1.54,0
361,21,32,1.58,0
361,22,28,1.68,0
361,23,35,1.63,0
361,24,45,1.37,1
361,25,31,1.56,0
361,26,29,1.66,0
361,27,37,1.53,0
361,28,32,1.61,0
361,29,26,1.54,0
361,30,26,1.57,0
361,31,28,1.62,0
361,32,28,1.55,0
361,33,31,1.4,0
361,34,32,1.49,0
361,35,73,1.73,0
361,36,27,1.48,0
361,37,24,1.73,0
361,38,44,1.46,0
361,39,25,1.5,0
361,40,33,1.56,0
361,41,30,1.7,0
361,42,54,1.62,0
361,43,27,1.69,0
361,44,46,1.66,0
362,1,37,1.46,0
362,2,30,1.76,0
362,3,31,1.55,0
362,4,35,1.55,0
362,5,42,1.61,0
362,6,36,1.66,0
362,7,43,1.24,1
362,8,33,1.51,0
362,9,36,1.54,0
362,10,35,1.64,0
362,11,37,1.29,1
362,12,30,1.52,0
362,13,34,1.64,0
362,14,92,1.64,0
362,15,34,1.58,0
362,16,32,1.67,0
362,17,33,1.69,0
362,18,30,1.62,0
362,19,34,1.55,0
362,20,52,1.5,0
362,21,34,1.19,1
362,22,36,1.54,0
362,23,25,1.5,0
362,24,35,1.53,0
362,25,37,1.51,0
362,26,26,1.56,0
362,27,38,1.55,0
362,28,32,1.58,0
362,29,31,1.6,0
362,30,26,1.63,0
362,31,27,1.6,0
362,32,27,1.3,0
362,33,41,1.54,0
362,34,34,1.55,0
362,35,67,1.53,0
362,36,27,1.58,0
362,37,25,1.71,0
362,38,38,1.37,0
362,39,36,1.31,1
362,40,27,1.67,0
362,41,26,1.6,0
362,42,58,1.7,0
362,43,29,1.45,0
362,44,48,1.5,0
363,1,37,1.53,0
363,2,30,1.53,0
363,3,34,1.18,1
363,4,30,1.56,0
363,5,47,1.51,0
363,6,33,1.6,0
363,7,41,1.41,0
363,8,27,1.65,0
363,9,30,1.47,0
363,10,27,1.53,0
363,11,37,1.57,0
363,12,35,1.55,0
363,13,44,1.52,0
363,14,79,1.6,0
363,15,28,1.51,0
363,16,33,1.48,0
363,17,29,1.58,0
363,18,33,1.56,0
363,19,28,1.51,0
363,20,47,1.53,0
363,21,27,1.68,0
363,22,31,1.52,0
363,23,34,1.59,0
363,24,24,1.46,0
363,25,35,1.58,0
363,26,28,1.47,0
363,27,39,1.22,1
363,28,28,1.58,0
363,29,24,1.58,0
363,30,25,1.52,0
363,31,28,1.46,0
363,32,25,1.45,0
363,33,34,1.49,0
363,34,28,1.64,0
363,35,68,1.46,0
363,36,35,1.24,1
363,37,25,1.59,0
363,38,39,1.56,0
363,39,24,1.5,0
363,40,18,1.69,0
363,41,29,1.48,0
363,42,56,1.49,0
363,43,24,1.56,0
363,44,52,1.48,0
364,1,31,1.6,0
364,2,39,1.25,1
364,3,32,1.55,0
364,4,38,1.62,0
364,5,50,1.65,0
364,6,36,1.46,0
364,7,43,1.75,0
364,8,32,1.56,0
364,9,31,1.63,0
364,10,31,1.69,0
364,11,34,1.46,0
364,12,50,1.26,1
364,13,35,1.58,0
364,14,93,1.67,0
364,15,39,1.56,0
364,16,50,1.3,1
364,17,32,1.6,0
364,18,39,1.58,0
364,19,44,1.58,0
364,20,43,1.49,0
364,21,36,1.61,0
364,22,36,1.49,0
364,23,35,1.61,0
364,24,37,1.63,0
364,25,35,1.68,0
364,26,52,1.23,1
364,27,43,1.6,0
364,28,38,1.59,0
364,29,27,1.58,0
364,30,31,1.55,0
364,31,28,1.56,0
364,32,34,1.64,0
364,33,33,1.55,0
364,34,35,1.56,0
364,35,68,1.54,0
364,36,30,1.66,0
364,37,27,1.58,0
364,38,48,1.42,0
364,39,30,1.67,0
364,40,27,1.66,0
364,41,24,1.67,0
364,42,84,1.48,0
364,43,32,1.75,0
364,44,49,1.59,0
365,1,27,1.57,0
365,2,24,1.63,0
365,3,27,1.52,0
365,4,28,1.57,0
365,5,36,1.63,0
365,6,30,1.67,0
365,7,32,1.46,0
365,8,27,1.48,0
365,9,26,1.52,0
365,10,26,1.49,0
365,11,35,1.55,0
365,12,31,1.71,0
365,13,32,1.6,0
365,14,75,1.5,0
365,15,27,1.55,0
365,16,27,1.39,1
365,17,32,1.53,0
365,18,33,1.59,0
365,19,22,1.61,0
365,20,36,1.69,0
365,21,28,1.43,0
365,22,28,1.57,0
365,23,25,1.55,0
365,24,26,1.57,0
365,25,31,1.57,0
365,26,23,1.66,0
365,27,29,1.56,0
365,28,25,1.62,0
365,29,27,1.61,0
365,30,33,1.22,1
365,31,24,1.63,0
365,32,19,1.63,0
365,33,35,1.32,1
365,34,27,1.7,0
365,35,52,1.66,0
365,36,19,1.7,0
365,37,24,1.54,0
365,38,37,1.59,0
365,39,22,1.49,0
365,40,29,1.36,1
365,41,28,1.66,0
365,42,67,1.41,1
365,43,26,1.7,0
365,44,43,1.47,0
366,1,31,1.5,0
366,2,32,1.61,0
366,3,34,1.51,0
366,4,33,1.64,0
366,5,43,1.65,0
366,6,48,1.27,1
366,7,37,1.67,0
366,8,36,1.64,0
366,9,52,1.36,1
366,10,35,1.6,0
366,11,39,1.48,0
366,12,35,1.53,0
366,13,35,1.55,0
366,14,68,1.64,0
366,15,39,1.3,1
366,16,28,1.6,0
366,17,38,1.24,1
366,18,39,1.48,0
366,19,27,1.64,0
366,20,55,1.21,1
366,21,29,1.49,0
366,22,34,1.57,0
366,23,27,1.56,0
366,24,34,1.4,1
366,25,45,1.33,1
366,26,40,1.21,1
366,27,32,1.58,0
366,28,31,1.6,0
366,29,26,1.58,0
366,30,27,1.58,0
366,31,23,1.52,0
366,32,28,1.67,0
366,33,36,1.62,0
366,34,38,1.35,1
366,35,69,1.55,0
366,36,22,1.61,0
366,37,35,1.26,1
366,38,47,1.64,0
366,39,29,1.63,0
366,40,32,1.49,0
366,41,27,1.64,0
366,42,73,1.6,0
366,43,36,1.39,1
366,44,51,1.57,0
