agent_ds_commerce/sales_history_train.csv
sku_id,week,units_sold,price,promo_flag
415,1,40,3.67,0
415,2,42,3.92,0
415,3,44,3.5,0
415,4,43,3.55,0
415,5,62,3.65,0
415,6,45,4.13,0
415,7,57,3.36,1
415,8,45,3.7,0
415,9,41,3.45,0
415,10,42,3.88,0
415,11,54,3.13,1
415,12,43,3.48,0
415,13,50,3.91,0
415,14,139,3.5,0
415,15,50,3.62,0
415,16,43,3.77,0
415,17,49,4.11,0
415,18,47,3.49,0
415,19,47,3.86,0
415,20,68,3.7,0
415,21,39,3.82,0
415,22,36,3.56,0
415,23,44,3.39,1
415,24,40,4.2,0
415,25,47,3.98,0
415,26,42,3.92,0
415,27,44,3.69,0
415,28,38,3.66,0
415,29,41,3.71,0
415,30,38,3.74,0
415,31,34,3.82,0
415,32,34,3.78,0
415,33,41,3.83,0
415,34,36,3.94,0
415,35,84,4.01,0
415,36,39,3.02,1
415,37,43,3.85,0
415,38,59,4.05,0
415,39,33,3.1,1
415,40,33,3.03,1
415,41,37,3.88,0
415,42,81,3.58,0
415,43,35,3.67,0
415,44,63,3.9,0
416,1,39,4.18,0
416,2,32,3.76,0
416,3,36,3.39,1
416,4,37,3.91,0
416,5,63,3.9,0
416,6,39,3.76,0
416,7,43,3.88,0
416,8,39,3.73,0
416,9,39,3.92,0
416,10,36,3.8,0
416,11,38,2.93,1
416,12,38,3.77,0
416,13,39,3.7,0
416,14,105,3.62,0
416,15,37,3.58,0
416,16,42,3.28,1
416,17,40,3.72,0
416,18,43,3.91,0
416,19,38,4.04,0
416,20,50,3.68,0
416,21,38,3.7,0
416,22,42,3.26,1
416,23,33,3.82,0
416,24,33,3.46,0
416,25,42,3.91,0
416,26,37,3.81,0
416,27,44,3.73,0
416,28,43,3.74,0
416,29,33,3.79,0
416,30,35,3.48,0
416,31,37,3.71,0
416,32,34,3.59,0
416,33,41,3.96,0
416,34,30,3.86,0
416,35,80,4.02,0
416,36,30,3.96,0
416,37,29,3.85,0
416,38,44,3.92,0
416,39,30,3.68,0
416,40,37,3.4,0
416,41,28,3.61,0
416,42,85,3.51,0
416,43,28,3.95,0
416,44,62,3.68,0
417,1,45,3.54,0
417,2,43,3.95,0
417,3,35,3.5,0
417,4,47,3.46,0
417,5,61,3.9,0
417,6,44,3.81,0
417,7,56,2.93,1
417,8,39,3.81,0
417,9,45,3.66,0
417,10,44,3.84,0
417,11,41,3.93,0
417,12,44,4.19,0
417,13,44,3.88,0
417,14,119,4.13,0
417,15,39,3.92,0
417,16,36,3.7,0
417,17,41,3.79,0
417,18,49,3.59,0
417,19,35,3.52,0
417,20,70,3.84,0
417,21,44,3.75,0
417,22,48,3.89,0
417,23,40,3.89,0
417,24,41,3.59,0
417,25,43,4.1,0
417,26,41,3.91,0
417,27,49,3.68,0
417,28,41,3.05,1
417,29,44,3.93,0
417,30,42,3.57,0
417,31,39,3.98,0
417,32,33,3.62,0
417,33,50,3.59,0
417,34,48,3.42,0
417,35,97,3.84,0
417,36,35,3.89,0
417,37,34,3.82,0
417,38,53,3.62,0
417,39,30,3.65,0
417,40,33,3.89,0
417,41,36,3.22,1
417,42,74,3.74,0
417,43,32,3.84,0
417,44,67,3.82,0
418,1,29,3.86,0
418,2,32,3.39,0
418,3,35,3.78,0
418,4,35,3.68,0
418,5,60,3.98,0
418,6,51,3.32,1
418,7,44,3.86,0
418,8,33,3.89,0
418,9,42,3.85,0
418,10,38,4.01,0
418,11,40,3.27,1
418,12,35,3.77,0
418,13,36,3.81,0
418,14,107,4.24,0
418,15,31,3.81,0
418,16,30,3.84,0
418,17,36,3.93,0
418,18,34,3.56,0
418,19,40,3.87,0
418,20,60,3.67,0
418,21,38,4,0
418,22,41,3.85,0
418,23,28,3.7,0
418,24,36,4.04,0
418,25,35,3.96,0
418,26,36,4.07,0
418,27,44,3.93,0
418,28,34,3.84,0
418,29,36,3.87,0
418,30,39,2.85,1
418,31,36,3.8,0
418,32,35,2.95,1
418,33,36,4.01,0
418,34,34,3.82,0
418,35,73,3.91,0
418,36,30,4.27,0
418,37,29,3.99,0
418,38,42,3.72,0
418,39,28,3.93,0
418,40,32,4.11,0
418,41,33,3.45,0
418,42,78,3.97,0
418,43,34,3.79,0
418,44,57,3.94,0
419,1,48,3.88,0
419,2,52,3.66,0
419,3,70,2.85,1
419,4,62,3.63,0
419,5,82,3.82,0
419,6,64,3.69,0
419,7,70,4.14,0
419,8,51,3.68,0
419,9,69,3.46,0
419,10,67,3.82,0
419,11,69,3.8,0
419,12,58,3.9,0
419,13,73,3.74,0
419,14,178,3.45,0
419,15,53,3.91,0
419,16,59,3.73,0
419,17,73,3.38,1
419,18,72,3.37,0
419,19,56,3.84,0
419,20,89,3.77,0
419,21,57,3.62,0
419,22,59,4.14,0
419,23,64,3.21,1
419,24,56,3.9,0
419,25,57,3.4,0
419,26,53,3.68,0
419,27,54,3.82,0
419,28,52,3.82,0
419,29,52,4.09,0
419,30,59,3.73,0
419,31,51,3.62,0
419,32,54,3.82,0
419,33,68,3.9,0
419,34,47,3.81,0
419,35,131,3.73,0
419,36,52,3.59,0
419,37,45,3.71,0
419,38,80,3.68,0
419,39,50,4.15,0
419,40,51,4.04,0
419,41,51,3.51,0
419,42,108,3.8,0
419,43,56,2.93,1
419,44,83,4.01,0
420,1,33,3.99,0
420,2,59,3.82,0
420,3,40,4.04,0
420,4,53,3.38,0
420,5,76,3.59,0
420,6,61,3.08,1
420,7,55,3.63,0
420,8,40,4.09,0
420,9,57,3.77,0
420,10,49,3.38,1
420,11,38,3.94,0
420,12,50,3.92,0
420,13,49,3.67,0
420,14,130,3.93,0
420,15,48,3.62,0
420,16,42,3.9,0
420,17,42,3.62,0
420,18,54,3.96,0
420,19,43,4.12,0
420,20,73,3.74,0
420,21,42,3.48,0
420,22,49,3.66,0
420,23,36,3.86,0
420,24,39,4.01,0
420,25,41,4.04,0
420,26,43,3.8,0
420,27,46,3.82,0
420,28,35,4.12,0
420,29,41,3.12,1
420,30,42,3.56,0
420,31,48,3.69,0
420,32,40,3.59,0
420,33,39,3.72,0
420,34,38,3.61,0
420,35,116,3.85,0
420,36,38,3.63,0
420,37,34,3.83,0
420,38,54,3.33,1
420,39,33,3.74,0
420,40,43,4.1,0
420,41,37,4.04,0
420,42,85,3.68,0
420,43,42,3.52,0
420,44,74,3.82,0
421,1,38,4.44,0
421,2,40,4.63,0
421,3,44,4.57,0
421,4,45,5.01,0
421,5,56,4.89,0
421,6,42,4.58,0
421,7,42,4.87,0
421,8,36,4.39,0
421,9,49,4.97,0
421,10,46,4.54,0
421,11,40,3.71,1
421,12,36,4.84,0
421,13,36,4.77,0
421,14,121,4.38,0
421,15,43,4.73,0
421,16,39,4.97,0
421,17,45,4.82,0
421,18,45,4.75,0
421,19,39,5.08,0
421,20,61,4.59,0
421,21,45,4.65,0
421,22,43,4.7,0
421,23,36,4.89,0
421,24,40,3.6,1
421,25,38,4.86,0
421,26,40,4.32,0
421,27,37,4.6,0
421,28,36,5.06,0
421,29,39,4.18,1
421,30,30,4.66,0
421,31,28,5.05,0
421,32,39,5.05,0
421,33,41,4.71,0
421,34,37,4.65,0
421,35,96,4.82,0
421,36,32,5,0
421,37,28,4.69,0
421,38,58,3.89,1
421,39,34,4.63,0
421,40,37,5.3,0
421,41,35,4.6,0
421,42,100,4.74,0
421,43,33,4.75,0
421,44,72,4.52,0
422,1,41,4.81,0
422,2,39,5.13,0
422,3,46,4.54,0
422,4,46,5.22,0
422,5,80,3.92,1
422,6,49,4.74,0
422,7,58,3.72,1
422,8,48,3.7,1
422,9,51,4.05,0
422,10,42,5.01,0
422,11,52,5.25,0
422,12,51,4.72,0
422,13,48,4.92,0
422,14,144,4.78,0
422,15,50,4.85,0
422,16,55,4.91,0
422,17,43,4.54,0
422,18,48,4.54,0
422,19,55,3.88,1
422,20,74,4.56,0
422,21,45,4.5,0
422,22,47,4.76,0
422,23,49,4.06,1
422,24,40,4.48,0
422,25,49,5.16,0
422,26,42,4.85,0
422,27,54,4.67,0
422,28,41,4.6,0
422,29,41,4.67,0
422,30,43,5.2,0
422,31,37,4.7,0
422,32,37,4.85,0
422,33,52,4.81,0
422,34,57,4.59,0
422,35,106,4.9,0
422,36,39,4.89,0
422,37,46,4.17,1
422,38,61,4.97,0
422,39,35,4.97,0
422,40,35,4.52,0
422,41,37,4.64,0
422,42,121,4.78,0
422,43,35,4.71,0
422,44,61,4.67,0
423,1,40,4.76,0
423,2,48,4.58,0
423,3,39,4.87,0
423,4,50,4.82,0
423,5,66,4.5,0
423,6,55,5.2,0
423,7,41,4.79,0
423,8,46,4.03,1
423,9,50,4.48,0
423,10,47,4.8,0
423,11,41,4.99,0
423,12,47,4.58,0
423,13,44,4.65,0
423,14,110,4.63,0
423,15,51,4.4,0
423,16,50,4.72,0
423,17,39,3.84,1
423,18,46,4.25,0
423,19,42,4.72,0
423,20,64,5.15,0
423,21,42,4.81,0
423,22,56,4.72,0
423,23,43,4.67,0
423,24,47,5,0
423,25,42,4.56,0
423,26,42,3.68,1
423,27,54,5.1,0
423,28,36,4.73,0
423,29,37,4.69,0
423,30,37,4.33,0
423,31,30,5.32,0
423,32,35,4.97,0
423,33,38,4.35,0
423,34,43,5.09,0
423,35,85,4.75,0
423,36,34,5.02,0
423,37,35,4.74,0
423,38,52,4.62,0
423,39,34,4.58,0
423,40,35,4.67,0
423,41,35,4.73,0
423,42,90,4.88,0
423,43,34,4.33,0
423,44,61,5.14,0
424,1,45,4.93,0
424,2,47,4.83,0
424,3,46,4.57,0
424,4,51,4.25,0
424,5,65,4.91,0
424,6,54,4.48,0
424,7,51,5.04,0
424,8,43,4.56,0
424,9,52,4.93,0
424,10,48,4.86,0
424,11,47,4.26,0
424,12,41,4.91,0
424,13,48,4.72,0
424,14,125,4.73,0
424,15,41,4.86,0
424,16,40,4.74,0
424,17,36,4.91,0
424,18,46,4.77,0
424,19,40,4.46,0
424,20,60,4.95,0
424,21,38,4.97,0
424,22,46,4.61,0
424,23,44,4.63,0
424,24,39,4.35,0
424,25,52,4.46,0
424,26,39,4.89,0
424,27,48,4.75,0
424,28,38,4.56,0
424,29,42,4.82,0
424,30,38,4.56,0
424,31,32,4.33,0
424,32,31,4.91,0
424,33,44,4.82,0
424,34,40,4.46,0
424,35,81,4.61,0
424,36,40,4.99,0
424,37,36,5.1,0
424,38,49,4.25,0
424,39,37,4.42,0
424,40,32,4.78,0
424,41,30,4.6,0
424,42,90,4.79,0
424,43,31,4.81,0
424,44,59,4.78,0
425,1,43,4.91,0
425,2,47,4.8,0
425,3,53,4.72,0
425,4,47,4.63,0
425,5,73,4.73,0
425,6,68,3.88,1
425,7,48,4.97,0
425,8,48,5.24,0
425,9,54,4.6,0
425,10,56,4.89,0
425,11,38,4.6,0
425,12,44,4.8,0
425,13,61,4.11,1
425,14,149,4.89,0
425,15,46,4.77,0
425,16,46,5.21,0
425,17,51,4.65,0
425,18,53,4.64,0
425,19,46,4.64,0
425,20,73,4.61,0
425,21,49,4.32,0
425,22,48,4.7,0
425,23,42,4.4,0
425,24,45,4.42,0
425,25,41,4.92,0
425,26,38,4.71,0
425,27,62,4.7,0
425,28,47,4.32,0
425,29,43,4.54,0
425,30,34,4.57,0
425,31,40,4.86,0
425,32,51,3.61,1
425,33,46,4.9,0
425,34,47,4.75,0
425,35,90,4.67,0
425,36,39,4.99,0
425,37,38,5.11,0
425,38,68,4.26,1
425,39,42,4.77,0
425,40,48,3.65,1
425,41,35,4.78,0
425,42,117,4.64,0
425,43,49,4.81,0
425,44,68,4.87,0
426,1,43,5.05,0
426,2,45,4.9,0
426,3,45,4.73,0
426,4,41,4.48,0
426,5,75,4.24,0
426,6,64,4.56,0
426,7,54,4.75,0
426,8,47,4.93,0
426,9,50,4.63,0
426,10,44,4.74,0
426,11,50,4.65,0
426,12,54,4.86,0
426,13,57,4.08,1
426,14,131,4.97,0
426,15,46,4.95,0
426,16,50,3.97,1
426,17,43,4.68,0
426,18,53,5.09,0
426,19,58,4.75,0
426,20,77,5.09,0
426,21,70,3.98,1
426,22,48,4.93,0
426,23,46,4.73,0
426,24,56,4.33,0
426,25,44,4.45,0
426,26,44,4.84,0
426,27,52,4.74,0
426,28,43,4.95,0
426,29,40,5.29,0
426,30,46,4.84,0
426,31,39,4.78,0
426,32,51,3.97,1
426,33,52,4.78,0
426,34,45,4.97,0
426,35,103,4.49,0
426,36,34,4.77,0
426,37,51,4.11,1
426,38,55,4.83,0
426,39,44,4.43,0
426,40,33,4.79,0
426,41,46,4.93,0
426,42,100,4.27,0
426,43,40,5.02,0
426,44,88,4.09,1
427,1,39,4.55,0
427,2,41,4.65,0
427,3,46,4.45,0
427,4,46,5.05,0
427,5,56,4.71,0
427,6,47,4.55,0
427,7,40,4.56,0
427,8,43,5.36,0
427,9,43,4.85,0
427,10,34,4.52,0
427,11,43,5.1,0
427,12,51,4.48,0
427,13,47,4.43,0
427,14,162,3.76,1
427,15,39,4.36,0
427,16,48,4.5,0
427,17,43,4.87,0
427,18,36,4.69,0
427,19,42,4.4,0
427,20,60,4.75,0
427,21,42,4.91,0
427,22,36,5.18,0
427,23,35,4.65,0
427,24,35,4.81,0
427,25,35,5.03,0
427,26,42,4.73,0
427,27,51,4.63,0
427,28,36,4.59,0
427,29,31,5.06,0
427,30,44,4.19,1
427,31,32,4.39,0
427,32,34,4.81,0
427,33,41,3.89,1
427,34,33,4.68,0
427,35,85,4.74,0
427,36,33,4.14,1
427,37,29,5.22,0
427,38,49,5.01,0
427,39,38,5.01,0
427,40,40,4.3,0
427,41,27,4.78,0
427,42,85,4.64,0
427,43,35,4.87,0
427,44,49,4.52,0
428,1,40,4.35,0
428,2,32,5.09,0
428,3,39,4.44,0
428,4,46,4.88,0
428,5,59,4.68,0
428,6,44,4.84,0
428,7,46,3.66,1
428,8,37,4.53,0
428,9,45,4.53,0
428,10,32,4.89,0
428,11,46,4.38,0
428,12,47,5,0
428,13,46,4.56,0
428,14,109,4.49,0
428,15,45,4.39,0
428,16,45,4.78,0
428,17,45,4.54,0
428,18,37,4.57,0
428,19,42,4,1
428,20,59,4.71,0
428,21,37,4.76,0
428,22,38,4.72,0
428,23,40,4.63,0
428,24,37,4.98,0
428,25,42,5.11,0
428,26,34,5.44,0
428,27,49,4.73,0
428,28,38,4.81,0
428,29,34,4.9,0
428,30,31,4.99,0
428,31,34,4.74,0
428,32,36,4.82,0
428,33,41,4.55,0
428,34,31,4.94,0
428,35,76,4.8,0
428,36,29,4.83,0
428,37,33,4.78,0
428,38,46,4.75,0
428,39,31,4.61,0
428,40,42,5.05,0
428,41,33,4.85,0
428,42,83,4.7,0
428,43,42,3.84,1
428,44,62,4.49,0
429,1,40,4.93,0
429,2,37,4.63,0
429,3,38,4.41,0
429,4,41,4.97,0
429,5,60,4.87,0
429,6,41,4.52,0
429,7,40,4.98,0
429,8,40,5.15,0
429,9,57,4.44,0
429,10,40,4.74,0
429,11,39,4.59,0
429,12,42,4.53,0
429,13,44,4.78,0
429,14,139,5.34,0
429,15,43,5.24,0
429,16,38,4.26,0
429,17,41,4.09,0
429,18,44,4.89,0
429,19,41,4.71,0
429,20,63,4.55,0
429,21,41,4.87,0
429,22,49,4.55,0
429,23,44,3.99,1
429,24,36,4.78,0
429,25,35,4.86,0
429,26,46,4.02,0
429,27,42,4.73,0
429,28,47,3.97,1
429,29,38,4.42,0
429,30,38,3.84,1
429,31,46,3.84,1
429,32,38,4.77,0
429,33,46,3.64,1
429,34,38,4.85,0
429,35,96,4.93,0
429,36,33,4.93,0
429,37,36,4.51,0
429,38,61,3.86,1
429,39,34,4.75,0
429,40,32,5.07,0
429,41,43,4.67,0
429,42,91,4.78,0
429,43,38,4.59,0
429,44,59,4.27,0
430,1,29,4.41,0
430,2,26,5.31,0
430,3,33,4.74,0
430,4,32,4.79,0
430,5,40,5.31,0
430,6,38,4.67,0
430,7,32,4.87,0
430,8,32,5.26,0
430,9,30,4.67,0
430,10,29,5.1,0
430,11,33,4.26,0
430,12,35,4.77,0
430,13,33,4.27,0
430,14,102,5.01,0
430,15,34,4.67,0
430,16,31,4.75,0
430,17,36,5.02,0
430,18,30,4.91,0
430,19,31,4.68,0
430,20,52,4.64,0
430,21,30,4.84,0
430,22,33,4.6,0
430,23,31,4.77,0
430,24,28,4.39,0
430,25,31,4.86,0
430,26,31,4.95,0
430,27,36,4.83,0
430,28,29,4.9,0
430,29,27,4.85,0
430,30,31,4.64,0
430,31,25,4.94,0
430,32,25,4.91,0
430,33,32,4.65,0
430,34,28,4.44,0
430,35,68,4.94,0
430,36,31,4.32,0
430,37,24,4.58,0
430,38,39,4.6,0
430,39,24,4.46,0
430,40,27,4.26,0
430,41,25,4.49,0
430,42,70,4.61,0
430,43,28,5.09,0
430,44,47,4.83,0
431,1,23,0.72,0
431,2,28,0.72,0
431,3,29,0.72,0
431,4,28,0.72,0
431,5,39,0.77,0
431,6,30,0.7,0
431,7,30,0.78,0
431,8,26,0.71,0
431,9,26,0.66,0
431,10,27,0.68,0
431,11,24,0.74,0
431,12,26,0.74,0
431,13,30,0.67,0
431,14,80,0.71,0
431,15,27,0.72,0
431,16,28,0.64,0
431,17,35,0.55,1
431,18,32,0.7,0
431,19,26,0.65,0
431,20,40,0.74,0
431,21,29,0.69,0
431,22,28,0.6,1
431,23,27,0.71,0
431,24,22,0.66,0
431,25,27,0.76,0
431,26,23,0.67,0
431,27,33,0.57,1
431,28,25,0.69,0
431,29,23,0.73,0
431,30,23,0.69,0
431,31,20,0.69,0
431,32,21,0.69,0
431,33,34,0.58,1
431,34,31,0.63,1
431,35,41,0.72,0
431,36,19,0.74,0
431,37,21,0.65,0
431,38,33,0.72,0
431,39,20,0.73,0
431,40,21,0.65,0
431,41,21,0.76,0
431,42,59,0.69,0
431,43,21,0.71,0
431,44,39,0.74,0
432,1,35,0.72,0
432,2,46,0.71,0
432,3,44,0.67,0
432,4,55,0.76,0
432,5,61,0.55,1
432,6,44,0.74,0
432,7,40,0.75,0
432,8,46,0.7,0
432,9,39,0.68,0
432,10,46,0.68,0
432,11,38,0.72,0
432,12,42,0.75,0
432,13,43,0.73,0
432,14,114,0.69,0
432,15,39,0.68,0
432,16,35,0.7,0
432,17,45,0.75,0
432,18,49,0.72,0
432,19,41,0.68,0
432,20,54,0.7,0
432,21,42,0.66,0
432,22,37,0.71,0
432,23,39,0.69,0
432,24,39,0.73,0
432,25,39,0.72,0
432,26,39,0.75,0
432,27,47,0.76,0
432,28,37,0.69,0
432,29,38,0.69,0
432,30,34,0.7,0
432,31,37,0.72,0
432,32,35,0.7,0
432,33,39,0.69,0
432,34,39,0.7,0
432,35,106,0.63,1
432,36,34,0.73,0
432,37,31,0.71,0
432,38,46,0.68,0
432,39,35,0.63,0
432,40,29,0.71,0
432,41,29,0.73,0
432,42,67,0.79,0
432,43,41,0.61,1
432,44,56,0.69,0
433,1,43,0.58,1
433,2,39,0.74,0
433,3,34,0.72,0
433,4,46,0.71,0
433,5,61,0.79,0
433,6,55,0.77,0
433,7,53,0.73,0
433,8,48,0.67,0
433,9,43,0.73,0
433,10,40,0.69,0
433,11,42,0.72,0
433,12,41,0.75,0
433,13,48,0.73,0
433,14,146,0.7,0
433,15,52,0.54,1
433,16,54,0.56,1
433,17,41,0.7,0
433,18,45,0.7,0
433,19,48,0.68,0
433,20,67,0.74,0
433,21,45,0.75,0
433,22,41,0.71,0
433,23,39,0.71,0
433,24,40,0.69,0
433,25,41,0.72,0
433,26,34,0.7,0
433,27,48,0.63,0
433,28,40,0.66,0
433,29,36,0.75,0
433,30,34,0.66,0
433,31,41,0.76,0
433,32,35,0.73,0
433,33,47,0.75,0
433,34,36,0.73,0
433,35,83,0.74,0
433,36,42,0.69,0
433,37,37,0.7,0
433,38,56,0.72,0
433,39,29,0.72,0
433,40,36,0.7,0
433,41,39,0.68,0
433,42,79,0.73,0
433,43,35,0.71,0
433,44,55,0.68,0
434,1,29,0.71,0
434,2,30,0.69,0
434,3,31,0.68,0
434,4,35,0.64,0
434,5,36,0.66,0
434,6,35,0.7,0
434,7,34,0.77,0
434,8,33,0.73,0
434,9,33,0.69,0
434,10,29,0.75,0
434,11,31,0.72,0
434,12,29,0.72,0
434,13,35,0.8,0
434,14,86,0.68,0
434,15,29,0.69,0
434,16,27,0.79,0
434,17,38,0.7,0
434,18,35,0.74,0
434,19,30,0.7,0
434,20,46,0.66,0
434,21,28,0.7,0
434,22,36,0.77,0
434,23,28,0.7,0
434,24,31,0.74,0
434,25,34,0.69,0
434,26,29,0.71,0
434,27,38,0.68,0
434,28,29,0.75,0
434,29,25,0.74,0
434,30,29,0.63,0
434,31,24,0.69,0
434,32,29,0.74,0
434,33,29,0.71,0
434,34,29,0.75,0
434,35,78,0.62,1
434,36,31,0.62,1
434,37,22,0.73,0
434,38,39,0.79,0
434,39,30,0.76,0
434,40,29,0.6,1
434,41,27,0.69,0
434,42,64,0.71,0
434,43,30,0.56,1
434,44,43,0.69,0
435,1,39,0.69,0
435,2,31,0.72,0
435,3,34,0.72,0
435,4,37,0.75,0
435,5,56,0.66,0
435,6,38,0.69,0
435,7,35,0.7,0
435,8,43,0.72,0
435,9,53,0.6,1
435,10,39,0.54,1
435,11,36,0.71,0
435,12,36,0.67,0
435,13,35,0.56,1
435,14,107,0.76,0
435,15,35,0.72,0
435,16,37,0.69,0
435,17,35,0.71,0
435,18,33,0.73,0
435,19,35,0.76,0
435,20,54,0.71,0
435,21,35,0.74,0
435,22,37,0.71,0
435,23,31,0.68,0
435,24,32,0.75,0
435,25,39,0.74,0
435,26,34,0.7,0
435,27,45,0.55,1
435,28,28,0.7,0
435,29,34,0.7,0
435,30,33,0.69,0
435,31,28,0.71,0
435,32,29,0.72,0
435,33,47,0.61,1
435,34,35,0.68,0
435,35,82,0.68,0
435,36,33,0.63,1
435,37,31,0.63,0
435,38,44,0.78,0
435,39,27,0.74,0
435,40,36,0.54,1
435,41,32,0.56,1
435,42,99,0.76,0
435,43,31,0.78,0
435,44,48,0.78,0
436,1,34,0.78,0
436,2,30,0.73,0
436,3,33,0.72,0
436,4,38,0.73,0
436,5,44,0.73,0
436,6,44,0.7,0
436,7,41,0.66,0
436,8,34,0.71,0
436,9,35,0.7,0
436,10,31,0.74,0
436,11,44,0.53,1
436,12,42,0.64,1
436,13,38,0.71,0
436,14,99,0.76,0
436,15,36,0.65,0
436,16,35,0.74,0
436,17,33,0.79,0
436,18,39,0.71,0
436,19,36,0.72,0
436,20,57,0.63,1
436,21,35,0.55,1
436,22,40,0.69,0
436,23,40,0.7,0
436,24,30,0.73,0
436,25,37,0.68,0
436,26,32,0.71,0
436,27,38,0.71,0
436,28,36,0.61,1
436,29,34,0.72,0
436,30,29,0.73,0
436,31,34,0.75,0
436,32,32,0.63,0
436,33,31,0.7,0
436,34,27,0.75,0
436,35,77,0.65,0
436,36,32,0.56,1
436,37,28,0.75,0
436,38,40,0.72,0
436,39,31,0.7,0
436,40,36,0.76,0
436,41,36,0.61,1
436,42,75,0.73,0
436,43,35,0.68,0
436,44,45,0.77,0
437,1,57,0.7,0
437,2,51,0.59,1
437,3,46,0.76,0
437,4,56,0.71,0
437,5,65,0.71,0
437,6,55,0.67,0
437,7,57,0.67,0
437,8,57,0.67,0
437,9,64,0.7,0
437,10,40,0.68,0
437,11,49,0.69,0
437,12,59,0.74,0
437,13,57,0.66,0
437,14,152,0.66,0
437,15,63,0.57,1
437,16,52,0.56,1
437,17,51,0.68,0
437,18,60,0.78,0
437,19,69,0.56,1
437,20,70,0.71,0
437,21,51,0.71,0
437,22,49,0.71,0
437,23,47,0.71,0
437,24,46,0.73,0
437,25,61,0.74,0
437,26,43,0.69,0
437,27,55,0.73,0
437,28,45,0.69,0
437,29,46,0.67,0
437,30,45,0.69,0
437,31,46,0.73,0
437,32,44,0.77,0
437,33,59,0.72,0
437,34,54,0.65,0
437,35,115,0.7,0
437,36,47,0.69,0
437,37,40,0.72,0
437,38,71,0.68,0
437,39,39,0.69,0
437,40,45,0.72,0
437,41,42,0.72,0
437,42,112,0.69,0
437,43,54,0.62,1
437,44,84,0.63,1
438,1,40,0.66,0
438,2,33,0.79,0
438,3,36,0.74,0
438,4,43,0.63,1
438,5,50,0.75,0
438,6,49,0.64,0
438,7,42,0.73,0
438,8,42,0.73,0
438,9,48,0.71,0
438,10,35,0.73,0
438,11,35,0.74,0
438,12,33,0.71,0
438,13,39,0.72,0
438,14,124,0.64,0
438,15,43,0.69,0
438,16,30,0.72,0
438,17,35,0.75,0
438,18,38,0.77,0
438,19,40,0.69,0
438,20,55,0.73,0
438,21,36,0.76,0
438,22,36,0.67,0
438,23,30,0.79,0
438,24,37,0.7,0
438,25,44,0.64,1
438,26,40,0.74,0
438,27,47,0.67,0
438,28,37,0.69,0
438,29,31,0.79,0
438,30,38,0.65,0
438,31,34,0.7,0
438,32,42,0.71,0
438,33,43,0.72,0
438,34,37,0.69,0
438,35,83,0.75,0
438,36,36,0.72,0
438,37,32,0.72,0
438,38,59,0.74,0
438,39,31,0.69,0
438,40,39,0.69,0
438,41,29,0.74,0
438,42,78,0.75,0
438,43,29,0.74,0
438,44,52,0.7,0
