agent_ds_commerce/sales_history_train.csv
sku_id,week,units_sold,price,promo_flag
439,1,34,0.68,0
439,2,34,0.7,0
439,3,31,0.71,0
439,4,37,0.77,0
439,5,45,0.68,0
439,6,41,0.69,0
439,7,36,0.71,0
439,8,34,0.76,0
439,9,35,0.65,0
439,10,33,0.67,0
439,11,29,0.66,0
439,12,33,0.74,0
439,13,32,0.77,0
439,14,106,0.74,0
439,15,34,0.66,0
439,16,34,0.7,0
439,17,35,0.71,0
439,18,33,0.69,0
439,19,31,0.68,0
439,20,47,0.69,0
439,21,35,0.71,0
439,22,34,0.69,0
439,23,29,0.72,0
439,24,36,0.55,1
439,25,34,0.54,1
439,26,28,0.74,0
439,27,38,0.76,0
439,28,32,0.69,0
439,29,29,0.75,0
439,30,36,0.69,0
439,31,33,0.61,1
439,32,26,0.73,0
439,33,41,0.54,1
439,34,28,0.72,0
439,35,68,0.71,0
439,36,26,0.65,0
439,37,32,0.66,0
439,38,44,0.72,0
439,39,22,0.72,0
439,40,30,0.75,0
439,41,27,0.72,0
439,42,61,0.69,0
439,43,23,0.72,0
439,44,45,0.69,0
440,1,35,0.59,1
440,2,30,0.7,0
440,3,26,0.75,0
440,4,34,0.71,0
440,5,40,0.77,0
440,6,35,0.68,0
440,7,31,0.62,1
440,8,26,0.72,0
440,9,27,0.74,0
440,10,26,0.74,0
440,11,31,0.69,0
440,12,27,0.69,0
440,13,37,0.63,0
440,14,84,0.67,0
440,15,28,0.74,0
440,16,26,0.69,0
440,17,27,0.76,0
440,18,32,0.63,1
440,19,29,0.73,0
440,20,43,0.61,1
440,21,30,0.78,0
440,22,42,0.61,1
440,23,28,0.77,0
440,24,23,0.69,0
440,25,26,0.74,0
440,26,25,0.7,0
440,27,36,0.67,0
440,28,24,0.69,0
440,29,25,0.71,0
440,30,27,0.7,0
440,31,26,0.71,0
440,32,26,0.71,0
440,33,31,0.69,0
440,34,29,0.71,0
440,35,77,0.66,0
440,36,26,0.74,0
440,37,27,0.66,0
440,38,34,0.73,0
440,39,24,0.72,0
440,40,22,0.71,0
440,41,20,0.72,0
440,42,63,0.72,0
440,43,25,0.72,0
440,44,35,0.74,0
441,1,28,0.97,0
441,2,22,0.97,0
441,3,21,1.01,0
441,4,27,0.91,0
441,5,29,1,0
441,6,30,0.84,0
441,7,29,1.03,0
441,8,30,0.99,0
441,9,29,0.88,0
441,10,25,0.99,0
441,11,23,0.99,0
441,12,24,1.03,0
441,13,26,1.02,0
441,14,74,0.94,0
441,15,26,0.99,0
441,16,31,0.94,0
441,17,22,0.98,0
441,18,28,0.94,0
441,19,21,1,0
441,20,39,0.99,0
441,21,30,0.79,1
441,22,30,0.99,0
441,23,25,0.98,0
441,24,20,0.95,0
441,25,26,0.93,0
441,26,23,0.84,1
441,27,28,1.02,0
441,28,21,0.91,0
441,29,25,0.86,0
441,30,21,0.96,0
441,31,22,1.01,0
441,32,20,0.96,0
441,33,27,0.95,0
441,34,22,0.97,0
441,35,51,0.94,0
441,36,21,0.89,0
441,37,23,0.97,0
441,38,31,1.01,0
441,39,19,0.95,0
441,40,22,0.89,0
441,41,23,0.93,0
441,42,54,1.02,0
441,43,22,0.88,0
441,44,42,0.8,1
442,1,31,1,0
442,2,34,0.92,0
442,3,31,0.86,0
442,4,33,1,0
442,5,41,0.93,0
442,6,34,0.95,0
442,7,36,1.06,0
442,8,37,0.9,0
442,9,33,0.95,0
442,10,31,0.96,0
442,11,38,0.79,1
442,12,38,0.94,0
442,13,34,0.97,0
442,14,94,0.96,0
442,15,38,0.74,1
442,16,35,0.97,0
442,17,35,0.94,0
442,18,39,0.91,0
442,19,39,1.02,0
442,20,56,0.72,1
442,21,36,0.97,0
442,22,35,0.99,0
442,23,30,0.95,0
442,24,27,0.99,0
442,25,39,0.73,1
442,26,30,0.91,0
442,27,40,0.94,0
442,28,36,0.93,0
442,29,30,0.88,0
442,30,29,1.04,0
442,31,31,0.98,0
442,32,33,0.91,0
442,33,41,0.98,0
442,34,29,1.03,0
442,35,67,0.97,0
442,36,27,0.9,0
442,37,31,0.96,0
442,38,54,0.95,0
442,39,27,0.75,1
442,40,29,0.95,0
442,41,30,0.91,0
442,42,77,0.97,0
442,43,27,0.94,0
442,44,51,0.85,0
443,1,27,0.86,0
443,2,29,0.96,0
443,3,30,0.94,0
443,4,34,0.88,0
443,5,50,0.78,1
443,6,35,0.93,0
443,7,35,0.72,1
443,8,31,0.91,0
443,9,33,0.93,0
443,10,30,1.01,0
443,11,29,0.98,0
443,12,34,0.84,0
443,13,33,0.96,0
443,14,111,0.73,1
443,15,28,0.89,0
443,16,28,0.99,0
443,17,29,0.9,0
443,18,32,1,0
443,19,31,1.01,0
443,20,35,0.99,0
443,21,28,0.98,0
443,22,33,1.01,0
443,23,38,0.83,1
443,24,29,0.96,0
443,25,30,0.92,0
443,26,23,1.03,0
443,27,38,0.91,0
443,28,24,0.86,0
443,29,23,0.94,0
443,30,23,0.98,0
443,31,27,0.93,0
443,32,25,0.96,0
443,33,30,0.96,0
443,34,30,0.89,0
443,35,60,1.03,0
443,36,24,0.94,0
443,37,29,0.98,0
443,38,33,1,0
443,39,22,0.97,0
443,40,22,0.95,0
443,41,25,0.92,0
443,42,58,0.88,0
443,43,25,0.97,0
443,44,38,0.97,0
444,1,30,0.93,0
444,2,24,0.9,0
444,3,23,0.93,0
444,4,25,0.99,0
444,5,34,0.92,0
444,6,37,0.95,0
444,7,29,0.93,0
444,8,30,0.89,0
444,9,24,0.92,0
444,10,28,0.81,1
444,11,28,0.9,0
444,12,25,1.02,0
444,13,26,0.94,0
444,14,77,0.92,0
444,15,34,0.96,0
444,16,25,1,0
444,17,28,0.95,0
444,18,26,0.91,0
444,19,28,0.96,0
444,20,40,0.99,0
444,21,25,0.96,0
444,22,26,0.88,0
444,23,30,0.95,0
444,24,23,0.88,0
444,25,25,0.96,0
444,26,25,0.88,0
444,27,26,1.07,0
444,28,21,1.04,0
444,29,22,0.96,0
444,30,28,0.86,0
444,31,23,1.07,0
444,32,25,0.9,0
444,33,31,1.02,0
444,34,22,0.96,0
444,35,56,1,0
444,36,18,1.01,0
444,37,21,1.02,0
444,38,32,0.92,0
444,39,24,0.99,0
444,40,17,0.94,0
444,41,24,0.94,0
444,42,53,0.92,0
444,43,19,0.97,0
444,44,45,0.94,0
445,1,38,0.8,1
445,2,30,1.02,0
445,3,25,0.94,0
445,4,31,0.96,0
445,5,53,0.92,0
445,6,38,1,0
445,7,30,0.92,0
445,8,31,0.9,0
445,9,37,1.01,0
445,10,29,0.94,0
445,11,28,0.86,0
445,12,35,0.9,0
445,13,34,0.98,0
445,14,94,0.92,0
445,15,31,0.93,0
445,16,30,0.92,0
445,17,29,0.9,0
445,18,26,0.95,0
445,19,27,0.96,0
445,20,45,0.95,0
445,21,26,0.94,0
445,22,31,0.95,0
445,23,29,0.92,0
445,24,25,1.04,0
445,25,33,0.92,0
445,26,28,0.94,0
445,27,31,0.91,0
445,28,32,0.77,1
445,29,29,0.92,0
445,30,26,0.9,0
445,31,33,0.84,1
445,32,28,0.9,0
445,33,24,0.95,0
445,34,29,0.86,0
445,35,59,0.91,0
445,36,28,0.98,0
445,37,29,0.96,0
445,38,43,0.94,0
445,39,23,0.91,0
445,40,31,0.8,1
445,41,22,0.92,0
445,42,67,0.96,0
445,43,26,0.91,0
445,44,46,0.87,0
446,1,26,1.07,0
446,2,28,0.94,0
446,3,27,0.9,0
446,4,29,0.95,0
446,5,40,0.96,0
446,6,36,0.97,0
446,7,33,0.93,0
446,8,31,0.97,0
446,9,31,0.94,0
446,10,28,0.86,0
446,11,28,0.84,0
446,12,31,1.03,0
446,13,34,0.95,0
446,14,90,0.75,1
446,15,26,0.87,0
446,16,39,0.79,1
446,17,27,0.99,0
446,18,29,0.95,0
446,19,28,0.89,0
446,20,38,0.96,0
446,21,28,0.88,0
446,22,30,1,0
446,23,29,0.82,1
446,24,22,0.88,0
446,25,36,0.79,1
446,26,28,0.97,0
446,27,37,0.96,0
446,28,29,0.94,0
446,29,28,0.94,0
446,30,21,1.02,0
446,31,22,0.85,0
446,32,25,0.93,0
446,33,31,1.01,0
446,34,24,1,0
446,35,57,0.97,0
446,36,25,0.97,0
446,37,23,0.95,0
446,38,39,0.9,0
446,39,20,0.88,0
446,40,21,0.89,0
446,41,24,0.85,0
446,42,62,0.94,0
446,43,21,0.94,0
446,44,40,0.94,0
447,1,44,0.98,0
447,2,33,0.88,0
447,3,43,0.93,0
447,4,42,0.94,0
447,5,54,0.99,0
447,6,52,0.86,0
447,7,40,0.95,0
447,8,46,0.82,1
447,9,50,0.89,0
447,10,42,0.92,0
447,11,43,0.94,0
447,12,48,0.88,0
447,13,48,0.9,0
447,14,130,1.06,0
447,15,58,0.78,1
447,16,43,0.97,0
447,17,40,0.91,0
447,18,39,1.05,0
447,19,43,0.98,0
447,20,58,0.98,0
447,21,42,0.92,0
447,22,45,0.92,0
447,23,38,1,0
447,24,41,0.95,0
447,25,39,0.92,0
447,26,36,1.05,0
447,27,43,1,0
447,28,33,0.87,0
447,29,44,0.83,1
447,30,34,0.95,0
447,31,34,0.9,0
447,32,32,1.02,0
447,33,37,0.95,0
447,34,33,0.94,0
447,35,95,0.85,1
447,36,38,1.03,0
447,37,42,0.96,0
447,38,51,1.01,0
447,39,37,1.04,0
447,40,33,0.98,0
447,41,38,0.9,0
447,42,75,0.98,0
447,43,36,0.96,0
447,44,59,1.01,0
448,1,35,0.94,0
448,2,36,0.97,0
448,3,29,0.89,0
448,4,41,0.99,0
448,5,64,0.9,0
448,6,45,0.97,0
448,7,55,0.78,1
448,8,37,0.92,0
448,9,44,0.88,0
448,10,40,0.89,0
448,11,42,0.79,1
448,12,36,0.97,0
448,13,45,0.97,0
448,14,92,0.9,0
448,15,41,0.85,0
448,16,48,0.84,1
448,17,33,1.01,0
448,18,46,0.96,0
448,19,45,0.93,0
448,20,51,1.01,0
448,21,42,0.84,1
448,22,38,0.91,0
448,23,38,0.9,0
448,24,30,0.89,0
448,25,40,1.03,0
448,26,30,1.03,0
448,27,43,0.95,0
448,28,33,0.97,0
448,29,34,1,0
448,30,34,0.91,0
448,31,32,0.96,0
448,32,35,0.77,1
448,33,40,0.93,0
448,34,32,0.94,0
448,35,74,0.99,0
448,36,27,1,0
448,37,32,0.9,0
448,38,52,0.84,1
448,39,32,0.95,0
448,40,33,0.95,0
448,41,44,0.75,1
448,42,97,0.72,1
448,43,35,0.97,0
448,44,67,0.77,1
449,1,35,0.94,0
449,2,30,0.92,0
449,3,29,0.98,0
449,4,32,0.93,0
449,5,47,0.76,1
449,6,39,0.98,0
449,7,43,0.92,0
449,8,34,0.97,0
449,9,35,1.02,0
449,10,34,0.86,0
449,11,30,1.03,0
449,12,33,0.86,0
449,13,41,0.76,1
449,14,97,0.89,0
449,15,38,0.98,0
449,16,44,0.94,0
449,17,33,0.97,0
449,18,33,0.9,0
449,19,36,0.95,0
449,20,51,0.97,0
449,21,31,0.87,0
449,22,43,0.97,0
449,23,28,0.92,0
449,24,34,0.97,0
449,25,35,1.01,0
449,26,35,0.96,0
449,27,34,0.94,0
449,28,30,0.96,0
449,29,25,1.02,0
449,30,29,0.96,0
449,31,34,0.96,0
449,32,26,0.93,0
449,33,35,0.98,0
449,34,28,0.96,0
449,35,77,1,0
449,36,23,0.95,0
449,37,26,0.97,0
449,38,45,0.74,1
449,39,29,0.76,1
449,40,28,0.79,1
449,41,29,0.9,0
449,42,70,0.93,0
449,43,27,0.9,0
449,44,54,1.01,0
450,1,42,0.92,0
450,2,38,0.93,0
450,3,38,0.95,0
450,4,38,0.95,0
450,5,60,0.9,0
450,6,46,0.97,0
450,7,45,0.92,0
450,8,44,0.85,0
450,9,52,0.9,0
450,10,36,0.87,0
450,11,49,0.95,0
450,12,49,0.86,0
450,13,44,0.94,0
450,14,123,0.91,0
450,15,39,1.08,0
450,16,38,0.96,0
450,17,60,0.73,1
450,18,42,0.92,0
450,19,40,1.04,0
450,20,59,0.92,0
450,21,40,0.96,0
450,22,41,0.89,0
450,23,42,1.03,0
450,24,37,0.97,0
450,25,41,1.01,0
450,26,43,0.96,0
450,27,47,0.98,0
450,28,36,0.98,0
450,29,36,0.94,0
450,30,41,0.97,0
450,31,37,0.96,0
450,32,39,0.97,0
450,33,46,0.96,0
450,34,35,0.95,0
450,35,83,0.92,0
450,36,33,0.94,0
450,37,31,1,0
450,38,48,0.98,0
450,39,29,0.94,0
450,40,34,0.92,0
450,41,30,0.9,0
450,42,91,0.99,0
450,43,40,0.95,0
450,44,59,1,0
451,1,39,1.29,0
451,2,31,1.35,0
451,3,31,1.08,1
451,4,31,1.22,0
451,5,37,1.26,0
451,6,39,1.22,0
451,7,44,1.22,0
451,8,34,1.25,0
451,9,36,1.19,0
451,10,39,1.02,1
451,11,39,1.3,0
451,12,31,1.35,0
451,13,37,1.38,0
451,14,95,1.17,0
451,15,35,1.2,0
451,16,36,1.25,0
451,17,30,1.23,0
451,18,38,1.45,0
451,19,33,1.26,0
451,20,47,1.28,0
451,21,34,1.15,1
451,22,32,1.26,0
451,23,34,1.27,0
451,24,37,1.23,0
451,25,29,1.35,0
451,26,29,1.38,0
451,27,36,1.16,0
451,28,26,1.38,0
451,29,29,1.3,0
451,30,29,1.19,0
451,31,27,1.32,0
451,32,28,1.22,0
451,33,35,1.27,0
451,34,30,1.38,0
451,35,83,1.36,0
451,36,33,1.02,1
451,37,28,1.29,0
451,38,37,1.41,0
451,39,23,1.32,0
451,40,31,1.28,0
451,41,28,1.3,0
451,42,77,1.25,0
451,43,32,1.37,0
451,44,40,1.2,0
452,1,33,1.1,1
452,2,24,1.25,0
452,3,29,1.25,0
452,4,36,1.26,0
452,5,44,1.31,0
452,6,31,1.26,0
452,7,30,1.36,0
452,8,24,1.17,0
452,9,29,1.36,0
452,10,27,1.18,0
452,11,28,1.14,0
452,12,27,1.26,0
452,13,34,1.27,0
452,14,94,1.01,1
452,15,31,1.16,0
452,16,27,1.34,0
452,17,29,1.37,0
452,18,34,1.29,0
452,19,24,1.31,0
452,20,42,1.35,0
452,21,39,1.06,1
452,22,31,1.25,0
452,23,32,1.19,0
452,24,27,1.4,0
452,25,37,1.34,0
452,26,32,1.22,0
452,27,33,1.28,0
452,28,28,1.27,0
452,29,31,1.09,1
452,30,28,1.48,0
452,31,23,1.27,0
452,32,28,1.19,0
452,33,24,1.32,0
452,34,38,1.04,1
452,35,54,1.35,0
452,36,28,1.2,0
452,37,21,1.26,0
452,38,31,1.19,0
452,39,27,1.34,0
452,40,25,1.26,0
452,41,22,1.34,0
452,42,64,1.06,1
452,43,26,1,1
452,44,47,1.2,0
453,1,37,1.31,0
453,2,37,1.33,0
453,3,40,1.31,0
453,4,53,1.32,0
453,5,70,1.07,1
453,6,46,1.35,0
453,7,46,1.28,0
453,8,44,1.32,0
453,9,49,1.18,0
453,10,42,1.17,0
453,11,46,1.2,0
453,12,47,1.33,0
453,13,50,1.4,0
453,14,96,1.32,0
453,15,42,1.38,0
453,16,44,1.2,0
453,17,48,1.37,0
453,18,45,1.33,0
453,19,56,1.05,1
453,20,59,1.36,0
453,21,41,1.15,0
453,22,41,1.32,0
453,23,39,1.34,0
453,24,44,1.22,0
453,25,43,1.1,0
453,26,33,1.26,0
453,27,55,1.3,0
453,28,44,1.37,0
453,29,31,1.37,0
453,30,38,1.29,0
453,31,37,1.27,0
453,32,42,1.29,0
453,33,38,1.32,0
453,34,40,1.12,1
453,35,85,1.33,0
453,36,46,1.08,1
453,37,41,1.27,0
453,38,70,0.99,1
453,39,31,1.33,0
453,40,33,1.3,0
453,41,34,1.35,0
453,42,89,1.19,0
453,43,36,1.32,0
453,44,65,1.37,0
454,1,33,1.24,0
454,2,30,1.24,0
454,3,36,1.25,0
454,4,35,1.26,0
454,5,49,1.26,0
454,6,35,1.3,0
454,7,35,1.37,0
454,8,39,1.27,0
454,9,46,1.29,0
454,10,38,1.33,0
454,11,38,1.02,1
454,12,36,1.16,0
454,13,29,1.34,0
454,14,95,1.27,0
454,15,32,1.28,0
454,16,36,1.14,0
454,17,34,1.28,0
454,18,43,1.19,0
454,19,32,1.38,0
454,20,54,1.17,0
454,21,29,1.29,0
454,22,34,1.3,0
454,23,35,1.38,0
454,24,47,1.25,0
454,25,36,1.27,0
454,26,31,1.19,0
454,27,43,1.14,0
454,28,29,1.25,0
454,29,27,1.26,0
454,30,38,0.97,1
454,31,29,1.36,0
454,32,31,1.16,0
454,33,39,1.28,0
454,34,38,1.24,0
454,35,71,1.33,0
454,36,34,1.2,0
454,37,30,1.24,0
454,38,48,1.25,0
454,39,26,1.34,0
454,40,31,1.31,0
454,41,25,1.23,0
454,42,73,1.33,0
454,43,39,1.07,1
454,44,45,1.24,0
455,1,27,1.26,0
455,2,30,1.33,0
455,3,27,1.26,0
455,4,35,1.09,1
455,5,30,1.31,0
455,6,33,1.25,0
455,7,30,1.35,0
455,8,32,1.38,0
455,9,31,1.31,0
455,10,30,1.36,0
455,11,35,1.08,1
455,12,27,1.36,0
455,13,33,1.3,0
455,14,100,1.03,1
455,15,31,1.31,0
455,16,22,1.24,0
455,17,28,1.19,0
455,18,35,1.23,0
455,19,29,1.17,0
455,20,49,1.31,0
455,21,26,1.36,0
455,22,34,1.29,0
455,23,24,1.24,0
455,24,27,1.25,0
455,25,29,1.15,0
455,26,22,1.27,0
455,27,33,1.36,0
455,28,25,1.16,0
455,29,24,1.25,0
455,30,21,1.4,0
455,31,24,1.15,1
455,32,19,1.26,0
455,33,24,1.25,0
455,34,24,1.3,0
455,35,59,1.4,0
455,36,21,1.28,0
455,37,26,1.33,0
455,38,34,1.26,0
455,39,22,1.32,0
455,40,22,1.21,0
455,41,24,1.3,0
455,42,62,1.31,0
455,43,21,1.32,0
455,44,46,1.27,0
456,1,36,1.31,0
456,2,30,1.26,0
456,3,29,1.31,0
456,4,36,1.26,0
456,5,41,1.3,0
456,6,32,1.38,0
456,7,32,1.23,0
456,8,26,1.29,0
456,9,43,1.17,0
456,10,33,1.21,0
456,11,35,1.37,0
456,12,28,1.27,0
456,13,35,1.26,0
456,14,102,1.17,0
456,15,33,1.21,0
456,16,32,1.29,0
456,17,38,1,1
456,18,40,1.33,0
456,19,27,1.4,0
456,20,51,1.21,0
456,21,31,1.22,0
456,22,27,1.36,0
456,23,32,1.29,0
456,24,31,1.31,0
456,25,39,1.31,0
456,26,30,1.28,0
456,27,39,1.16,0
456,28,24,1.28,0
456,29,38,1.06,1
456,30,26,1.37,0
456,31,27,1.25,0
456,32,29,1.37,0
456,33,31,1.22,0
456,34,32,1.2,0
456,35,65,1.24,0
456,36,26,1.37,0
456,37,25,1.33,0
456,38,41,1.28,0
456,39,25,1.24,0
456,40,25,1.21,0
456,41,22,1.46,0
456,42,67,1.18,0
456,43,26,1.36,0
456,44,39,1.28,0
457,1,27,1.31,0
457,2,27,1.31,0
457,3,31,1.19,0
457,4,35,1.32,0
457,5,42,1.3,0
457,6,30,1.27,0
457,7,34,1.2,0
457,8,26,1.34,0
457,9,30,1.2,0
457,10,24,1.24,0
457,11,30,1.21,0
457,12,35,1.3,0
457,13,41,1.13,1
457,14,91,1.02,1
457,15,36,1.15,0
457,16,27,1.3,0
457,17,31,1.23,0
457,18,40,0.97,1
457,19,31,1.32,0
457,20,41,1.35,0
457,21,29,1.33,0
457,22,33,1.26,0
457,23,30,1.21,0
457,24,28,1.21,0
457,25,27,1.34,0
457,26,25,1.3,0
457,27,31,1.28,0
457,28,26,1.24,0
457,29,25,1.26,0
457,30,28,1.29,0
457,31,24,1.29,0
457,32,27,1.33,0
457,33,29,1.29,0
457,34,30,1.28,0
457,35,56,1.28,0
457,36,26,1.3,0
457,37,25,1.21,0
457,38,34,1.26,0
457,39,25,1.23,0
457,40,23,1.15,0
457,41,25,1.3,0
457,42,60,1.39,0
457,43,26,1.26,0
457,44,41,1.29,0
458,1,25,1.2,0
458,2,24,1.36,0
458,3,23,1.24,0
458,4,28,1.38,0
458,5,37,1.28,0
458,6,28,1.29,0
458,7,28,1.19,0
458,8,26,1.45,0
458,9,32,1.41,0
458,10,27,1.26,0
458,11,34,1.3,0
458,12,29,1.01,1
458,13,28,1.28,0
458,14,82,1.08,1
458,15,31,0.98,1
458,16,25,1.26,0
458,17,26,1.28,0
458,18,33,1.32,0
458,19,27,1.41,0
458,20,38,1.23,0
458,21,26,1.22,0
458,22,27,1.32,0
458,23,22,1.28,0
458,24,24,1.22,0
458,25,31,1.09,1
458,26,25,1.14,1
458,27,29,1.31,0
458,28,23,1.25,0
458,29,23,1.24,0
458,30,24,1.28,0
458,31,23,1.36,0
458,32,24,1.29,0
458,33,32,1.3,0
458,34,20,1.37,0
458,35,58,1.23,0
458,36,24,1.22,0
458,37,21,1.27,0
458,38,36,1.24,0
458,39,24,1.17,0
458,40,20,1.26,0
458,41,23,1.28,0
458,42,56,1.37,0
458,43,21,1.34,0
458,44,42,1.23,0
459,1,33,1.33,0
459,2,42,1.24,0
459,3,35,1.28,0
459,4,50,1.02,1
459,5,61,1.26,0
459,6,51,1.28,0
459,7,36,1.28,0
459,8,44,1.34,0
459,9,57,1.11,1
459,10,38,1.28,0
459,11,41,1.28,0
459,12,36,1.18,0
459,13,42,1.32,0
459,14,119,1.25,0
459,15,35,1.43,0
459,16,34,1.1,0
459,17,39,1.29,0
459,18,43,1.28,0
459,19,40,1.08,1
459,20,58,1.07,1
459,21,37,1.22,0
459,22,37,1.25,0
459,23,34,1.28,0
459,24,31,1.33,0
459,25,42,1.19,0
459,26,34,1.23,0
459,27,37,1.31,0
459,28,36,0.97,1
459,29,33,1.26,0
459,30,39,1.14,0
459,31,32,1.38,0
459,32,29,1.3,0
459,33,38,1.41,0
459,34,32,1.34,0
459,35,89,1.34,0
459,36,26,1.32,0
459,37,30,1.16,0
459,38,48,1.32,0
459,39,33,1.26,0
459,40,35,1.25,0
459,41,31,1.27,0
459,42,68,1.34,0
459,43,31,1.31,0
459,44,50,1.31,0
460,1,36,1.23,0
460,2,49,1.13,1
460,3,49,1.34,0
460,4,48,1.27,0
460,5,73,1.07,1
460,6,48,1.15,0
460,7,43,1.24,0
460,8,52,1.3,0
460,9,43,1.47,0
460,10,45,1.33,0
460,11,46,1.29,0
460,12,49,1.25,0
460,13,54,1.34,0
460,14,135,1.16,0
460,15,42,1.35,0
460,16,44,1.38,0
460,17,39,1.37,0
460,18,43,1.31,0
460,19,38,1.34,0
460,20,72,1.15,0
460,21,44,1.38,0
460,22,46,1.26,0
460,23,40,1.22,0
460,24,32,1.38,0
460,25,64,1.1,1
460,26,39,1.31,0
460,27,43,1.24,0
460,28,45,1.23,0
460,29,30,1.39,0
460,30,34,1.2,0
460,31,41,1.28,0
460,32,43,1.04,1
460,33,43,1.26,0
460,34,45,1.12,1
460,35,95,1.28,0
460,36,34,1.34,0
460,37,44,1.3,0
460,38,54,1.33,0
460,39,42,1.21,0
460,40,35,1.11,0
460,41,34,1.24,0
460,42,97,1.33,0
460,43,35,1.33,0
460,44,73,1.33,0
461,1,17,2.87,0
461,2,14,2.87,0
461,3,16,2.57,1
461,4,19,3.07,0
461,5,25,3,0
461,6,20,3.06,0
461,7,17,2.92,0
461,8,16,2.88,0
461,9,15,3.14,0
461,10,15,2.86,0
461,11,15,3.05,0
461,12,15,3.06,0
461,13,18,2.98,0
461,14,42,2.87,0
461,15,17,2.99,0
461,16,18,2.87,0
461,17,17,2.8,0
461,18,17,2.97,0
461,19,16,2.86,0
461,20,24,2.89,0
461,21,15,2.86,0
461,22,15,2.79,0
461,23,13,2.8,0
461,24,16,3.14,0
461,25,19,2.94,0
461,26,14,2.97,0
461,27,17,2.5,1
461,28,13,3.08,0
461,29,14,2.93,0
461,30,15,2.71,0
461,31,13,3.06,0
461,32,13,3.16,0
461,33,15,2.81,0
461,34,17,2.51,1
461,35,39,2.92,0
461,36,13,2.95,0
461,37,11,3.05,0
461,38,16,2.82,0
461,39,13,3.29,0
461,40,15,2.9,0
461,41,14,3.01,0
461,42,37,2.96,0
461,43,13,2.51,1
461,44,21,3.28,0
462,1,19,2.87,0
462,2,21,2.94,0
462,3,19,2.81,0
462,4,20,3.1,0
462,5,28,2.88,0
462,6,32,2.36,1
462,7,24,3.29,0
462,8,22,2.83,0
462,9,20,2.83,0
462,10,20,3.02,0
462,11,27,2.81,0
462,12,21,2.93,0
462,13,20,2.95,0
462,14,58,2.85,0
462,15,24,2.98,0
462,16,20,2.98,0
462,17,20,2.98,0
462,18,28,3,0
462,19,23,2.95,0
462,20,31,3.16,0
462,21,22,2.91,0
462,22,23,2.87,0
462,23,21,2.41,1
462,24,21,3.1,0
462,25,21,2.86,0
462,26,22,2.94,0
462,27,23,2.88,0
462,28,25,2.35,1
462,29,19,3.12,0
462,30,18,2.88,0
462,31,23,2.66,0
462,32,20,2.85,0
462,33,18,3.15,0
462,34,18,3.11,0
462,35,36,3.27,0
462,36,13,3.05,0
462,37,17,3.07,0
462,38,28,3.33,0
462,39,19,2.8,0
462,40,20,3.06,0
462,41,19,2.92,0
462,42,40,3.12,0
462,43,17,3.01,0
462,44,29,3.09,0
