agent_ds_commerce/sales_history_train.csv
sku_id,week,units_sold,price,promo_flag
463,1,21,2.96,0
463,2,19,2.58,1
463,3,18,2.27,1
463,4,18,2.76,0
463,5,23,3.06,0
463,6,23,2.35,1
463,7,19,3.15,0
463,8,18,2.88,0
463,9,21,2.93,0
463,10,20,2.86,0
463,11,17,2.93,0
463,12,18,2.83,0
463,13,21,2.87,0
463,14,51,2.95,0
463,15,17,2.78,0
463,16,19,2.91,0
463,17,17,3.12,0
463,18,18,3.02,0
463,19,18,3.14,0
463,20,29,2.8,0
463,21,18,3.04,0
463,22,20,3.04,0
463,23,17,3.06,0
463,24,16,2.86,0
463,25,18,2.95,0
463,26,17,2.95,0
463,27,21,3.18,0
463,28,14,2.95,0
463,29,16,3.09,0
463,30,17,2.91,0
463,31,18,2.61,1
463,32,18,3.1,0
463,33,19,2.87,0
463,34,18,3.01,0
463,35,43,3.03,0
463,36,15,3.42,0
463,37,16,3.02,0
463,38,23,2.78,0
463,39,16,3.04,0
463,40,14,2.92,0
463,41,12,3.23,0
463,42,37,2.62,1
463,43,18,2.96,0
463,44,24,2.87,0
464,1,19,2.94,0
464,2,15,3.13,0
464,3,18,3.1,0
464,4,20,2.93,0
464,5,28,3,0
464,6,25,2.79,0
464,7,19,3.07,0
464,8,15,2.99,0
464,9,28,2.32,1
464,10,19,2.88,0
464,11,20,3.14,0
464,12,19,2.9,0
464,13,21,2.37,1
464,14,53,2.87,0
464,15,19,2.85,0
464,16,21,2.85,0
464,17,20,2.84,0
464,18,19,3.09,0
464,19,16,2.81,0
464,20,25,3.14,0
464,21,15,2.82,0
464,22,23,2.97,0
464,23,15,2.93,0
464,24,18,2.98,0
464,25,17,2.9,0
464,26,17,3.04,0
464,27,22,3.05,0
464,28,17,2.88,0
464,29,17,2.94,0
464,30,21,2.86,0
464,31,18,2.85,0
464,32,17,2.96,0
464,33,24,2.91,0
464,34,17,3.01,0
464,35,33,2.99,0
464,36,16,3.12,0
464,37,17,2.83,0
464,38,24,3.05,0
464,39,15,3.12,0
464,40,18,2.62,0
464,41,17,3.08,0
464,42,33,3.06,0
464,43,15,2.98,0
464,44,32,2.66,1
465,1,16,2.9,0
465,2,19,2.81,0
465,3,18,2.88,0
465,4,18,3,0
465,5,31,2.9,0
465,6,20,3,0
465,7,18,3.03,0
465,8,19,3.06,0
465,9,25,2.51,1
465,10,18,2.86,0
465,11,17,3.01,0
465,12,20,3.1,0
465,13,26,2.27,1
465,14,64,2.32,1
465,15,19,2.83,0
465,16,19,2.91,0
465,17,18,2.94,0
465,18,17,2.81,0
465,19,22,2.97,0
465,20,27,2.41,1
465,21,16,2.98,0
465,22,20,2.9,0
465,23,15,3.06,0
465,24,16,2.89,0
465,25,27,2.51,1
465,26,14,3.13,0
465,27,22,2.96,0
465,28,22,2.5,1
465,29,17,2.94,0
465,30,15,2.91,0
465,31,14,3.05,0
465,32,19,2.87,0
465,33,18,2.95,0
465,34,14,3.06,0
465,35,40,2.85,0
465,36,15,2.94,0
465,37,14,3.22,0
465,38,21,3.2,0
465,39,16,2.83,0
465,40,15,2.92,0
465,41,15,2.83,0
465,42,41,2.93,0
465,43,16,3.19,0
465,44,25,2.79,0
466,1,15,3.03,0
466,2,15,3.16,0
466,3,16,3.32,0
466,4,21,2.56,1
466,5,23,2.76,0
466,6,18,2.9,0
466,7,19,3.13,0
466,8,18,3.08,0
466,9,21,3.07,0
466,10,18,3.1,0
466,11,18,2.9,0
466,12,17,3.12,0
466,13,14,3.14,0
466,14,55,2.97,0
466,15,19,2.82,0
466,16,17,2.86,0
466,17,16,3.17,0
466,18,20,3.29,0
466,19,14,2.98,0
466,20,24,3.03,0
466,21,17,3.12,0
466,22,17,2.89,0
466,23,18,2.9,0
466,24,16,2.92,0
466,25,18,2.75,0
466,26,17,2.96,0
466,27,19,3.32,0
466,28,16,2.98,0
466,29,14,3.03,0
466,30,14,3.05,0
466,31,14,2.97,0
466,32,15,3.18,0
466,33,18,3.18,0
466,34,17,2.99,0
466,35,35,2.78,0
466,36,14,2.84,0
466,37,15,2.94,0
466,38,20,2.87,0
466,39,13,2.87,0
466,40,16,2.93,0
466,41,14,3.01,0
466,42,41,3.11,0
466,43,13,3.05,0
466,44,26,2.25,1
467,1,19,2.87,0
467,2,19,2.61,1
467,3,19,2.85,0
467,4,17,2.91,0
467,5,31,2.75,0
467,6,25,2.95,0
467,7,20,3.12,0
467,8,20,3.04,0
467,9,28,2.7,0
467,10,21,3.07,0
467,11,20,2.82,0
467,12,19,2.81,0
467,13,24,3,0
467,14,65,2.87,0
467,15,17,3,0
467,16,29,2.4,1
467,17,16,3.13,0
467,18,20,3.22,0
467,19,22,2.81,0
467,20,34,2.34,1
467,21,21,3.08,0
467,22,21,3.19,0
467,23,17,3,0
467,24,23,2.59,1
467,25,24,2.91,0
467,26,19,3.01,0
467,27,22,3.03,0
467,28,21,2.77,0
467,29,16,3.12,0
467,30,15,3.2,0
467,31,18,3.07,0
467,32,13,2.85,0
467,33,22,2.99,0
467,34,19,2.95,0
467,35,41,2.81,0
467,36,15,3.04,0
467,37,18,2.79,0
467,38,29,2.82,0
467,39,19,2.99,0
467,40,15,2.91,0
467,41,15,2.34,1
467,42,41,2.96,0
467,43,15,3.25,0
467,44,30,2.94,0
468,1,16,2.85,0
468,2,18,2.8,0
468,3,19,2.85,0
468,4,21,2.8,0
468,5,25,2.37,1
468,6,23,2.77,0
468,7,22,2.85,0
468,8,19,3.05,0
468,9,20,2.96,0
468,10,16,2.97,0
468,11,16,3.16,0
468,12,20,3.05,0
468,13,21,2.99,0
468,14,49,2.91,0
468,15,19,2.8,0
468,16,18,2.89,0
468,17,20,2.81,0
468,18,20,2.98,0
468,19,17,3.2,0
468,20,30,2.26,1
468,21,19,2.7,0
468,22,20,2.96,0
468,23,23,2.52,1
468,24,17,2.91,0
468,25,20,3.14,0
468,26,15,2.97,0
468,27,19,2.92,0
468,28,15,2.83,0
468,29,16,2.53,1
468,30,14,3.17,0
468,31,18,3.12,0
468,32,15,2.9,0
468,33,15,2.99,0
468,34,19,3.01,0
468,35,38,2.73,0
468,36,11,2.89,0
468,37,14,3.33,0
468,38,23,2.92,0
468,39,16,2.68,0
468,40,14,2.94,0
468,41,15,3.06,0
468,42,34,2.69,0
468,43,13,3.13,0
468,44,29,3.02,0
469,1,21,3.15,0
469,2,21,2.99,0
469,3,19,2.99,0
469,4,23,2.78,0
469,5,25,3.02,0
469,6,20,3.25,0
469,7,23,2.76,0
469,8,19,2.71,0
469,9,21,3.01,0
469,10,20,2.89,0
469,11,23,2.92,0
469,12,20,3.01,0
469,13,26,2.92,0
469,14,49,2.96,0
469,15,21,3.12,0
469,16,23,2.84,0
469,17,21,3.31,0
469,18,25,2.26,1
469,19,17,3.15,0
469,20,28,2.73,0
469,21,15,2.98,0
469,22,23,2.68,0
469,23,23,3.04,0
469,24,19,2.8,0
469,25,18,3.01,0
469,26,18,3.13,0
469,27,20,3.11,0
469,28,18,2.86,0
469,29,22,3.05,0
469,30,21,3.07,0
469,31,17,2.94,0
469,32,18,2.78,0
469,33,24,3.14,0
469,34,20,3.15,0
469,35,42,3.05,0
469,36,16,2.93,0
469,37,19,2.68,0
469,38,26,2.64,1
469,39,15,2.65,0
469,40,14,3.03,0
469,41,18,3.05,0
469,42,38,3.09,0
469,43,17,2.62,0
469,44,29,2.54,1
470,1,20,2.88,0
470,2,20,2.94,0
470,3,19,2.65,1
470,4,20,2.39,1
470,5,31,2.9,0
470,6,26,2.48,1
470,7,18,2.79,0
470,8,19,2.82,0
470,9,19,2.78,0
470,10,19,3.02,0
470,11,20,2.9,0
470,12,18,2.91,0
470,13,28,2.74,0
470,14,58,3.03,0
470,15,21,3.14,0
470,16,21,3.19,0
470,17,16,3.19,0
470,18,22,3.11,0
470,19,23,2.96,0
470,20,28,3.02,0
470,21,22,3.17,0
470,22,18,2.84,0
470,23,18,3.01,0
470,24,20,2.98,0
470,25,23,2.97,0
470,26,20,3.15,0
470,27,23,2.87,0
470,28,16,2.87,0
470,29,22,2.84,0
470,30,17,2.96,0
470,31,16,2.89,0
470,32,20,2.54,1
470,33,21,2.54,1
470,34,19,2.87,0
470,35,47,2.58,1
470,36,17,2.89,0
470,37,17,3.27,0
470,38,23,3.12,0
470,39,13,3.24,0
470,40,17,3.14,0
470,41,15,3.06,0
470,42,35,3.18,0
470,43,17,3.12,0
470,44,26,2.99,0
471,1,22,4.26,0
471,2,19,4.29,0
471,3,15,4.35,0
471,4,22,4.54,0
471,5,29,3.87,0
471,6,22,4.23,0
471,7,27,4.56,0
471,8,19,4.39,0
471,9,21,4.17,0
471,10,18,4.14,0
471,11,18,4.24,0
471,12,18,4.4,0
471,13,21,4.07,0
471,14,53,4.22,0
471,15,20,4.28,0
471,16,20,3.76,0
471,17,18,4.29,0
471,18,21,4.07,0
471,19,18,4.1,0
471,20,24,4.31,0
471,21,20,4.11,0
471,22,19,4.38,0
471,23,23,4.25,0
471,24,21,3.8,0
471,25,19,4.36,0
471,26,16,3.84,0
471,27,22,4.19,0
471,28,14,4.34,0
471,29,20,4.28,0
471,30,19,3.96,0
471,31,17,4.3,0
471,32,15,4.46,0
471,33,17,4.33,0
471,34,22,4.09,0
471,35,38,4.12,0
471,36,15,4.1,0
471,37,13,4.31,0
471,38,24,4.36,0
471,39,14,4.65,0
471,40,17,4.36,0
471,41,17,4.37,0
471,42,35,4.68,0
471,43,18,4.63,0
471,44,27,4.22,0
472,1,17,4.16,0
472,2,17,4.2,0
472,3,18,4.07,0
472,4,19,4.31,0
472,5,28,4.49,0
472,6,21,4.13,0
472,7,23,3.3,1
472,8,23,3.6,1
472,9,20,3.76,0
472,10,17,4.44,0
472,11,17,4.16,0
472,12,17,4.25,0
472,13,19,4.49,0
472,14,56,4.45,0
472,15,16,3.86,0
472,16,16,3.64,1
472,17,19,4.04,0
472,18,17,4.55,0
472,19,18,4.16,0
472,20,24,4.28,0
472,21,16,4.21,0
472,22,21,3.23,1
472,23,16,3.8,0
472,24,20,3.61,1
472,25,16,4.1,0
472,26,15,4.06,0
472,27,21,3.47,1
472,28,14,4.35,0
472,29,15,4.24,0
472,30,15,4.21,0
472,31,17,3.64,1
472,32,16,4.37,0
472,33,20,3.41,1
472,34,20,4.11,0
472,35,35,4.26,0
472,36,15,4.08,0
472,37,15,4.24,0
472,38,23,4.49,0
472,39,14,4.22,0
472,40,14,3.77,1
472,41,13,4.59,0
472,42,37,4.28,0
472,43,16,4.57,0
472,44,23,4.29,0
473,1,18,4.57,0
473,2,21,4.17,0
473,3,16,4.27,0
473,4,23,4.12,0
473,5,29,4.7,0
473,6,21,4.03,0
473,7,19,4.42,0
473,8,16,4.31,0
473,9,20,4.61,0
473,10,18,4.37,0
473,11,17,4.21,0
473,12,16,4.12,0
473,13,24,4.42,0
473,14,51,4.31,0
473,15,22,4.41,0
473,16,20,4.27,0
473,17,19,4.13,0
473,18,23,4.17,0
473,19,19,4.29,0
473,20,28,4.19,0
473,21,17,4.16,0
473,22,21,4.28,0
473,23,21,3.59,1
473,24,18,4.33,0
473,25,27,3.54,1
473,26,16,4.28,0
473,27,25,3.2,1
473,28,16,4.39,0
473,29,15,3.83,0
473,30,17,4.46,0
473,31,17,4.28,0
473,32,22,4.34,0
473,33,15,4.36,0
473,34,19,4.08,0
473,35,39,3.94,0
473,36,14,4.49,0
473,37,15,4.28,0
473,38,22,4.23,0
473,39,15,4.01,0
473,40,12,4.05,0
473,41,17,4.41,0
473,42,30,4.12,0
473,43,14,4.08,0
473,44,30,3.46,1
474,1,24,3.9,0
474,2,22,4.09,0
474,3,20,4.44,0
474,4,25,4.32,0
474,5,38,3.46,1
474,6,23,4.37,0
474,7,30,3.24,1
474,8,21,4.5,0
474,9,21,4.62,0
474,10,19,4.36,0
474,11,28,3.8,1
474,12,24,4.32,0
474,13,24,3.86,0
474,14,50,4.39,0
474,15,19,4.19,0
474,16,20,4.81,0
474,17,27,4.24,0
474,18,23,4.08,0
474,19,19,4.4,0
474,20,31,4.14,0
474,21,24,3.28,1
474,22,34,3.34,1
474,23,21,4.62,0
474,24,23,4.13,0
474,25,21,4.33,0
474,26,19,4.12,0
474,27,30,3.96,0
474,28,20,4.06,0
474,29,20,4.31,0
474,30,27,3.99,0
474,31,19,4.09,0
474,32,19,4.13,0
474,33,21,4.22,0
474,34,20,5.08,0
474,35,39,4.29,0
474,36,19,4.08,0
474,37,20,4.28,0
474,38,28,4,0
474,39,16,3.99,0
474,40,19,4.21,0
474,41,18,3.89,0
474,42,51,4.14,0
474,43,18,4.07,0
474,44,34,4.15,0
475,1,28,3.61,1
475,2,21,4.02,0
475,3,19,4.47,0
475,4,21,4.31,0
475,5,36,4.3,0
475,6,28,4.08,0
475,7,25,4.21,0
475,8,29,3.51,1
475,9,21,4.18,0
475,10,26,3.42,1
475,11,16,4.23,0
475,12,20,3.96,0
475,13,20,4.76,0
475,14,68,4.11,0
475,15,22,4.15,0
475,16,22,4.19,0
475,17,25,3.3,1
475,18,25,4.24,0
475,19,21,4.44,0
475,20,29,4.28,0
475,21,20,4.04,0
475,22,22,4.41,0
475,23,27,4.11,0
475,24,23,4.31,0
475,25,23,4.46,0
475,26,18,4.3,0
475,27,22,4.22,0
475,28,19,4.25,0
475,29,17,4.24,0
475,30,20,4.04,0
475,31,20,4.42,0
475,32,21,3.64,1
475,33,23,3.49,1
475,34,22,3.35,1
475,35,40,4.45,0
475,36,16,4.2,0
475,37,19,4.16,0
475,38,25,4.05,0
475,39,16,4.38,0
475,40,16,4.27,0
475,41,21,4.02,0
475,42,57,4.4,0
475,43,17,3.94,0
475,44,31,4.09,0
476,1,16,4.37,0
476,2,16,4.49,0
476,3,20,4.04,0
476,4,18,3.8,1
476,5,23,4.17,0
476,6,17,4.1,0
476,7,15,4.2,0
476,8,15,4.51,0
476,9,21,3.71,1
476,10,20,4.14,0
476,11,17,4.2,0
476,12,17,4.41,0
476,13,22,4.1,0
476,14,51,4.06,0
476,15,17,4.28,0
476,16,15,4.27,0
476,17,18,4.22,0
476,18,17,4.12,0
476,19,23,4.09,0
476,20,26,4.24,0
476,21,15,3.74,1
476,22,19,3.44,1
476,23,15,4.12,0
476,24,19,3.46,1
476,25,17,4.13,0
476,26,18,3.36,1
476,27,23,4.09,0
476,28,14,4.32,0
476,29,13,4.32,0
476,30,15,4.66,0
476,31,13,4.28,0
476,32,16,3.99,0
476,33,17,4.12,0
476,34,16,4.3,0
476,35,36,4.42,0
476,36,13,4.26,0
476,37,13,3.91,0
476,38,24,3.66,1
476,39,13,4.17,0
476,40,19,4.31,0
476,41,15,3.31,1
476,42,31,3.96,0
476,43,12,4.66,0
476,44,25,4.24,0
477,1,21,4.22,0
477,2,19,4.52,0
477,3,21,4,0
477,4,26,4.37,0
477,5,32,4.52,0
477,6,20,4.41,0
477,7,20,4.66,0
477,8,21,4.41,0
477,9,20,4.25,0
477,10,18,4.19,0
477,11,19,4.62,0
477,12,25,3.91,0
477,13,28,3.82,1
477,14,57,4.51,0
477,15,18,4.17,0
477,16,22,4.08,0
477,17,17,4.16,0
477,18,20,3.97,0
477,19,18,4.43,0
477,20,30,4.2,0
477,21,18,4.22,0
477,22,21,4.4,0
477,23,22,3.62,0
477,24,20,4.31,0
477,25,20,4.47,0
477,26,19,3.87,0
477,27,15,4.37,0
477,28,16,4.45,0
477,29,15,4.17,0
477,30,18,4.47,0
477,31,24,3.41,1
477,32,14,4.52,0
477,33,23,3.81,0
477,34,14,4.42,0
477,35,40,4.18,0
477,36,18,4.53,0
477,37,21,3.31,1
477,38,24,4.38,0
477,39,18,4.16,0
477,40,16,4.04,0
477,41,19,3.19,1
477,42,39,4.26,0
477,43,14,4.43,0
477,44,35,4.56,0
478,1,29,3.22,1
478,2,21,4.15,0
478,3,21,4.33,0
478,4,25,4.07,0
478,5,34,4.35,0
478,6,28,4.01,0
478,7,21,4.43,0
478,8,23,4.64,0
478,9,22,3.96,0
478,10,20,4.16,0
478,11,27,4.53,0
478,12,20,4.24,0
478,13,29,3.87,0
478,14,47,4.35,0
478,15,21,4.46,0
478,16,24,4.42,0
478,17,26,3.99,0
478,18,29,4.35,0
478,19,22,4.4,0
478,20,27,4.27,0
478,21,19,4.54,0
478,22,22,4.42,0
478,23,24,4.56,0
478,24,23,4.2,0
478,25,23,4.23,0
478,26,23,4.06,0
478,27,27,4.32,0
478,28,23,4.27,0
478,29,21,4.1,0
478,30,23,4.55,0
478,31,21,4.41,0
478,32,17,4.33,0
478,33,20,3.98,0
478,34,22,4.29,0
478,35,45,4.43,0
478,36,19,3.95,0
478,37,18,4.39,0
478,38,27,4.2,0
478,39,16,4.13,0
478,40,17,4.17,0
478,41,19,4.36,0
478,42,49,4.38,0
478,43,20,3.3,1
478,44,38,3.3,1
479,1,16,3.95,0
479,2,15,3.89,0
479,3,14,4.56,0
479,4,17,4.33,0
479,5,24,3.56,1
479,6,21,4.32,0
479,7,20,4.11,0
479,8,14,4.21,0
479,9,17,4.45,0
479,10,14,4.39,0
479,11,18,3.8,0
479,12,16,4.13,0
479,13,17,3.9,0
479,14,38,4.06,0
479,15,15,4.44,0
479,16,15,4.28,0
479,17,13,4.23,0
479,18,20,3.82,1
479,19,18,3.91,0
479,20,24,4.28,0
479,21,14,4.2,0
479,22,15,4.53,0
479,23,18,4.29,0
479,24,14,4.22,0
479,25,14,4.27,0
479,26,13,4.59,0
479,27,15,4.24,0
479,28,14,4.33,0
479,29,14,4.49,0
479,30,14,4.37,0
479,31,16,4.45,0
479,32,12,4.64,0
479,33,12,4.38,0
479,34,12,4.29,0
479,35,37,4.04,0
479,36,13,4.26,0
479,37,14,4.43,0
479,38,19,4.31,0
479,39,15,4.13,0
479,40,12,4.47,0
479,41,11,4.15,0
479,42,44,3.62,0
479,43,12,4.69,0
479,44,21,3.89,0
480,1,21,3.95,0
480,2,20,3.98,0
480,3,20,4.61,0
480,4,24,4.47,0
480,5,30,4.19,0
480,6,24,4.42,0
480,7,25,4.35,0
480,8,20,4.3,0
480,9,25,4.12,0
480,10,22,4.22,0
480,11,22,4.25,0
480,12,23,4.62,0
480,13,26,3.63,1
480,14,68,4.29,0
480,15,24,3.75,0
480,16,22,4.06,0
480,17,19,4.19,0
480,18,23,4.01,0
480,19,19,3.9,0
480,20,32,4.22,0
480,21,21,4.4,0
480,22,22,4.41,0
480,23,22,3.25,1
480,24,18,4.11,0
480,25,23,3.64,1
480,26,23,3.94,0
480,27,25,3.99,0
480,28,21,4.38,0
480,29,23,4.27,0
480,30,20,4.4,0
480,31,18,4.13,0
480,32,19,4.01,0
480,33,21,4.14,0
480,34,21,3.67,1
480,35,45,4.26,0
480,36,22,3.34,1
480,37,24,4.7,0
480,38,28,4.01,0
480,39,15,4.08,0
480,40,16,4.36,0
480,41,18,4.7,0
480,42,42,4.02,0
480,43,17,4.28,0
480,44,35,4.07,0
481,1,15,5.91,0
481,2,15,6.16,0
481,3,19,5.4,0
481,4,19,5.75,0
481,5,21,5.98,0
481,6,32,4.7,1
481,7,18,6.03,0
481,8,22,5.28,1
481,9,19,6.08,0
481,10,18,5.75,0
481,11,20,5.63,0
481,12,22,4.56,1
481,13,18,6.59,0
481,14,45,5.77,0
481,15,20,6.22,0
481,16,19,5.3,1
481,17,19,5.77,0
481,18,18,5.94,0
481,19,17,5.51,0
481,20,25,6.28,0
481,21,17,6.27,0
481,22,18,5.9,0
481,23,21,5.09,1
481,24,19,5.24,1
481,25,21,4.49,1
481,26,17,5.87,0
481,27,20,5.96,0
481,28,18,5.71,0
481,29,18,5.57,0
481,30,16,5.78,0
481,31,18,5.9,0
481,32,15,6.05,0
481,33,19,5.97,0
481,34,16,6.01,0
481,35,40,6.57,0
481,36,16,4.89,1
481,37,15,6.08,0
481,38,23,5.8,0
481,39,15,5.64,0
481,40,14,5.82,0
481,41,16,5.25,1
481,42,38,4.63,1
481,43,14,6,0
481,44,22,5.3,0
482,1,21,5.54,0
482,2,17,6.43,0
482,3,16,6.16,0
482,4,21,5.7,0
482,5,34,6.5,0
482,6,28,6.09,0
482,7,21,5.62,0
482,8,20,6.27,0
482,9,26,5.86,0
482,10,19,5.29,0
482,11,26,5.32,0
482,12,21,6,0
482,13,26,6.55,0
482,14,53,6.05,0
482,15,22,5.94,0
482,16,22,6.25,0
482,17,22,5.01,1
482,18,24,5.89,0
482,19,21,5.67,0
482,20,31,5.63,0
482,21,22,4.55,1
482,22,24,5.61,0
482,23,20,6.1,0
482,24,18,6.42,0
482,25,23,5.67,0
482,26,20,6.51,0
482,27,28,5.86,0
482,28,16,6.07,0
482,29,18,5.85,0
482,30,19,6.05,0
482,31,19,5.94,0
482,32,18,5.59,0
482,33,19,5.98,0
482,34,23,4.92,1
482,35,50,6.22,0
482,36,20,6.03,0
482,37,18,5.83,0
482,38,32,6.38,0
482,39,17,5.99,0
482,40,19,5.93,0
482,41,17,5.32,0
482,42,42,5.97,0
482,43,20,5.88,0
482,44,30,5.78,0
483,1,21,5.84,0
483,2,16,6.26,0
483,3,17,5.63,0
483,4,20,6.24,0
483,5,24,5.95,0
483,6,19,5.83,0
483,7,15,6.36,0
483,8,16,5.73,0
483,9,19,5.46,0
483,10,19,6.15,0
483,11,18,5.6,0
483,12,18,6.16,0
483,13,20,6.01,0
483,14,51,6.6,0
483,15,15,6.11,0
483,16,14,5.98,0
483,17,22,5.48,0
483,18,21,4.61,1
483,19,18,6.06,0
483,20,24,5.82,0
483,21,16,5.77,0
483,22,21,6.44,0
483,23,15,6.56,0
483,24,16,5.67,0
483,25,19,6.06,0
483,26,16,5.07,0
483,27,18,6.28,0
483,28,18,5.87,0
483,29,16,6.64,0
483,30,18,4.84,1
483,31,17,5.96,0
483,32,15,5.45,0
483,33,18,4.95,1
483,34,17,5.58,0
483,35,40,5.64,0
483,36,15,5.69,0
483,37,16,6.4,0
483,38,20,6.28,0
483,39,14,5.61,0
483,40,12,6.22,0
483,41,16,5.99,0
483,42,34,6.02,0
483,43,14,6.26,0
483,44,21,6.73,0
484,1,15,5.86,0
484,2,11,5.97,0
484,3,16,5.68,0
484,4,18,5.73,0
484,5,27,5.68,0
484,6,20,6.09,0
484,7,20,5.47,0
484,8,14,5.72,0
484,9,17,6.08,0
484,10,15,5.98,0
484,11,16,6.05,0
484,12,14,6.26,0
484,13,18,5.13,1
484,14,42,6.21,0
484,15,14,5.93,0
484,16,16,6.32,0
484,17,14,6.3,0
484,18,17,5.74,0
484,19,17,5.83,0
484,20,23,6.43,0
484,21,20,4.98,1
484,22,14,6.84,0
484,23,14,6.08,0
484,24,15,5.85,0
484,25,15,5.76,0
484,26,14,5.74,0
484,27,14,6.08,0
484,28,15,4.51,1
484,29,14,5.21,1
484,30,12,6.07,0
484,31,15,5.33,1
484,32,13,5.86,0
484,33,17,5.68,0
484,34,13,5.78,0
484,35,33,5.4,0
484,36,11,6.18,0
484,37,11,6.32,0
484,38,20,5.95,0
484,39,13,6.2,0
484,40,16,5.82,0
484,41,12,5.85,0
484,42,34,5.79,0
484,43,13,6.32,0
484,44,22,5.95,0
485,1,14,6,0
485,2,18,5.87,0
485,3,16,5.75,0
485,4,18,5.96,0
485,5,21,5.92,0
485,6,18,5.98,0
485,7,16,5.98,0
485,8,13,6.82,0
485,9,17,5.64,0
485,10,17,5.49,0
485,11,18,4.62,1
485,12,16,6.13,0
485,13,17,5.74,0
485,14,40,6.22,0
485,15,14,6.07,0
485,16,14,5.95,0
485,17,17,6.08,0
485,18,15,6.12,0
485,19,16,6.12,0
485,20,23,5.93,0
485,21,15,5.69,0
485,22,17,5.27,0
485,23,15,5.85,0
485,24,18,5.08,1
485,25,16,5.51,0
485,26,14,5.69,0
485,27,17,5.81,0
485,28,13,4.98,1
485,29,14,5.89,0
485,30,13,5.43,0
485,31,17,5.04,1
485,32,16,5.88,0
485,33,17,5.57,0
485,34,18,5.8,0
485,35,30,6.39,0
485,36,14,6.02,0
485,37,11,5.6,0
485,38,21,5.62,0
485,39,15,5.55,0
485,40,12,6.33,0
485,41,12,5.56,0
485,42,36,5.17,0
485,43,12,5.77,0
485,44,27,5.61,0
486,1,18,5.88,0
486,2,20,6.48,0
486,3,17,6,0
486,4,17,6.26,0
486,5,29,6.01,0
486,6,28,5.35,1
486,7,23,5.79,0
486,8,17,5.55,0
486,9,20,5.49,0
486,10,19,6.12,0
486,11,23,6.05,0
486,12,20,5.89,0
486,13,20,6.23,0
486,14,62,6.06,0
486,15,19,5.54,0
486,16,22,5.9,0
486,17,20,6.01,0
486,18,22,6.09,0
486,19,22,5.93,0
486,20,36,4.66,1
486,21,18,6.3,0
486,22,20,6.12,0
486,23,18,5.93,0
486,24,17,6.39,0
486,25,22,5.2,0
486,26,19,5.76,0
486,27,20,6.06,0
486,28,17,6.27,0
486,29,16,5.8,0
486,30,23,4.61,1
486,31,18,5.61,0
486,32,18,6.02,0
486,33,16,5.96,0
486,34,19,5.87,0
486,35,47,5.81,0
486,36,18,6.06,0
486,37,15,6.18,0
486,38,27,5.97,0
486,39,15,5.61,0
486,40,15,5.57,0
486,41,15,6.34,0
486,42,44,6.1,0
486,43,16,5.88,0
486,44,32,6.4,0
