agent_ds_commerce/sales_history_train.csv
sku_id,week,units_sold,price,promo_flag
487,1,20,5.96,0
487,2,19,5.44,0
487,3,18,5.69,0
487,4,23,4.69,1
487,5,29,5.68,0
487,6,23,5.88,0
487,7,20,6.03,0
487,8,16,5.76,0
487,9,23,5.98,0
487,10,21,5.34,0
487,11,22,6.31,0
487,12,24,5.82,0
487,13,20,5.75,0
487,14,54,6.55,0
487,15,18,6.25,0
487,16,21,5.56,0
487,17,19,6.24,0
487,18,21,5.8,0
487,19,22,6.48,0
487,20,41,5.74,0
487,21,21,6.23,0
487,22,22,6.11,0
487,23,21,6.18,0
487,24,19,6.05,0
487,25,20,5.71,0
487,26,18,5.49,0
487,27,25,4.96,1
487,28,18,6.49,0
487,29,18,5.44,0
487,30,15,5.83,0
487,31,24,6.17,0
487,32,16,5.64,0
487,33,19,6.27,0
487,34,20,6.08,0
487,35,45,6.04,0
487,36,17,5.62,0
487,37,18,6.33,0
487,38,25,5.75,0
487,39,19,6.08,0
487,40,20,4.58,1
487,41,16,5.31,0
487,42,45,6.01,0
487,43,17,6.73,0
487,44,31,5.66,0
488,1,17,5.74,0
488,2,20,4.47,1
488,3,18,5.91,0
488,4,17,5.67,0
488,5,23,6.27,0
488,6,18,6.2,0
488,7,19,5.9,0
488,8,15,6.21,0
488,9,19,5.98,0
488,10,16,6.01,0
488,11,19,4.87,1
488,12,19,5.86,0
488,13,24,4.64,1
488,14,49,5.71,0
488,15,16,5.85,0
488,16,17,6.37,0
488,17,18,5.92,0
488,18,15,5.71,0
488,19,17,6.01,0
488,20,26,6.5,0
488,21,17,5.89,0
488,22,15,5.81,0
488,23,19,6.38,0
488,24,17,5.81,0
488,25,16,4.66,1
488,26,15,5.82,0
488,27,20,5.95,0
488,28,17,6.24,0
488,29,15,5.88,0
488,30,17,5.94,0
488,31,18,5.72,0
488,32,19,5.05,1
488,33,17,5.91,0
488,34,16,6,0
488,35,33,6.09,0
488,36,15,6.33,0
488,37,14,6.04,0
488,38,23,5.86,0
488,39,14,5.99,0
488,40,14,5.83,0
488,41,13,6.13,0
488,42,36,5.23,1
488,43,15,6.11,0
488,44,21,6.2,0
489,1,22,5.77,0
489,2,21,5.64,0
489,3,26,6.28,0
489,4,23,5.39,0
489,5,30,5.87,0
489,6,25,6.29,0
489,7,25,4.47,1
489,8,19,6.39,0
489,9,23,5.99,0
489,10,27,5.21,1
489,11,22,6.25,0
489,12,22,6.3,0
489,13,22,5.55,0
489,14,72,5.88,0
489,15,23,5.93,0
489,16,18,5.88,0
489,17,24,4.56,1
489,18,24,6.45,0
489,19,20,5.61,0
489,20,29,5.52,0
489,21,26,5.19,1
489,22,23,5.71,0
489,23,17,6.23,0
489,24,20,5.78,0
489,25,23,6.31,0
489,26,23,5.71,0
489,27,28,5.57,0
489,28,19,5.5,0
489,29,19,5.81,0
489,30,19,5.92,0
489,31,22,5.99,0
489,32,17,5.82,0
489,33,22,5.22,1
489,34,18,5.63,0
489,35,44,5.44,0
489,36,19,5.19,0
489,37,17,6.02,0
489,38,26,5.83,0
489,39,19,6.21,0
489,40,18,5.8,0
489,41,17,5.6,0
489,42,38,5.79,0
489,43,17,5.65,0
489,44,25,6.12,0
490,1,15,5.94,0
490,2,17,6.31,0
490,3,17,6.18,0
490,4,17,5.63,0
490,5,22,5.44,0
490,6,18,5.27,1
490,7,15,5.84,0
490,8,16,6.35,0
490,9,23,4.49,1
490,10,16,6.28,0
490,11,21,5.08,1
490,12,15,5.46,0
490,13,18,6.04,0
490,14,48,6.05,0
490,15,19,6.39,0
490,16,14,5.79,0
490,17,15,5.73,0
490,18,22,5.94,0
490,19,17,6.31,0
490,20,24,6.15,0
490,21,14,6.43,0
490,22,21,5.28,0
490,23,16,5.45,0
490,24,15,6.27,0
490,25,18,6.1,0
490,26,13,6.08,0
490,27,19,5.19,0
490,28,14,5.58,0
490,29,11,5.85,0
490,30,14,6.11,0
490,31,15,5.93,0
490,32,15,5.27,1
490,33,13,6.48,0
490,34,15,6.12,0
490,35,28,6.13,0
490,36,15,5.05,1
490,37,12,6.05,0
490,38,20,6.03,0
490,39,12,6.16,0
490,40,15,5.15,1
490,41,13,6.47,0
490,42,32,6.17,0
490,43,15,5.77,0
490,44,23,5.52,0
491,1,17,2.7,0
491,2,16,2.42,0
491,3,17,2.29,0
491,4,17,2.28,0
491,5,25,2.57,0
491,6,22,2.58,0
491,7,18,2.42,0
491,8,17,2.4,0
491,9,20,2.43,0
491,10,19,2.21,0
491,11,15,2.52,0
491,12,20,2.73,0
491,13,21,2.32,0
491,14,53,2.32,0
491,15,17,2.33,0
491,16,17,2.33,0
491,17,23,1.95,1
491,18,16,2.46,0
491,19,22,1.91,1
491,20,25,2.36,0
491,21,16,2.49,0
491,22,23,2.67,0
491,23,18,1.82,1
491,24,16,2.45,0
491,25,19,2.08,1
491,26,18,2.28,0
491,27,18,2.29,0
491,28,15,2.36,0
491,29,17,2.18,0
491,30,18,1.93,1
491,31,16,1.85,1
491,32,17,2.59,0
491,33,18,2.36,0
491,34,17,2.21,0
491,35,39,2.08,1
491,36,15,2.55,0
491,37,15,2.48,0
491,38,25,2.51,0
491,39,17,2.33,0
491,40,13,2.35,0
491,41,17,2.29,0
491,42,37,2.39,0
491,43,16,2.36,0
491,44,29,2.41,0
492,1,14,2.45,0
492,2,13,2.32,0
492,3,14,2.24,0
492,4,17,2.23,0
492,5,24,2.43,0
492,6,20,2.32,0
492,7,17,2.4,0
492,8,15,2.38,0
492,9,19,1.82,1
492,10,14,2.3,0
492,11,16,2.07,1
492,12,14,2.59,0
492,13,19,2.43,0
492,14,42,2.44,0
492,15,14,2.3,0
492,16,15,2.38,0
492,17,16,2.09,0
492,18,16,2.42,0
492,19,16,2.4,0
492,20,24,2.42,0
492,21,15,2.14,0
492,22,15,2.48,0
492,23,14,2.36,0
492,24,13,2.29,0
492,25,20,2.39,0
492,26,14,2.24,0
492,27,18,2.32,0
492,28,16,1.9,1
492,29,13,2.27,0
492,30,13,2.32,0
492,31,16,2.35,0
492,32,13,2.2,0
492,33,15,2.33,0
492,34,13,2.27,0
492,35,28,2.48,0
492,36,12,2.54,0
492,37,11,2.64,0
492,38,16,2.43,0
492,39,15,2,1
492,40,14,2.46,0
492,41,15,1.93,1
492,42,36,2.31,0
492,43,12,2.44,0
492,44,23,2.3,0
493,1,15,2.27,0
493,2,16,2.46,0
493,3,16,2.42,0
493,4,17,2.35,0
493,5,22,2.39,0
493,6,19,2.33,0
493,7,19,2.4,0
493,8,14,2.55,0
493,9,17,2.34,0
493,10,14,2.25,0
493,11,20,2.37,0
493,12,18,2.42,0
493,13,22,2.45,0
493,14,44,2.28,0
493,15,15,2.49,0
493,16,18,2.48,0
493,17,14,2.34,0
493,18,20,1.79,1
493,19,16,2.45,0
493,20,23,2.35,0
493,21,16,2.41,0
493,22,15,2.51,0
493,23,14,2.25,0
493,24,14,2.46,0
493,25,14,2.55,0
493,26,16,2.04,1
493,27,20,2.13,0
493,28,13,2.74,0
493,29,12,2.38,0
493,30,15,2.43,0
493,31,13,2.56,0
493,32,15,2.43,0
493,33,18,2.45,0
493,34,15,2.49,0
493,35,37,2.44,0
493,36,15,2.25,0
493,37,13,2.5,0
493,38,21,2.36,0
493,39,17,2.47,0
493,40,14,2.14,0
493,41,13,2.17,0
493,42,34,2.39,0
493,43,15,2.34,0
493,44,22,2.29,0
494,1,17,2.32,0
494,2,16,2.43,0
494,3,21,2.44,0
494,4,22,2.44,0
494,5,21,2.59,0
494,6,20,2.29,0
494,7,22,2.49,0
494,8,24,2.3,0
494,9,23,2.1,0
494,10,14,2.22,0
494,11,19,2.18,0
494,12,21,2.62,0
494,13,22,2.26,0
494,14,58,2.39,0
494,15,18,2.39,0
494,16,15,2.34,0
494,17,19,2.31,0
494,18,20,2.24,0
494,19,17,2.37,0
494,20,29,2.28,0
494,21,15,2.43,0
494,22,21,2.39,0
494,23,20,2.49,0
494,24,16,2.38,0
494,25,17,2.24,0
494,26,17,2.37,0
494,27,22,2.26,0
494,28,18,2.08,0
494,29,18,2.17,0
494,30,19,2.38,0
494,31,17,2.12,1
494,32,16,2.41,0
494,33,20,2.32,0
494,34,18,2.39,0
494,35,33,2.59,0
494,36,15,2.62,0
494,37,14,2.31,0
494,38,23,2.25,0
494,39,16,2.58,0
494,40,15,1.83,1
494,41,15,2.38,0
494,42,37,2.37,0
494,43,14,2.49,0
494,44,30,2.41,0
495,1,18,2.47,0
495,2,14,2.36,0
495,3,13,2.5,0
495,4,18,2.37,0
495,5,24,2.4,0
495,6,16,2.33,0
495,7,18,2.42,0
495,8,15,2.17,0
495,9,16,2.3,0
495,10,20,2.08,1
495,11,15,2.43,0
495,12,23,1.97,1
495,13,19,2.23,0
495,14,47,2.43,0
495,15,20,2.19,0
495,16,15,2.26,0
495,17,16,2.45,0
495,18,16,2.44,0
495,19,16,2.55,0
495,20,23,2.35,0
495,21,14,2.59,0
495,22,20,2.36,0
495,23,17,2.42,0
495,24,16,2.38,0
495,25,19,2.36,0
495,26,16,1.85,1
495,27,13,2.31,0
495,28,15,2.45,0
495,29,13,2.04,1
495,30,16,2.14,1
495,31,12,2.49,0
495,32,12,2.45,0
495,33,17,2.38,0
495,34,16,1.87,1
495,35,32,2.39,0
495,36,17,2.01,1
495,37,12,2.27,0
495,38,16,2.65,0
495,39,12,2.51,0
495,40,13,2.39,0
495,41,14,2.15,0
495,42,39,2.26,0
495,43,14,2.49,0
495,44,26,2.44,0
496,1,19,2.44,0
496,2,18,2.49,0
496,3,16,1.9,1
496,4,18,2.3,0
496,5,26,2.3,0
496,6,21,1.84,1
496,7,17,2.35,0
496,8,16,2.43,0
496,9,18,2.21,0
496,10,15,2.37,0
496,11,16,2.31,0
496,12,19,2.44,0
496,13,16,2.58,0
496,14,42,2.57,0
496,15,17,2.56,0
496,16,17,2.29,0
496,17,18,2.45,0
496,18,22,2.28,0
496,19,17,2.23,0
496,20,30,2.36,0
496,21,18,2.41,0
496,22,17,2.39,0
496,23,18,2.22,0
496,24,18,2.52,0
496,25,15,2.24,0
496,26,23,1.86,1
496,27,24,2.32,0
496,28,14,2.42,0
496,29,16,2.33,0
496,30,18,2.46,0
496,31,13,2.61,0
496,32,15,2.33,0
496,33,19,2.5,0
496,34,12,2.32,0
496,35,39,2.38,0
496,36,13,2.41,0
496,37,14,2.36,0
496,38,19,2.44,0
496,39,12,2.55,0
496,40,14,2.34,0
496,41,13,2.31,0
496,42,35,2.28,0
496,43,18,2.55,0
496,44,25,2.37,0
497,1,21,1.92,1
497,2,17,2.47,0
497,3,19,2.43,0
497,4,21,2.41,0
497,5,27,2.24,0
497,6,21,2.41,0
497,7,24,1.88,1
497,8,24,1.86,1
497,9,25,2.27,0
497,10,21,2.31,0
497,11,19,2.32,0
497,12,22,2.46,0
497,13,21,2.48,0
497,14,74,2.11,0
497,15,21,2.42,0
497,16,22,2.27,0
497,17,21,2.52,0
497,18,26,2.25,0
497,19,20,2.24,0
497,20,31,2.49,0
497,21,18,2.44,0
497,22,24,2.34,0
497,23,23,2.33,0
497,24,19,2.46,0
497,25,28,2.14,1
497,26,17,2.36,0
497,27,21,2.44,0
497,28,21,2.36,0
497,29,17,2.31,0
497,30,19,2.29,0
497,31,18,2.45,0
497,32,22,2.34,0
497,33,26,2.24,0
497,34,20,2.3,0
497,35,38,2.59,0
497,36,17,2.43,0
497,37,21,2.28,0
497,38,29,2.15,0
497,39,16,2.58,0
497,40,20,2.48,0
497,41,18,2.53,0
497,42,37,2.48,0
497,43,21,1.9,1
497,44,27,2.42,0
498,1,15,2.58,0
498,2,14,2.52,0
498,3,16,2.01,1
498,4,18,1.84,1
498,5,21,2.43,0
498,6,20,2.29,0
498,7,18,2.46,0
498,8,19,2.13,0
498,9,20,2.53,0
498,10,17,2.29,0
498,11,16,2.38,0
498,12,18,2.58,0
498,13,19,2.21,0
498,14,42,2.22,0
498,15,20,2.41,0
498,16,17,2.22,0
498,17,15,2.42,0
498,18,22,1.8,1
498,19,15,2.03,1
498,20,21,2.5,0
498,21,20,2.24,0
498,22,18,2.57,0
498,23,12,2.54,0
498,24,15,2.44,0
498,25,15,2.38,0
498,26,18,2.48,0
498,27,17,2.46,0
498,28,13,2.31,0
498,29,15,2.47,0
498,30,17,2.48,0
498,31,17,2.57,0
498,32,15,2.41,0
498,33,18,2.23,0
498,34,16,1.8,1
498,35,33,2.04,1
498,36,14,2.24,0
498,37,15,1.86,1
498,38,19,2.47,0
498,39,16,2.03,1
498,40,13,2.14,0
498,41,12,2.41,0
498,42,34,2.25,0
498,43,14,2.11,0
498,44,26,2.31,0
499,1,19,2.33,0
499,2,19,2.31,0
499,3,20,2.49,0
499,4,20,2.2,0
499,5,30,2.57,0
499,6,23,2.62,0
499,7,20,2.42,0
499,8,19,2.11,1
499,9,27,2.15,0
499,10,21,2.36,0
499,11,22,2.34,0
499,12,20,2.47,0
499,13,23,2.24,0
499,14,63,2.32,0
499,15,23,2.45,0
499,16,24,2.44,0
499,17,21,2.3,0
499,18,28,2.02,1
499,19,22,2.43,0
499,20,29,2.31,0
499,21,19,2.45,0
499,22,23,2.35,0
499,23,17,2.54,0
499,24,18,2.13,0
499,25,25,1.94,1
499,26,22,2.45,0
499,27,29,2.01,1
499,28,22,1.89,1
499,29,20,2.28,0
499,30,18,2.24,0
499,31,14,2.31,0
499,32,18,2.67,0
499,33,20,2.23,0
499,34,20,2.31,0
499,35,45,2.42,0
499,36,15,2.31,0
499,37,19,2.2,0
499,38,30,2.33,0
499,39,19,2.36,0
499,40,16,2.55,0
499,41,18,2.39,0
499,42,46,2.47,0
499,43,17,2.17,0
499,44,26,2.31,0
500,1,13,2.48,0
500,2,16,2.13,0
500,3,15,2.36,0
500,4,17,2.46,0
500,5,18,2.23,0
500,6,18,2.47,0
500,7,18,2.21,0
500,8,15,2.36,0
500,9,15,2.39,0
500,10,17,2.28,0
500,11,14,2.32,0
500,12,16,2.24,0
500,13,18,2.3,0
500,14,37,2.6,0
500,15,12,2.19,0
500,16,14,2.36,0
500,17,16,2.46,0
500,18,19,1.86,1
500,19,15,2.43,0
500,20,24,2.61,0
500,21,14,2.67,0
500,22,16,2.43,0
500,23,17,2.38,0
500,24,15,2.13,0
500,25,16,2.4,0
500,26,16,2.37,0
500,27,18,2.23,0
500,28,14,2.32,0
500,29,14,2.4,0
500,30,14,2.62,0
500,31,14,2.19,0
500,32,14,2.34,0
500,33,16,2.32,0
500,34,14,2.3,0
500,35,37,2.52,0
500,36,14,1.86,1
500,37,13,2.35,0
500,38,20,1.92,1
500,39,13,2.5,0
500,40,13,2.25,0
500,41,14,2.5,0
500,42,34,2.37,0
500,43,12,2.36,0
500,44,22,2.5,0
501,1,17,3.35,0
501,2,18,3.24,0
501,3,16,3.61,0
501,4,22,3.42,0
501,5,29,3.42,0
501,6,21,3.22,0
501,7,20,3.72,0
501,8,17,3.4,0
501,9,20,3.48,0
501,10,18,3.41,0
501,11,22,3.22,0
501,12,18,3.57,0
501,13,24,3.51,0
501,14,58,3.52,0
501,15,20,3.4,0
501,16,19,3.33,0
501,17,19,3.46,0
501,18,19,3.48,0
501,19,20,3.48,0
501,20,28,3.23,0
501,21,20,3.42,0
501,22,21,3.38,0
501,23,21,2.89,1
501,24,15,3.65,0
501,25,19,3.65,0
501,26,18,3.45,0
501,27,23,3.61,0
501,28,18,3.36,0
501,29,17,3.4,0
501,30,17,3.68,0
501,31,18,3.53,0
501,32,16,3.57,0
501,33,19,3.45,0
501,34,17,3,0
501,35,34,3.33,0
501,36,17,3.23,0
501,37,14,3.48,0
501,38,27,3.24,0
501,39,19,3.58,0
501,40,17,3.22,0
501,41,17,3.1,0
501,42,41,3.6,0
501,43,14,3.28,0
501,44,27,3.14,0
502,1,21,3.3,0
502,2,24,2.95,1
502,3,22,2.79,1
502,4,22,3.48,0
502,5,37,3.56,0
502,6,26,3.44,0
502,7,19,3.32,0
502,8,21,2.93,1
502,9,26,3.33,0
502,10,23,3.19,0
502,11,21,3.38,0
502,12,23,3.33,0
502,13,27,2.88,1
502,14,62,3.56,0
502,15,19,3.32,0
502,16,21,3.31,0
502,17,23,3.24,0
502,18,23,3.47,0
502,19,20,3.14,0
502,20,36,3.4,0
502,21,21,3.36,0
502,22,21,3.22,0
502,23,21,3.5,0
502,24,26,3.19,0
502,25,21,3.44,0
502,26,24,3.47,0
502,27,24,3.24,0
502,28,21,3.07,0
502,29,21,3.28,0
502,30,17,3.36,0
502,31,21,3.44,0
502,32,17,3.59,0
502,33,23,3.57,0
502,34,20,3.53,0
502,35,37,3.42,0
502,36,18,3.45,0
502,37,17,2.96,0
502,38,26,3.43,0
502,39,17,3.31,0
502,40,19,3.58,0
502,41,17,3.21,0
502,42,45,3.45,0
502,43,19,3.2,0
502,44,35,3.68,0
503,1,10,3.47,0
503,2,13,3.37,0
503,3,13,3.53,0
503,4,13,3.38,0
503,5,17,3.6,0
503,6,14,3.52,0
503,7,16,3.47,0
503,8,12,3.46,0
503,9,13,3.32,0
503,10,13,3.29,0
503,11,13,3.02,0
503,12,13,3.44,0
503,13,13,3.26,0
503,14,41,3.51,0
503,15,18,2.6,1
503,16,12,3.5,0
503,17,12,3.35,0
503,18,10,3.36,0
503,19,12,3.46,0
503,20,19,2.64,1
503,21,13,3.13,0
503,22,12,3.32,0
503,23,11,3.5,0
503,24,12,3.24,0
503,25,13,3.43,0
503,26,12,3.46,0
503,27,12,3.16,0
503,28,12,3.63,0
503,29,13,3.27,0
503,30,10,3.5,0
503,31,12,3.32,0
503,32,10,3.44,0
503,33,13,3.46,0
503,34,10,3.31,0
503,35,26,3.4,0
503,36,13,2.82,1
503,37,10,3.26,0
503,38,17,3.54,0
503,39,11,3.24,0
503,40,11,3.4,0
503,41,9,3.31,0
503,42,23,3.29,0
503,43,12,2.74,1
503,44,20,3.27,0
504,1,15,2.67,1
504,2,17,2.77,1
504,3,18,3.38,0
504,4,20,3.32,0
504,5,23,3.49,0
504,6,20,3.3,0
504,7,17,3.37,0
504,8,17,2.83,1
504,9,19,3.5,0
504,10,15,2.93,1
504,11,17,3.26,0
504,12,16,3.28,0
504,13,16,3.36,0
504,14,42,3.57,0
504,15,17,3.32,0
504,16,13,3.6,0
504,17,18,2.85,0
504,18,16,3.75,0
504,19,15,3.28,0
504,20,23,3.36,0
504,21,14,3.37,0
504,22,14,3.32,0
504,23,15,3.1,0
504,24,15,3.28,0
504,25,14,3.58,0
504,26,17,3.31,0
504,27,14,3.65,0
504,28,14,3.2,0
504,29,15,3.23,0
504,30,13,3.57,0
504,31,15,3.52,0
504,32,15,3.19,0
504,33,15,3.47,0
504,34,15,3.42,0
504,35,28,3.48,0
504,36,14,3.35,0
504,37,15,3.34,0
504,38,23,3.47,0
504,39,13,3.46,0
504,40,12,3.58,0
504,41,14,3.44,0
504,42,37,3.39,0
504,43,12,3.45,0
504,44,26,3.04,1
505,1,16,3.59,0
505,2,19,3.69,0
505,3,20,3.43,0
505,4,23,3.31,0
505,5,30,3.29,0
505,6,23,3.08,0
505,7,23,3.37,0
505,8,20,3.49,0
505,9,24,3.5,0
505,10,16,3.34,0
505,11,20,3.69,0
505,12,20,3.27,0
505,13,20,3.26,0
505,14,61,3.44,0
505,15,21,3.54,0
505,16,18,3.39,0
505,17,20,3.39,0
505,18,21,3.01,1
505,19,21,3.54,0
505,20,28,3.36,0
505,21,18,2.92,0
505,22,20,3.49,0
505,23,21,3.66,0
505,24,18,3.51,0
505,25,24,2.92,1
505,26,21,3.31,0
505,27,22,3.23,0
505,28,18,3.3,0
505,29,18,3.29,0
505,30,19,3.58,0
505,31,15,3,0
505,32,19,3.08,0
505,33,20,3.46,0
505,34,17,3.58,0
505,35,36,3.54,0
505,36,15,2.59,1
505,37,17,3.05,1
505,38,24,3.21,0
505,39,14,3.4,0
505,40,15,3.35,0
505,41,17,3.21,0
505,42,40,3.8,0
505,43,17,2.97,1
505,44,28,3.36,0
506,1,20,2.69,1
506,2,17,2.79,1
506,3,21,3.36,0
506,4,19,3.2,0
506,5,24,3.56,0
506,6,21,3.27,0
506,7,18,3.13,0
506,8,16,3.14,0
506,9,20,3.26,0
506,10,21,3.21,0
506,11,18,3.62,0
506,12,16,3.18,0
506,13,21,3.35,0
506,14,47,3.24,0
506,15,18,3.62,0
506,16,12,3.44,0
506,17,21,3.41,0
506,18,18,3.77,0
506,19,19,3.51,0
506,20,26,3.21,0
506,21,18,3.53,0
506,22,18,3.54,0
506,23,15,3.37,0
506,24,16,3.32,0
506,25,19,3.35,0
506,26,14,3.38,0
506,27,18,3.45,0
506,28,19,3.3,0
506,29,19,3.41,0
506,30,15,3.34,0
506,31,15,3.38,0
506,32,17,3.26,0
506,33,17,3.36,0
506,34,17,2.77,1
506,35,38,3.34,0
506,36,15,3.4,0
506,37,15,3.38,0
506,38,22,3.32,0
506,39,14,3.52,0
506,40,15,3.58,0
506,41,14,3.71,0
506,42,43,2.62,1
506,43,18,2.97,0
506,44,30,3.65,0
507,1,18,3.22,0
507,2,19,3.22,0
507,3,17,3.4,0
507,4,17,3.34,0
507,5,31,3.5,0
507,6,23,3.4,0
507,7,16,3.5,0
507,8,19,3.37,0
507,9,24,3.39,0
507,10,20,3.31,0
507,11,23,2.59,1
507,12,21,3.28,0
507,13,20,3.33,0
507,14,43,3.34,0
507,15,21,3.68,0
507,16,20,3.34,0
507,17,21,3.22,0
507,18,22,3.28,0
507,19,19,3.46,0
507,20,27,3.4,0
507,21,21,2.73,1
507,22,18,3.32,0
507,23,15,3.42,0
507,24,17,3.22,0
507,25,19,3.68,0
507,26,21,3.5,0
507,27,16,3.16,0
507,28,20,2.69,1
507,29,20,3.53,0
507,30,19,3.03,1
507,31,13,3.38,0
507,32,19,3.41,0
507,33,16,3.29,0
507,34,16,3.17,0
507,35,37,3.34,0
507,36,15,3.49,0
507,37,14,3.71,0
507,38,24,3.5,0
507,39,17,3.45,0
507,40,15,3.71,0
507,41,15,3.15,0
507,42,48,3.19,0
507,43,18,3.54,0
507,44,25,3.5,0
508,1,17,3.55,0
508,2,13,3.46,0
508,3,15,3.39,0
508,4,16,3.04,0
508,5,19,3.36,0
508,6,16,3.42,0
508,7,15,3.55,0
508,8,16,2.91,0
508,9,20,3.35,0
508,10,17,3.36,0
508,11,17,3.17,0
508,12,15,3.51,0
508,13,18,3.42,0
508,14,41,3.28,0
508,15,15,3.47,0
508,16,14,3.04,0
508,17,20,3.19,0
508,18,17,3.44,0
508,19,18,3.47,0
508,20,23,3.34,0
508,21,14,3.67,0
508,22,21,2.66,1
508,23,14,3.52,0
508,24,14,3.63,0
508,25,16,3.37,0
508,26,15,3.3,0
508,27,22,2.7,1
508,28,16,3.43,0
508,29,16,3.14,0
508,30,14,3.13,0
508,31,15,3.22,0
508,32,15,3.32,0
508,33,16,3.55,0
508,34,13,3.13,0
508,35,31,3.31,0
508,36,16,3.3,0
508,37,14,3.39,0
508,38,20,3.24,0
508,39,14,2.8,1
508,40,13,3.58,0
508,41,13,3.72,0
508,42,33,3.41,0
508,43,12,3.2,0
508,44,21,3.16,0
509,1,15,3.64,0
509,2,18,3.27,0
509,3,17,3.57,0
509,4,20,3.48,0
509,5,24,3.46,0
509,6,20,3.45,0
509,7,22,3.68,0
509,8,18,3.22,0
509,9,23,2.93,1
509,10,20,3.36,0
509,11,18,3.61,0
509,12,21,3.64,0
509,13,19,3.2,0
509,14,50,3.51,0
509,15,19,3.31,0
509,16,20,3.56,0
509,17,23,3.44,0
509,18,17,3.27,0
509,19,19,2.56,1
509,20,33,3.46,0
509,21,16,3.43,0
509,22,19,3.35,0
509,23,17,3.28,0
509,24,15,3.5,0
509,25,19,3.52,0
509,26,14,3.65,0
509,27,17,3.47,0
509,28,17,3.31,0
509,29,13,3.41,0
509,30,16,3.71,0
509,31,15,3.35,0
509,32,18,3.33,0
509,33,20,3.22,0
509,34,16,3.42,0
509,35,43,3.52,0
509,36,17,3.24,0
509,37,16,3.55,0
509,38,23,3.14,0
509,39,17,3.39,0
509,40,14,3.3,0
509,41,16,3.97,0
509,42,46,3.43,0
509,43,13,3.47,0
509,44,24,3.53,0
510,1,18,2.61,1
510,2,15,3.44,0
510,3,19,3.41,0
510,4,19,3.45,0
510,5,29,3.57,0
510,6,23,3.21,0
510,7,19,3.21,0
510,8,20,3.5,0
510,9,22,3.31,0
510,10,17,3.53,0
510,11,17,3.35,0
510,12,17,3.18,0
510,13,23,3.37,0
510,14,51,3.24,0
510,15,17,3.3,0
510,16,15,3.81,0
510,17,23,2.98,0
510,18,18,3.61,0
510,19,20,2.64,1
510,20,27,3.62,0
510,21,16,3.35,0
510,22,18,3.93,0
510,23,16,3.51,0
510,24,15,3.64,0
510,25,18,3.4,0
510,26,14,3.38,0
510,27,19,2.67,1
510,28,19,2.69,1
510,29,17,3.49,0
510,30,13,3.2,0
510,31,14,3.51,0
510,32,15,3.32,0
510,33,15,3.45,0
510,34,16,3.67,0
510,35,34,3.05,0
510,36,14,3.2,0
510,37,14,3.43,0
510,38,25,3.44,0
510,39,15,3.51,0
510,40,13,3.6,0
510,41,14,3.33,0
510,42,41,3.73,0
510,43,11,3.54,0
510,44,25,3.34,0
