agent_ds_commerce/sales_history_train.csv
sku_id,week,units_sold,price,promo_flag
511,1,20,5.15,0
511,2,21,4.55,0
511,3,18,5.09,0
511,4,21,4.95,0
511,5,36,5.61,0
511,6,20,4.85,0
511,7,26,4.13,1
511,8,20,4.58,0
511,9,22,4.48,0
511,10,26,3.74,1
511,11,20,4.73,0
511,12,20,4.43,0
511,13,23,4.86,0
511,14,55,4.69,0
511,15,23,4.77,0
511,16,22,4.47,0
511,17,21,4.86,0
511,18,18,4.89,0
511,19,22,4.74,0
511,20,36,4.53,0
511,21,18,4.45,0
511,22,21,4.37,0
511,23,20,4.69,0
511,24,19,4.71,0
511,25,22,4.81,0
511,26,19,4.82,0
511,27,23,4.6,0
511,28,19,4.7,0
511,29,20,4.68,0
511,30,20,3.69,1
511,31,19,4.51,0
511,32,19,5.31,0
511,33,20,4.04,0
511,34,18,4.71,0
511,35,45,4.69,0
511,36,18,4.5,0
511,37,17,4.93,0
511,38,26,4.78,0
511,39,17,4.83,0
511,40,17,4.65,0
511,41,15,4.87,0
511,42,47,4.91,0
511,43,20,4.78,0
511,44,32,4.92,0
512,1,21,4.91,0
512,2,15,4.7,0
512,3,17,4.94,0
512,4,19,4.5,0
512,5,29,4.9,0
512,6,27,4.79,0
512,7,17,4.48,0
512,8,22,3.66,1
512,9,23,4.9,0
512,10,17,4.43,0
512,11,18,4.71,0
512,12,19,4.88,0
512,13,21,5.13,0
512,14,51,4.97,0
512,15,19,4.72,0
512,16,20,4.79,0
512,17,19,4.61,0
512,18,18,4.87,0
512,19,20,4.48,0
512,20,25,4.82,0
512,21,18,4.9,0
512,22,20,4.36,0
512,23,17,4.66,0
512,24,19,4.89,0
512,25,17,4.7,0
512,26,14,4.81,0
512,27,20,4.7,0
512,28,16,4.5,0
512,29,14,5.11,0
512,30,19,4.37,0
512,31,13,4.75,0
512,32,19,4.67,0
512,33,17,5.13,0
512,34,13,5.08,0
512,35,39,4.49,0
512,36,16,4.95,0
512,37,13,4.77,0
512,38,25,4.75,0
512,39,21,3.58,1
512,40,15,4.97,0
512,41,18,4.61,0
512,42,52,3.83,1
512,43,20,3.61,1
512,44,23,4.75,0
513,1,22,4.78,0
513,2,17,4.56,0
513,3,21,3.67,1
513,4,18,4.92,0
513,5,31,4.63,0
513,6,22,4.83,0
513,7,21,5.11,0
513,8,17,4.53,0
513,9,25,3.81,1
513,10,21,4.43,0
513,11,19,4.69,0
513,12,20,3.83,1
513,13,23,4.5,0
513,14,58,4.77,0
513,15,21,4.91,0
513,16,21,4.66,0
513,17,17,5.02,0
513,18,19,5.37,0
513,19,21,4.75,0
513,20,27,4.84,0
513,21,23,3.7,1
513,22,21,4.49,0
513,23,20,4.97,0
513,24,16,4.76,0
513,25,21,4.41,0
513,26,18,4.66,0
513,27,20,4.7,0
513,28,19,4.73,0
513,29,17,4.93,0
513,30,14,4.71,0
513,31,16,4.78,0
513,32,18,4.62,0
513,33,18,4.81,0
513,34,21,4.93,0
513,35,36,4.69,0
513,36,18,3.82,1
513,37,21,3.64,1
513,38,24,3.84,1
513,39,15,4.7,0
513,40,12,5.13,0
513,41,18,4.63,0
513,42,34,4.95,0
513,43,15,4.79,0
513,44,26,4.89,0
514,1,14,4.73,0
514,2,14,4.71,0
514,3,17,4.62,0
514,4,19,4.53,0
514,5,19,4.53,0
514,6,20,4.25,0
514,7,15,4.87,0
514,8,16,4.84,0
514,9,18,4.63,0
514,10,19,4.89,0
514,11,18,4.58,0
514,12,17,4.97,0
514,13,18,5.17,0
514,14,49,4.9,0
514,15,17,3.6,1
514,16,22,4.7,0
514,17,20,4.34,0
514,18,17,4.52,0
514,19,15,4.69,0
514,20,26,4.88,0
514,21,20,4.11,1
514,22,18,4.84,0
514,23,18,4.8,0
514,24,15,4.35,0
514,25,16,4.78,0
514,26,14,4.61,0
514,27,19,4.76,0
514,28,14,5.03,0
514,29,15,3.91,1
514,30,16,4.38,0
514,31,14,5.04,0
514,32,16,4.77,0
514,33,18,4.62,0
514,34,18,4.62,0
514,35,35,4.73,0
514,36,16,4.82,0
514,37,15,4.92,0
514,38,21,4.72,0
514,39,14,4.64,0
514,40,14,4.73,0
514,41,14,4.95,0
514,42,30,4.62,0
514,43,14,4.6,0
514,44,21,5,0
515,1,16,4.38,0
515,2,16,4.99,0
515,3,17,4.44,0
515,4,16,4.43,0
515,5,21,4.82,0
515,6,19,5.13,0
515,7,18,4.13,0
515,8,19,4.83,0
515,9,19,4.99,0
515,10,16,4.51,0
515,11,19,5.11,0
515,12,18,4.82,0
515,13,18,4.25,0
515,14,47,4.56,0
515,15,19,4.08,1
515,16,18,4.82,0
515,17,18,4.49,0
515,18,22,4.7,0
515,19,14,5.02,0
515,20,21,5.26,0
515,21,17,4.77,0
515,22,18,4.66,0
515,23,15,4.79,0
515,24,17,5,0
515,25,17,4.73,0
515,26,16,4.64,0
515,27,19,4.71,0
515,28,14,4.66,0
515,29,14,4.68,0
515,30,17,4.1,1
515,31,19,4.32,0
515,32,16,4.79,0
515,33,21,4.68,0
515,34,16,5.4,0
515,35,34,4.71,0
515,36,15,4.65,0
515,37,13,4.55,0
515,38,22,4.77,0
515,39,14,4.5,0
515,40,13,4.97,0
515,41,16,4.91,0
515,42,34,4.55,0
515,43,13,4.84,0
515,44,24,4.85,0
516,1,14,4.58,0
516,2,18,4.84,0
516,3,19,4.8,0
516,4,17,5.19,0
516,5,23,5.1,0
516,6,17,4.96,0
516,7,21,4.58,0
516,8,21,3.8,1
516,9,16,4.93,0
516,10,17,4.92,0
516,11,16,4.84,0
516,12,17,4.88,0
516,13,17,4.71,0
516,14,46,5.14,0
516,15,20,4.45,0
516,16,17,4.52,0
516,17,14,4.98,0
516,18,20,4.66,0
516,19,16,4.58,0
516,20,24,4.54,0
516,21,16,3.71,1
516,22,18,4.77,0
516,23,20,3.92,1
516,24,17,4.52,0
516,25,14,4.83,0
516,26,17,5.04,0
516,27,19,4.88,0
516,28,16,4.65,0
516,29,12,4.73,0
516,30,17,4.72,0
516,31,15,4.67,0
516,32,16,4.65,0
516,33,17,4.73,0
516,34,17,4.27,0
516,35,38,4.37,0
516,36,14,5.32,0
516,37,16,4.59,0
516,38,22,4.86,0
516,39,14,4.68,0
516,40,14,4.98,0
516,41,14,4.56,0
516,42,37,5.04,0
516,43,16,3.89,1
516,44,24,4.78,0
517,1,21,4.76,0
517,2,16,4.79,0
517,3,20,4.66,0
517,4,20,4.47,0
517,5,25,4.49,0
517,6,20,4.76,0
517,7,23,4.92,0
517,8,19,4.35,0
517,9,26,4.23,1
517,10,19,5.14,0
517,11,19,4.75,0
517,12,22,4.11,1
517,13,20,4.48,0
517,14,58,4.63,0
517,15,21,5.32,0
517,16,18,4.01,1
517,17,16,5.07,0
517,18,25,4.73,0
517,19,17,4.9,0
517,20,29,3.68,1
517,21,18,4.95,0
517,22,19,4.85,0
517,23,18,4.6,0
517,24,17,4.87,0
517,25,23,4.94,0
517,26,21,4.83,0
517,27,19,5.04,0
517,28,19,4.16,1
517,29,16,4.5,0
517,30,17,4.34,0
517,31,17,4.58,0
517,32,16,4.94,0
517,33,20,4.7,0
517,34,21,5.04,0
517,35,48,4.89,0
517,36,15,5.24,0
517,37,15,4.77,0
517,38,25,4.77,0
517,39,16,5.14,0
517,40,13,5.19,0
517,41,16,3.98,1
517,42,35,4.93,0
517,43,16,4.28,1
517,44,27,4.94,0
518,1,16,4.71,0
518,2,13,4.56,0
518,3,18,5.21,0
518,4,19,4.96,0
518,5,28,4.13,1
518,6,19,5.01,0
518,7,20,4.78,0
518,8,16,4.74,0
518,9,15,4.87,0
518,10,17,4.64,0
518,11,16,4.55,0
518,12,18,4.73,0
518,13,20,4.91,0
518,14,45,4.76,0
518,15,17,4.57,0
518,16,14,4.98,0
518,17,16,4.78,0
518,18,18,5.1,0
518,19,20,4.73,0
518,20,24,4.88,0
518,21,20,4.14,1
518,22,19,4.5,0
518,23,18,4.9,0
518,24,15,4.61,0
518,25,20,5.31,0
518,26,17,4.75,0
518,27,19,4.77,0
518,28,16,4.45,0
518,29,15,4.75,0
518,30,14,4.87,0
518,31,16,3.87,1
518,32,13,4.83,0
518,33,16,4.85,0
518,34,15,4.61,0
518,35,36,4.85,0
518,36,16,4.92,0
518,37,13,4.6,0
518,38,21,5.14,0
518,39,17,4.97,0
518,40,13,4.8,0
518,41,15,4.95,0
518,42,34,4.92,0
518,43,15,4.89,0
518,44,26,5.15,0
519,1,16,4.54,0
519,2,18,4.48,0
519,3,19,4.56,0
519,4,24,4.87,0
519,5,23,5.19,0
519,6,24,3.6,1
519,7,19,5.09,0
519,8,20,5.21,0
519,9,25,4.13,1
519,10,23,3.99,1
519,11,17,5.04,0
519,12,16,4.95,0
519,13,21,4.46,0
519,14,50,4.79,0
519,15,19,5.11,0
519,16,20,4.8,0
519,17,19,4.25,0
519,18,23,4.41,0
519,19,18,4.33,0
519,20,30,4.85,0
519,21,20,5.07,0
519,22,17,4.87,0
519,23,17,4.78,0
519,24,22,3.92,1
519,25,19,4.65,0
519,26,18,4.86,0
519,27,18,4.79,0
519,28,16,4.09,1
519,29,19,4.5,0
519,30,20,5.2,0
519,31,18,4.81,0
519,32,16,4.94,0
519,33,18,4.99,0
519,34,21,4.88,0
519,35,46,5.22,0
519,36,17,5.04,0
519,37,17,4.61,0
519,38,21,4.8,0
519,39,15,4.95,0
519,40,13,4.7,0
519,41,16,4.77,0
519,42,44,5.01,0
519,43,18,4.73,0
519,44,29,4.48,0
520,1,23,4.05,1
520,2,25,4.41,0
520,3,21,4.94,0
520,4,21,4.81,0
520,5,38,4.9,0
520,6,29,3.75,1
520,7,36,4.27,0
520,8,24,4.8,0
520,9,27,4.36,0
520,10,23,4.74,0
520,11,20,5.08,0
520,12,27,4.5,0
520,13,24,4.61,0
520,14,65,5.18,0
520,15,26,4.59,0
520,16,26,4.77,0
520,17,23,4.73,0
520,18,33,5.01,0
520,19,29,4.58,0
520,20,37,4.26,1
520,21,28,3.78,1
520,22,26,4.73,0
520,23,20,4.96,0
520,24,22,5.02,0
520,25,26,5,0
520,26,29,5.09,0
520,27,29,4.78,0
520,28,21,4.17,0
520,29,28,3.62,1
520,30,20,4.84,0
520,31,21,4.85,0
520,32,19,4.69,0
520,33,30,4.48,0
520,34,23,4.65,0
520,35,52,4.73,0
520,36,21,5.06,0
520,37,25,4.65,0
520,38,34,4.55,0
520,39,21,4.15,0
520,40,23,4.72,0
520,41,21,4.28,0
520,42,52,4.42,0
520,43,21,4.62,0
520,44,33,4.6,0
521,1,14,3.03,0
521,2,14,3.15,0
521,3,12,2.94,0
521,4,18,3.3,0
521,5,24,3.25,0
521,6,18,2.86,0
521,7,19,3.14,0
521,8,13,3.03,0
521,9,16,3.18,0
521,10,14,3.04,0
521,11,21,2.6,1
521,12,16,3.4,0
521,13,18,3.22,0
521,14,53,3.08,0
521,15,17,3.13,0
521,16,15,3.11,0
521,17,14,3.16,0
521,18,16,3.08,0
521,19,15,3.09,0
521,20,21,2.99,0
521,21,14,3,0
521,22,21,2.96,0
521,23,15,2.68,0
521,24,12,2.92,0
521,25,11,3.13,0
521,26,14,3.16,0
521,27,20,2.65,1
521,28,13,3.18,0
521,29,15,3.19,0
521,30,12,3.02,0
521,31,12,3.03,0
521,32,15,3.06,0
521,33,16,2.89,0
521,34,14,3.23,0
521,35,33,3.21,0
521,36,13,3.1,0
521,37,13,3.21,0
521,38,19,3.13,0
521,39,13,3.11,0
521,40,12,2.84,0
521,41,13,3.05,0
521,42,46,2.35,1
521,43,13,2.93,0
521,44,25,2.89,0
522,1,13,3.23,0
522,2,12,3.17,0
522,3,13,2.67,1
522,4,13,2.88,0
522,5,17,3.38,0
522,6,16,2.97,0
522,7,12,3.17,0
522,8,12,3.19,0
522,9,15,3.06,0
522,10,12,3.22,0
522,11,16,2.64,1
522,12,15,2.66,0
522,13,13,3.19,0
522,14,32,3.04,0
522,15,14,3.13,0
522,16,13,3.31,0
522,17,13,3.18,0
522,18,15,3.22,0
522,19,12,2.98,0
522,20,23,2.99,0
522,21,11,3.2,0
522,22,14,3.13,0
522,23,11,2.74,0
522,24,12,3.24,0
522,25,13,3.14,0
522,26,13,2.86,0
522,27,14,2.92,0
522,28,13,3.17,0
522,29,15,2.56,1
522,30,11,3.22,0
522,31,13,2.36,1
522,32,10,2.91,0
522,33,12,3.2,0
522,34,13,2.87,0
522,35,25,2.92,0
522,36,9,3.15,0
522,37,9,2.9,0
522,38,17,3.05,0
522,39,11,3.02,0
522,40,12,2.66,1
522,41,13,2.95,0
522,42,24,3.08,0
522,43,10,3.14,0
522,44,19,3.19,0
523,1,15,3.24,0
523,2,14,3.08,0
523,3,16,2.8,0
523,4,19,3.18,0
523,5,20,3,0
523,6,23,3.17,0
523,7,17,3.02,0
523,8,17,3.08,0
523,9,19,2.98,0
523,10,15,3.23,0
523,11,17,2.95,0
523,12,17,2.82,0
523,13,18,3.07,0
523,14,45,2.84,0
523,15,17,3.12,0
523,16,19,3.06,0
523,17,15,3.21,0
523,18,17,3.14,0
523,19,15,2.98,0
523,20,25,2.86,0
523,21,17,3.09,0
523,22,16,2.99,0
523,23,17,3.21,0
523,24,24,2.33,1
523,25,18,3.11,0
523,26,16,3.17,0
523,27,18,3.21,0
523,28,18,2.36,1
523,29,15,3.25,0
523,30,16,2.8,0
523,31,15,2.79,0
523,32,11,3.15,0
523,33,16,2.95,0
523,34,15,3.08,0
523,35,32,2.73,0
523,36,11,3.11,0
523,37,13,3.02,0
523,38,23,2.74,1
523,39,13,3.02,0
523,40,18,2.61,1
523,41,13,2.87,0
523,42,38,3.13,0
523,43,14,2.99,0
523,44,23,2.8,0
524,1,11,3.2,0
524,2,11,3.05,0
524,3,11,2.92,0
524,4,13,2.83,0
524,5,25,2.57,1
524,6,16,3.03,0
524,7,14,2.86,0
524,8,12,2.81,0
524,9,14,3.22,0
524,10,13,3.02,0
524,11,15,2.75,1
524,12,13,3.01,0
524,13,13,2.96,0
524,14,32,3.18,0
524,15,16,3.06,0
524,16,13,3.02,0
524,17,13,2.99,0
524,18,14,2.91,0
524,19,14,3.09,0
524,20,21,3.04,0
524,21,11,3.43,0
524,22,14,2.75,0
524,23,11,2.92,0
524,24,14,2.58,1
524,25,13,2.7,0
524,26,12,2.84,0
524,27,13,3.12,0
524,28,13,2.62,1
524,29,9,2.97,0
524,30,15,2.79,0
524,31,10,2.96,0
524,32,11,2.87,0
524,33,12,3.09,0
524,34,12,2.88,0
524,35,26,3.11,0
524,36,12,3.03,0
524,37,12,2.83,0
524,38,15,3.17,0
524,39,9,3.47,0
524,40,11,2.67,1
524,41,11,2.89,0
524,42,27,3.25,0
524,43,13,2.49,1
524,44,17,3.03,0
525,1,9,3.25,0
525,2,11,2.97,0
525,3,10,3.06,0
525,4,11,3.15,0
525,5,16,2.94,0
525,6,12,3.11,0
525,7,10,2.85,0
525,8,9,3.31,0
525,9,11,3.01,0
525,10,11,3.06,0
525,11,9,2.95,0
525,12,8,3.13,0
525,13,9,3.04,0
525,14,29,3.05,0
525,15,9,3.23,0
525,16,10,3.24,0
525,17,8,2.83,0
525,18,11,3.17,0
525,19,11,3.18,0
525,20,16,2.93,0
525,21,10,2.96,0
525,22,9,3.03,0
525,23,10,2.83,0
525,24,8,3.09,0
525,25,14,2.91,0
525,26,10,2.93,0
525,27,11,2.91,0
525,28,8,3.01,0
525,29,8,3.09,0
525,30,9,2.96,0
525,31,8,3.04,0
525,32,7,3.21,0
525,33,11,3.04,0
525,34,9,3.25,0
525,35,23,3.17,0
525,36,8,3.01,0
525,37,8,2.96,0
525,38,16,2.74,1
525,39,8,2.78,0
525,40,9,3.21,0
525,41,11,2.55,1
525,42,18,3.2,0
525,43,8,3.13,0
525,44,13,2.73,0
526,1,10,3.11,0
526,2,11,3.13,0
526,3,10,3.08,0
526,4,12,3.04,0
526,5,17,3.33,0
526,6,13,2.8,0
526,7,11,3.09,0
526,8,12,2.92,0
526,9,12,2.86,0
526,10,16,2.47,1
526,11,11,2.96,0
526,12,14,3.13,0
526,13,14,3.02,0
526,14,36,3.04,0
526,15,11,3.14,0
526,16,11,3.43,0
526,17,11,3.11,0
526,18,14,2.86,0
526,19,11,3.16,0
526,20,19,3,0
526,21,11,3.02,0
526,22,11,3.06,0
526,23,11,3.05,0
526,24,11,2.92,0
526,25,13,3.03,0
526,26,9,3.25,0
526,27,13,3.13,0
526,28,10,2.85,0
526,29,9,3.32,0
526,30,11,2.88,0
526,31,9,3.06,0
526,32,11,3.06,0
526,33,12,2.78,0
526,34,10,3.01,0
526,35,23,3.05,0
526,36,9,2.95,0
526,37,11,3,0
526,38,15,2.58,0
526,39,10,3.26,0
526,40,9,3.04,0
526,41,9,2.86,0
526,42,22,3.37,0
526,43,12,3.12,0
526,44,17,2.91,0
527,1,9,3.13,0
527,2,11,2.89,0
527,3,7,2.95,0
527,4,12,2.82,0
527,5,21,2.6,1
527,6,13,2.99,0
527,7,12,3.26,0
527,8,8,2.99,0
527,9,12,3.06,0
527,10,9,3.26,0
527,11,10,2.96,0
527,12,11,2.68,0
527,13,10,3.01,0
527,14,31,2.87,0
527,15,12,2.37,1
527,16,11,2.42,1
527,17,10,3.22,0
527,18,10,3.01,0
527,19,8,3.19,0
527,20,14,3.02,0
527,21,9,3.22,0
527,22,10,3,0
527,23,13,2.59,1
527,24,10,3.1,0
527,25,10,2.95,0
527,26,13,2.37,1
527,27,11,3.13,0
527,28,9,2.9,0
527,29,10,2.84,0
527,30,10,2.81,0
527,31,9,2.88,0
527,32,8,2.92,0
527,33,14,2.31,1
527,34,9,3.04,0
527,35,20,3.22,0
527,36,9,3.21,0
527,37,10,3.03,0
527,38,16,2.71,1
527,39,10,2.34,1
527,40,12,2.37,1
527,41,9,3.24,0
527,42,18,3.01,0
527,43,8,3.28,0
527,44,16,3.14,0
528,1,13,2.95,0
528,2,12,3.33,0
528,3,11,3.03,0
528,4,14,2.93,0
528,5,17,2.99,0
528,6,13,3.12,0
528,7,15,2.99,0
528,8,16,3.07,0
528,9,14,3.19,0
528,10,13,3.34,0
528,11,13,3.03,0
528,12,13,2.99,0
528,13,14,2.88,0
528,14,45,2.3,1
528,15,15,3,0
528,16,11,3.05,0
528,17,12,2.81,0
528,18,14,3.14,0
528,19,12,3.02,0
528,20,22,2.63,1
528,21,12,3.22,0
528,22,14,3.16,0
528,23,11,3.01,0
528,24,12,3,0
528,25,15,2.75,0
528,26,11,3.14,0
528,27,12,3.22,0
528,28,10,3.23,0
528,29,15,2.38,1
528,30,9,3.21,0
528,31,10,3.1,0
528,32,13,3.17,0
528,33,14,2.98,0
528,34,13,2.71,0
528,35,26,3.19,0
528,36,12,3.12,0
528,37,9,3.26,0
528,38,14,3.25,0
528,39,12,2.37,1
528,40,9,2.99,0
528,41,12,3.02,0
528,42,28,2.82,0
528,43,9,3.27,0
528,44,21,2.62,1
529,1,18,2.39,1
529,2,14,2.99,0
529,3,12,3.24,0
529,4,16,2.99,0
529,5,16,3.25,0
529,6,16,2.84,0
529,7,14,3.22,0
529,8,11,3.12,0
529,9,17,3.16,0
529,10,13,2.93,0
529,11,13,3.25,0
529,12,16,3.1,0
529,13,16,3.03,0
529,14,34,3.27,0
529,15,13,2.82,0
529,16,14,2.97,0
529,17,13,3.03,0
529,18,22,2.3,1
529,19,19,2.69,1
529,20,23,3.08,0
529,21,14,3.09,0
529,22,16,3.12,0
529,23,12,2.84,0
529,24,12,3.18,0
529,25,13,3.22,0
529,26,12,2.96,0
529,27,14,3.14,0
529,28,13,3.05,0
529,29,17,2.51,1
529,30,12,3.04,0
529,31,15,3.11,0
529,32,13,3.05,0
529,33,13,3,0
529,34,11,3.27,0
529,35,28,3.31,0
529,36,13,3,0
529,37,13,2.86,0
529,38,21,2.58,1
529,39,12,3.34,0
529,40,11,3.33,0
529,41,12,3.19,0
529,42,24,3.14,0
529,43,11,3.03,0
529,44,21,2.99,0
530,1,16,3.21,0
530,2,14,3.23,0
530,3,15,3.19,0
530,4,18,3.26,0
530,5,23,3.27,0
530,6,17,2.92,0
530,7,19,3.11,0
530,8,20,2.4,1
530,9,16,3.09,0
530,10,17,3.07,0
530,11,23,2.48,1
530,12,17,3.07,0
530,13,18,2.94,0
530,14,51,3.27,0
530,15,17,3.09,0
530,16,15,3.28,0
530,17,18,2.96,0
530,18,20,3.15,0
530,19,17,2.84,0
530,20,27,2.86,0
530,21,15,3.15,0
530,22,16,3.21,0
530,23,17,3.06,0
530,24,22,3.21,0
530,25,17,2.91,0
530,26,18,3.04,0
530,27,18,3.1,0
530,28,14,2.9,0
530,29,17,2.96,0
530,30,13,3.23,0
530,31,22,3.04,0
530,32,15,2.83,0
530,33,17,3.12,0
530,34,16,3.08,0
530,35,33,3.03,0
530,36,13,2.8,0
530,37,16,3.11,0
530,38,24,3.32,0
530,39,14,3.13,0
530,40,15,3.23,0
530,41,15,2.77,0
530,42,35,3.01,0
530,43,18,2.61,1
530,44,22,2.9,0
531,1,16,3.43,1
531,2,10,4.32,0
531,3,13,4.19,0
531,4,18,3.47,1
531,5,19,4.35,0
531,6,18,3.94,0
531,7,17,4.23,0
531,8,15,4.11,0
531,9,13,3.99,0
531,10,15,3.91,0
531,11,13,4.01,0
531,12,12,4.36,0
531,13,16,4.15,0
531,14,44,3.9,0
531,15,14,4.54,0
531,16,15,4.18,0
531,17,14,4.01,0
531,18,13,4.29,0
531,19,16,3.64,0
531,20,30,3.09,1
531,21,16,4.21,0
531,22,15,3.61,1
531,23,13,4.11,0
531,24,12,3.99,0
531,25,14,4.1,0
531,26,15,4.04,0
531,27,14,4.25,0
531,28,12,4.18,0
531,29,13,4.24,0
531,30,12,4.27,0
531,31,12,3.43,1
531,32,13,4.27,0
531,33,16,4.58,0
531,34,15,3.83,0
531,35,27,4.41,0
531,36,12,4.17,0
531,37,12,3.97,0
531,38,20,4.44,0
531,39,12,4.58,0
531,40,12,3.82,0
531,41,12,4.36,0
531,42,25,3.86,0
531,43,10,3.82,0
531,44,20,4.05,0
532,1,12,4.07,0
532,2,17,3.27,1
532,3,11,3.84,0
532,4,14,4.05,0
532,5,17,4.31,0
532,6,13,4.19,0
532,7,13,4.1,0
532,8,14,3.67,1
532,9,14,4.38,0
532,10,15,4.31,0
532,11,12,4.35,0
532,12,13,4.28,0
532,13,17,4.15,0
532,14,31,4.4,0
532,15,13,4.28,0
532,16,16,4.26,0
532,17,11,4.36,0
532,18,13,4.37,0
532,19,15,3.71,0
532,20,17,4.47,0
532,21,16,4.17,0
532,22,14,4.22,0
532,23,12,3.96,0
532,24,11,4.25,0
532,25,14,4.05,0
532,26,12,4.37,0
532,27,15,4.05,0
532,28,10,4.08,0
532,29,12,4.22,0
532,30,11,3.97,0
532,31,11,4.28,0
532,32,9,3.85,0
532,33,14,4.15,0
532,34,12,4.19,0
532,35,26,4.32,0
532,36,11,4.09,0
532,37,10,4.4,0
532,38,15,3.82,0
532,39,9,3.99,0
532,40,10,4.47,0
532,41,10,4.09,0
532,42,27,3.76,0
532,43,9,4.01,0
532,44,18,4.01,0
533,1,17,4,0
533,2,15,3.99,0
533,3,17,3.93,0
533,4,19,3.51,1
533,5,24,3.89,0
533,6,17,4.29,0
533,7,17,4.14,0
533,8,14,4.19,0
533,9,15,4.11,0
533,10,19,3.44,1
533,11,14,3.9,0
533,12,14,4.33,0
533,13,18,4.13,0
533,14,42,3.84,0
533,15,15,4.02,0
533,16,19,3.75,0
533,17,15,3.86,0
533,18,17,4.14,0
533,19,14,4.12,0
533,20,23,4.39,0
533,21,16,4.24,0
533,22,14,4.05,0
533,23,12,4.26,0
533,24,15,4.05,0
533,25,13,4.28,0
533,26,14,4.18,0
533,27,25,3.37,1
533,28,11,4.46,0
533,29,14,4.12,0
533,30,15,4.12,0
533,31,14,3.96,0
533,32,20,3.53,1
533,33,13,4.19,0
533,34,18,3.59,1
533,35,29,4.1,0
533,36,12,4.11,0
533,37,12,4.25,0
533,38,19,4.21,0
533,39,14,4.05,0
533,40,12,4,0
533,41,12,4.01,0
533,42,33,3.9,0
533,43,12,4.15,0
533,44,21,3.72,0
534,1,9,4.19,0
534,2,8,3.85,0
534,3,11,4.24,0
534,4,10,4.22,0
534,5,13,4.07,0
534,6,10,4.27,0
534,7,11,4.34,0
534,8,13,3.69,1
534,9,13,3.74,0
534,10,10,4.05,0
534,11,9,4.2,0
534,12,10,4.14,0
534,13,12,3.95,0
534,14,24,3.9,0
534,15,8,4.03,0
534,16,10,4.32,0
534,17,10,3.82,0
534,18,8,3.96,0
534,19,9,4.29,0
534,20,17,4.14,0
534,21,8,4.01,0
534,22,17,3.27,1
534,23,8,4.2,0
534,24,9,3.8,0
534,25,8,4.4,0
534,26,10,4.16,0
534,27,10,3.79,0
534,28,9,3.93,0
534,29,8,3.86,0
534,30,8,4.27,0
534,31,7,4.24,0
534,32,7,3.92,0
534,33,9,4.1,0
534,34,9,4.23,0
534,35,19,3.9,0
534,36,8,4.33,0
534,37,7,4.01,0
534,38,12,4.38,0
534,39,8,4.07,0
534,40,8,3.77,0
534,41,12,3.59,1
534,42,23,3.88,0
534,43,8,4.09,0
534,44,12,4,0
