agent_ds_commerce/sales_history_train.csv
sku_id,week,units_sold,price,promo_flag
535,1,12,4.09,0
535,2,13,3.99,0
535,3,14,4.17,0
535,4,14,4.3,0
535,5,17,4.38,0
535,6,18,4.06,0
535,7,14,3.76,0
535,8,14,4.45,0
535,9,15,4.18,0
535,10,12,4.05,0
535,11,15,4.12,0
535,12,14,4.33,0
535,13,16,3.56,0
535,14,45,3.33,1
535,15,13,4.16,0
535,16,13,4.14,0
535,17,15,3.78,0
535,18,13,3.86,0
535,19,14,3.98,0
535,20,19,4.34,0
535,21,14,4.04,0
535,22,14,4.28,0
535,23,11,4.21,0
535,24,15,3.79,0
535,25,15,3.97,0
535,26,14,3.8,0
535,27,14,3.8,0
535,28,14,4.05,0
535,29,16,3.14,1
535,30,10,4.51,0
535,31,12,4.11,0
535,32,13,3.64,0
535,33,17,4.35,0
535,34,12,4.38,0
535,35,34,3.86,0
535,36,11,3.99,0
535,37,11,4.3,0
535,38,20,4,0
535,39,10,4.16,0
535,40,10,4.02,0
535,41,12,4.03,0
535,42,31,4.33,0
535,43,13,4.08,0
535,44,21,4.2,0
536,1,19,3.92,0
536,2,18,3.78,0
536,3,17,3.93,0
536,4,17,3.77,0
536,5,23,4.11,0
536,6,17,4.12,0
536,7,17,3.99,0
536,8,16,3.59,0
536,9,15,4,0
536,10,14,4.08,0
536,11,18,3.47,0
536,12,18,4.06,0
536,13,15,4.19,0
536,14,49,3.96,0
536,15,16,4.02,0
536,16,12,4.11,0
536,17,12,4.24,0
536,18,17,4.09,0
536,19,13,4.42,0
536,20,27,3.57,1
536,21,15,3.68,0
536,22,15,3.83,0
536,23,22,3.14,1
536,24,16,4.01,0
536,25,15,3.83,0
536,26,12,4.02,0
536,27,20,3.38,1
536,28,18,3.33,1
536,29,14,3.66,0
536,30,15,4.09,0
536,31,11,3.87,0
536,32,12,3.82,0
536,33,16,4.01,0
536,34,13,3.89,0
536,35,35,4.04,0
536,36,13,4.32,0
536,37,15,3.72,0
536,38,19,3.65,0
536,39,14,4.2,0
536,40,13,3.66,0
536,41,12,4.21,0
536,42,33,3.92,0
536,43,14,3.65,0
536,44,19,4.28,0
537,1,11,4.26,0
537,2,11,4.33,0
537,3,10,4.07,0
537,4,11,4.17,0
537,5,16,4.11,0
537,6,13,4.1,0
537,7,9,4.12,0
537,8,12,4.44,0
537,9,12,4.15,0
537,10,12,3.96,0
537,11,11,4.15,0
537,12,10,4.08,0
537,13,13,4.51,0
537,14,38,3.64,1
537,15,11,3.94,0
537,16,12,4.03,0
537,17,9,4.2,0
537,18,11,4.46,0
537,19,10,4.22,0
537,20,14,4.34,0
537,21,12,4.02,0
537,22,10,4.15,0
537,23,11,3.95,0
537,24,10,3.86,0
537,25,16,3.62,1
537,26,9,3.9,0
537,27,17,3.65,1
537,28,9,3.96,0
537,29,10,4.23,0
537,30,8,4.81,0
537,31,8,4.26,0
537,32,10,4.26,0
537,33,11,4,0
537,34,10,3.99,0
537,35,19,4.27,0
537,36,9,4.04,0
537,37,9,4.06,0
537,38,13,4.03,0
537,39,9,3.96,0
537,40,10,4.24,0
537,41,10,4.08,0
537,42,27,4.13,0
537,43,9,4.08,0
537,44,13,3.96,0
538,1,17,4.18,0
538,2,18,4.34,0
538,3,15,4.31,0
538,4,19,4.05,0
538,5,23,3.83,0
538,6,18,3.92,0
538,7,19,3.92,0
538,8,14,3.95,0
538,9,14,3.78,0
538,10,18,3.91,0
538,11,16,4.01,0
538,12,17,3.69,0
538,13,18,4.04,0
538,14,39,4.12,0
538,15,14,4.33,0
538,16,14,4.54,0
538,17,15,4.38,0
538,18,21,3.91,0
538,19,18,4.14,0
538,20,25,4,0
538,21,18,4.24,0
538,22,17,3.88,0
538,23,15,4.24,0
538,24,15,3.96,0
538,25,18,3.75,0
538,26,14,3.94,0
538,27,20,4.15,0
538,28,17,3.47,1
538,29,24,3.52,1
538,30,16,4.19,0
538,31,13,4.31,0
538,32,20,3.22,1
538,33,14,4.03,0
538,34,13,4.25,0
538,35,33,3.78,0
538,36,15,4.12,0
538,37,15,4.05,0
538,38,18,4.19,0
538,39,13,4.11,0
538,40,13,4.06,0
538,41,12,3.94,0
538,42,24,4.1,0
538,43,12,4.15,0
538,44,19,4.28,0
539,1,13,3.63,0
539,2,12,4.38,0
539,3,13,4,0
539,4,16,4,0
539,5,23,4.22,0
539,6,14,3.88,0
539,7,18,3.96,0
539,8,14,4.24,0
539,9,16,3.63,0
539,10,15,4.26,0
539,11,13,4.47,0
539,12,13,4.12,0
539,13,14,4.47,0
539,14,50,3.86,0
539,15,15,4.06,0
539,16,14,4.13,0
539,17,16,4.11,0
539,18,21,3.54,1
539,19,23,3.16,1
539,20,28,3.28,1
539,21,15,4.04,0
539,22,15,4.26,0
539,23,12,3.3,1
539,24,16,4.03,0
539,25,13,4.25,0
539,26,13,4.06,0
539,27,17,4.22,0
539,28,12,4.61,0
539,29,9,4.31,0
539,30,10,4.13,0
539,31,14,3.92,0
539,32,14,4.16,0
539,33,15,4.31,0
539,34,14,4.07,0
539,35,32,4.07,0
539,36,10,4.17,0
539,37,11,4.6,0
539,38,19,4.21,0
539,39,11,3.9,0
539,40,14,4.24,0
539,41,10,4.06,0
539,42,25,4.47,0
539,43,10,4.47,0
539,44,22,3.61,0
540,1,11,4.12,0
540,2,13,3.67,0
540,3,12,4.02,0
540,4,12,4.73,0
540,5,20,3.98,0
540,6,14,4.34,0
540,7,13,4.14,0
540,8,12,4.16,0
540,9,14,4.14,0
540,10,12,4.08,0
540,11,14,4.05,0
540,12,13,4.15,0
540,13,13,3.86,0
540,14,33,3.93,0
540,15,11,4.41,0
540,16,16,3.34,1
540,17,11,4.44,0
540,18,13,4.28,0
540,19,12,4.06,0
540,20,18,3.94,0
540,21,12,3.81,0
540,22,14,3.82,0
540,23,11,3.73,0
540,24,15,3.55,1
540,25,12,4.04,0
540,26,14,4.06,0
540,27,13,4.21,0
540,28,9,4.42,0
540,29,11,3.77,0
540,30,12,4.3,0
540,31,10,3.84,0
540,32,11,3.99,0
540,33,12,3.97,0
540,34,12,4.21,0
540,35,29,4.1,0
540,36,10,3.83,0
540,37,12,3.94,0
540,38,13,4.05,0
540,39,10,4.14,0
540,40,10,4.02,0
540,41,10,4.17,0
540,42,26,4.05,0
540,43,10,4.05,0
540,44,17,4.47,0
541,1,16,4.93,0
541,2,14,5.52,0
541,3,15,5.75,0
541,4,19,5.4,0
541,5,23,5.63,0
541,6,17,4.98,0
541,7,17,5.4,0
541,8,14,5.35,0
541,9,23,4.48,1
541,10,14,5.41,0
541,11,13,5.44,0
541,12,17,5.47,0
541,13,21,4.22,1
541,14,44,5.06,0
541,15,16,5.35,0
541,16,14,5.51,0
541,17,13,5.23,0
541,18,15,5.3,0
541,19,15,5.31,0
541,20,22,5.66,0
541,21,15,5.04,0
541,22,14,5.49,0
541,23,13,5.4,0
541,24,13,5.63,0
541,25,13,5.64,0
541,26,12,4.88,0
541,27,17,5.32,0
541,28,14,5.44,0
541,29,15,5.3,0
541,30,19,4.24,1
541,31,13,5.24,0
541,32,15,4.46,1
541,33,14,5.32,0
541,34,15,4.8,0
541,35,34,5.07,0
541,36,15,5.22,0
541,37,12,5.56,0
541,38,23,4.07,1
541,39,13,5.62,0
541,40,12,4.85,0
541,41,13,5.09,0
541,42,27,5.58,0
541,43,11,5.2,0
541,44,20,5.84,0
542,1,20,5.45,0
542,2,17,4.72,0
542,3,18,5.42,0
542,4,21,5.67,0
542,5,28,5.5,0
542,6,21,5.17,0
542,7,17,5.43,0
542,8,17,5.85,0
542,9,24,5.24,0
542,10,18,5.56,0
542,11,21,4.97,0
542,12,18,5.4,0
542,13,20,5.26,0
542,14,64,5.44,0
542,15,19,5.35,0
542,16,18,5.09,0
542,17,23,5.47,0
542,18,22,5.44,0
542,19,19,5.18,0
542,20,26,5.55,0
542,21,20,5.11,0
542,22,17,5.64,0
542,23,17,5.45,0
542,24,23,4.42,1
542,25,20,5.4,0
542,26,20,5.29,0
542,27,22,5.35,0
542,28,15,5.09,0
542,29,17,4.99,0
542,30,16,5.42,0
542,31,15,5.4,0
542,32,17,5.2,0
542,33,18,5.46,0
542,34,18,5.43,0
542,35,43,5.23,0
542,36,16,5.66,0
542,37,15,6.04,0
542,38,25,5.02,0
542,39,15,5.8,0
542,40,14,5.42,0
542,41,19,4.73,0
542,42,39,5.23,0
542,43,13,5.52,0
542,44,28,5.08,0
543,1,12,4.98,0
543,2,14,5.25,0
543,3,14,5.37,0
543,4,14,5.35,0
543,5,21,5.06,0
543,6,18,5.11,0
543,7,17,5.25,0
543,8,14,5.53,0
543,9,20,4.08,1
543,10,15,5.35,0
543,11,15,4.84,0
543,12,16,5.11,0
543,13,16,5,0
543,14,37,5.28,0
543,15,17,4.44,1
543,16,15,5.02,0
543,17,14,5.21,0
543,18,12,5.68,0
543,19,13,4.93,0
543,20,32,4,1
543,21,12,5.65,0
543,22,14,5.62,0
543,23,12,5.24,0
543,24,10,5.37,0
543,25,15,5.71,0
543,26,12,5.13,0
543,27,14,5.52,0
543,28,14,5,0
543,29,15,4.3,1
543,30,12,5.02,0
543,31,13,5.72,0
543,32,13,4.62,1
543,33,11,6.05,0
543,34,12,5.52,0
543,35,42,4.34,1
543,36,13,4.92,0
543,37,12,5.55,0
543,38,18,5.22,0
543,39,13,4.82,0
543,40,11,5.67,0
543,41,11,5.39,0
543,42,29,5.27,0
543,43,10,5.75,0
543,44,22,5.12,0
544,1,16,4.18,1
544,2,14,5.09,0
544,3,12,5.3,0
544,4,18,4.65,1
544,5,21,6,0
544,6,16,5.37,0
544,7,14,5.28,0
544,8,13,5.25,0
544,9,16,5.33,0
544,10,14,5.18,0
544,11,12,5.52,0
544,12,12,5.26,0
544,13,16,5.35,0
544,14,39,5.43,0
544,15,16,5.18,0
544,16,15,5.28,0
544,17,12,5.69,0
544,18,16,5.32,0
544,19,16,4.63,1
544,20,23,5.05,0
544,21,15,5.38,0
544,22,12,5.31,0
544,23,13,5.21,0
544,24,15,5.09,0
544,25,16,5.17,0
544,26,13,5.48,0
544,27,16,4.84,0
544,28,14,5.41,0
544,29,11,5.41,0
544,30,13,5.19,0
544,31,12,5.53,0
544,32,14,5.23,0
544,33,12,5.83,0
544,34,16,4.62,1
544,35,31,5.42,0
544,36,12,4.97,0
544,37,10,5.44,0
544,38,19,5.39,0
544,39,13,5.12,0
544,40,10,5.68,0
544,41,13,5.15,0
544,42,26,5.34,0
544,43,13,5.64,0
544,44,29,4.23,1
545,1,12,5.49,0
545,2,10,5.46,0
545,3,11,5.6,0
545,4,13,5.56,0
545,5,19,5.52,0
545,6,14,5.22,0
545,7,12,4.71,0
545,8,11,5.49,0
545,9,15,5.85,0
545,10,13,5.39,0
545,11,12,5.52,0
545,12,12,5.48,0
545,13,14,5.5,0
545,14,35,5.33,0
545,15,13,5.15,0
545,16,13,5.46,0
545,17,12,5.16,0
545,18,17,5.09,0
545,19,12,5.46,0
545,20,21,5.3,0
545,21,16,4.53,1
545,22,13,5.75,0
545,23,12,5.3,0
545,24,12,5.2,0
545,25,13,5.25,0
545,26,12,5.71,0
545,27,12,5.43,0
545,28,13,4.79,1
545,29,12,4.99,0
545,30,11,5.36,0
545,31,9,5.35,0
545,32,13,4.53,1
545,33,13,5.03,0
545,34,10,5.68,0
545,35,24,4.86,0
545,36,10,5.41,0
545,37,9,5.3,0
545,38,15,5.6,0
545,39,13,4.71,1
545,40,9,5.48,0
545,41,9,5.47,0
545,42,26,5.07,0
545,43,11,5.23,0
545,44,25,4.01,1
546,1,14,5.22,0
546,2,11,5.15,0
546,3,10,4.96,0
546,4,17,4.09,1
546,5,18,4.99,0
546,6,15,5.38,0
546,7,12,5.25,0
546,8,11,5.55,0
546,9,13,5.2,0
546,10,13,5.18,0
546,11,13,5.29,0
546,12,13,4.87,0
546,13,14,4.79,0
546,14,29,5.24,0
546,15,13,5.34,0
546,16,11,5.04,0
546,17,12,4.99,0
546,18,12,5.3,0
546,19,12,5.39,0
546,20,15,5.47,0
546,21,10,5.42,0
546,22,12,5.38,0
546,23,12,5,0
546,24,13,4.73,1
546,25,11,5.68,0
546,26,12,5.41,0
546,27,17,4.32,1
546,28,10,5.41,0
546,29,11,5.3,0
546,30,9,5.8,0
546,31,10,5.5,0
546,32,9,5.1,0
546,33,11,5.86,0
546,34,11,5.21,0
546,35,26,5.55,0
546,36,9,4.98,0
546,37,9,5.63,0
546,38,13,5.73,0
546,39,14,4.39,1
546,40,9,4.97,0
546,41,10,5.33,0
546,42,24,5.07,0
546,43,8,5.68,0
546,44,14,5.45,0
547,1,16,5.58,0
547,2,14,5.32,0
547,3,13,5.81,0
547,4,17,5.82,0
547,5,22,5.25,0
547,6,17,5.23,0
547,7,16,5.82,0
547,8,15,5.4,0
547,9,14,5.42,0
547,10,14,5.44,0
547,11,21,4.13,1
547,12,21,4.02,1
547,13,17,5.27,0
547,14,50,4.57,0
547,15,13,5.23,0
547,16,15,5.57,0
547,17,13,5.27,0
547,18,16,4.99,0
547,19,14,5.2,0
547,20,21,5.37,0
547,21,15,5.64,0
547,22,14,5.58,0
547,23,15,5.2,0
547,24,14,4.55,0
547,25,17,5.37,0
547,26,18,4.68,1
547,27,15,5.24,0
547,28,12,5.51,0
547,29,18,4.14,1
547,30,13,5.57,0
547,31,10,5.14,0
547,32,11,5.46,0
547,33,12,5.71,0
547,34,14,5.31,0
547,35,35,4.68,0
547,36,13,5.42,0
547,37,14,5.27,0
547,38,22,5.53,0
547,39,13,4.64,0
547,40,14,5.5,0
547,41,12,5.24,0
547,42,28,5.4,0
547,43,13,5.25,0
547,44,23,5.01,0
548,1,14,4.77,1
548,2,11,5.29,0
548,3,12,4.12,1
548,4,11,5.5,0
548,5,17,5.27,0
548,6,13,5.01,0
548,7,11,5.43,0
548,8,13,5.14,0
548,9,13,5.27,0
548,10,11,5.43,0
548,11,11,5.47,0
548,12,12,5.52,0
548,13,15,5.36,0
548,14,33,4.51,0
548,15,12,5.38,0
548,16,12,4.96,0
548,17,12,5.89,0
548,18,13,5.65,0
548,19,12,5.24,0
548,20,18,4.96,0
548,21,10,5.57,0
548,22,11,5.49,0
548,23,11,5.76,0
548,24,11,5.23,0
548,25,12,5.05,0
548,26,11,5.02,0
548,27,13,5.47,0
548,28,11,5.84,0
548,29,10,5.78,0
548,30,12,5.47,0
548,31,14,4.07,1
548,32,10,4.11,1
548,33,12,5.17,0
548,34,14,4.73,1
548,35,27,5.26,0
548,36,11,5.58,0
548,37,9,5.46,0
548,38,14,5,0
548,39,10,5.35,0
548,40,10,5.47,0
548,41,10,4.33,0
548,42,24,5.27,0
548,43,11,4.13,1
548,44,19,5.94,0
549,1,16,4.27,1
549,2,12,5.14,0
549,3,12,5.61,0
549,4,14,5.27,0
549,5,18,5.07,0
549,6,14,5.19,0
549,7,14,5.28,0
549,8,13,5.28,0
549,9,14,5.02,0
549,10,13,5.07,0
549,11,13,5.33,0
549,12,14,5.44,0
549,13,15,5.35,0
549,14,38,4.91,0
549,15,12,5.2,0
549,16,14,5.53,0
549,17,16,4.84,0
549,18,12,5.77,0
549,19,16,5.22,0
549,20,19,5.26,0
549,21,13,5.47,0
549,22,12,5.24,0
549,23,11,5.56,0
549,24,13,5.63,0
549,25,16,5.12,0
549,26,10,5.35,0
549,27,17,5.4,0
549,28,13,5.47,0
549,29,11,5.46,0
549,30,12,5.36,0
549,31,10,5.52,0
549,32,13,4.41,1
549,33,13,5.14,0
549,34,13,4.19,1
549,35,31,5.1,0
549,36,11,5.61,0
549,37,12,5.09,0
549,38,16,5.55,0
549,39,15,4.09,1
549,40,12,4.78,0
549,41,12,5.15,0
549,42,27,5.46,0
549,43,12,5.54,0
549,44,17,5.19,0
550,1,11,5.16,0
550,2,10,5.61,0
550,3,13,5.54,0
550,4,19,4.47,1
550,5,18,5.34,0
550,6,13,5.29,0
550,7,13,5.05,0
550,8,13,5.3,0
550,9,13,5.09,0
550,10,14,5.56,0
550,11,14,5.29,0
550,12,11,5.06,0
550,13,18,4.51,1
550,14,36,5.41,0
550,15,11,5.68,0
550,16,11,5.76,0
550,17,12,5.34,0
550,18,18,4.02,1
550,19,13,5.48,0
550,20,18,5.58,0
550,21,12,5.87,0
550,22,12,5.31,0
550,23,17,4.61,1
550,24,13,5.08,0
550,25,13,5.59,0
550,26,15,4.69,1
550,27,15,5.07,0
550,28,11,5.38,0
550,29,11,5.17,0
550,30,11,5.14,0
550,31,15,4,1
550,32,11,4.74,0
550,33,13,5.65,0
550,34,14,5.24,0
550,35,27,4.87,0
550,36,11,5.4,0
550,37,10,5.17,0
550,38,15,5.35,0
550,39,12,5.15,0
550,40,12,4.14,1
550,41,9,5.39,0
550,42,21,5.13,0
550,43,12,5.41,0
550,44,17,5.17,0
551,1,40,2,0
551,2,36,2.34,0
551,3,48,1.92,0
551,4,44,1.85,0
551,5,64,2.12,0
551,6,52,2.05,0
551,7,47,2,0
551,8,43,2.19,0
551,9,42,2.06,0
551,10,42,2.25,0
551,11,51,2.02,0
551,12,47,2.11,0
551,13,46,2.15,0
551,14,115,1.98,0
551,15,45,2.09,0
551,16,38,2.09,0
551,17,44,2.19,0
551,18,48,1.96,0
551,19,35,2.16,0
551,20,65,2.25,0
551,21,40,2.06,0
551,22,42,2.04,0
551,23,43,1.97,0
551,24,40,2.16,0
551,25,38,2.06,0
551,26,36,2.36,0
551,27,50,2.01,0
551,28,31,2.07,0
551,29,40,2.15,0
551,30,35,2.13,0
551,31,39,1.65,1
551,32,34,2.09,0
551,33,48,2.13,0
551,34,45,2.28,0
551,35,97,1.72,1
551,36,35,2.27,0
551,37,31,2.1,0
551,38,47,2.15,0
551,39,39,2.04,0
551,40,38,1.93,0
551,41,35,2.31,0
551,42,79,2.13,0
551,43,36,2.16,0
551,44,55,2.14,0
552,1,45,2.06,0
552,2,38,2.16,0
552,3,40,2.07,0
552,4,53,2.06,0
552,5,59,1.98,0
552,6,48,2.23,0
552,7,42,2.1,0
552,8,42,2.08,0
552,9,38,2.2,0
552,10,44,1.84,1
552,11,35,2.22,0
552,12,51,1.73,1
552,13,48,2.1,0
552,14,116,1.76,0
552,15,44,1.75,1
552,16,43,2.01,0
552,17,40,2.05,0
552,18,50,2.13,0
552,19,38,2.04,0
552,20,63,2.1,0
552,21,44,1.71,1
552,22,43,2.08,0
552,23,37,2.03,0
552,24,50,1.7,1
552,25,48,2.17,0
552,26,33,1.93,0
552,27,50,2.2,0
552,28,40,2.29,0
552,29,35,2.11,0
552,30,40,2.23,0
552,31,37,1.99,0
552,32,36,2,0
552,33,48,1.95,0
552,34,33,2.13,0
552,35,101,2.23,0
552,36,35,2.18,0
552,37,35,2.16,0
552,38,48,1.9,0
552,39,35,2.13,0
552,40,30,2.16,0
552,41,37,1.9,0
552,42,91,2.18,0
552,43,41,2.3,0
552,44,63,2.23,0
553,1,45,2.07,0
553,2,49,1.83,1
553,3,48,2.01,0
553,4,45,2.11,0
553,5,74,1.7,1
553,6,54,2.21,0
553,7,53,2.11,0
553,8,55,2.01,0
553,9,53,2.1,0
553,10,48,2.1,0
553,11,49,2.23,0
553,12,50,1.96,0
553,13,49,2.05,0
